Microchip MPLAB XC8 Compiler V2.40

Linker command line:

-W-3 \
  --edf=C:\Program Files\Microchip\xc8\v2.40\pic\dat\20220703182018_en.msgs \
  -cn -h+dist/default/debug\final-project-josh-and-edward.X.debug.sym \
  --cmf=dist/default/debug\final-project-josh-and-edward.X.debug.cmf -z \
  -Q18F67K40 -oC:\Users\jford\AppData\Local\Temp\xcAsdmk.4 \
  --defsym=__MPLAB_BUILD=1 --fixupoverflow=error \
  -Mdist/default/debug/final-project-josh-and-edward.X.debug.map \
  --md=C:\Users\jford\AppData\Local\Temp\xcAsdmk.dat -E1 -ver=XC8 Compiler \
  --acfsm=1493 -ACODE=00h-01FFFFh -ACONST=00h-01FFFFh \
  -ASMALLCONST=0E00h-0EFFhx498 -AMEDIUMCONST=0E00h-0FFFFh,010E00h-01FFFFh \
  -ACOMRAM=01h-05Fh -AABS1=00h-0DE9h -ABIGRAM=01h-0DE9h \
  -ARAM=060h-0FFh,0100h-01FFhx12,0D00h-0DE9h -ABANK0=060h-0FFh \
  -ABANK1=0100h-01FFh -ABANK2=0200h-02FFh -ABANK3=0300h-03FFh \
  -ABANK4=0400h-04FFh -ABANK5=0500h-05FFh -ABANK6=0600h-06FFh \
  -ABANK7=0700h-07FFh -ABANK8=0800h-08FFh -ABANK9=0900h-09FFh \
  -ABANK10=0A00h-0AFFh -ABANK11=0B00h-0BFFh -ABANK12=0C00h-0CFFh \
  -ABANK13=0D00h-0DE9h \
  -ASFR=0DEFh-0DFFh,0E00h-0EFFh,0F00h-0F5Fh,0F60h-0FFFh \
  -ABIGSFR=0DEFh-0FFFh -ACONFIG=0300000h-030000Bh -AIDLOC=0200000h-020000Fh \
  -AEEDATA=0310000h-03103FFh -peeprom_data=EEDATA \
  -preset_vec=00h,intcode=08h,intcodelo,powerup,init -pramtop=0E00h \
  -psmallconst=SMALLCONST -pmediumconst=MEDIUMCONST -pconst=CONST \
  -AFARRAM=00h-00h \
  -prdata=COMRAM,nvrram=COMRAM,nvbit=COMRAM,rbss=COMRAM,rbit=COMRAM \
  -pfarbss=FARRAM,fardata=FARRAM,nvFARRAM=FARRAM \
  -pintsave_regs=BIGRAM,bigbss=BIGRAM,bigdata=BIGRAM -pbss=RAM \
  -pidata=CODE,irdata=CODE,ibigdata=CODE,ifardata=CODE -prparam=COMRAM \
  C:\Users\jford\AppData\Local\Temp\xcAsdmk.o \
  dist/default/debug\final-project-josh-and-edward.X.debug.o 

Object code version is 3.11

Machine type is 18F67K40



                Name                               Link     Load   Length Selector   Space Scale
C:\Users\jford\AppData\Local\Temp\xcAsdmk.o
                idloc                            200000   200000       10        0       5
                config                           300000   300000        C        0       4
                init                                  E        E        4        4       0
                reset_vec                             0        0        6        0       0
dist/default/debug\final-project-josh-and-edward.X.debug.o
                intcode                               8        8        6        4       0
                idloc                            200000   200000       10        0       5
                config                           300000   300000        C        0       4
                temp                                 5F       5F        1        1       1
                smallconst                          E00      E00       50      700       0
                text39                             1C74     1C74      39A      728       0
                text38                             2F7C     2F7C       AA      728       0
                text37                             2CAE     2CAE      104      728       0
                text36                             184A     184A      42A      728       0
                text35                             138A     138A      4C0      728       0
                text34                             338C     338C       46      728       0
                text33                             2BA8     2BA8      106      728       0
                text32                             25BA     25BA      1B4      728       0
                text31                              E50      E50      53A      728       0
                text30                             359E     359E        2      728       0
                text29                             34C8     34C8       2A      728       0
                text28                             34F2     34F2       28      728       0
                text27                             3590     3590        A      728       0
                text26                             3586     3586        A      728       0
                text25                             3570     3570        C      728       0
                text24                             351A     351A       20      728       0
                text23                             31AC     31AC       52      728       0
                text22                             200E     200E      32E      728       0
                text21                             353A     353A       1E      728       0
                text20                             3416     3416       42      728       0
                text19                             357C     357C        A      728       0
                text18                             32EE     32EE       50      728       0
                text17                             329E     329E       50      728       0
                text16                             324E     324E       50      728       0
                text15                             31FE     31FE       50      728       0
                text14                             30A0     30A0       5E      728       0
                text13                             3558     3558       18      728       0
                text12                             3498     3498       30      728       0
                text11                             276E     276E      188      728       0
                text10                             28F6     28F6      164      728       0
                text9                              3458     3458       40      728       0
                text8                              359C     359C        2      728       0
                text7                              2EB2     2EB2       CA      728       0
                text6                              33D2     33D2       44      728       0
                text5                              3026     3026       7A      728       0
                text4                              233C     233C      27E      728       0
                text3                              2A5A     2A5A      14E      728       0
                text2                              333E     333E       4E      728       0
                text1                              315A     315A       52      728       0
                text0                              2DB2     2DB2      100      728       0
                cstackCOMRAM                          1        1       59        1       1
                cstackBANK0                          60       60       86       60       1
                bssBANK1                            100      100       88      100       1
                dataBANK0                            F5       F5        2       60       1
                bssBANK0                             E6       E6        F       60       1
                dataCOMRAM                           5E       5E        1        1       1
                bssCOMRAM                            5A       5A        4        1       1
                cinit                              30FE     30FE       5C      728       0
                idataBANK0                         359A     359A        2      728       0
                idataCOMRAM                        35A0     35A0        1      728       0

TOTAL           Name                               Link     Load   Length     Space
        CLASS   CODE           
                intcode                               8        8        6         0
                init                                  E        E        4         0
                reset_vec                             0        0        6         0
                text39                             1C74     1C74      39A         0
                text38                             2F7C     2F7C       AA         0
                text37                             2CAE     2CAE      104         0
                text36                             184A     184A      42A         0
                text35                             138A     138A      4C0         0
                text34                             338C     338C       46         0
                text33                             2BA8     2BA8      106         0
                text32                             25BA     25BA      1B4         0
                text31                              E50      E50      53A         0
                text30                             359E     359E        2         0
                text29                             34C8     34C8       2A         0
                text28                             34F2     34F2       28         0
                text27                             3590     3590        A         0
                text26                             3586     3586        A         0
                text25                             3570     3570        C         0
                text24                             351A     351A       20         0
                text23                             31AC     31AC       52         0
                text22                             200E     200E      32E         0
                text21                             353A     353A       1E         0
                text20                             3416     3416       42         0
                text19                             357C     357C        A         0
                text18                             32EE     32EE       50         0
                text17                             329E     329E       50         0
                text16                             324E     324E       50         0
                text15                             31FE     31FE       50         0
                text14                             30A0     30A0       5E         0
                text13                             3558     3558       18         0
                text12                             3498     3498       30         0
                text11                             276E     276E      188         0
                text10                             28F6     28F6      164         0
                text9                              3458     3458       40         0
                text8                              359C     359C        2         0
                text7                              2EB2     2EB2       CA         0
                text6                              33D2     33D2       44         0
                text5                              3026     3026       7A         0
                text4                              233C     233C      27E         0
                text3                              2A5A     2A5A      14E         0
                text2                              333E     333E       4E         0
                text1                              315A     315A       52         0
                text0                              2DB2     2DB2      100         0
                cinit                              30FE     30FE       5C         0
                idataBANK0                         359A     359A        2         0
                idataCOMRAM                        35A0     35A0        1         0

        CLASS   CONST          

        CLASS   SMALLCONST     
                smallconst                          E00      E00       50         0

        CLASS   MEDIUMCONST    

        CLASS   COMRAM         
                temp                                 5F       5F        1         1
                cstackCOMRAM                          1        1       59         1
                dataCOMRAM                           5E       5E        1         1
                bssCOMRAM                            5A       5A        4         1

        CLASS   ABS1           

        CLASS   BIGRAM         

        CLASS   RAM            

        CLASS   BANK0          
                cstackBANK0                          60       60       86         1
                dataBANK0                            F5       F5        2         1
                bssBANK0                             E6       E6        F         1

        CLASS   BANK1          
                bssBANK1                            100      100       88         1

        CLASS   BANK2          

        CLASS   BANK3          

        CLASS   BANK4          

        CLASS   BANK5          

        CLASS   BANK6          

        CLASS   BANK7          

        CLASS   BANK8          

        CLASS   BANK9          

        CLASS   BANK10         

        CLASS   BANK11         

        CLASS   BANK12         

        CLASS   BANK13         

        CLASS   SFR            

        CLASS   BIGSFR         

        CLASS   CONFIG         
                config                           300000   300000        C         4

        CLASS   IDLOC          
                idloc                            200000   200000       10         5

        CLASS   EEDATA         

        CLASS   FARRAM         

        CLASS   HEAP           

        CLASS   STACK          



SEGMENTS        Name                           Load    Length   Top    Selector   Space  Class

                reset_vec                      000000  000006  000006         0       0  CODE    
                cstackCOMRAM                   000001  00005F  000060         1       1  COMRAM  
                intcode                        000008  00000A  000012         4       0  CODE    
                cstackBANK0                    000060  000097  0000F7        60       1  BANK0   
                bssBANK1                       000100  000088  000188       100       1  BANK1   
                smallconst                     000E00  000050  000E50       700       0  SMALLCON
                text31                         000E50  002751  0035A1       728       0  CODE    


UNUSED ADDRESS RANGES

        Name                Unused          Largest block    Delta
        BANK0            0000F7-0000FF                9
        BANK1            000188-0001FF               78
        BANK10           000A00-000AFF              100
        BANK11           000B00-000BFF              100
        BANK12           000C00-000CFF              100
        BANK13           000D00-000DE9               EA
        BANK2            000200-0002FF              100
        BANK3            000300-0003FF              100
        BANK4            000400-0004FF              100
        BANK5            000500-0005FF              100
        BANK6            000600-0006FF              100
        BANK7            000700-0007FF              100
        BANK8            000800-0008FF              100
        BANK9            000900-0009FF              100
        BIGRAM           0000F7-0000FF                9
                         000188-000DE9              C62
        BIGSFR           000DEF-000FFF              211
        CODE             000006-000007                2
                         000012-000DFF              DEE
                         0035A1-01FFFF            1CA5F
        CONST            000006-000007                2
                         000012-000DFF              DEE
                         0035A1-01FFFF            1CA5F
        EEDATA           310000-3103FF              400
        MEDIUMCONST      0035A1-00FFFF             CA5F
                         010E00-01FFFF             F200
        RAM              0000F7-0000FF                9
                         000188-000DE9              100
        SFR              000DEF-000FFF              100
        SMALLCONST       0035A1-01FFFF              100

                                  Symbol Table

?___aodiv                      cstackCOMRAM 000001
?___aomod                      cstackCOMRAM 000001
?___fladd                      cstackCOMRAM 000001
?___fldiv                      cstackCOMRAM 000019
?___flmul                      cstackCOMRAM 000032
?___flsub                      cstackCOMRAM 000011
?___fltol                      cstackCOMRAM 000001
?___xxtofl                     cstackCOMRAM 000001
?_abs                          cstackCOMRAM 000013
?_color_read_Blue              cstackCOMRAM 000005
?_color_read_Green             cstackCOMRAM 000005
?_color_read_Red               cstackCOMRAM 000005
?_color_read_lum               cstackCOMRAM 000005
?_sprintf                      cstackBANK0  000060
?_vfprintf                     cstackCOMRAM 000051
Colour_decider@Cmax            cstackBANK0  000076
Colour_decider@Cmax_i          cstackBANK0  000064
Colour_decider@Cmin            cstackBANK0  00007A
Colour_decider@Hue             cstackBANK0  000066
Colour_decider@RGB_col         cstackBANK0  00006A
Colour_decider@i               cstackBANK0  00007E
Colour_decider@rel             cstackCOMRAM 00004D
Colour_decider@vals            cstackCOMRAM 00004B
I2C_2_Master_Read@ack          cstackCOMRAM 000003
I2C_2_Master_Read@tmp          cstackCOMRAM 000004
I2C_2_Master_Write@data_byte   cstackCOMRAM 000002
_ANSELDbits                    (abs)        000EA7
_BAUD4CONbits                  (abs)        000EE9
_Colour_decider                text31       000E50
_Colour_decider$1773           cstackBANK0  000060
_DataFlag                      dataCOMRAM   00005E
_EUSART4RXbuf                  bssBANK1     00013C
_EUSART4TXbuf                  bssBANK1     000100
_HighISR                       intcode      000008
_I2C_2_Master_Idle             text28       0034F2
_I2C_2_Master_Init             text29       0034C8
_I2C_2_Master_Read             text20       003416
_I2C_2_Master_RepStart         text19       00357C
_I2C_2_Master_Start            text27       003590
_I2C_2_Master_Stop             text26       003586
_I2C_2_Master_Write            text25       003570
_Interrupts_init               text30       00359E
_LATAbits                      (abs)        000F79
_LATDbits                      (abs)        000F7C
_LATFbits                      (abs)        000F7E
_LATGbits                      (abs)        000F7F
_PIE4bits                      (abs)        000E2D
_PIR4bits                      (abs)        000E37
_RC0PPS                        (abs)        000E62
_RC4REG                        (abs)        000EE3
_RC4STAbits                    (abs)        000EE7
_RD5PPS                        (abs)        000E6F
_RD6PPS                        (abs)        000E70
_RX4PPS                        (abs)        000E15
_RxBufReadCnt                  bssCOMRAM    00005C
_RxBufWriteCnt                 bssCOMRAM    00005D
_SP4BRGH                       (abs)        000EE6
_SP4BRGL                       (abs)        000EE5
_SSP2ADD                       (abs)        000ED6
_SSP2BUF                       (abs)        000ED5
_SSP2CLKPPS                    (abs)        000E1C
_SSP2CON1bits                  (abs)        000ED9
_SSP2CON2                      (abs)        000EDA
_SSP2CON2bits                  (abs)        000EDA
_SSP2DATPPS                    (abs)        000E1D
_SSP2STAT                      (abs)        000ED8
_TRISAbits                     (abs)        000F81
_TRISDbits                     (abs)        000F84
_TRISFbits                     (abs)        000F86
_TRISGbits                     (abs)        000F87
_TX4REG                        (abs)        000EE4
_TX4STAbits                    (abs)        000EE8
_TxBufReadCnt                  bssCOMRAM    00005A
_TxBufWriteCnt                 bssCOMRAM    00005B
__HRAM                         (abs)        000000
__Habs1                        abs1         000000
__Hbank0                       bank0        000000
__Hbank1                       bank1        000000
__Hbank10                      bank10       000000
__Hbank11                      bank11       000000
__Hbank12                      bank12       000000
__Hbank13                      bank13       000000
__Hbank2                       bank2        000000
__Hbank3                       bank3        000000
__Hbank4                       bank4        000000
__Hbank5                       bank5        000000
__Hbank6                       bank6        000000
__Hbank7                       bank7        000000
__Hbank8                       bank8        000000
__Hbank9                       bank9        000000
__Hbigbss                      bigbss       000000
__Hbigdata                     bigdata      000000
__Hbigram                      bigram       000000
__Hbigsfr                      bigsfr       000000
__Hbss                         bss          000000
__HbssBANK0                    bssBANK0     000000
__HbssBANK1                    bssBANK1     000000
__HbssCOMRAM                   bssCOMRAM    000000
__Hcinit                       cinit        000000
__Hclrtext                     clrtext      000000
__Hcomram                      comram       000000
__Hconfig                      config       30000C
__Hconst                       const        000000
__HcstackBANK0                 cstackBANK0  000000
__HcstackCOMRAM                cstackCOMRAM 000000
__Hdata                        data         000000
__HdataBANK0                   dataBANK0    000000
__HdataCOMRAM                  dataCOMRAM   000000
__Heeprom_data                 eeprom_data  000000
__Hfarbss                      farbss       000000
__Hfardata                     fardata      000000
__Hheap                        heap         000000
__Hibigdata                    ibigdata     000000
__Hidata                       idata        000000
__HidataBANK0                  idataBANK0   000000
__HidataCOMRAM                 idataCOMRAM  000000
__Hidloc                       idloc        200010
__Hifardata                    ifardata     000000
__Hinit                        init         000012
__Hintcode                     intcode      00000E
__Hintcode_body                intcode_body 000000
__Hintcodelo                   intcodelo    00000E
__Hintentry                    intentry     000000
__Hintret                      intret       000000
__Hintsave_regs                intsave_regs 000000
__Hirdata                      irdata       000000
__Hmediumconst                 mediumconst  000000
__HnvFARRAM                    nvFARRAM     000000
__Hnvbit                       nvbit        000000
__Hnvrram                      nvrram       000000
__Hparam                       rparam       000000
__Hpowerup                     powerup      00000E
__Hram                         ram          000000
__Hramtop                      ramtop       000E00
__Hrbit                        rbit         000000
__Hrbss                        rbss         000000
__Hrdata                       rdata        000000
__Hreset_vec                   reset_vec    000006
__Hrparam                      rparam       000000
__Hsfr                         sfr          000000
__Hsmallconst                  smallconst   000E50
__Hspace_0                     (abs)        0035A1
__Hspace_1                     (abs)        000188
__Hspace_2                     (abs)        000000
__Hspace_4                     (abs)        60000C
__Hstack                       stack        000000
__Hstruct                      struct       000000
__Htemp                        temp         000060
__Htext                        text         000000
__Htext0                       text0        000000
__Htext1                       text1        000000
__Htext10                      text10       000000
__Htext11                      text11       000000
__Htext12                      text12       000000
__Htext13                      text13       000000
__Htext14                      text14       000000
__Htext15                      text15       000000
__Htext16                      text16       000000
__Htext17                      text17       000000
__Htext18                      text18       000000
__Htext19                      text19       000000
__Htext2                       text2        000000
__Htext20                      text20       000000
__Htext21                      text21       000000
__Htext22                      text22       000000
__Htext23                      text23       000000
__Htext24                      text24       000000
__Htext25                      text25       000000
__Htext26                      text26       000000
__Htext27                      text27       000000
__Htext28                      text28       000000
__Htext29                      text29       000000
__Htext3                       text3        000000
__Htext30                      text30       000000
__Htext31                      text31       000000
__Htext32                      text32       000000
__Htext33                      text33       000000
__Htext34                      text34       000000
__Htext35                      text35       000000
__Htext36                      text36       000000
__Htext37                      text37       000000
__Htext38                      text38       000000
__Htext39                      text39       000000
__Htext4                       text4        000000
__Htext5                       text5        000000
__Htext6                       text6        000000
__Htext7                       text7        000000
__Htext8                       text8        000000
__Htext9                       text9        000000
__LRAM                         (abs)        000001
__Labs1                        abs1         000000
__Lbank0                       bank0        000000
__Lbank1                       bank1        000000
__Lbank10                      bank10       000000
__Lbank11                      bank11       000000
__Lbank12                      bank12       000000
__Lbank13                      bank13       000000
__Lbank2                       bank2        000000
__Lbank3                       bank3        000000
__Lbank4                       bank4        000000
__Lbank5                       bank5        000000
__Lbank6                       bank6        000000
__Lbank7                       bank7        000000
__Lbank8                       bank8        000000
__Lbank9                       bank9        000000
__Lbigbss                      bigbss       000000
__Lbigdata                     bigdata      000000
__Lbigram                      bigram       000000
__Lbigsfr                      bigsfr       000000
__Lbss                         bss          000000
__LbssBANK0                    bssBANK0     000000
__LbssBANK1                    bssBANK1     000000
__LbssCOMRAM                   bssCOMRAM    000000
__Lcinit                       cinit        000000
__Lclrtext                     clrtext      000000
__Lcomram                      comram       000000
__Lconfig                      config       000000
__Lconst                       const        000000
__LcstackBANK0                 cstackBANK0  000000
__LcstackCOMRAM                cstackCOMRAM 000000
__Ldata                        data         000000
__LdataBANK0                   dataBANK0    000000
__LdataCOMRAM                  dataCOMRAM   000000
__Leeprom_data                 eeprom_data  000000
__Lfarbss                      farbss       000000
__Lfardata                     fardata      000000
__Lheap                        heap         000000
__Libigdata                    ibigdata     000000
__Lidata                       idata        000000
__LidataBANK0                  idataBANK0   000000
__LidataCOMRAM                 idataCOMRAM  000000
__Lidloc                       idloc        000000
__Lifardata                    ifardata     000000
__Linit                        init         00000E
__Lintcode                     intcode      000008
__Lintcode_body                intcode_body 000000
__Lintcodelo                   intcodelo    00000E
__Lintentry                    intentry     000000
__Lintret                      intret       000000
__Lintsave_regs                intsave_regs 000000
__Lirdata                      irdata       000000
__Lmediumconst                 mediumconst  000000
__LnvFARRAM                    nvFARRAM     000000
__Lnvbit                       nvbit        000000
__Lnvrram                      nvrram       000000
__Lparam                       rparam       000000
__Lpowerup                     powerup      00000E
__Lram                         ram          000000
__Lramtop                      ramtop       000E00
__Lrbit                        rbit         000000
__Lrbss                        rbss         000000
__Lrdata                       rdata        000000
__Lreset_vec                   reset_vec    000000
__Lrparam                      rparam       000000
__Lsfr                         sfr          000000
__Lsmallconst                  smallconst   000E00
__Lspace_0                     (abs)        000000
__Lspace_1                     (abs)        000000
__Lspace_2                     (abs)        000000
__Lspace_4                     (abs)        000000
__Lstack                       stack        000000
__Lstruct                      struct       000000
__Ltemp                        temp         00005F
__Ltext                        text         000000
__Ltext0                       text0        000000
__Ltext1                       text1        000000
__Ltext10                      text10       000000
__Ltext11                      text11       000000
__Ltext12                      text12       000000
__Ltext13                      text13       000000
__Ltext14                      text14       000000
__Ltext15                      text15       000000
__Ltext16                      text16       000000
__Ltext17                      text17       000000
__Ltext18                      text18       000000
__Ltext19                      text19       000000
__Ltext2                       text2        000000
__Ltext20                      text20       000000
__Ltext21                      text21       000000
__Ltext22                      text22       000000
__Ltext23                      text23       000000
__Ltext24                      text24       000000
__Ltext25                      text25       000000
__Ltext26                      text26       000000
__Ltext27                      text27       000000
__Ltext28                      text28       000000
__Ltext29                      text29       000000
__Ltext3                       text3        000000
__Ltext30                      text30       000000
__Ltext31                      text31       000000
__Ltext32                      text32       000000
__Ltext33                      text33       000000
__Ltext34                      text34       000000
__Ltext35                      text35       000000
__Ltext36                      text36       000000
__Ltext37                      text37       000000
__Ltext38                      text38       000000
__Ltext39                      text39       000000
__Ltext4                       text4        000000
__Ltext5                       text5        000000
__Ltext6                       text6        000000
__Ltext7                       text7        000000
__Ltext8                       text8        000000
__Ltext9                       text9        000000
__S0                           (abs)        0035A1
__S1                           (abs)        000188
__S4                           (abs)        000000
__S5                           (abs)        000000
___aodiv                       text11       00276E
___aodiv@counter               cstackCOMRAM 000011
___aodiv@dividend              cstackCOMRAM 000001
___aodiv@divisor               cstackCOMRAM 000009
___aodiv@quotient              cstackCOMRAM 000013
___aodiv@sign                  cstackCOMRAM 000012
___aomod                       text10       0028F6
___aomod@counter               cstackCOMRAM 000011
___aomod@dividend              cstackCOMRAM 000001
___aomod@divisor               cstackCOMRAM 000009
___aomod@sign                  cstackCOMRAM 000012
___fladd                       text35       00138A
___fladd@a                     cstackCOMRAM 000005
___fladd@aexp                  cstackCOMRAM 00000E
___fladd@b                     cstackCOMRAM 000001
___fladd@bexp                  cstackCOMRAM 00000F
___fladd@grs                   cstackCOMRAM 000010
___fladd@signs                 cstackCOMRAM 00000D
___fldiv                       text39       001C74
___fldiv@a                     cstackCOMRAM 00001D
___fldiv@aexp                  cstackCOMRAM 000031
___fldiv@b                     cstackCOMRAM 000019
___fldiv@bexp                  cstackCOMRAM 000030
___fldiv@grs                   cstackCOMRAM 00002C
___fldiv@new_exp               cstackCOMRAM 00002A
___fldiv@rem                   cstackCOMRAM 000025
___fldiv@sign                  cstackCOMRAM 000029
___fleq                        text38       002F7C
___fleq@ff1                    cstackCOMRAM 000019
___fleq@ff2                    cstackCOMRAM 00001D
___flge                        text37       002CAE
___flge@ff1                    cstackCOMRAM 000001
___flge@ff2                    cstackCOMRAM 000005
___flmul                       text36       00184A
___flmul@a                     cstackCOMRAM 000036
___flmul@aexp                  cstackCOMRAM 000043
___flmul@b                     cstackCOMRAM 000032
___flmul@bexp                  cstackCOMRAM 000044
___flmul@grs                   cstackCOMRAM 00003F
___flmul@prod                  cstackCOMRAM 000045
___flmul@sign                  cstackCOMRAM 00003E
___flmul@temp                  cstackCOMRAM 000049
___flsub                       text34       00338C
___flsub@a                     cstackCOMRAM 000015
___flsub@b                     cstackCOMRAM 000011
___fltol                       text33       002BA8
___fltol@exp1                  cstackCOMRAM 00000A
___fltol@f1                    cstackCOMRAM 000001
___fltol@sign1                 cstackCOMRAM 000009
___heap_hi                     (abs)        000000
___heap_lo                     (abs)        000000
___inthi_sp                    stack        000000
___intlo_sp                    stack        000000
___param_bank                  (abs)        000000
___rparam_used                 (abs)        000001
___sp                          stack        000000
___xxtofl                      text32       0025BA
___xxtofl@arg                  cstackCOMRAM 00000B
___xxtofl@exp                  cstackCOMRAM 00000A
___xxtofl@sign                 cstackCOMRAM 000009
___xxtofl@val                  cstackCOMRAM 000001
__accesstop                    (abs)        000060
__activetblptr                 (abs)        000001
__end_of_Colour_decider        text31       00138A
__end_of_HighISR               intcode      00000E
__end_of_I2C_2_Master_Idle     text28       00351A
__end_of_I2C_2_Master_Init     text29       0034F2
__end_of_I2C_2_Master_Read     text20       003458
__end_of_I2C_2_Master_RepStart text19       003586
__end_of_I2C_2_Master_Start    text27       00359A
__end_of_I2C_2_Master_Stop     text26       003590
__end_of_I2C_2_Master_Write    text25       00357C
__end_of_Interrupts_init       text30       0035A0
__end_of___aodiv               text11       0028F6
__end_of___aomod               text10       002A5A
__end_of___fladd               text35       00184A
__end_of___fldiv               text39       00200E
__end_of___fleq                text38       003026
__end_of___flge                text37       002DB2
__end_of___flmul               text36       001C74
__end_of___flsub               text34       0033D2
__end_of___fltol               text33       002CAE
__end_of___xxtofl              text32       00276E
__end_of__initialization       cinit        003148
__end_of_abs                   text9        003498
__end_of_color_click_init      text23       0031FE
__end_of_color_read_Blue       text18       00333E
__end_of_color_read_Green      text17       0032EE
__end_of_color_read_Red        text16       00329E
__end_of_color_read_lum        text15       00324E
__end_of_color_writetoaddr     text24       00353A
__end_of_colour_rel            text22       00233C
__end_of_dtoa                  text4        0025BA
__end_of_fputc                 text7        002F7C
__end_of_fputs                 text6        003416
__end_of_initUSART4            text21       003558
__end_of_main                  text0        002EB2
__end_of_pad                   text5        0030A0
__end_of_putch                 text8        00359E
__end_of_readColours           text14       0030FE
__end_of_sendCharSerial4       text13       003570
__end_of_sendStringSerial4     text12       0034C8
__end_of_sprintf               text1        0031AC
__end_of_vfpfcnvrt             text3        002BA8
__end_of_vfprintf              text2        00338C
__initialization               cinit        0030FE
__mediumconst                  mediumconst  000000
__pbssBANK0                    bssBANK0     0000E6
__pbssBANK1                    bssBANK1     000100
__pbssCOMRAM                   bssCOMRAM    00005A
__pcinit                       cinit        0030FE
__pcstackBANK0                 cstackBANK0  000060
__pcstackCOMRAM                cstackCOMRAM 000001
__pdataBANK0                   dataBANK0    0000F5
__pdataCOMRAM                  dataCOMRAM   00005E
__pidataBANK0                  idataBANK0   00359A
__pidataCOMRAM                 idataCOMRAM  0035A0
__pintcode                     intcode      000008
__psmallconst                  smallconst   000E00
__ptext0                       text0        002DB2
__ptext1                       text1        00315A
__ptext10                      text10       0028F6
__ptext11                      text11       00276E
__ptext12                      text12       003498
__ptext13                      text13       003558
__ptext14                      text14       0030A0
__ptext15                      text15       0031FE
__ptext16                      text16       00324E
__ptext17                      text17       00329E
__ptext18                      text18       0032EE
__ptext19                      text19       00357C
__ptext2                       text2        00333E
__ptext20                      text20       003416
__ptext21                      text21       00353A
__ptext22                      text22       00200E
__ptext23                      text23       0031AC
__ptext24                      text24       00351A
__ptext25                      text25       003570
__ptext26                      text26       003586
__ptext27                      text27       003590
__ptext28                      text28       0034F2
__ptext29                      text29       0034C8
__ptext3                       text3        002A5A
__ptext30                      text30       00359E
__ptext31                      text31       000E50
__ptext32                      text32       0025BA
__ptext33                      text33       002BA8
__ptext34                      text34       00338C
__ptext35                      text35       00138A
__ptext36                      text36       00184A
__ptext37                      text37       002CAE
__ptext38                      text38       002F7C
__ptext39                      text39       001C74
__ptext4                       text4        00233C
__ptext5                       text5        003026
__ptext6                       text6        0033D2
__ptext7                       text7        002EB2
__ptext8                       text8        00359C
__ptext9                       text9        003458
__ramtop                       ramtop       000E00
__smallconst                   smallconst   000E00
_abs                           text9        003458
_color_click_init              text23       0031AC
_color_read_Blue               text18       0032EE
_color_read_Green              text17       00329E
_color_read_Red                text16       00324E
_color_read_lum                text15       0031FE
_color_writetoaddr             text24       00351A
_colour_rel                    text22       00200E
_colour_rel$1771               cstackCOMRAM 00003A
_colour_rel$1772               cstackCOMRAM 00003E
_dbuf                          bssBANK1     00015C
_dtoa                          text4        00233C
_dtoa$1476                     cstackCOMRAM 00002E
_flags                         bssBANK0     0000EC
_fputc                         text7        002EB2
_fputs                         text6        0033D2
_high_threshold                dataBANK0    0000F5
_initUSART4                    text21       00353A
_low_threshold                 bssBANK0     0000EA
_main                          text0        002DB2
_pad                           text5        003026
_prec                          bssBANK0     0000E8
_putch                         text8        00359C
_readColours                   text14       0030A0
_rel                           bssBANK1     00017C
_sendCharSerial4               text13       003558
_sendStringSerial4             text12       003498
_sprintf                       text1        00315A
_vals                          bssBANK0     0000ED
_vfpfcnvrt                     text3        002A5A
_vfprintf                      text2        00333E
_width                         bssBANK0     0000E6
abs@a                          cstackCOMRAM 000013
btemp                          temp         00005F
color_read_Blue@tmp            cstackCOMRAM 00000A
color_read_Green@tmp           cstackCOMRAM 00000A
color_read_Red@tmp             cstackCOMRAM 00000A
color_read_lum@tmp             cstackCOMRAM 00000A
color_writetoaddr@address      cstackCOMRAM 000004
color_writetoaddr@value        cstackCOMRAM 000003
colour_rel@B                   cstackCOMRAM 00004A
colour_rel@G                   cstackCOMRAM 000046
colour_rel@L                   cstackCOMRAM 000036
colour_rel@R                   cstackCOMRAM 000042
colour_rel@rel                 cstackCOMRAM 000034
colour_rel@vals                cstackCOMRAM 000032
dtoa@d                         cstackCOMRAM 00001E
dtoa@fp                        cstackCOMRAM 00001C
dtoa@i                         cstackCOMRAM 00003C
dtoa@n                         cstackCOMRAM 000034
dtoa@p                         cstackCOMRAM 000030
dtoa@s                         cstackCOMRAM 00003E
dtoa@w                         cstackCOMRAM 000032
end_of_initialization          cinit        003148
fputc@c                        cstackCOMRAM 000001
fputc@fp                       cstackCOMRAM 000003
fputs@c                        cstackCOMRAM 00000E
fputs@fp                       cstackCOMRAM 00000C
fputs@i                        cstackCOMRAM 00000F
fputs@s                        cstackCOMRAM 00000A
int$flags                      temp         00005F
intlevel0                      text         000000
intlevel1                      text         000000
intlevel2                      text         000000
intlevel3                      text         000000
isa$std                        (abs)        000001
isa$xinst                      (abs)        000000
main@buf                       cstackBANK0  000080
main@colour                    cstackBANK0  0000E4
pad@buf                        cstackCOMRAM 000013
pad@fp                         cstackCOMRAM 000011
pad@i                          cstackCOMRAM 000018
pad@p                          cstackCOMRAM 000015
pad@w                          cstackCOMRAM 00001A
readColours@vals               cstackCOMRAM 00000C
sendCharSerial4@charToSend     cstackCOMRAM 000001
sendStringSerial4@string       cstackCOMRAM 000002
sprintf@ap                     cstackBANK0  00006E
sprintf@f                      cstackBANK0  000070
sprintf@fmt                    cstackBANK0  000062
sprintf@s                      cstackBANK0  000060
stackhi                        (abs)        000000
stacklo                        (abs)        000000
start                          init         00000E
start_initialization           cinit        0030FE
ttemp5                         temp         000060
ttemp6                         temp         000063
ttemp7                         temp         000067
vfpfcnvrt@ap                   cstackCOMRAM 000043
vfpfcnvrt@convarg              cstackCOMRAM 000047
vfpfcnvrt@cp                   cstackCOMRAM 00004F
vfpfcnvrt@fmt                  cstackCOMRAM 000041
vfpfcnvrt@fp                   cstackCOMRAM 00003F
vfprintf@ap                    cstackCOMRAM 000055
vfprintf@cfmt                  cstackCOMRAM 000057
vfprintf@fmt                   cstackCOMRAM 000053
vfprintf@fp                    cstackCOMRAM 000051
wtemp8                         temp         000060


MODULE INFORMATION

Module		Function		Class		Link	Load	Size
C:\Program Files\Microchip\xc8\v2.40\pic\sources\c99\common\sprcmul.c
		___flmul       		CODE           	184A	0000	1066

C:\Program Files\Microchip\xc8\v2.40\pic\sources\c99\common\sprcmul.c estimated size: 1066

C:\Program Files\Microchip\xc8\v2.40\pic\sources\c99\common\nf_fputc.c
		_fputc         		CODE           	2EB2	0000	202

C:\Program Files\Microchip\xc8\v2.40\pic\sources\c99\common\nf_fputc.c estimated size: 202

serial.c
		_sendStringSerial4		CODE           	3498	0000	48
		_sendCharSerial4		CODE           	3558	0000	24
		_initUSART4    		CODE           	353A	0000	30

serial.c estimated size: 102

C:\Program Files\Microchip\xc8\v2.40\pic\sources\c99\common\sprcdiv.c
		___fldiv       		CODE           	1C74	0000	922

C:\Program Files\Microchip\xc8\v2.40\pic\sources\c99\common\sprcdiv.c estimated size: 922

C:\Program Files\Microchip\xc8\v2.40\pic\sources\c99\common\nf_sprintf.c
		_sprintf       		CODE           	315A	0000	82

C:\Program Files\Microchip\xc8\v2.40\pic\sources\c99\common\nf_sprintf.c estimated size: 82

color.c
		_color_writetoaddr		CODE           	351A	0000	32
		_readColours   		CODE           	30A0	0000	94
		_color_click_init		CODE           	31AC	0000	82
		_Colour_decider		CODE           	0E50	0000	1338
		_colour_rel    		CODE           	200E	0000	814
		_color_read_Green		CODE           	329E	0000	80
		_color_read_Red		CODE           	324E	0000	80
		_color_read_lum		CODE           	31FE	0000	80
		_color_read_Blue		CODE           	32EE	0000	80

color.c estimated size: 2680

C:\Program Files\Microchip\xc8\v2.40\pic\sources\c99\common\fltol.c
		___fltol       		CODE           	2BA8	0000	262

C:\Program Files\Microchip\xc8\v2.40\pic\sources\c99\common\fltol.c estimated size: 262

C:\Program Files\Microchip\xc8\v2.40\pic\sources\c99\common\fleq.c
		___fleq        		CODE           	2F7C	0000	170

C:\Program Files\Microchip\xc8\v2.40\pic\sources\c99\common\fleq.c estimated size: 170

interrupts.c
		_Interrupts_init		CODE           	359E	0000	2
		_HighISR       		CODE           	0008	0000	6

interrupts.c estimated size: 8

C:\Program Files\Microchip\xc8\v2.40\pic\sources\c99\common\abs.c
		_abs           		CODE           	3458	0000	64

C:\Program Files\Microchip\xc8\v2.40\pic\sources\c99\common\abs.c estimated size: 64

i2c.c
		_I2C_2_Master_Start		CODE           	3590	0000	10
		_I2C_2_Master_Read		CODE           	3416	0000	66
		_I2C_2_Master_Idle		CODE           	34F2	0000	40
		_I2C_2_Master_Init		CODE           	34C8	0000	42
		_I2C_2_Master_Stop		CODE           	3586	0000	10
		_I2C_2_Master_RepStart		CODE           	357C	0000	10
		_I2C_2_Master_Write		CODE           	3570	0000	12

i2c.c estimated size: 190

C:\Program Files\Microchip\xc8\v2.40\pic\sources\c99\common\sprcadd.c
		___flsub       		CODE           	338C	0000	70
		___fladd       		CODE           	138A	0000	1216

C:\Program Files\Microchip\xc8\v2.40\pic\sources\c99\common\sprcadd.c estimated size: 1286

C:\Program Files\Microchip\xc8\v2.40\pic\sources\c99\common\xxtofl.c
		___xxtofl      		CODE           	25BA	0000	436

C:\Program Files\Microchip\xc8\v2.40\pic\sources\c99\common\xxtofl.c estimated size: 436

C:\Program Files\Microchip\xc8\v2.40\pic\sources\c99\common\nf_fputs.c
		_fputs         		CODE           	33D2	0000	68

C:\Program Files\Microchip\xc8\v2.40\pic\sources\c99\common\nf_fputs.c estimated size: 68

C:\Program Files\Microchip\xc8\v2.40\pic\sources\c99\common\aomod.c
		___aomod       		CODE           	28F6	0000	356

C:\Program Files\Microchip\xc8\v2.40\pic\sources\c99\common\aomod.c estimated size: 356

shared
		__initialization		CODE           	30FE	0000	74

shared estimated size: 74

C:\Program Files\Microchip\xc8\v2.40\pic\sources\c99\common\flge.c
		___flge        		CODE           	2CAE	0000	260

C:\Program Files\Microchip\xc8\v2.40\pic\sources\c99\common\flge.c estimated size: 260

C:\Program Files\Microchip\xc8\v2.40\pic\sources\c99\common\putch.c
		_putch         		CODE           	359C	0000	2

C:\Program Files\Microchip\xc8\v2.40\pic\sources\c99\common\putch.c estimated size: 2

C:\Program Files\Microchip\xc8\v2.40\pic\sources\c99\common\doprnt.c
		_vfpfcnvrt     		CODE           	2A5A	0000	334
		_pad           		CODE           	3026	0000	122
		_dtoa          		CODE           	233C	0000	638
		_vfprintf      		CODE           	333E	0000	78

C:\Program Files\Microchip\xc8\v2.40\pic\sources\c99\common\doprnt.c estimated size: 1172

main.c
		_main          		CODE           	2DB2	0000	256

main.c estimated size: 256

C:\Program Files\Microchip\xc8\v2.40\pic\sources\c99\common\aodiv.c
		___aodiv       		CODE           	276E	0000	392

C:\Program Files\Microchip\xc8\v2.40\pic\sources\c99\common\aodiv.c estimated size: 392

