Microchip MPLAB XC8 Compiler V2.40

Linker command line:

-W-3 \
  --edf=C:\Program Files\Microchip\xc8\v2.40\pic\dat\20220703182018_en.msgs \
  -cn \
  -h+dist/default/production\final-project-josh-and-edward.X.production.sym \
  --cmf=dist/default/production\final-project-josh-and-edward.X.production.cmf \
  -z -Q18F67K40 -oC:\Users\jford\AppData\Local\Temp\xcAsho4.4 \
  --defsym=__MPLAB_BUILD=1 --fixupoverflow=error \
  -Mdist/default/production/final-project-josh-and-edward.X.production.map \
  --md=C:\Users\jford\AppData\Local\Temp\xcAsho4.dat -E1 -ver=XC8 Compiler \
  --acfsm=1493 -ACODE=00h-01FFFFh -ACONST=00h-01FFFFh \
  -ASMALLCONST=0E00h-0EFFhx498 -AMEDIUMCONST=0E00h-0FFFFh,010E00h-01FFFFh \
  -ACOMRAM=01h-05Fh -AABS1=00h-0DE9h -ABIGRAM=01h-0DE9h \
  -ARAM=060h-0FFh,0100h-01FFhx12,0D00h-0DE9h -ABANK0=060h-0FFh \
  -ABANK1=0100h-01FFh -ABANK2=0200h-02FFh -ABANK3=0300h-03FFh \
  -ABANK4=0400h-04FFh -ABANK5=0500h-05FFh -ABANK6=0600h-06FFh \
  -ABANK7=0700h-07FFh -ABANK8=0800h-08FFh -ABANK9=0900h-09FFh \
  -ABANK10=0A00h-0AFFh -ABANK11=0B00h-0BFFh -ABANK12=0C00h-0CFFh \
  -ABANK13=0D00h-0DE9h \
  -ASFR=0DEFh-0DFFh,0E00h-0EFFh,0F00h-0F5Fh,0F60h-0FFFh \
  -ABIGSFR=0DEFh-0FFFh -ACONFIG=0300000h-030000Bh -AIDLOC=0200000h-020000Fh \
  -AEEDATA=0310000h-03103FFh -peeprom_data=EEDATA \
  -preset_vec=00h,intcode=08h,intcodelo,powerup,init -pramtop=0E00h \
  -psmallconst=SMALLCONST -pmediumconst=MEDIUMCONST -pconst=CONST \
  -AFARRAM=00h-00h \
  -prdata=COMRAM,nvrram=COMRAM,nvbit=COMRAM,rbss=COMRAM,rbit=COMRAM \
  -pfarbss=FARRAM,fardata=FARRAM,nvFARRAM=FARRAM \
  -pintsave_regs=BIGRAM,bigbss=BIGRAM,bigdata=BIGRAM -pbss=RAM \
  -pidata=CODE,irdata=CODE,ibigdata=CODE,ifardata=CODE -prparam=COMRAM \
  C:\Users\jford\AppData\Local\Temp\xcAsho4.o \
  dist/default/production\final-project-josh-and-edward.X.production.o 

Object code version is 3.11

Machine type is 18F67K40



                Name                               Link     Load   Length Selector   Space Scale
C:\Users\jford\AppData\Local\Temp\xcAsho4.o
                idloc                            200000   200000       10        0       5
                config                           300000   300000        C        0       4
                init                                 34       34        4        4       0
                reset_vec                             0        0        4        0       0
dist/default/production\final-project-josh-and-edward.X.production.o
                intcode                               8        8       2C        4       0
                idloc                            200000   200000       10        0       5
                config                           300000   300000        C        0       4
                temp                                 5F       5F        1        1       1
                smallconst                          E00      E00       3E      700       0
                text86                             6232     6232        C      71F       0
                text85                             2B16     2B16      39A      71F       0
                text84                             4F36     4F36       AA      71F       0
                text83                             4A54     4A54      104      71F       0
                text82                             26EC     26EC      42A      71F       0
                text81                             222C     222C      4C0      71F       0
                text80                             5E64     5E64       46      71F       0
                text79                             4196     4196      1B4      71F       0
                text78                             1838     1838      9F4      71F       0
                text77                             5452     5452       74      71F       0
                text76                             617E     617E       26      71F       0
                text75                             467E     467E      16C      71F       0
                text74                             51BA     51BA       9E      71F       0
                text73                             52E0     52E0       7E      71F       0
                text72                             5844     5844       5A      71F       0
                text71                             6226     6226        C      71F       0
                text70                             6158     6158       26      71F       0
                text69                             61C4     61C4       20      71F       0
                text68                             6106     6106       2A      71F       0
                text67                             6130     6130       28      71F       0
                text66                             6252     6252        A      71F       0
                text65                             6248     6248        A      71F       0
                text64                             621A     621A        C      71F       0
                text63                             61A4     61A4       20      71F       0
                text62                             5B96     5B96       52      71F       0
                text61                             594E     594E       58      71F       0
                text60                             511C     511C       9E      71F       0
                text59                             57EA     57EA       5A      71F       0
                text58                             60A0     60A0       36      71F       0
                text57                             507E     507E       9E      71F       0
                text56                             5E16     5E16       4E      71F       0
                text55                             566A     566A       66      71F       0
                text54                             4FE0     4FE0       9E      71F       0
                text53                             5DC8     5DC8       4E      71F       0
                text52                             5604     5604       66      71F       0
                text51                             58F6     58F6       58      71F       0
                text50                             5B44     5B44       52      71F       0
                text49                             5534     5534       6A      71F       0
                text48                             5AF2     5AF2       52      71F       0
                text47                             5790     5790       5A      71F       0
                text46                             53D8     53D8       7A      71F       0
                text45                             5FF2     5FF2       3E      71F       0
                text44                             5FB4     5FB4       3E      71F       0
                text43                             5AA0     5AA0       52      71F       0
                text42                             5A4E     5A4E       52      71F       0
                text41                             589E     589E       58      71F       0
                text40                             4DD6     4DD6       B6      71F       0
                text39                             4D20     4D20       B6      71F       0
                text38                             5D78     5D78       50      71F       0
                text37                             6068     6068       38      71F       0
                text36                             4E8C     4E8C       AA      71F       0
                text35                             34E4     34E4      2E0      71F       0
                text34                             3D0C     3D0C      278      71F       0
                text33                             2EB0     2EB0      32E      71F       0
                text32                             56D0     56D0       62      71F       0
                text31                             5258     5258       88      71F       0
                text30                             61E4     61E4       1E      71F       0
                text29                             5F32     5F32       42      71F       0
                text28                             623E     623E        A      71F       0
                text27                             5D28     5D28       50      71F       0
                text26                             5CD8     5CD8       50      71F       0
                text25                             5C88     5C88       50      71F       0
                text24                             5C38     5C38       50      71F       0
                text23                             5732     5732       5E      71F       0
                text22                             6202     6202       18      71F       0
                text21                             60D6     60D6       30      71F       0
                text20                             44F6     44F6      188      71F       0
                text19                             47EA     47EA      164      71F       0
                text18                             5F74     5F74       40      71F       0
                text17                             6266     6266        2      71F       0
                text16                             4C56     4C56       CA      71F       0
                text15                             5EEE     5EEE       44      71F       0
                text14                             535E     535E       7A      71F       0
                text13                             3A8E     3A8E      27E      71F       0
                text12                             6030     6030       38      71F       0
                text11                             494E     494E      106      71F       0
                text10                             4B58     4B58       FE      71F       0
                text9                              3F84     3F84      212      71F       0
                text8                              559E     559E       66      71F       0
                text7                              5BE8     5BE8       50      71F       0
                text6                              5EAA     5EAA       44      71F       0
                text5                               E3E      E3E      9FA      71F       0
                text4                              31DE     31DE      306      71F       0
                text3                              59A6     59A6       56      71F       0
                text2                              59FC     59FC       52      71F       0
                text1                              434A     434A      1AC      71F       0
                text0                              37C4     37C4      2CA      71F       0
                cstackCOMRAM                          1        1       5E        1       1
                cstackBANK0                          60       60       73       60       1
                cstackBANK1                         172      172       66      100       1
                bssBANK2                            200      200       F0      200       1
                dataBANK1                           1D8      1D8        4      100       1
                bssBANK1                            100      100       72      100       1
                dataBANK0                            F2       F2        6       60       1
                bssBANK0                             D3       D3       1F       60       1
                cinit                              54C6     54C6       6E      71F       0
                idataBANK1                         6262     6262        4      71F       0
                idataBANK0                         625C     625C        6      71F       0

TOTAL           Name                               Link     Load   Length     Space
        CLASS   CODE           
                intcode                               8        8       2C         0
                init                                 34       34        4         0
                reset_vec                             0        0        4         0
                text86                             6232     6232        C         0
                text85                             2B16     2B16      39A         0
                text84                             4F36     4F36       AA         0
                text83                             4A54     4A54      104         0
                text82                             26EC     26EC      42A         0
                text81                             222C     222C      4C0         0
                text80                             5E64     5E64       46         0
                text79                             4196     4196      1B4         0
                text78                             1838     1838      9F4         0
                text77                             5452     5452       74         0
                text76                             617E     617E       26         0
                text75                             467E     467E      16C         0
                text74                             51BA     51BA       9E         0
                text73                             52E0     52E0       7E         0
                text72                             5844     5844       5A         0
                text71                             6226     6226        C         0
                text70                             6158     6158       26         0
                text69                             61C4     61C4       20         0
                text68                             6106     6106       2A         0
                text67                             6130     6130       28         0
                text66                             6252     6252        A         0
                text65                             6248     6248        A         0
                text64                             621A     621A        C         0
                text63                             61A4     61A4       20         0
                text62                             5B96     5B96       52         0
                text61                             594E     594E       58         0
                text60                             511C     511C       9E         0
                text59                             57EA     57EA       5A         0
                text58                             60A0     60A0       36         0
                text57                             507E     507E       9E         0
                text56                             5E16     5E16       4E         0
                text55                             566A     566A       66         0
                text54                             4FE0     4FE0       9E         0
                text53                             5DC8     5DC8       4E         0
                text52                             5604     5604       66         0
                text51                             58F6     58F6       58         0
                text50                             5B44     5B44       52         0
                text49                             5534     5534       6A         0
                text48                             5AF2     5AF2       52         0
                text47                             5790     5790       5A         0
                text46                             53D8     53D8       7A         0
                text45                             5FF2     5FF2       3E         0
                text44                             5FB4     5FB4       3E         0
                text43                             5AA0     5AA0       52         0
                text42                             5A4E     5A4E       52         0
                text41                             589E     589E       58         0
                text40                             4DD6     4DD6       B6         0
                text39                             4D20     4D20       B6         0
                text38                             5D78     5D78       50         0
                text37                             6068     6068       38         0
                text36                             4E8C     4E8C       AA         0
                text35                             34E4     34E4      2E0         0
                text34                             3D0C     3D0C      278         0
                text33                             2EB0     2EB0      32E         0
                text32                             56D0     56D0       62         0
                text31                             5258     5258       88         0
                text30                             61E4     61E4       1E         0
                text29                             5F32     5F32       42         0
                text28                             623E     623E        A         0
                text27                             5D28     5D28       50         0
                text26                             5CD8     5CD8       50         0
                text25                             5C88     5C88       50         0
                text24                             5C38     5C38       50         0
                text23                             5732     5732       5E         0
                text22                             6202     6202       18         0
                text21                             60D6     60D6       30         0
                text20                             44F6     44F6      188         0
                text19                             47EA     47EA      164         0
                text18                             5F74     5F74       40         0
                text17                             6266     6266        2         0
                text16                             4C56     4C56       CA         0
                text15                             5EEE     5EEE       44         0
                text14                             535E     535E       7A         0
                text13                             3A8E     3A8E      27E         0
                text12                             6030     6030       38         0
                text11                             494E     494E      106         0
                text10                             4B58     4B58       FE         0
                text9                              3F84     3F84      212         0
                text8                              559E     559E       66         0
                text7                              5BE8     5BE8       50         0
                text6                              5EAA     5EAA       44         0
                text5                               E3E      E3E      9FA         0
                text4                              31DE     31DE      306         0
                text3                              59A6     59A6       56         0
                text2                              59FC     59FC       52         0
                text1                              434A     434A      1AC         0
                text0                              37C4     37C4      2CA         0
                cinit                              54C6     54C6       6E         0
                idataBANK1                         6262     6262        4         0
                idataBANK0                         625C     625C        6         0

        CLASS   CONST          

        CLASS   SMALLCONST     
                smallconst                          E00      E00       3E         0

        CLASS   MEDIUMCONST    

        CLASS   COMRAM         
                temp                                 5F       5F        1         1
                cstackCOMRAM                          1        1       5E         1

        CLASS   ABS1           

        CLASS   BIGRAM         

        CLASS   RAM            

        CLASS   BANK0          
                cstackBANK0                          60       60       73         1
                dataBANK0                            F2       F2        6         1
                bssBANK0                             D3       D3       1F         1

        CLASS   BANK1          
                cstackBANK1                         172      172       66         1
                dataBANK1                           1D8      1D8        4         1
                bssBANK1                            100      100       72         1

        CLASS   BANK2          
                bssBANK2                            200      200       F0         1

        CLASS   BANK3          

        CLASS   BANK4          

        CLASS   BANK5          

        CLASS   BANK6          

        CLASS   BANK7          

        CLASS   BANK8          

        CLASS   BANK9          

        CLASS   BANK10         

        CLASS   BANK11         

        CLASS   BANK12         

        CLASS   BANK13         

        CLASS   SFR            

        CLASS   BIGSFR         

        CLASS   CONFIG         
                config                           300000   300000        C         4

        CLASS   IDLOC          
                idloc                            200000   200000       10         5

        CLASS   EEDATA         

        CLASS   FARRAM         

        CLASS   HEAP           

        CLASS   STACK          



SEGMENTS        Name                           Load    Length   Top    Selector   Space  Class

                reset_vec                      000000  000004  000004         0       0  CODE    
                cstackCOMRAM                   000001  00005F  000060         1       1  COMRAM  
                intcode                        000008  000030  000038         4       0  CODE    
                cstackBANK0                    000060  000098  0000F8        60       1  BANK0   
                bssBANK1                       000100  0000DC  0001DC       100       1  BANK1   
                bssBANK2                       000200  0000F0  0002F0       200       1  BANK2   
                smallconst                     000E00  00003E  000E3E       700       0  SMALLCON
                text5                          000E3E  00542A  006268       71F       0  CODE    


UNUSED ADDRESS RANGES

        Name                Unused          Largest block    Delta
        BANK0            0000F8-0000FF                8
        BANK1            0001DC-0001FF               24
        BANK10           000A00-000AFF              100
        BANK11           000B00-000BFF              100
        BANK12           000C00-000CFF              100
        BANK13           000D00-000DE9               EA
        BANK2            0002F0-0002FF               10
        BANK3            000300-0003FF              100
        BANK4            000400-0004FF              100
        BANK5            000500-0005FF              100
        BANK6            000600-0006FF              100
        BANK7            000700-0007FF              100
        BANK8            000800-0008FF              100
        BANK9            000900-0009FF              100
        BIGRAM           0000F8-0000FF                8
                         0001DC-0001FF               24
                         0002F0-000DE9              AFA
        BIGSFR           000DEF-000FFF              211
        CODE             000004-000007                4
                         000038-000DFF              DC8
                         006268-01FFFF            19D98
        CONST            000004-000007                4
                         000038-000DFF              DC8
                         006268-01FFFF            19D98
        EEDATA           310000-3103FF              400
        MEDIUMCONST      006268-00FFFF             9D98
                         010E00-01FFFF             F200
        RAM              0000F8-0000FF                8
                         0001DC-0001FF               24
                         0002F0-000DE9              100
        SFR              000DEF-000FFF              100
        SMALLCONST       006268-01FFFF              100

                                  Symbol Table

?_Colour_decider               cstackCOMRAM 00004B
?___aodiv                      cstackCOMRAM 000001
?___aomod                      cstackCOMRAM 000001
?___fladd                      cstackCOMRAM 000001
?___fldiv                      cstackCOMRAM 000032
?___flmul                      cstackCOMRAM 000011
?___flneg                      cstackCOMRAM 000001
?___flsub                      cstackCOMRAM 00002A
?___fltol                      cstackCOMRAM 000001
?___fpclassifyf                cstackCOMRAM 000001
?___lwdiv                      cstackCOMRAM 000007
?___wmul                       cstackCOMRAM 000001
?___xxtofl                     cstackCOMRAM 000001
?_abs                          cstackCOMRAM 000013
?_color_read_Blue              cstackCOMRAM 000005
?_color_read_Green             cstackCOMRAM 000005
?_color_read_Red               cstackCOMRAM 000005
?_color_read_lum               cstackCOMRAM 000005
?_floorf                       cstackCOMRAM 00004B
?_labs                         cstackCOMRAM 000001
?_sprintf                      cstackBANK0  0000B0
?_vfprintf                     cstackBANK0  0000A8
Backhalfblock@mL               cstackCOMRAM 00001A
Backhalfblock@mR               cstackCOMRAM 00001C
BlueMove@mL                    cstackCOMRAM 000020
BlueMove@mR                    cstackCOMRAM 000022
Colour_decider@Cmax            cstackBANK0  000072
Colour_decider@Cmax_i          cstackBANK0  000064
Colour_decider@Cmin            cstackBANK0  000076
Colour_decider@Hue             cstackBANK0  00007C
Colour_decider@RGB_col         cstackBANK0  000066
Colour_decider@i               cstackBANK0  00007A
Colour_decider@rel             cstackCOMRAM 00004D
Colour_decider@vals            cstackCOMRAM 00004B
ForwardOneBlock@mL             cstackCOMRAM 00001A
ForwardOneBlock@mR             cstackCOMRAM 00001C
Forwardhalfblock@mL            cstackCOMRAM 00001A
Forwardhalfblock@mR            cstackCOMRAM 00001C
GreenMove@mL                   cstackCOMRAM 000020
GreenMove@mR                   cstackCOMRAM 000022
I2C_2_Master_Read@ack          cstackCOMRAM 000003
I2C_2_Master_Read@tmp          cstackCOMRAM 000004
I2C_2_Master_Write@data_byte   cstackCOMRAM 000002
LightBlueMove@mL               cstackCOMRAM 000020
LightBlueMove@mR               cstackCOMRAM 000022
OrangeMove@mL                  cstackCOMRAM 000020
OrangeMove@mR                  cstackCOMRAM 000022
PinkMove@mL                    cstackCOMRAM 000020
PinkMove@mR                    cstackCOMRAM 000022
RedMove@mL                     cstackCOMRAM 000020
RedMove@mR                     cstackCOMRAM 000022
RetryMove@mL                   cstackCOMRAM 000020
RetryMove@mR                   cstackCOMRAM 000022
ReverseLightBlueMove@mL        cstackCOMRAM 000020
ReverseLightBlueMove@mR        cstackCOMRAM 000022
ReverseOrangeMove@mL           cstackCOMRAM 000020
ReverseOrangeMove@mR           cstackCOMRAM 000022
ReversePink@mL                 cstackCOMRAM 000020
ReversePink@mR                 cstackCOMRAM 000022
ReverseYellow@mL               cstackCOMRAM 000020
ReverseYellow@mR               cstackCOMRAM 000022
TurnDelay@Turn45Delay          cstackCOMRAM 000001
YellowMove@mL                  cstackCOMRAM 000020
YellowMove@mR                  cstackCOMRAM 000022
_ANSELDbits                    (abs)        000EA7
_ANSELFbits                    (abs)        000EB4
_BAUD4CONbits                  (abs)        000EE9
_Backhalfblock                 text47       005790
_BlueMove                      text46       0053D8
_Buttons_init                  text86       006232
_CCP1CONbits                   (abs)        000FAB
_CCP2CONbits                   (abs)        000FA7
_CCP3CONbits                   (abs)        000F26
_CCP4CONbits                   (abs)        000F22
_CCPR1H                        (abs)        000FAA
_CCPR2H                        (abs)        000FA6
_CCPR3H                        (abs)        000F25
_CCPR4H                        (abs)        000F21
_CCPTMRS0bits                  (abs)        000FAD
_Colour_decider                text78       001838
_Colour_decider$3280           cstackBANK0  000060
_EUSART4RXbuf                  bssBANK1     000100
_EUSART4TXbuf                  bssBANK2     000200
_ForwardOneBlock               text41       00589E
_Forwardhalfblock              text72       005844
_GreenMove                     text45       005FF2
_HighISR                       intcode      000008
_I2C_2_Master_Idle             text67       006130
_I2C_2_Master_Init             text68       006106
_I2C_2_Master_Read             text29       005F32
_I2C_2_Master_RepStart         text28       00623E
_I2C_2_Master_Start            text66       006252
_I2C_2_Master_Stop             text65       006248
_I2C_2_Master_Write            text64       00621A
_INTCONbits                    (abs)        000FF2
_Interrupts_init               text71       006226
_LATAbits                      (abs)        000F79
_LATDbits                      (abs)        000F7C
_LATFbits                      (abs)        000F7E
_LATGbits                      (abs)        000F7F
_LATHbits                      (abs)        000F80
_LED_init                      text70       006158
_LightBlueMove                 text55       00566A
_OrangeMove                    text52       005604
_PIE0bits                      (abs)        000E29
_PIR0bits                      (abs)        000E33
_PIR4bits                      (abs)        000E37
_PORTFbits                     (abs)        000F8E
_PinkMove                      text50       005B44
_RC0PPS                        (abs)        000E62
_RC4REG                        (abs)        000EE3
_RC4STAbits                    (abs)        000EE7
_RC7PPS                        (abs)        000E69
_RD5PPS                        (abs)        000E6F
_RD6PPS                        (abs)        000E70
_RE2PPS                        (abs)        000E74
_RE4PPS                        (abs)        000E76
_RG6PPS                        (abs)        000E88
_RX4PPS                        (abs)        000E15
_RedMove                       text44       005FB4
_RetryMove                     text49       005534
_ReverseLightBlueMove          text43       005AA0
_ReverseOrangeMove             text42       005A4E
_ReversePink                   text40       004DD6
_ReverseYellow                 text39       004D20
_RunOneBlockTime               dataBANK0    0000F2
_RxBufReadCnt                  bssBANK0     0000F0
_RxBufWriteCnt                 bssBANK0     0000F1
_SP4BRGH                       (abs)        000EE6
_SP4BRGL                       (abs)        000EE5
_SSP2ADD                       (abs)        000ED6
_SSP2BUF                       (abs)        000ED5
_SSP2CLKPPS                    (abs)        000E1C
_SSP2CON1bits                  (abs)        000ED9
_SSP2CON2                      (abs)        000EDA
_SSP2CON2bits                  (abs)        000EDA
_SSP2DATPPS                    (abs)        000E1D
_SSP2STAT                      (abs)        000ED8
_T0CON0bits                    (abs)        000FD5
_T0CON1bits                    (abs)        000FD6
_T2CLKCONbits                  (abs)        000FBF
_T2CONbits                     (abs)        000FBD
_T2HLTbits                     (abs)        000FBE
_T2PR                          (abs)        000FBC
_TMR0H                         (abs)        000FD4
_TMR0L                         (abs)        000FD3
_TRISAbits                     (abs)        000F81
_TRISCbits                     (abs)        000F83
_TRISDbits                     (abs)        000F84
_TRISEbits                     (abs)        000F85
_TRISFbits                     (abs)        000F86
_TRISGbits                     (abs)        000F87
_TRISHbits                     (abs)        000F88
_TX4REG                        (abs)        000EE4
_TX4STAbits                    (abs)        000EE8
_Time_forward                  bssBANK2     00023C
_Timer0_init                   text69       0061C4
_Turn45Delay                   dataBANK0    0000F4
_TurnDelay                     text58       0060A0
_TxBufReadCnt                  bssBANK0     0000EE
_TxBufWriteCnt                 bssBANK0     0000EF
_WayBack                       bssBANK1     00011A
_YellowMove                    text48       005AF2
__HRAM                         (abs)        000000
__Habs1                        abs1         000000
__Hbank0                       bank0        000000
__Hbank1                       bank1        000000
__Hbank10                      bank10       000000
__Hbank11                      bank11       000000
__Hbank12                      bank12       000000
__Hbank13                      bank13       000000
__Hbank2                       bank2        000000
__Hbank3                       bank3        000000
__Hbank4                       bank4        000000
__Hbank5                       bank5        000000
__Hbank6                       bank6        000000
__Hbank7                       bank7        000000
__Hbank8                       bank8        000000
__Hbank9                       bank9        000000
__Hbigbss                      bigbss       000000
__Hbigdata                     bigdata      000000
__Hbigram                      bigram       000000
__Hbigsfr                      bigsfr       000000
__Hbss                         bss          000000
__HbssBANK0                    bssBANK0     000000
__HbssBANK1                    bssBANK1     000000
__HbssBANK2                    bssBANK2     000000
__Hcinit                       cinit        000000
__Hclrtext                     clrtext      000000
__Hcomram                      comram       000000
__Hconfig                      config       30000C
__Hconst                       const        000000
__HcstackBANK0                 cstackBANK0  000000
__HcstackBANK1                 cstackBANK1  000000
__HcstackCOMRAM                cstackCOMRAM 000000
__Hdata                        data         000000
__HdataBANK0                   dataBANK0    000000
__HdataBANK1                   dataBANK1    000000
__Heeprom_data                 eeprom_data  000000
__Hfarbss                      farbss       000000
__Hfardata                     fardata      000000
__Hheap                        heap         000000
__Hibigdata                    ibigdata     000000
__Hidata                       idata        000000
__HidataBANK0                  idataBANK0   000000
__HidataBANK1                  idataBANK1   000000
__Hidloc                       idloc        200010
__Hifardata                    ifardata     000000
__Hinit                        init         000038
__Hintcode                     intcode      000034
__Hintcode_body                intcode_body 000000
__Hintcodelo                   intcodelo    000034
__Hintentry                    intentry     000000
__Hintret                      intret       000000
__Hintsave_regs                intsave_regs 000000
__Hirdata                      irdata       000000
__Hmediumconst                 mediumconst  000000
__HnvFARRAM                    nvFARRAM     000000
__Hnvbit                       nvbit        000000
__Hnvrram                      nvrram       000000
__Hparam                       rparam       000000
__Hpowerup                     powerup      000034
__Hram                         ram          000000
__Hramtop                      ramtop       000E00
__Hrbit                        rbit         000000
__Hrbss                        rbss         000000
__Hrdata                       rdata        000000
__Hreset_vec                   reset_vec    000004
__Hrparam                      rparam       000000
__Hsfr                         sfr          000000
__Hsmallconst                  smallconst   000E3E
__Hspace_0                     (abs)        006268
__Hspace_1                     (abs)        0002F0
__Hspace_2                     (abs)        000000
__Hspace_4                     (abs)        60000C
__Hstack                       stack        000000
__Hstruct                      struct       000000
__Htemp                        temp         000060
__Htext                        text         000000
__Htext0                       text0        000000
__Htext1                       text1        000000
__Htext10                      text10       000000
__Htext11                      text11       000000
__Htext12                      text12       000000
__Htext13                      text13       000000
__Htext14                      text14       000000
__Htext15                      text15       000000
__Htext16                      text16       000000
__Htext17                      text17       000000
__Htext18                      text18       000000
__Htext19                      text19       000000
__Htext2                       text2        000000
__Htext20                      text20       000000
__Htext21                      text21       000000
__Htext22                      text22       000000
__Htext23                      text23       000000
__Htext24                      text24       000000
__Htext25                      text25       000000
__Htext26                      text26       000000
__Htext27                      text27       000000
__Htext28                      text28       000000
__Htext29                      text29       000000
__Htext3                       text3        000000
__Htext30                      text30       000000
__Htext31                      text31       000000
__Htext32                      text32       000000
__Htext33                      text33       000000
__Htext34                      text34       000000
__Htext35                      text35       000000
__Htext36                      text36       000000
__Htext37                      text37       000000
__Htext38                      text38       000000
__Htext39                      text39       000000
__Htext4                       text4        000000
__Htext40                      text40       000000
__Htext41                      text41       000000
__Htext42                      text42       000000
__Htext43                      text43       000000
__Htext44                      text44       000000
__Htext45                      text45       000000
__Htext46                      text46       000000
__Htext47                      text47       000000
__Htext48                      text48       000000
__Htext49                      text49       000000
__Htext5                       text5        000000
__Htext50                      text50       000000
__Htext51                      text51       000000
__Htext52                      text52       000000
__Htext53                      text53       000000
__Htext54                      text54       000000
__Htext55                      text55       000000
__Htext56                      text56       000000
__Htext57                      text57       000000
__Htext58                      text58       000000
__Htext59                      text59       000000
__Htext6                       text6        000000
__Htext60                      text60       000000
__Htext61                      text61       000000
__Htext62                      text62       000000
__Htext63                      text63       000000
__Htext64                      text64       000000
__Htext65                      text65       000000
__Htext66                      text66       000000
__Htext67                      text67       000000
__Htext68                      text68       000000
__Htext69                      text69       000000
__Htext7                       text7        000000
__Htext70                      text70       000000
__Htext71                      text71       000000
__Htext72                      text72       000000
__Htext73                      text73       000000
__Htext74                      text74       000000
__Htext75                      text75       000000
__Htext76                      text76       000000
__Htext77                      text77       000000
__Htext78                      text78       000000
__Htext79                      text79       000000
__Htext8                       text8        000000
__Htext80                      text80       000000
__Htext81                      text81       000000
__Htext82                      text82       000000
__Htext83                      text83       000000
__Htext84                      text84       000000
__Htext85                      text85       000000
__Htext86                      text86       000000
__Htext9                       text9        000000
__LRAM                         (abs)        000001
__Labs1                        abs1         000000
__Lbank0                       bank0        000000
__Lbank1                       bank1        000000
__Lbank10                      bank10       000000
__Lbank11                      bank11       000000
__Lbank12                      bank12       000000
__Lbank13                      bank13       000000
__Lbank2                       bank2        000000
__Lbank3                       bank3        000000
__Lbank4                       bank4        000000
__Lbank5                       bank5        000000
__Lbank6                       bank6        000000
__Lbank7                       bank7        000000
__Lbank8                       bank8        000000
__Lbank9                       bank9        000000
__Lbigbss                      bigbss       000000
__Lbigdata                     bigdata      000000
__Lbigram                      bigram       000000
__Lbigsfr                      bigsfr       000000
__Lbss                         bss          000000
__LbssBANK0                    bssBANK0     000000
__LbssBANK1                    bssBANK1     000000
__LbssBANK2                    bssBANK2     000000
__Lcinit                       cinit        000000
__Lclrtext                     clrtext      000000
__Lcomram                      comram       000000
__Lconfig                      config       000000
__Lconst                       const        000000
__LcstackBANK0                 cstackBANK0  000000
__LcstackBANK1                 cstackBANK1  000000
__LcstackCOMRAM                cstackCOMRAM 000000
__Ldata                        data         000000
__LdataBANK0                   dataBANK0    000000
__LdataBANK1                   dataBANK1    000000
__Leeprom_data                 eeprom_data  000000
__Lfarbss                      farbss       000000
__Lfardata                     fardata      000000
__Lheap                        heap         000000
__Libigdata                    ibigdata     000000
__Lidata                       idata        000000
__LidataBANK0                  idataBANK0   000000
__LidataBANK1                  idataBANK1   000000
__Lidloc                       idloc        000000
__Lifardata                    ifardata     000000
__Linit                        init         000034
__Lintcode                     intcode      000008
__Lintcode_body                intcode_body 000000
__Lintcodelo                   intcodelo    000034
__Lintentry                    intentry     000000
__Lintret                      intret       000000
__Lintsave_regs                intsave_regs 000000
__Lirdata                      irdata       000000
__Lmediumconst                 mediumconst  000000
__LnvFARRAM                    nvFARRAM     000000
__Lnvbit                       nvbit        000000
__Lnvrram                      nvrram       000000
__Lparam                       rparam       000000
__Lpowerup                     powerup      000034
__Lram                         ram          000000
__Lramtop                      ramtop       000E00
__Lrbit                        rbit         000000
__Lrbss                        rbss         000000
__Lrdata                       rdata        000000
__Lreset_vec                   reset_vec    000000
__Lrparam                      rparam       000000
__Lsfr                         sfr          000000
__Lsmallconst                  smallconst   000E00
__Lspace_0                     (abs)        000000
__Lspace_1                     (abs)        000000
__Lspace_2                     (abs)        000000
__Lspace_4                     (abs)        000000
__Lstack                       stack        000000
__Lstruct                      struct       000000
__Ltemp                        temp         00005F
__Ltext                        text         000000
__Ltext0                       text0        000000
__Ltext1                       text1        000000
__Ltext10                      text10       000000
__Ltext11                      text11       000000
__Ltext12                      text12       000000
__Ltext13                      text13       000000
__Ltext14                      text14       000000
__Ltext15                      text15       000000
__Ltext16                      text16       000000
__Ltext17                      text17       000000
__Ltext18                      text18       000000
__Ltext19                      text19       000000
__Ltext2                       text2        000000
__Ltext20                      text20       000000
__Ltext21                      text21       000000
__Ltext22                      text22       000000
__Ltext23                      text23       000000
__Ltext24                      text24       000000
__Ltext25                      text25       000000
__Ltext26                      text26       000000
__Ltext27                      text27       000000
__Ltext28                      text28       000000
__Ltext29                      text29       000000
__Ltext3                       text3        000000
__Ltext30                      text30       000000
__Ltext31                      text31       000000
__Ltext32                      text32       000000
__Ltext33                      text33       000000
__Ltext34                      text34       000000
__Ltext35                      text35       000000
__Ltext36                      text36       000000
__Ltext37                      text37       000000
__Ltext38                      text38       000000
__Ltext39                      text39       000000
__Ltext4                       text4        000000
__Ltext40                      text40       000000
__Ltext41                      text41       000000
__Ltext42                      text42       000000
__Ltext43                      text43       000000
__Ltext44                      text44       000000
__Ltext45                      text45       000000
__Ltext46                      text46       000000
__Ltext47                      text47       000000
__Ltext48                      text48       000000
__Ltext49                      text49       000000
__Ltext5                       text5        000000
__Ltext50                      text50       000000
__Ltext51                      text51       000000
__Ltext52                      text52       000000
__Ltext53                      text53       000000
__Ltext54                      text54       000000
__Ltext55                      text55       000000
__Ltext56                      text56       000000
__Ltext57                      text57       000000
__Ltext58                      text58       000000
__Ltext59                      text59       000000
__Ltext6                       text6        000000
__Ltext60                      text60       000000
__Ltext61                      text61       000000
__Ltext62                      text62       000000
__Ltext63                      text63       000000
__Ltext64                      text64       000000
__Ltext65                      text65       000000
__Ltext66                      text66       000000
__Ltext67                      text67       000000
__Ltext68                      text68       000000
__Ltext69                      text69       000000
__Ltext7                       text7        000000
__Ltext70                      text70       000000
__Ltext71                      text71       000000
__Ltext72                      text72       000000
__Ltext73                      text73       000000
__Ltext74                      text74       000000
__Ltext75                      text75       000000
__Ltext76                      text76       000000
__Ltext77                      text77       000000
__Ltext78                      text78       000000
__Ltext79                      text79       000000
__Ltext8                       text8        000000
__Ltext80                      text80       000000
__Ltext81                      text81       000000
__Ltext82                      text82       000000
__Ltext83                      text83       000000
__Ltext84                      text84       000000
__Ltext85                      text85       000000
__Ltext86                      text86       000000
__Ltext9                       text9        000000
__S0                           (abs)        006268
__S1                           (abs)        0002F0
__S4                           (abs)        000000
__S5                           (abs)        000000
___aodiv                       text20       0044F6
___aodiv@counter               cstackCOMRAM 000011
___aodiv@dividend              cstackCOMRAM 000001
___aodiv@divisor               cstackCOMRAM 000009
___aodiv@quotient              cstackCOMRAM 000013
___aodiv@sign                  cstackCOMRAM 000012
___aomod                       text19       0047EA
___aomod@counter               cstackCOMRAM 000011
___aomod@dividend              cstackCOMRAM 000001
___aomod@divisor               cstackCOMRAM 000009
___aomod@sign                  cstackCOMRAM 000012
___fladd                       text81       00222C
___fladd@a                     cstackCOMRAM 000005
___fladd@aexp                  cstackCOMRAM 00000E
___fladd@b                     cstackCOMRAM 000001
___fladd@bexp                  cstackCOMRAM 00000F
___fladd@grs                   cstackCOMRAM 000010
___fladd@signs                 cstackCOMRAM 00000D
___fldiv                       text85       002B16
___fldiv@a                     cstackCOMRAM 000036
___fldiv@aexp                  cstackCOMRAM 00004A
___fldiv@b                     cstackCOMRAM 000032
___fldiv@bexp                  cstackCOMRAM 000049
___fldiv@grs                   cstackCOMRAM 000045
___fldiv@new_exp               cstackCOMRAM 000043
___fldiv@rem                   cstackCOMRAM 00003E
___fldiv@sign                  cstackCOMRAM 000042
___fleq                        text84       004F36
___fleq@ff1                    cstackCOMRAM 000032
___fleq@ff2                    cstackCOMRAM 000036
___flge                        text83       004A54
___flge@ff1                    cstackCOMRAM 00002A
___flge@ff2                    cstackCOMRAM 00002E
___flmul                       text82       0026EC
___flmul@a                     cstackCOMRAM 000015
___flmul@aexp                  cstackCOMRAM 000022
___flmul@b                     cstackCOMRAM 000011
___flmul@bexp                  cstackCOMRAM 000023
___flmul@grs                   cstackCOMRAM 00001E
___flmul@prod                  cstackCOMRAM 000024
___flmul@sign                  cstackCOMRAM 00001D
___flmul@temp                  cstackCOMRAM 000028
___flneg                       text12       006030
___flneg@f1                    cstackCOMRAM 000001
___flsub                       text80       005E64
___flsub@a                     cstackCOMRAM 00002E
___flsub@b                     cstackCOMRAM 00002A
___fltol                       text11       00494E
___fltol@exp1                  cstackCOMRAM 00000A
___fltol@f1                    cstackCOMRAM 000001
___fltol@sign1                 cstackCOMRAM 000009
___fpclassifyf                 text10       004B58
___fpclassifyf@F465            bssBANK0     0000E3
___fpclassifyf@e               cstackCOMRAM 000009
___fpclassifyf@u               cstackCOMRAM 00000B
___fpclassifyf@x               cstackCOMRAM 000001
___heap_hi                     (abs)        000000
___heap_lo                     (abs)        000000
___inthi_sp                    stack        000000
___intlo_sp                    stack        000000
___lwdiv                       text77       005452
___lwdiv@counter               cstackCOMRAM 00000D
___lwdiv@dividend              cstackCOMRAM 000007
___lwdiv@divisor               cstackCOMRAM 000009
___lwdiv@quotient              cstackCOMRAM 00000B
___param_bank                  (abs)        000000
___rparam_used                 (abs)        000001
___sp                          stack        000000
___wmul                        text76       00617E
___wmul@multiplicand           cstackCOMRAM 000003
___wmul@multiplier             cstackCOMRAM 000001
___wmul@product                cstackCOMRAM 000005
___xxtofl                      text79       004196
___xxtofl@arg                  cstackCOMRAM 00000B
___xxtofl@exp                  cstackCOMRAM 00000A
___xxtofl@sign                 cstackCOMRAM 000009
___xxtofl@val                  cstackCOMRAM 000001
__accesstop                    (abs)        000060
__activetblptr                 (abs)        000003
__end_of_Backhalfblock         text47       0057EA
__end_of_BlueMove              text46       005452
__end_of_Buttons_init          text86       00623E
__end_of_Colour_decider        text78       00222C
__end_of_ForwardOneBlock       text41       0058F6
__end_of_Forwardhalfblock      text72       00589E
__end_of_GreenMove             text45       006030
__end_of_HighISR               intcode      000034
__end_of_I2C_2_Master_Idle     text67       006158
__end_of_I2C_2_Master_Init     text68       006130
__end_of_I2C_2_Master_Read     text29       005F74
__end_of_I2C_2_Master_RepStart text28       006248
__end_of_I2C_2_Master_Start    text66       00625C
__end_of_I2C_2_Master_Stop     text65       006252
__end_of_I2C_2_Master_Write    text64       006226
__end_of_Interrupts_init       text71       006232
__end_of_LED_init              text70       00617E
__end_of_LightBlueMove         text55       0056D0
__end_of_OrangeMove            text52       00566A
__end_of_PinkMove              text50       005B96
__end_of_RedMove               text44       005FF2
__end_of_RetryMove             text49       00559E
__end_of_ReverseLightBlueMove  text43       005AF2
__end_of_ReverseOrangeMove     text42       005AA0
__end_of_ReversePink           text40       004E8C
__end_of_ReverseYellow         text39       004DD6
__end_of_Timer0_init           text69       0061E4
__end_of_TurnDelay             text58       0060D6
__end_of_YellowMove            text48       005B44
__end_of___aodiv               text20       00467E
__end_of___aomod               text19       00494E
__end_of___fladd               text81       0026EC
__end_of___fldiv               text85       002EB0
__end_of___fleq                text84       004FE0
__end_of___flge                text83       004B58
__end_of___flmul               text82       002B16
__end_of___flneg               text12       006068
__end_of___flsub               text80       005EAA
__end_of___fltol               text11       004A54
__end_of___fpclassifyf         text10       004C56
__end_of___lwdiv               text77       0054C6
__end_of___wmul                text76       0061A4
__end_of___xxtofl              text79       00434A
__end_of__initialization       cinit        00552A
__end_of_abs                   text18       005FB4
__end_of_color_click_init      text62       005BE8
__end_of_color_read_Blue       text27       005D78
__end_of_color_read_Green      text26       005D28
__end_of_color_read_Red        text25       005CD8
__end_of_color_read_lum        text24       005C88
__end_of_color_writetoaddr     text63       0061C4
__end_of_colour_move           text34       003F84
__end_of_colour_rel            text33       0031DE
__end_of_delayed_ms            text37       0060A0
__end_of_dtoa                  text13       003D0C
__end_of_efgtoa                text5        001838
__end_of_floorf                text9        004196
__end_of_fputc                 text16       004D20
__end_of_fputs                 text15       005F32
__end_of_fullSpeedAhead        text74       005258
__end_of_fullSpeedBack         text60       0051BA
__end_of_getTMR0val            text32       005732
__end_of_go_Home               text35       0037C4
__end_of_homeReverse           text38       005DC8
__end_of_initDCmotorsPWM       text31       0052E0
__end_of_initUSART4            text30       006202
__end_of_labs                  text8        005604
__end_of_main                  text0        003A8E
__end_of_memcpy                text7        005C38
__end_of_pad                   text14       0053D8
__end_of_putch                 text17       006268
__end_of_quaterForward         text61       0059A6
__end_of_readColours           text23       005790
__end_of_reverseDetect         text59       005844
__end_of_reverseOneBlock       text51       00594E
__end_of_sendCharSerial4       text22       00621A
__end_of_sendStringSerial4     text21       006106
__end_of_setMotorPWM           text75       0047EA
__end_of_sprintf               text2        005A4E
__end_of_stop                  text73       00535E
__end_of_strcpy                text6        005EEE
__end_of_timed_forward         text36       004F36
__end_of_turnCalibration       text1        0044F6
__end_of_turnLeft              text57       00511C
__end_of_turnLeft45            text56       005E64
__end_of_turnRight             text54       00507E
__end_of_turnRight45           text53       005E16
__end_of_vfpfcnvrt             text4        0034E4
__end_of_vfprintf              text3        0059FC
__initialization               cinit        0054C6
__mediumconst                  mediumconst  000000
__pbssBANK0                    bssBANK0     0000D3
__pbssBANK1                    bssBANK1     000100
__pbssBANK2                    bssBANK2     000200
__pcinit                       cinit        0054C6
__pcstackBANK0                 cstackBANK0  000060
__pcstackBANK1                 cstackBANK1  000172
__pcstackCOMRAM                cstackCOMRAM 000001
__pdataBANK0                   dataBANK0    0000F2
__pdataBANK1                   dataBANK1    0001D8
__pidataBANK0                  idataBANK0   00625C
__pidataBANK1                  idataBANK1   006262
__pintcode                     intcode      000008
__psmallconst                  smallconst   000E00
__ptext0                       text0        0037C4
__ptext1                       text1        00434A
__ptext10                      text10       004B58
__ptext11                      text11       00494E
__ptext12                      text12       006030
__ptext13                      text13       003A8E
__ptext14                      text14       00535E
__ptext15                      text15       005EEE
__ptext16                      text16       004C56
__ptext17                      text17       006266
__ptext18                      text18       005F74
__ptext19                      text19       0047EA
__ptext2                       text2        0059FC
__ptext20                      text20       0044F6
__ptext21                      text21       0060D6
__ptext22                      text22       006202
__ptext23                      text23       005732
__ptext24                      text24       005C38
__ptext25                      text25       005C88
__ptext26                      text26       005CD8
__ptext27                      text27       005D28
__ptext28                      text28       00623E
__ptext29                      text29       005F32
__ptext3                       text3        0059A6
__ptext30                      text30       0061E4
__ptext31                      text31       005258
__ptext32                      text32       0056D0
__ptext33                      text33       002EB0
__ptext34                      text34       003D0C
__ptext35                      text35       0034E4
__ptext36                      text36       004E8C
__ptext37                      text37       006068
__ptext38                      text38       005D78
__ptext39                      text39       004D20
__ptext4                       text4        0031DE
__ptext40                      text40       004DD6
__ptext41                      text41       00589E
__ptext42                      text42       005A4E
__ptext43                      text43       005AA0
__ptext44                      text44       005FB4
__ptext45                      text45       005FF2
__ptext46                      text46       0053D8
__ptext47                      text47       005790
__ptext48                      text48       005AF2
__ptext49                      text49       005534
__ptext5                       text5        000E3E
__ptext50                      text50       005B44
__ptext51                      text51       0058F6
__ptext52                      text52       005604
__ptext53                      text53       005DC8
__ptext54                      text54       004FE0
__ptext55                      text55       00566A
__ptext56                      text56       005E16
__ptext57                      text57       00507E
__ptext58                      text58       0060A0
__ptext59                      text59       0057EA
__ptext6                       text6        005EAA
__ptext60                      text60       00511C
__ptext61                      text61       00594E
__ptext62                      text62       005B96
__ptext63                      text63       0061A4
__ptext64                      text64       00621A
__ptext65                      text65       006248
__ptext66                      text66       006252
__ptext67                      text67       006130
__ptext68                      text68       006106
__ptext69                      text69       0061C4
__ptext7                       text7        005BE8
__ptext70                      text70       006158
__ptext71                      text71       006226
__ptext72                      text72       005844
__ptext73                      text73       0052E0
__ptext74                      text74       0051BA
__ptext75                      text75       00467E
__ptext76                      text76       00617E
__ptext77                      text77       005452
__ptext78                      text78       001838
__ptext79                      text79       004196
__ptext8                       text8        00559E
__ptext80                      text80       005E64
__ptext81                      text81       00222C
__ptext82                      text82       0026EC
__ptext83                      text83       004A54
__ptext84                      text84       004F36
__ptext85                      text85       002B16
__ptext86                      text86       006232
__ptext9                       text9        003F84
__ramtop                       ramtop       000E00
__smallconst                   smallconst   000E00
_abs                           text18       005F74
_color_click_init              text62       005B96
_color_read_Blue               text27       005D28
_color_read_Green              text26       005CD8
_color_read_Red                text25       005C88
_color_read_lum                text24       005C38
_color_writetoaddr             text63       0061A4
_colour_move                   text34       003D0C
_colour_rel                    text33       002EB0
_colour_rel$3278               cstackBANK0  000064
_colour_rel$3279               cstackBANK0  000068
_consecuitive                  bssBANK1     000116
_dbuf                          bssBANK2     0002A0
_delayed_ms                    text37       006068
_dtoa                          text13       003A8E
_dtoa$2871                     cstackCOMRAM 00002E
_efgtoa                        text5        000E3E
_efgtoa$2902                   cstackBANK0  00006F
_flags                         bssBANK0     0000ED
_floorf                        text9        003F84
_fputc                         text16       004C56
_fputs                         text15       005EEE
_fullSpeedAhead                text74       0051BA
_fullSpeedBack                 text60       00511C
_getTMR0val                    text32       0056D0
_go_Home                       text35       0034E4
_homeReverse                   text38       005D78
_initDCmotorsPWM               text31       005258
_initUSART4                    text30       0061E4
_labs                          text8        00559E
_lost_count                    bssBANK0     0000EB
_lost_flag                     bssBANK1     000114
_main                          text0        0037C4
_memcpy                        text7        005BE8
_motorL                        bssBANK1     000161
_motorR                        bssBANK1     000158
_move_count                    dataBANK1    0001DA
_pad                           text14       00535E
_power                         dataBANK0    0000F6
_prec                          bssBANK0     0000E9
_prev_colour                   bssBANK1     000118
_putch                         text17       006266
_quaterForward                 text61       00594E
_readColours                   text23       005732
_rel                           bssBANK1     00014C
_reverseDetect                 text59       0057EA
_reverseOneBlock               text51       0058F6
_run_flag                      dataBANK1    0001D8
_sendCharSerial4               text22       006202
_sendStringSerial4             text21       0060D6
_setMotorPWM                   text75       00467E
_sprintf                       text2        0059FC
_stop                          text73       0052E0
_strcpy                        text6        005EAA
_timed_forward                 text36       004E8C
_turnCalibration               text1        00434A
_turnLeft                      text57       00507E
_turnLeft45                    text56       005E16
_turnRight                     text54       004FE0
_turnRight45                   text53       005DC8
_vals                          bssBANK1     00016A
_vfpfcnvrt                     text4        0031DE
_vfprintf                      text3        0059A6
_width                         bssBANK0     0000E7
abs@a                          cstackCOMRAM 000013
btemp                          temp         00005F
color_read_Blue@tmp            cstackCOMRAM 00000A
color_read_Green@tmp           cstackCOMRAM 00000A
color_read_Red@tmp             cstackCOMRAM 00000A
color_read_lum@tmp             cstackCOMRAM 00000A
color_writetoaddr@address      cstackCOMRAM 000004
color_writetoaddr@value        cstackCOMRAM 000003
colour_move@recognized_colour  cstackCOMRAM 00002D
colour_rel@B                   cstackBANK0  000074
colour_rel@G                   cstackBANK0  000070
colour_rel@L                   cstackBANK0  000060
colour_rel@R                   cstackBANK0  00006C
colour_rel@rel                 cstackCOMRAM 00004D
colour_rel@vals                cstackCOMRAM 00004B
delayed_ms@i                   cstackCOMRAM 000004
delayed_ms@time                cstackCOMRAM 000001
dtoa@d                         cstackCOMRAM 00001E
dtoa@fp                        cstackCOMRAM 00001C
dtoa@i                         cstackCOMRAM 00003C
dtoa@n                         cstackCOMRAM 000034
dtoa@p                         cstackCOMRAM 000030
dtoa@s                         cstackCOMRAM 00003E
dtoa@w                         cstackCOMRAM 000032
efgtoa@c                       cstackBANK0  000066
efgtoa@d                       cstackBANK0  000074
efgtoa@e                       cstackBANK0  000078
efgtoa@f                       cstackBANK0  000062
efgtoa@fp                      cstackBANK0  000060
efgtoa@g                       cstackBANK0  00008D
efgtoa@h                       cstackBANK0  000082
efgtoa@i                       cstackBANK0  000080
efgtoa@l                       cstackBANK0  000086
efgtoa@m                       cstackBANK0  000076
efgtoa@mode                    cstackBANK0  000072
efgtoa@n                       cstackBANK0  00008B
efgtoa@ne                      cstackBANK0  000069
efgtoa@nmode                   cstackBANK0  000073
efgtoa@ou                      cstackBANK0  00007C
efgtoa@p                       cstackBANK0  00006B
efgtoa@pp                      cstackBANK0  000071
efgtoa@sign                    cstackBANK0  00008A
efgtoa@t                       cstackBANK0  00006D
efgtoa@u                       cstackBANK0  000091
efgtoa@w                       cstackBANK0  00007A
end_of_initialization          cinit        00552A
floorf@F526                    bssBANK0     0000DF
floorf@e                       cstackCOMRAM 000059
floorf@m                       cstackCOMRAM 000055
floorf@u                       cstackCOMRAM 00005B
floorf@x                       cstackCOMRAM 00004B
fputc@c                        cstackCOMRAM 000001
fputc@fp                       cstackCOMRAM 000003
fputs@c                        cstackCOMRAM 00000E
fputs@fp                       cstackCOMRAM 00000C
fputs@i                        cstackCOMRAM 00000F
fputs@s                        cstackCOMRAM 00000A
fullSpeedAhead@mL              cstackCOMRAM 000014
fullSpeedAhead@mR              cstackCOMRAM 000016
fullSpeedBack@mL               cstackCOMRAM 000014
fullSpeedBack@mR               cstackCOMRAM 000016
getTMR0val@moving              cstackCOMRAM 000005
getTMR0val@temp                cstackCOMRAM 000003
go_Home@Time_forward           cstackCOMRAM 000026
go_Home@WayBack                cstackCOMRAM 000024
go_Home@i                      cstackCOMRAM 00002B
homeReverse@mL                 cstackCOMRAM 00001A
homeReverse@mR                 cstackCOMRAM 00001C
initDCmotorsPWM@PWMperiod      cstackCOMRAM 000001
int$flags                      temp         00005F
intlevel0                      text         000000
intlevel1                      text         000000
intlevel2                      text         000000
intlevel3                      text         000000
isa$std                        (abs)        000001
isa$xinst                      (abs)        000000
labs@a                         cstackCOMRAM 000001
main@buf                       cstackBANK1  000172
main@colour                    cstackBANK1  0001D6
memcpy@d                       cstackCOMRAM 000007
memcpy@d1                      cstackCOMRAM 000001
memcpy@n                       cstackCOMRAM 000005
memcpy@s                       cstackCOMRAM 000009
memcpy@s1                      cstackCOMRAM 000003
memcpy@tmp                     cstackCOMRAM 00000B
pad@buf                        cstackCOMRAM 000013
pad@fp                         cstackCOMRAM 000011
pad@i                          cstackCOMRAM 000018
pad@p                          cstackCOMRAM 000015
pad@w                          cstackCOMRAM 00001A
quaterForward@mL               cstackCOMRAM 00001A
quaterForward@mR               cstackCOMRAM 00001C
readColours@vals               cstackCOMRAM 00000C
reverseDetect@mL               cstackCOMRAM 00001A
reverseDetect@mR               cstackCOMRAM 00001C
reverseOneBlock@mL             cstackCOMRAM 00001A
reverseOneBlock@mR             cstackCOMRAM 00001C
sendCharSerial4@charToSend     cstackCOMRAM 000001
sendStringSerial4@string       cstackCOMRAM 000002
setMotorPWM@m                  cstackCOMRAM 00000E
setMotorPWM@negDuty            cstackCOMRAM 000013
setMotorPWM@posDuty            cstackCOMRAM 000012
sprintf@ap                     cstackBANK0  0000C4
sprintf@f                      cstackBANK0  0000C6
sprintf@fmt                    cstackBANK0  0000B2
sprintf@s                      cstackBANK0  0000B0
stackhi                        (abs)        000000
stacklo                        (abs)        000000
start                          init         000034
start_initialization           cinit        0054C6
stop@mL                        cstackCOMRAM 000014
stop@mR                        cstackCOMRAM 000016
strcpy@d                       cstackCOMRAM 000007
strcpy@dest                    cstackCOMRAM 000001
strcpy@s                       cstackCOMRAM 000005
strcpy@src                     cstackCOMRAM 000003
timed_forward@mL               cstackCOMRAM 000014
timed_forward@mR               cstackCOMRAM 000016
timed_forward@time             cstackCOMRAM 000018
ttemp5                         temp         000060
ttemp6                         temp         000063
ttemp7                         temp         000067
turnCalibration@mL             cstackCOMRAM 000020
turnCalibration@mR             cstackCOMRAM 000022
turnLeft45@mL                  cstackCOMRAM 00001A
turnLeft45@mR                  cstackCOMRAM 00001C
turnLeft@mL                    cstackCOMRAM 000014
turnLeft@mR                    cstackCOMRAM 000016
turnRight45@mL                 cstackCOMRAM 00001A
turnRight45@mR                 cstackCOMRAM 00001C
turnRight@mL                   cstackCOMRAM 000014
turnRight@mR                   cstackCOMRAM 000016
vfpfcnvrt@ap                   cstackBANK0  000099
vfpfcnvrt@c                    cstackBANK0  0000A5
vfpfcnvrt@convarg              cstackBANK0  00009D
vfpfcnvrt@cp                   cstackBANK0  0000A6
vfpfcnvrt@fmt                  cstackBANK0  000097
vfpfcnvrt@fp                   cstackBANK0  000095
vfprintf@ap                    cstackBANK0  0000AC
vfprintf@cfmt                  cstackBANK0  0000AE
vfprintf@fmt                   cstackBANK0  0000AA
vfprintf@fp                    cstackBANK0  0000A8
wtemp8                         temp         000060


MODULE INFORMATION

Module		Function		Class		Link	Load	Size
C:\Program Files\Microchip\xc8\v2.40\pic\sources\c99\common\sprcmul.c
		___flmul       		CODE           	26EC	0000	1066

C:\Program Files\Microchip\xc8\v2.40\pic\sources\c99\common\sprcmul.c estimated size: 1066

C:\Program Files\Microchip\xc8\v2.40\pic\sources\c99\common\nf_fputc.c
		_fputc         		CODE           	4C56	0000	202

C:\Program Files\Microchip\xc8\v2.40\pic\sources\c99\common\nf_fputc.c estimated size: 202

serial.c
		_sendStringSerial4		CODE           	60D6	0000	48
		_sendCharSerial4		CODE           	6202	0000	24
		_initUSART4    		CODE           	61E4	0000	30

serial.c estimated size: 102

timers.c
		_getTMR0val    		CODE           	56D0	0000	98
		_Timer0_init   		CODE           	61C4	0000	32
		_delayed_ms    		CODE           	6068	0000	56

timers.c estimated size: 186

C:\Program Files\Microchip\xc8\v2.40\pic\sources\c99\common\sprcdiv.c
		___fldiv       		CODE           	2B16	0000	922

C:\Program Files\Microchip\xc8\v2.40\pic\sources\c99\common\sprcdiv.c estimated size: 922

C:\Program Files\Microchip\xc8\v2.40\pic\sources\c99\common\nf_sprintf.c
		_sprintf       		CODE           	59FC	0000	82

C:\Program Files\Microchip\xc8\v2.40\pic\sources\c99\common\nf_sprintf.c estimated size: 82

C:\Program Files\Microchip\xc8\v2.40\pic\sources\c99\common\lwdiv.c
		___lwdiv       		CODE           	5452	0000	116

C:\Program Files\Microchip\xc8\v2.40\pic\sources\c99\common\lwdiv.c estimated size: 116

C:\Program Files\Microchip\xc8\v2.40\pic\sources\c99\common\memcpy.c
		_memcpy        		CODE           	5BE8	0000	80

C:\Program Files\Microchip\xc8\v2.40\pic\sources\c99\common\memcpy.c estimated size: 80

color.c
		_color_writetoaddr		CODE           	61A4	0000	32
		_readColours   		CODE           	5732	0000	94
		_color_click_init		CODE           	5B96	0000	82
		_Colour_decider		CODE           	1838	0000	2548
		_colour_rel    		CODE           	2EB0	0000	814
		_color_read_Green		CODE           	5CD8	0000	80
		_color_read_Red		CODE           	5C88	0000	80
		_color_read_lum		CODE           	5C38	0000	80
		_color_read_Blue		CODE           	5D28	0000	80

color.c estimated size: 3890

C:\Program Files\Microchip\xc8\v2.40\pic\sources\c99\common\fltol.c
		___fltol       		CODE           	494E	0000	262

C:\Program Files\Microchip\xc8\v2.40\pic\sources\c99\common\fltol.c estimated size: 262

C:\Program Files\Microchip\xc8\v2.40\pic\sources\c99\common\Umul16.c
		___wmul        		CODE           	617E	0000	38

C:\Program Files\Microchip\xc8\v2.40\pic\sources\c99\common\Umul16.c estimated size: 38

C:\Program Files\Microchip\xc8\v2.40\pic\sources\c99\common\fleq.c
		___fleq        		CODE           	4F36	0000	170

C:\Program Files\Microchip\xc8\v2.40\pic\sources\c99\common\fleq.c estimated size: 170

dc_motor.c
		_homeReverse   		CODE           	5D78	0000	80
		_Backhalfblock 		CODE           	5790	0000	90
		_reverseDetect 		CODE           	57EA	0000	90
		_fullSpeedBack 		CODE           	511C	0000	158
		_GreenMove     		CODE           	5FF2	0000	62
		_timed_forward 		CODE           	4E8C	0000	170
		_YellowMove    		CODE           	5AF2	0000	82
		_fullSpeedAhead		CODE           	51BA	0000	158
		_Forwardhalfblock		CODE           	5844	0000	90
		_turnLeft      		CODE           	507E	0000	158
		_turnLeft45    		CODE           	5E16	0000	78
		_stop          		CODE           	52E0	0000	126
		_RedMove       		CODE           	5FB4	0000	62
		_initDCmotorsPWM		CODE           	5258	0000	136
		_turnRight     		CODE           	4FE0	0000	158
		_turnRight45   		CODE           	5DC8	0000	78
		_BlueMove      		CODE           	53D8	0000	122
		_reverseOneBlock		CODE           	58F6	0000	88
		_OrangeMove    		CODE           	5604	0000	102
		_setMotorPWM   		CODE           	467E	0000	364
		_ReversePink   		CODE           	4DD6	0000	182
		_RetryMove     		CODE           	5534	0000	106
		_TurnDelay     		CODE           	60A0	0000	54
		_ForwardOneBlock		CODE           	589E	0000	88
		_LightBlueMove 		CODE           	566A	0000	102
		_ReverseLightBlueMove		CODE           	5AA0	0000	82
		_ReverseYellow 		CODE           	4D20	0000	182
		_PinkMove      		CODE           	5B44	0000	82
		_ReverseOrangeMove		CODE           	5A4E	0000	82
		_quaterForward 		CODE           	594E	0000	88
		_turnCalibration		CODE           	434A	0000	428

dc_motor.c estimated size: 3928

interrupts.c
		_Interrupts_init		CODE           	6226	0000	12
		_HighISR       		CODE           	0008	0000	44

interrupts.c estimated size: 56

LED_buttons.c
		_Buttons_init  		CODE           	6232	0000	12
		_LED_init      		CODE           	6158	0000	38

LED_buttons.c estimated size: 50

C:\Program Files\Microchip\xc8\v2.40\pic\sources\c99\common\abs.c
		_abs           		CODE           	5F74	0000	64

C:\Program Files\Microchip\xc8\v2.40\pic\sources\c99\common\abs.c estimated size: 64

Memory.c
		_go_Home       		CODE           	34E4	0000	736

Memory.c estimated size: 736

i2c.c
		_I2C_2_Master_Start		CODE           	6252	0000	10
		_I2C_2_Master_Read		CODE           	5F32	0000	66
		_I2C_2_Master_Idle		CODE           	6130	0000	40
		_I2C_2_Master_Init		CODE           	6106	0000	42
		_I2C_2_Master_Stop		CODE           	6248	0000	10
		_I2C_2_Master_RepStart		CODE           	623E	0000	10
		_I2C_2_Master_Write		CODE           	621A	0000	12

i2c.c estimated size: 190

C:\Program Files\Microchip\xc8\v2.40\pic\sources\c99\common\__fpclassifyf.c
		___fpclassifyf 		CODE           	4B58	0000	254

C:\Program Files\Microchip\xc8\v2.40\pic\sources\c99\common\__fpclassifyf.c estimated size: 254

C:\Program Files\Microchip\xc8\v2.40\pic\sources\c99\common\sprcadd.c
		___flsub       		CODE           	5E64	0000	70
		___fladd       		CODE           	222C	0000	1216

C:\Program Files\Microchip\xc8\v2.40\pic\sources\c99\common\sprcadd.c estimated size: 1286

C:\Program Files\Microchip\xc8\v2.40\pic\sources\c99\common\floorf.c
		_floorf        		CODE           	3F84	0000	530

C:\Program Files\Microchip\xc8\v2.40\pic\sources\c99\common\floorf.c estimated size: 530

C:\Program Files\Microchip\xc8\v2.40\pic\sources\c99\common\flneg.c
		___flneg       		CODE           	6030	0000	56

C:\Program Files\Microchip\xc8\v2.40\pic\sources\c99\common\flneg.c estimated size: 56

C:\Program Files\Microchip\xc8\v2.40\pic\sources\c99\common\labs.c
		_labs          		CODE           	559E	0000	102

C:\Program Files\Microchip\xc8\v2.40\pic\sources\c99\common\labs.c estimated size: 102

C:\Program Files\Microchip\xc8\v2.40\pic\sources\c99\common\xxtofl.c
		___xxtofl      		CODE           	4196	0000	436

C:\Program Files\Microchip\xc8\v2.40\pic\sources\c99\common\xxtofl.c estimated size: 436

C:\Program Files\Microchip\xc8\v2.40\pic\sources\c99\common\nf_fputs.c
		_fputs         		CODE           	5EEE	0000	68

C:\Program Files\Microchip\xc8\v2.40\pic\sources\c99\common\nf_fputs.c estimated size: 68

colour_move.c
		_colour_move   		CODE           	3D0C	0000	632

colour_move.c estimated size: 632

C:\Program Files\Microchip\xc8\v2.40\pic\sources\c99\common\aomod.c
		___aomod       		CODE           	47EA	0000	356

C:\Program Files\Microchip\xc8\v2.40\pic\sources\c99\common\aomod.c estimated size: 356

shared
		__initialization		CODE           	54C6	0000	100

shared estimated size: 100

C:\Program Files\Microchip\xc8\v2.40\pic\sources\c99\common\strcpy.c
		_strcpy        		CODE           	5EAA	0000	68

C:\Program Files\Microchip\xc8\v2.40\pic\sources\c99\common\strcpy.c estimated size: 68

C:\Program Files\Microchip\xc8\v2.40\pic\sources\c99\common\flge.c
		___flge        		CODE           	4A54	0000	260

C:\Program Files\Microchip\xc8\v2.40\pic\sources\c99\common\flge.c estimated size: 260

C:\Program Files\Microchip\xc8\v2.40\pic\sources\c99\common\putch.c
		_putch         		CODE           	6266	0000	2

C:\Program Files\Microchip\xc8\v2.40\pic\sources\c99\common\putch.c estimated size: 2

C:\Program Files\Microchip\xc8\v2.40\pic\sources\c99\common\doprnt.c
		_vfpfcnvrt     		CODE           	31DE	0000	774
		_efgtoa        		CODE           	0E3E	0000	2554
		_pad           		CODE           	535E	0000	122
		_dtoa          		CODE           	3A8E	0000	638
		_vfprintf      		CODE           	59A6	0000	86

C:\Program Files\Microchip\xc8\v2.40\pic\sources\c99\common\doprnt.c estimated size: 4174

main.c
		_main          		CODE           	37C4	0000	714

main.c estimated size: 714

C:\Program Files\Microchip\xc8\v2.40\pic\sources\c99\common\aodiv.c
		___aodiv       		CODE           	44F6	0000	392

C:\Program Files\Microchip\xc8\v2.40\pic\sources\c99\common\aodiv.c estimated size: 392

