Microchip MPLAB XC8 Compiler V2.40

Linker command line:

-W-3 \
  --edf=C:\Program Files\Microchip\xc8\v2.40\pic\dat\20220703182018_en.msgs \
  -cn \
  -h+dist/default/production\final-project-josh-and-edward.X.production.sym \
  --cmf=dist/default/production\final-project-josh-and-edward.X.production.cmf \
  -z -Q18F67K40 -oC:\Users\jford\AppData\Local\Temp\xcAsfvs.4 \
  --defsym=__MPLAB_BUILD=1 --fixupoverflow=error \
  -Mdist/default/production/final-project-josh-and-edward.X.production.map \
  --md=C:\Users\jford\AppData\Local\Temp\xcAsfvs.dat -E1 -ver=XC8 Compiler \
  --acfsm=1493 -ACODE=00h-01FFFFh -ACONST=00h-01FFFFh \
  -ASMALLCONST=0E00h-0EFFhx498 -AMEDIUMCONST=0E00h-0FFFFh,010E00h-01FFFFh \
  -ACOMRAM=01h-05Fh -AABS1=00h-0DE9h -ABIGRAM=01h-0DE9h \
  -ARAM=060h-0FFh,0100h-01FFhx12,0D00h-0DE9h -ABANK0=060h-0FFh \
  -ABANK1=0100h-01FFh -ABANK2=0200h-02FFh -ABANK3=0300h-03FFh \
  -ABANK4=0400h-04FFh -ABANK5=0500h-05FFh -ABANK6=0600h-06FFh \
  -ABANK7=0700h-07FFh -ABANK8=0800h-08FFh -ABANK9=0900h-09FFh \
  -ABANK10=0A00h-0AFFh -ABANK11=0B00h-0BFFh -ABANK12=0C00h-0CFFh \
  -ABANK13=0D00h-0DE9h \
  -ASFR=0DEFh-0DFFh,0E00h-0EFFh,0F00h-0F5Fh,0F60h-0FFFh \
  -ABIGSFR=0DEFh-0FFFh -ACONFIG=0300000h-030000Bh -AIDLOC=0200000h-020000Fh \
  -AEEDATA=0310000h-03103FFh -peeprom_data=EEDATA \
  -preset_vec=00h,intcode,intcodelo,powerup,init -pramtop=0E00h \
  -psmallconst=SMALLCONST -pmediumconst=MEDIUMCONST -pconst=CONST \
  -AFARRAM=00h-00h \
  -prdata=COMRAM,nvrram=COMRAM,nvbit=COMRAM,rbss=COMRAM,rbit=COMRAM \
  -pfarbss=FARRAM,fardata=FARRAM,nvFARRAM=FARRAM \
  -pintsave_regs=BIGRAM,bigbss=BIGRAM,bigdata=BIGRAM -pbss=RAM \
  -pidata=CODE,irdata=CODE,ibigdata=CODE,ifardata=CODE -prparam=COMRAM \
  C:\Users\jford\AppData\Local\Temp\xcAsfvs.o \
  dist/default/production\final-project-josh-and-edward.X.production.o 

Object code version is 3.11

Machine type is 18F67K40



                Name                               Link     Load   Length Selector   Space Scale
C:\Users\jford\AppData\Local\Temp\xcAsfvs.o
                idloc                            200000   200000       10        0       5
                config                           300000   300000        C        0       4
                init                                  0        0        4        0       0
dist/default/production\final-project-josh-and-edward.X.production.o
                idloc                            200000   200000       10        0       5
                config                           300000   300000        C        0       4
                smallconst                          E00      E00       5A      700       0
                text78                             3192     3192      39A      72D       0
                text77                             50A4     50A4       AA      72D       0
                text76                             4BC2     4BC2      104      72D       0
                text75                             2D68     2D68      42A      72D       0
                text74                             28A8     28A8      4C0      72D       0
                text73                             5D88     5D88       46      72D       0
                text72                             44B0     44B0      1B4      72D       0
                text71                              E5A      E5A      ADC      72D       0
                text70                             55C8     55C8       74      72D       0
                text69                             60A2     60A2       26      72D       0
                text68                             47EC     47EC      16C      72D       0
                text67                             5328     5328       9E      72D       0
                text66                             54D0     54D0       7E      72D       0
                text65                             5874     5874       5A      72D       0
                text64                             6172     6172        2     30B8       0
                text63                             528A     528A       9E      72D       0
                text62                             581A     581A       5A      72D       0
                text61                             57C0     57C0       5A      72D       0
                text60                             5FC4     5FC4       36      72D       0
                text59                             51EC     51EC       9E      72D       0
                text58                             5CEE     5CEE       4E      72D       0
                text57                             5ABE     5ABE       52      72D       0
                text56                             544E     544E       82      72D       0
                text55                             60E8     60E8       20      72D       0
                text54                             514E     514E       9E      72D       0
                text53                             5CA0     5CA0       4E      72D       0
                text52                             5A6C     5A6C       52      72D       0
                text51                             602A     602A       2A      72D       0
                text50                             6054     6054       28      72D       0
                text49                             615E     615E        A      72D       0
                text48                             6154     6154        A      72D       0
                text47                             613E     613E        C      72D       0
                text46                             60C8     60C8       20      72D       0
                text45                             5A1A     5A1A       52      72D       0
                text44                             352C     352C      32E      72D       0
                text43                             607C     607C       26      72D       0
                text42                             56A2     56A2       66      72D       0
                text41                             5F16     5F16       3E      72D       0
                text40                             59C8     59C8       52      72D       0
                text39                             5976     5976       52      72D       0
                text38                             5ED8     5ED8       3E      72D       0
                text37                             5766     5766       5A      72D       0
                text36                             4F44     4F44       B6      72D       0
                text35                             4E8E     4E8E       B6      72D       0
                text34                             5F8C     5F8C       38      72D       0
                text33                             4FFA     4FFA       AA      72D       0
                text32                             3B60     3B60      2E0      72D       0
                text31                             53C6     53C6       88      72D       0
                text30                             6108     6108       1E      72D       0
                text29                             5E56     5E56       42      72D       0
                text28                             614A     614A        A      72D       0
                text27                             5C50     5C50       50      72D       0
                text26                             5C00     5C00       50      72D       0
                text25                             5BB0     5BB0       50      72D       0
                text24                             5B60     5B60       50      72D       0
                text23                             5708     5708       5E      72D       0
                text22                             6126     6126       18      72D       0
                text21                             5FFA     5FFA       30      72D       0
                text20                             4664     4664      188      72D       0
                text19                             4958     4958      164      72D       0
                text18                             5E98     5E98       40      72D       0
                text17                             6170     6170        2     30B8       0
                text16                             4DC4     4DC4       CA      72D       0
                text15                             5E12     5E12       44      72D       0
                text14                             554E     554E       7A      72D       0
                text13                             3E40     3E40      27E      72D       0
                text12                             5F54     5F54       38      72D       0
                text11                             4ABC     4ABC      106      72D       0
                text10                             4CC6     4CC6       FE      72D       0
                text9                              40BE     40BE      212      72D       0
                text8                              563C     563C       66      72D       0
                text7                              5B10     5B10       50      72D       0
                text6                              5DCE     5DCE       44      72D       0
                text5                              1936     1936      9FA      72D       0
                text4                              385A     385A      306      72D       0
                text3                              58CE     58CE       56      72D       0
                text2                              5924     5924       52      72D       0
                text1                              42D0     42D0      1E0      72D       0
                text0                              2330     2330      578      72D       0
                cstackCOMRAM                          1        1       5E        1       1
                cstackBANK0                          60       60       73       60       1
                cstackBANK1                         100      100       6E      100       1
                bssBANK2                            200      200       F0      200       1
                bssBANK1                            16E      16E       68      100       1
                dataBANK0                            F9       F9        7       60       1
                bssBANK0                             D3       D3       26       60       1
                bssCOMRAM                            5F       5F        1        1       1
                cinit                              5D3C     5D3C       4C      72D       0
                idataBANK0                         6168     6168        7      72D       0

TOTAL           Name                               Link     Load   Length     Space
        CLASS   CODE           
                init                                  0        0        4         0
                text78                             3192     3192      39A         0
                text77                             50A4     50A4       AA         0
                text76                             4BC2     4BC2      104         0
                text75                             2D68     2D68      42A         0
                text74                             28A8     28A8      4C0         0
                text73                             5D88     5D88       46         0
                text72                             44B0     44B0      1B4         0
                text71                              E5A      E5A      ADC         0
                text70                             55C8     55C8       74         0
                text69                             60A2     60A2       26         0
                text68                             47EC     47EC      16C         0
                text67                             5328     5328       9E         0
                text66                             54D0     54D0       7E         0
                text65                             5874     5874       5A         0
                text64                             6172     6172        2         0
                text63                             528A     528A       9E         0
                text62                             581A     581A       5A         0
                text61                             57C0     57C0       5A         0
                text60                             5FC4     5FC4       36         0
                text59                             51EC     51EC       9E         0
                text58                             5CEE     5CEE       4E         0
                text57                             5ABE     5ABE       52         0
                text56                             544E     544E       82         0
                text55                             60E8     60E8       20         0
                text54                             514E     514E       9E         0
                text53                             5CA0     5CA0       4E         0
                text52                             5A6C     5A6C       52         0
                text51                             602A     602A       2A         0
                text50                             6054     6054       28         0
                text49                             615E     615E        A         0
                text48                             6154     6154        A         0
                text47                             613E     613E        C         0
                text46                             60C8     60C8       20         0
                text45                             5A1A     5A1A       52         0
                text44                             352C     352C      32E         0
                text43                             607C     607C       26         0
                text42                             56A2     56A2       66         0
                text41                             5F16     5F16       3E         0
                text40                             59C8     59C8       52         0
                text39                             5976     5976       52         0
                text38                             5ED8     5ED8       3E         0
                text37                             5766     5766       5A         0
                text36                             4F44     4F44       B6         0
                text35                             4E8E     4E8E       B6         0
                text34                             5F8C     5F8C       38         0
                text33                             4FFA     4FFA       AA         0
                text32                             3B60     3B60      2E0         0
                text31                             53C6     53C6       88         0
                text30                             6108     6108       1E         0
                text29                             5E56     5E56       42         0
                text28                             614A     614A        A         0
                text27                             5C50     5C50       50         0
                text26                             5C00     5C00       50         0
                text25                             5BB0     5BB0       50         0
                text24                             5B60     5B60       50         0
                text23                             5708     5708       5E         0
                text22                             6126     6126       18         0
                text21                             5FFA     5FFA       30         0
                text20                             4664     4664      188         0
                text19                             4958     4958      164         0
                text18                             5E98     5E98       40         0
                text17                             6170     6170        2         0
                text16                             4DC4     4DC4       CA         0
                text15                             5E12     5E12       44         0
                text14                             554E     554E       7A         0
                text13                             3E40     3E40      27E         0
                text12                             5F54     5F54       38         0
                text11                             4ABC     4ABC      106         0
                text10                             4CC6     4CC6       FE         0
                text9                              40BE     40BE      212         0
                text8                              563C     563C       66         0
                text7                              5B10     5B10       50         0
                text6                              5DCE     5DCE       44         0
                text5                              1936     1936      9FA         0
                text4                              385A     385A      306         0
                text3                              58CE     58CE       56         0
                text2                              5924     5924       52         0
                text1                              42D0     42D0      1E0         0
                text0                              2330     2330      578         0
                cinit                              5D3C     5D3C       4C         0
                idataBANK0                         6168     6168        7         0

        CLASS   CONST          

        CLASS   SMALLCONST     
                smallconst                          E00      E00       5A         0

        CLASS   MEDIUMCONST    

        CLASS   COMRAM         
                cstackCOMRAM                          1        1       5E         1
                bssCOMRAM                            5F       5F        1         1

        CLASS   ABS1           

        CLASS   BIGRAM         

        CLASS   RAM            

        CLASS   BANK0          
                cstackBANK0                          60       60       73         1
                dataBANK0                            F9       F9        7         1
                bssBANK0                             D3       D3       26         1

        CLASS   BANK1          
                cstackBANK1                         100      100       6E         1
                bssBANK1                            16E      16E       68         1

        CLASS   BANK2          
                bssBANK2                            200      200       F0         1

        CLASS   BANK3          

        CLASS   BANK4          

        CLASS   BANK5          

        CLASS   BANK6          

        CLASS   BANK7          

        CLASS   BANK8          

        CLASS   BANK9          

        CLASS   BANK10         

        CLASS   BANK11         

        CLASS   BANK12         

        CLASS   BANK13         

        CLASS   SFR            

        CLASS   BIGSFR         

        CLASS   CONFIG         
                config                           300000   300000        C         4

        CLASS   IDLOC          
                idloc                            200000   200000       10         5

        CLASS   EEDATA         

        CLASS   FARRAM         

        CLASS   HEAP           

        CLASS   STACK          



SEGMENTS        Name                           Load    Length   Top    Selector   Space  Class

                reset_vec                      000000  000004  000004         0       0  CODE    
                cstackCOMRAM                   000001  00005F  000060         1       1  COMRAM  
                cstackBANK0                    000060  0000A0  000100        60       1  BANK0   
                cstackBANK1                    000100  0000D6  0001D6       100       1  BANK1   
                bssBANK2                       000200  0000F0  0002F0       200       1  BANK2   
                smallconst                     000E00  00005A  000E5A       700       0  SMALLCON
                text71                         000E5A  005315  00616F       72D       0  CODE    
                text17                         006170  000004  006174      30B8       0  CODE    


UNUSED ADDRESS RANGES

        Name                Unused          Largest block    Delta
        BANK1            0001D6-0001FF               2A
        BANK10           000A00-000AFF              100
        BANK11           000B00-000BFF              100
        BANK12           000C00-000CFF              100
        BANK13           000D00-000DE9               EA
        BANK2            0002F0-0002FF               10
        BANK3            000300-0003FF              100
        BANK4            000400-0004FF              100
        BANK5            000500-0005FF              100
        BANK6            000600-0006FF              100
        BANK7            000700-0007FF              100
        BANK8            000800-0008FF              100
        BANK9            000900-0009FF              100
        BIGRAM           0001D6-0001FF               2A
                         0002F0-000DE9              AFA
        BIGSFR           000DEF-000FFF              211
        CODE             000004-000DFF              DFC
                         00616F-00616F                1
                         006174-01FFFF            19E8C
        CONST            000004-000DFF              DFC
                         00616F-00616F                1
                         006174-01FFFF            19E8C
        EEDATA           310000-3103FF              400
        MEDIUMCONST      00616F-00616F                1
                         006174-00FFFF             9E8C
                         010E00-01FFFF             F200
        RAM              0001D6-0001FF               2A
                         0002F0-000DE9              100
        SFR              000DEF-000FFF              100
        SMALLCONST       00616F-00616F                1
                         006174-01FFFF              100

                                  Symbol Table

?_Colour_decider               cstackCOMRAM 00004B
?___aodiv                      cstackCOMRAM 000001
?___aomod                      cstackCOMRAM 000001
?___fladd                      cstackCOMRAM 000001
?___fldiv                      cstackCOMRAM 000032
?___flmul                      cstackCOMRAM 000011
?___flneg                      cstackCOMRAM 000001
?___flsub                      cstackCOMRAM 00002A
?___fltol                      cstackCOMRAM 000001
?___fpclassifyf                cstackCOMRAM 000001
?___lwdiv                      cstackCOMRAM 000007
?___wmul                       cstackCOMRAM 000001
?___xxtofl                     cstackCOMRAM 000001
?_abs                          cstackCOMRAM 000013
?_color_read_Blue              cstackCOMRAM 000005
?_color_read_Green             cstackCOMRAM 000005
?_color_read_Red               cstackCOMRAM 000005
?_color_read_lum               cstackCOMRAM 000005
?_floorf                       cstackCOMRAM 00004B
?_labs                         cstackCOMRAM 000001
?_sprintf                      cstackBANK0  0000B0
?_vfprintf                     cstackBANK0  0000A8
BlueMove@mL                    cstackCOMRAM 000020
BlueMove@mR                    cstackCOMRAM 000022
Colour_decider@Cmax            cstackBANK0  000072
Colour_decider@Cmax_i          cstackBANK0  000064
Colour_decider@Cmin            cstackBANK0  000076
Colour_decider@Hue             cstackBANK0  00007C
Colour_decider@RGB_col         cstackBANK0  000066
Colour_decider@i               cstackBANK0  00007A
Colour_decider@rel             cstackCOMRAM 00004D
Colour_decider@vals            cstackCOMRAM 00004B
ForwardOneBlock@mL             cstackCOMRAM 00001A
ForwardOneBlock@mR             cstackCOMRAM 00001C
Forwardhalfblock@mL            cstackCOMRAM 00001A
Forwardhalfblock@mR            cstackCOMRAM 00001C
GreenMove@mL                   cstackCOMRAM 000020
GreenMove@mR                   cstackCOMRAM 000022
I2C_2_Master_Read@ack          cstackCOMRAM 000003
I2C_2_Master_Read@tmp          cstackCOMRAM 000004
I2C_2_Master_Write@data_byte   cstackCOMRAM 000002
LightBlueMove@mL               cstackCOMRAM 000020
LightBlueMove@mR               cstackCOMRAM 000022
OrangeMove@mL                  cstackCOMRAM 000020
OrangeMove@mR                  cstackCOMRAM 000022
PinkMove@mL                    cstackCOMRAM 000020
PinkMove@mR                    cstackCOMRAM 000022
RedMove@mL                     cstackCOMRAM 000020
RedMove@mR                     cstackCOMRAM 000022
RetryMove@mL                   cstackCOMRAM 000020
RetryMove@mR                   cstackCOMRAM 000022
ReversePink@mL                 cstackCOMRAM 000020
ReversePink@mR                 cstackCOMRAM 000022
ReverseYellow@mL               cstackCOMRAM 000020
ReverseYellow@mR               cstackCOMRAM 000022
TurnDelay@Turn45Delay          cstackCOMRAM 000001
YellowMove@mL                  cstackCOMRAM 000020
YellowMove@mR                  cstackCOMRAM 000022
_ANSELDbits                    (abs)        000EA7
_ANSELFbits                    (abs)        000EB4
_BAUD4CONbits                  (abs)        000EE9
_BlueMove                      text42       0056A2
_CCP1CONbits                   (abs)        000FAB
_CCP2CONbits                   (abs)        000FA7
_CCP3CONbits                   (abs)        000F26
_CCP4CONbits                   (abs)        000F22
_CCPR1H                        (abs)        000FAA
_CCPR2H                        (abs)        000FA6
_CCPR3H                        (abs)        000F25
_CCPR4H                        (abs)        000F21
_CCPTMRS0bits                  (abs)        000FAD
_Colour_decider                text71       000E5A
_Colour_decider$3162           cstackBANK0  000060
_DataFlag                      dataBANK0    0000FF
_EUSART4RXbuf                  bssBANK0     0000D3
_EUSART4TXbuf                  bssBANK2     000200
_ForwardOneBlock               text37       005766
_Forwardhalfblock              text65       005874
_GreenMove                     text41       005F16
_I2C_2_Master_Idle             text50       006054
_I2C_2_Master_Init             text51       00602A
_I2C_2_Master_Read             text29       005E56
_I2C_2_Master_RepStart         text28       00614A
_I2C_2_Master_Start            text49       00615E
_I2C_2_Master_Stop             text48       006154
_I2C_2_Master_Write            text47       00613E
_Interrupts_init               text64       006172
_LATAbits                      (abs)        000F79
_LATDbits                      (abs)        000F7C
_LATFbits                      (abs)        000F7E
_LATGbits                      (abs)        000F7F
_LATHbits                      (abs)        000F80
_LightBlueMove                 text40       0059C8
_OrangeMove                    text39       005976
_PIE4bits                      (abs)        000E2D
_PIR4bits                      (abs)        000E37
_PORTFbits                     (abs)        000F8E
_PinkMove                      text57       005ABE
_RC0PPS                        (abs)        000E62
_RC4REG                        (abs)        000EE3
_RC4STAbits                    (abs)        000EE7
_RC7PPS                        (abs)        000E69
_RD5PPS                        (abs)        000E6F
_RD6PPS                        (abs)        000E70
_RE2PPS                        (abs)        000E74
_RE4PPS                        (abs)        000E76
_RG6PPS                        (abs)        000E88
_RX4PPS                        (abs)        000E15
_RedMove                       text38       005ED8
_RetryMove                     text56       00544E
_ReversePink                   text36       004F44
_ReverseYellow                 text35       004E8E
_RunOneBlockTime               dataBANK0    0000F9
_RxBufReadCnt                  bssBANK0     0000F7
_RxBufWriteCnt                 bssBANK0     0000F8
_SP4BRGH                       (abs)        000EE6
_SP4BRGL                       (abs)        000EE5
_SSP2ADD                       (abs)        000ED6
_SSP2BUF                       (abs)        000ED5
_SSP2CLKPPS                    (abs)        000E1C
_SSP2CON1bits                  (abs)        000ED9
_SSP2CON2                      (abs)        000EDA
_SSP2CON2bits                  (abs)        000EDA
_SSP2DATPPS                    (abs)        000E1D
_SSP2STAT                      (abs)        000ED8
_T0CON0bits                    (abs)        000FD5
_T0CON1bits                    (abs)        000FD6
_T2CLKCONbits                  (abs)        000FBF
_T2CONbits                     (abs)        000FBD
_T2HLTbits                     (abs)        000FBE
_T2PR                          (abs)        000FBC
_TMR0H                         (abs)        000FD4
_TMR0L                         (abs)        000FD3
_TRISAbits                     (abs)        000F81
_TRISCbits                     (abs)        000F83
_TRISDbits                     (abs)        000F84
_TRISEbits                     (abs)        000F85
_TRISFbits                     (abs)        000F86
_TRISGbits                     (abs)        000F87
_TRISHbits                     (abs)        000F88
_TX4REG                        (abs)        000EE4
_TX4STAbits                    (abs)        000EE8
_Time_forward                  bssBANK2     00023C
_Timer0_init                   text55       0060E8
_Turn45Delay                   dataBANK0    0000FB
_TurnDelay                     text60       005FC4
_TxBufReadCnt                  bssBANK0     0000F6
_TxBufWriteCnt                 bssCOMRAM    00005F
_WayBack                       bssBANK1     00017E
_YellowMove                    text52       005A6C
__HRAM                         (abs)        000000
__Habs1                        abs1         000000
__Hbank0                       bank0        000000
__Hbank1                       bank1        000000
__Hbank10                      bank10       000000
__Hbank11                      bank11       000000
__Hbank12                      bank12       000000
__Hbank13                      bank13       000000
__Hbank2                       bank2        000000
__Hbank3                       bank3        000000
__Hbank4                       bank4        000000
__Hbank5                       bank5        000000
__Hbank6                       bank6        000000
__Hbank7                       bank7        000000
__Hbank8                       bank8        000000
__Hbank9                       bank9        000000
__Hbigbss                      bigbss       000000
__Hbigdata                     bigdata      000000
__Hbigram                      bigram       000000
__Hbigsfr                      bigsfr       000000
__Hbss                         bss          000000
__HbssBANK0                    bssBANK0     000000
__HbssBANK1                    bssBANK1     000000
__HbssBANK2                    bssBANK2     000000
__HbssCOMRAM                   bssCOMRAM    000000
__Hcinit                       cinit        000000
__Hclrtext                     clrtext      000000
__Hcomram                      comram       000000
__Hconfig                      config       30000C
__Hconst                       const        000000
__HcstackBANK0                 cstackBANK0  000000
__HcstackBANK1                 cstackBANK1  000000
__HcstackCOMRAM                cstackCOMRAM 000000
__Hdata                        data         000000
__HdataBANK0                   dataBANK0    000000
__Heeprom_data                 eeprom_data  000000
__Hfarbss                      farbss       000000
__Hfardata                     fardata      000000
__Hheap                        heap         000000
__Hibigdata                    ibigdata     000000
__Hidata                       idata        000000
__HidataBANK0                  idataBANK0   000000
__Hidloc                       idloc        200010
__Hifardata                    ifardata     000000
__Hinit                        init         000004
__Hintcode                     intcode      000000
__Hintcode_body                intcode_body 000000
__Hintcodelo                   intcodelo    000000
__Hintentry                    intentry     000000
__Hintret                      intret       000000
__Hintsave_regs                intsave_regs 000000
__Hirdata                      irdata       000000
__Hmediumconst                 mediumconst  000000
__HnvFARRAM                    nvFARRAM     000000
__Hnvbit                       nvbit        000000
__Hnvrram                      nvrram       000000
__Hparam                       rparam       000000
__Hpowerup                     powerup      000000
__Hram                         ram          000000
__Hramtop                      ramtop       000E00
__Hrbit                        rbit         000000
__Hrbss                        rbss         000000
__Hrdata                       rdata        000000
__Hreset_vec                   reset_vec    000000
__Hrparam                      rparam       000000
__Hsfr                         sfr          000000
__Hsmallconst                  smallconst   000E5A
__Hspace_0                     (abs)        006174
__Hspace_1                     (abs)        0002F0
__Hspace_2                     (abs)        000000
__Hspace_4                     (abs)        60000C
__Hstack                       stack        000000
__Hstruct                      struct       000000
__Htemp                        temp         000000
__Htext                        text         000000
__Htext0                       text0        000000
__Htext1                       text1        000000
__Htext10                      text10       000000
__Htext11                      text11       000000
__Htext12                      text12       000000
__Htext13                      text13       000000
__Htext14                      text14       000000
__Htext15                      text15       000000
__Htext16                      text16       000000
__Htext17                      text17       000000
__Htext18                      text18       000000
__Htext19                      text19       000000
__Htext2                       text2        000000
__Htext20                      text20       000000
__Htext21                      text21       000000
__Htext22                      text22       000000
__Htext23                      text23       000000
__Htext24                      text24       000000
__Htext25                      text25       000000
__Htext26                      text26       000000
__Htext27                      text27       000000
__Htext28                      text28       000000
__Htext29                      text29       000000
__Htext3                       text3        000000
__Htext30                      text30       000000
__Htext31                      text31       000000
__Htext32                      text32       000000
__Htext33                      text33       000000
__Htext34                      text34       000000
__Htext35                      text35       000000
__Htext36                      text36       000000
__Htext37                      text37       000000
__Htext38                      text38       000000
__Htext39                      text39       000000
__Htext4                       text4        000000
__Htext40                      text40       000000
__Htext41                      text41       000000
__Htext42                      text42       000000
__Htext43                      text43       000000
__Htext44                      text44       000000
__Htext45                      text45       000000
__Htext46                      text46       000000
__Htext47                      text47       000000
__Htext48                      text48       000000
__Htext49                      text49       000000
__Htext5                       text5        000000
__Htext50                      text50       000000
__Htext51                      text51       000000
__Htext52                      text52       000000
__Htext53                      text53       000000
__Htext54                      text54       000000
__Htext55                      text55       000000
__Htext56                      text56       000000
__Htext57                      text57       000000
__Htext58                      text58       000000
__Htext59                      text59       000000
__Htext6                       text6        000000
__Htext60                      text60       000000
__Htext61                      text61       000000
__Htext62                      text62       000000
__Htext63                      text63       000000
__Htext64                      text64       000000
__Htext65                      text65       000000
__Htext66                      text66       000000
__Htext67                      text67       000000
__Htext68                      text68       000000
__Htext69                      text69       000000
__Htext7                       text7        000000
__Htext70                      text70       000000
__Htext71                      text71       000000
__Htext72                      text72       000000
__Htext73                      text73       000000
__Htext74                      text74       000000
__Htext75                      text75       000000
__Htext76                      text76       000000
__Htext77                      text77       000000
__Htext78                      text78       000000
__Htext8                       text8        000000
__Htext9                       text9        000000
__LRAM                         (abs)        000001
__Labs1                        abs1         000000
__Lbank0                       bank0        000000
__Lbank1                       bank1        000000
__Lbank10                      bank10       000000
__Lbank11                      bank11       000000
__Lbank12                      bank12       000000
__Lbank13                      bank13       000000
__Lbank2                       bank2        000000
__Lbank3                       bank3        000000
__Lbank4                       bank4        000000
__Lbank5                       bank5        000000
__Lbank6                       bank6        000000
__Lbank7                       bank7        000000
__Lbank8                       bank8        000000
__Lbank9                       bank9        000000
__Lbigbss                      bigbss       000000
__Lbigdata                     bigdata      000000
__Lbigram                      bigram       000000
__Lbigsfr                      bigsfr       000000
__Lbss                         bss          000000
__LbssBANK0                    bssBANK0     000000
__LbssBANK1                    bssBANK1     000000
__LbssBANK2                    bssBANK2     000000
__LbssCOMRAM                   bssCOMRAM    000000
__Lcinit                       cinit        000000
__Lclrtext                     clrtext      000000
__Lcomram                      comram       000000
__Lconfig                      config       000000
__Lconst                       const        000000
__LcstackBANK0                 cstackBANK0  000000
__LcstackBANK1                 cstackBANK1  000000
__LcstackCOMRAM                cstackCOMRAM 000000
__Ldata                        data         000000
__LdataBANK0                   dataBANK0    000000
__Leeprom_data                 eeprom_data  000000
__Lfarbss                      farbss       000000
__Lfardata                     fardata      000000
__Lheap                        heap         000000
__Libigdata                    ibigdata     000000
__Lidata                       idata        000000
__LidataBANK0                  idataBANK0   000000
__Lidloc                       idloc        000000
__Lifardata                    ifardata     000000
__Linit                        init         000000
__Lintcode                     intcode      000000
__Lintcode_body                intcode_body 000000
__Lintcodelo                   intcodelo    000000
__Lintentry                    intentry     000000
__Lintret                      intret       000000
__Lintsave_regs                intsave_regs 000000
__Lirdata                      irdata       000000
__Lmediumconst                 mediumconst  000000
__LnvFARRAM                    nvFARRAM     000000
__Lnvbit                       nvbit        000000
__Lnvrram                      nvrram       000000
__Lparam                       rparam       000000
__Lpowerup                     powerup      000000
__Lram                         ram          000000
__Lramtop                      ramtop       000E00
__Lrbit                        rbit         000000
__Lrbss                        rbss         000000
__Lrdata                       rdata        000000
__Lreset_vec                   reset_vec    000000
__Lrparam                      rparam       000000
__Lsfr                         sfr          000000
__Lsmallconst                  smallconst   000E00
__Lspace_0                     (abs)        000000
__Lspace_1                     (abs)        000000
__Lspace_2                     (abs)        000000
__Lspace_4                     (abs)        000000
__Lstack                       stack        000000
__Lstruct                      struct       000000
__Ltemp                        temp         000000
__Ltext                        text         000000
__Ltext0                       text0        000000
__Ltext1                       text1        000000
__Ltext10                      text10       000000
__Ltext11                      text11       000000
__Ltext12                      text12       000000
__Ltext13                      text13       000000
__Ltext14                      text14       000000
__Ltext15                      text15       000000
__Ltext16                      text16       000000
__Ltext17                      text17       000000
__Ltext18                      text18       000000
__Ltext19                      text19       000000
__Ltext2                       text2        000000
__Ltext20                      text20       000000
__Ltext21                      text21       000000
__Ltext22                      text22       000000
__Ltext23                      text23       000000
__Ltext24                      text24       000000
__Ltext25                      text25       000000
__Ltext26                      text26       000000
__Ltext27                      text27       000000
__Ltext28                      text28       000000
__Ltext29                      text29       000000
__Ltext3                       text3        000000
__Ltext30                      text30       000000
__Ltext31                      text31       000000
__Ltext32                      text32       000000
__Ltext33                      text33       000000
__Ltext34                      text34       000000
__Ltext35                      text35       000000
__Ltext36                      text36       000000
__Ltext37                      text37       000000
__Ltext38                      text38       000000
__Ltext39                      text39       000000
__Ltext4                       text4        000000
__Ltext40                      text40       000000
__Ltext41                      text41       000000
__Ltext42                      text42       000000
__Ltext43                      text43       000000
__Ltext44                      text44       000000
__Ltext45                      text45       000000
__Ltext46                      text46       000000
__Ltext47                      text47       000000
__Ltext48                      text48       000000
__Ltext49                      text49       000000
__Ltext5                       text5        000000
__Ltext50                      text50       000000
__Ltext51                      text51       000000
__Ltext52                      text52       000000
__Ltext53                      text53       000000
__Ltext54                      text54       000000
__Ltext55                      text55       000000
__Ltext56                      text56       000000
__Ltext57                      text57       000000
__Ltext58                      text58       000000
__Ltext59                      text59       000000
__Ltext6                       text6        000000
__Ltext60                      text60       000000
__Ltext61                      text61       000000
__Ltext62                      text62       000000
__Ltext63                      text63       000000
__Ltext64                      text64       000000
__Ltext65                      text65       000000
__Ltext66                      text66       000000
__Ltext67                      text67       000000
__Ltext68                      text68       000000
__Ltext69                      text69       000000
__Ltext7                       text7        000000
__Ltext70                      text70       000000
__Ltext71                      text71       000000
__Ltext72                      text72       000000
__Ltext73                      text73       000000
__Ltext74                      text74       000000
__Ltext75                      text75       000000
__Ltext76                      text76       000000
__Ltext77                      text77       000000
__Ltext78                      text78       000000
__Ltext8                       text8        000000
__Ltext9                       text9        000000
__S0                           (abs)        006174
__S1                           (abs)        0002F0
__S4                           (abs)        000000
__S5                           (abs)        000000
___aodiv                       text20       004664
___aodiv@counter               cstackCOMRAM 000011
___aodiv@dividend              cstackCOMRAM 000001
___aodiv@divisor               cstackCOMRAM 000009
___aodiv@quotient              cstackCOMRAM 000013
___aodiv@sign                  cstackCOMRAM 000012
___aomod                       text19       004958
___aomod@counter               cstackCOMRAM 000011
___aomod@dividend              cstackCOMRAM 000001
___aomod@divisor               cstackCOMRAM 000009
___aomod@sign                  cstackCOMRAM 000012
___fladd                       text74       0028A8
___fladd@a                     cstackCOMRAM 000005
___fladd@aexp                  cstackCOMRAM 00000E
___fladd@b                     cstackCOMRAM 000001
___fladd@bexp                  cstackCOMRAM 00000F
___fladd@grs                   cstackCOMRAM 000010
___fladd@signs                 cstackCOMRAM 00000D
___fldiv                       text78       003192
___fldiv@a                     cstackCOMRAM 000036
___fldiv@aexp                  cstackCOMRAM 00004A
___fldiv@b                     cstackCOMRAM 000032
___fldiv@bexp                  cstackCOMRAM 000049
___fldiv@grs                   cstackCOMRAM 000045
___fldiv@new_exp               cstackCOMRAM 000043
___fldiv@rem                   cstackCOMRAM 00003E
___fldiv@sign                  cstackCOMRAM 000042
___fleq                        text77       0050A4
___fleq@ff1                    cstackCOMRAM 000032
___fleq@ff2                    cstackCOMRAM 000036
___flge                        text76       004BC2
___flge@ff1                    cstackCOMRAM 00002A
___flge@ff2                    cstackCOMRAM 00002E
___flmul                       text75       002D68
___flmul@a                     cstackCOMRAM 000015
___flmul@aexp                  cstackCOMRAM 000022
___flmul@b                     cstackCOMRAM 000011
___flmul@bexp                  cstackCOMRAM 000023
___flmul@grs                   cstackCOMRAM 00001E
___flmul@prod                  cstackCOMRAM 000024
___flmul@sign                  cstackCOMRAM 00001D
___flmul@temp                  cstackCOMRAM 000028
___flneg                       text12       005F54
___flneg@f1                    cstackCOMRAM 000001
___flsub                       text73       005D88
___flsub@a                     cstackCOMRAM 00002E
___flsub@b                     cstackCOMRAM 00002A
___fltol                       text11       004ABC
___fltol@exp1                  cstackCOMRAM 00000A
___fltol@f1                    cstackCOMRAM 000001
___fltol@sign1                 cstackCOMRAM 000009
___fpclassifyf                 text10       004CC6
___fpclassifyf@F465            bssBANK0     0000EB
___fpclassifyf@e               cstackCOMRAM 000009
___fpclassifyf@u               cstackCOMRAM 00000B
___fpclassifyf@x               cstackCOMRAM 000001
___heap_hi                     (abs)        000000
___heap_lo                     (abs)        000000
___inthi_sp                    stack        000000
___intlo_sp                    stack        000000
___lwdiv                       text70       0055C8
___lwdiv@counter               cstackCOMRAM 00000D
___lwdiv@dividend              cstackCOMRAM 000007
___lwdiv@divisor               cstackCOMRAM 000009
___lwdiv@quotient              cstackCOMRAM 00000B
___param_bank                  (abs)        000000
___rparam_used                 (abs)        000001
___sp                          stack        000000
___wmul                        text69       0060A2
___wmul@multiplicand           cstackCOMRAM 000003
___wmul@multiplier             cstackCOMRAM 000001
___wmul@product                cstackCOMRAM 000005
___xxtofl                      text72       0044B0
___xxtofl@arg                  cstackCOMRAM 00000B
___xxtofl@exp                  cstackCOMRAM 00000A
___xxtofl@sign                 cstackCOMRAM 000009
___xxtofl@val                  cstackCOMRAM 000001
__accesstop                    (abs)        000060
__activetblptr                 (abs)        000003
__end_of_BlueMove              text42       005708
__end_of_Colour_decider        text71       001936
__end_of_ForwardOneBlock       text37       0057C0
__end_of_Forwardhalfblock      text65       0058CE
__end_of_GreenMove             text41       005F54
__end_of_I2C_2_Master_Idle     text50       00607C
__end_of_I2C_2_Master_Init     text51       006054
__end_of_I2C_2_Master_Read     text29       005E98
__end_of_I2C_2_Master_RepStart text28       006154
__end_of_I2C_2_Master_Start    text49       006168
__end_of_I2C_2_Master_Stop     text48       00615E
__end_of_I2C_2_Master_Write    text47       00614A
__end_of_Interrupts_init       text64       006174
__end_of_LightBlueMove         text40       005A1A
__end_of_OrangeMove            text39       0059C8
__end_of_PinkMove              text57       005B10
__end_of_RedMove               text38       005F16
__end_of_RetryMove             text56       0054D0
__end_of_ReversePink           text36       004FFA
__end_of_ReverseYellow         text35       004F44
__end_of_Timer0_init           text55       006108
__end_of_TurnDelay             text60       005FFA
__end_of_YellowMove            text52       005ABE
__end_of___aodiv               text20       0047EC
__end_of___aomod               text19       004ABC
__end_of___fladd               text74       002D68
__end_of___fldiv               text78       00352C
__end_of___fleq                text77       00514E
__end_of___flge                text76       004CC6
__end_of___flmul               text75       003192
__end_of___flneg               text12       005F8C
__end_of___flsub               text73       005DCE
__end_of___fltol               text11       004BC2
__end_of___fpclassifyf         text10       004DC4
__end_of___lwdiv               text70       00563C
__end_of___wmul                text69       0060C8
__end_of___xxtofl              text72       004664
__end_of__initialization       cinit        005D82
__end_of_abs                   text18       005ED8
__end_of_color_click_init      text45       005A6C
__end_of_color_read_Blue       text27       005CA0
__end_of_color_read_Green      text26       005C50
__end_of_color_read_Red        text25       005C00
__end_of_color_read_lum        text24       005BB0
__end_of_color_writetoaddr     text46       0060E8
__end_of_colour_rel            text44       00385A
__end_of_delayed_ms            text34       005FC4
__end_of_dtoa                  text13       0040BE
__end_of_efgtoa                text5        002330
__end_of_floorf                text9        0042D0
__end_of_fputc                 text16       004E8E
__end_of_fputs                 text15       005E56
__end_of_fullSpeedAhead        text67       0053C6
__end_of_fullSpeedBack         text63       005328
__end_of_getTMR0val            text43       0060A2
__end_of_go_Home               text32       003E40
__end_of_initDCmotorsPWM       text31       00544E
__end_of_initUSART4            text30       006126
__end_of_labs                  text8        0056A2
__end_of_main                  text0        0028A8
__end_of_memcpy                text7        005B60
__end_of_pad                   text14       0055C8
__end_of_putch                 text17       006172
__end_of_readColours           text23       005766
__end_of_reverseDetect         text62       005874
__end_of_reverseOneBlock       text61       00581A
__end_of_sendCharSerial4       text22       00613E
__end_of_sendStringSerial4     text21       00602A
__end_of_setMotorPWM           text68       004958
__end_of_sprintf               text2        005976
__end_of_stop                  text66       00554E
__end_of_strcpy                text6        005E12
__end_of_timed_forward         text33       0050A4
__end_of_turnCalibration       text1        0044B0
__end_of_turnLeft              text59       00528A
__end_of_turnLeft45            text58       005D3C
__end_of_turnRight             text54       0051EC
__end_of_turnRight45           text53       005CEE
__end_of_vfpfcnvrt             text4        003B60
__end_of_vfprintf              text3        005924
__initialization               cinit        005D3C
__mediumconst                  mediumconst  000000
__pbssBANK0                    bssBANK0     0000D3
__pbssBANK1                    bssBANK1     00016E
__pbssBANK2                    bssBANK2     000200
__pbssCOMRAM                   bssCOMRAM    00005F
__pcinit                       cinit        005D3C
__pcstackBANK0                 cstackBANK0  000060
__pcstackBANK1                 cstackBANK1  000100
__pcstackCOMRAM                cstackCOMRAM 000001
__pdataBANK0                   dataBANK0    0000F9
__pidataBANK0                  idataBANK0   006168
__psmallconst                  smallconst   000E00
__ptext0                       text0        002330
__ptext1                       text1        0042D0
__ptext10                      text10       004CC6
__ptext11                      text11       004ABC
__ptext12                      text12       005F54
__ptext13                      text13       003E40
__ptext14                      text14       00554E
__ptext15                      text15       005E12
__ptext16                      text16       004DC4
__ptext17                      text17       006170
__ptext18                      text18       005E98
__ptext19                      text19       004958
__ptext2                       text2        005924
__ptext20                      text20       004664
__ptext21                      text21       005FFA
__ptext22                      text22       006126
__ptext23                      text23       005708
__ptext24                      text24       005B60
__ptext25                      text25       005BB0
__ptext26                      text26       005C00
__ptext27                      text27       005C50
__ptext28                      text28       00614A
__ptext29                      text29       005E56
__ptext3                       text3        0058CE
__ptext30                      text30       006108
__ptext31                      text31       0053C6
__ptext32                      text32       003B60
__ptext33                      text33       004FFA
__ptext34                      text34       005F8C
__ptext35                      text35       004E8E
__ptext36                      text36       004F44
__ptext37                      text37       005766
__ptext38                      text38       005ED8
__ptext39                      text39       005976
__ptext4                       text4        00385A
__ptext40                      text40       0059C8
__ptext41                      text41       005F16
__ptext42                      text42       0056A2
__ptext43                      text43       00607C
__ptext44                      text44       00352C
__ptext45                      text45       005A1A
__ptext46                      text46       0060C8
__ptext47                      text47       00613E
__ptext48                      text48       006154
__ptext49                      text49       00615E
__ptext5                       text5        001936
__ptext50                      text50       006054
__ptext51                      text51       00602A
__ptext52                      text52       005A6C
__ptext53                      text53       005CA0
__ptext54                      text54       00514E
__ptext55                      text55       0060E8
__ptext56                      text56       00544E
__ptext57                      text57       005ABE
__ptext58                      text58       005CEE
__ptext59                      text59       0051EC
__ptext6                       text6        005DCE
__ptext60                      text60       005FC4
__ptext61                      text61       0057C0
__ptext62                      text62       00581A
__ptext63                      text63       00528A
__ptext64                      text64       006172
__ptext65                      text65       005874
__ptext66                      text66       0054D0
__ptext67                      text67       005328
__ptext68                      text68       0047EC
__ptext69                      text69       0060A2
__ptext7                       text7        005B10
__ptext70                      text70       0055C8
__ptext71                      text71       000E5A
__ptext72                      text72       0044B0
__ptext73                      text73       005D88
__ptext74                      text74       0028A8
__ptext75                      text75       002D68
__ptext76                      text76       004BC2
__ptext77                      text77       0050A4
__ptext78                      text78       003192
__ptext8                       text8        00563C
__ptext9                       text9        0040BE
__ramtop                       ramtop       000E00
__smallconst                   smallconst   000E00
_abs                           text18       005E98
_color_click_init              text45       005A1A
_color_read_Blue               text27       005C50
_color_read_Green              text26       005C00
_color_read_Red                text25       005BB0
_color_read_lum                text24       005B60
_color_writetoaddr             text46       0060C8
_colour_rel                    text44       00352C
_colour_rel$3160               cstackBANK0  000064
_colour_rel$3161               cstackBANK0  000068
_dbuf                          bssBANK2     0002A0
_delayed_ms                    text34       005F8C
_dtoa                          text13       003E40
_dtoa$2759                     cstackCOMRAM 00002E
_efgtoa                        text5        001936
_efgtoa$2790                   cstackBANK0  00006F
_flags                         bssBANK0     0000F5
_floorf                        text9        0040BE
_fputc                         text16       004DC4
_fputs                         text15       005E12
_fullSpeedAhead                text67       005328
_fullSpeedBack                 text63       00528A
_getTMR0val                    text43       00607C
_go_Home                       text32       003B60
_initDCmotorsPWM               text31       0053C6
_initUSART4                    text30       006108
_labs                          text8        00563C
_lost_flag                     bssBANK0     0000F3
_main                          text0        002330
_memcpy                        text7        005B10
_motorL                        bssBANK1     0001C5
_motorR                        bssBANK1     0001BC
_move_count                    bssBANK1     00017A
_pad                           text14       00554E
_power                         dataBANK0    0000FD
_prec                          bssBANK0     0000F1
_putch                         text17       006170
_readColours                   text23       005708
_rel                           bssBANK1     0001B0
_reverseDetect                 text62       00581A
_reverseOneBlock               text61       0057C0
_run_flag                      bssBANK1     00017C
_sendCharSerial4               text22       006126
_sendStringSerial4             text21       005FFA
_setMotorPWM                   text68       0047EC
_sprintf                       text2        005924
_stop                          text66       0054D0
_strcpy                        text6        005DCE
_timed_forward                 text33       004FFA
_turnCalibration               text1        0042D0
_turnLeft                      text59       0051EC
_turnLeft45                    text58       005CEE
_turnRight                     text54       00514E
_turnRight45                   text53       005CA0
_vals                          bssBANK1     0001CE
_vfpfcnvrt                     text4        00385A
_vfprintf                      text3        0058CE
_width                         bssBANK0     0000EF
abs@a                          cstackCOMRAM 000013
color_read_Blue@tmp            cstackCOMRAM 00000A
color_read_Green@tmp           cstackCOMRAM 00000A
color_read_Red@tmp             cstackCOMRAM 00000A
color_read_lum@tmp             cstackCOMRAM 00000A
color_writetoaddr@address      cstackCOMRAM 000004
color_writetoaddr@value        cstackCOMRAM 000003
colour_rel@B                   cstackBANK0  000074
colour_rel@G                   cstackBANK0  000070
colour_rel@L                   cstackBANK0  000060
colour_rel@R                   cstackBANK0  00006C
colour_rel@rel                 cstackCOMRAM 00004D
colour_rel@vals                cstackCOMRAM 00004B
delayed_ms@i                   cstackCOMRAM 000004
delayed_ms@time                cstackCOMRAM 000001
dtoa@d                         cstackCOMRAM 00001E
dtoa@fp                        cstackCOMRAM 00001C
dtoa@i                         cstackCOMRAM 00003C
dtoa@n                         cstackCOMRAM 000034
dtoa@p                         cstackCOMRAM 000030
dtoa@s                         cstackCOMRAM 00003E
dtoa@w                         cstackCOMRAM 000032
efgtoa@c                       cstackBANK0  000066
efgtoa@d                       cstackBANK0  000074
efgtoa@e                       cstackBANK0  000078
efgtoa@f                       cstackBANK0  000062
efgtoa@fp                      cstackBANK0  000060
efgtoa@g                       cstackBANK0  00008D
efgtoa@h                       cstackBANK0  000082
efgtoa@i                       cstackBANK0  000080
efgtoa@l                       cstackBANK0  000086
efgtoa@m                       cstackBANK0  000076
efgtoa@mode                    cstackBANK0  000072
efgtoa@n                       cstackBANK0  00008B
efgtoa@ne                      cstackBANK0  000069
efgtoa@nmode                   cstackBANK0  000073
efgtoa@ou                      cstackBANK0  00007C
efgtoa@p                       cstackBANK0  00006B
efgtoa@pp                      cstackBANK0  000071
efgtoa@sign                    cstackBANK0  00008A
efgtoa@t                       cstackBANK0  00006D
efgtoa@u                       cstackBANK0  000091
efgtoa@w                       cstackBANK0  00007A
end_of_initialization          cinit        005D82
floorf@F526                    bssBANK0     0000E7
floorf@e                       cstackCOMRAM 000059
floorf@m                       cstackCOMRAM 000055
floorf@u                       cstackCOMRAM 00005B
floorf@x                       cstackCOMRAM 00004B
fputc@c                        cstackCOMRAM 000001
fputc@fp                       cstackCOMRAM 000003
fputs@c                        cstackCOMRAM 00000E
fputs@fp                       cstackCOMRAM 00000C
fputs@i                        cstackCOMRAM 00000F
fputs@s                        cstackCOMRAM 00000A
fullSpeedAhead@mL              cstackCOMRAM 000014
fullSpeedAhead@mR              cstackCOMRAM 000016
fullSpeedBack@mL               cstackCOMRAM 000014
fullSpeedBack@mR               cstackCOMRAM 000016
getTMR0val@moving              cstackCOMRAM 000001
go_Home@Time_forward           cstackCOMRAM 000026
go_Home@WayBack                cstackCOMRAM 000024
go_Home@i                      cstackCOMRAM 00002B
initDCmotorsPWM@PWMperiod      cstackCOMRAM 000001
intlevel0                      text         000000
intlevel1                      text         000000
intlevel2                      text         000000
intlevel3                      text         000000
isa$std                        (abs)        000001
isa$xinst                      (abs)        000000
labs@a                         cstackCOMRAM 000001
main@buf                       cstackBANK1  000100
main@colour                    cstackBANK1  00016A
main@colour_1291               cstackBANK1  000166
main@consecuitive              cstackBANK1  000168
main@prev_colour               cstackBANK1  00016C
main@temp                      cstackBANK1  000164
memcpy@d                       cstackCOMRAM 000007
memcpy@d1                      cstackCOMRAM 000001
memcpy@n                       cstackCOMRAM 000005
memcpy@s                       cstackCOMRAM 000009
memcpy@s1                      cstackCOMRAM 000003
memcpy@tmp                     cstackCOMRAM 00000B
pad@buf                        cstackCOMRAM 000013
pad@fp                         cstackCOMRAM 000011
pad@i                          cstackCOMRAM 000018
pad@p                          cstackCOMRAM 000015
pad@w                          cstackCOMRAM 00001A
readColours@vals               cstackCOMRAM 00000C
reverseDetect@mL               cstackCOMRAM 00001A
reverseDetect@mR               cstackCOMRAM 00001C
reverseOneBlock@mL             cstackCOMRAM 00001A
reverseOneBlock@mR             cstackCOMRAM 00001C
sendCharSerial4@charToSend     cstackCOMRAM 000001
sendStringSerial4@string       cstackCOMRAM 000002
setMotorPWM@m                  cstackCOMRAM 00000E
setMotorPWM@negDuty            cstackCOMRAM 000013
setMotorPWM@posDuty            cstackCOMRAM 000012
sprintf@ap                     cstackBANK0  0000C4
sprintf@f                      cstackBANK0  0000C6
sprintf@fmt                    cstackBANK0  0000B2
sprintf@s                      cstackBANK0  0000B0
stackhi                        (abs)        000000
stacklo                        (abs)        000000
start                          init         000000
start_initialization           cinit        005D3C
stop@mL                        cstackCOMRAM 000014
stop@mR                        cstackCOMRAM 000016
strcpy@d                       cstackCOMRAM 000007
strcpy@dest                    cstackCOMRAM 000001
strcpy@s                       cstackCOMRAM 000005
strcpy@src                     cstackCOMRAM 000003
timed_forward@mL               cstackCOMRAM 000014
timed_forward@mR               cstackCOMRAM 000016
timed_forward@time             cstackCOMRAM 000018
turnCalibration@mL             cstackCOMRAM 000020
turnCalibration@mR             cstackCOMRAM 000022
turnLeft45@mL                  cstackCOMRAM 00001A
turnLeft45@mR                  cstackCOMRAM 00001C
turnLeft@mL                    cstackCOMRAM 000014
turnLeft@mR                    cstackCOMRAM 000016
turnRight45@mL                 cstackCOMRAM 00001A
turnRight45@mR                 cstackCOMRAM 00001C
turnRight@mL                   cstackCOMRAM 000014
turnRight@mR                   cstackCOMRAM 000016
vfpfcnvrt@ap                   cstackBANK0  000099
vfpfcnvrt@c                    cstackBANK0  0000A5
vfpfcnvrt@convarg              cstackBANK0  00009D
vfpfcnvrt@cp                   cstackBANK0  0000A6
vfpfcnvrt@fmt                  cstackBANK0  000097
vfpfcnvrt@fp                   cstackBANK0  000095
vfprintf@ap                    cstackBANK0  0000AC
vfprintf@cfmt                  cstackBANK0  0000AE
vfprintf@fmt                   cstackBANK0  0000AA
vfprintf@fp                    cstackBANK0  0000A8


MODULE INFORMATION

Module		Function		Class		Link	Load	Size
C:\Program Files\Microchip\xc8\v2.40\pic\sources\c99\common\sprcmul.c
		___flmul       		CODE           	2D68	0000	1066

C:\Program Files\Microchip\xc8\v2.40\pic\sources\c99\common\sprcmul.c estimated size: 1066

C:\Program Files\Microchip\xc8\v2.40\pic\sources\c99\common\nf_fputc.c
		_fputc         		CODE           	4DC4	0000	202

C:\Program Files\Microchip\xc8\v2.40\pic\sources\c99\common\nf_fputc.c estimated size: 202

serial.c
		_sendStringSerial4		CODE           	5FFA	0000	48
		_sendCharSerial4		CODE           	6126	0000	24
		_initUSART4    		CODE           	6108	0000	30

serial.c estimated size: 102

timers.c
		_getTMR0val    		CODE           	607C	0000	38
		_Timer0_init   		CODE           	60E8	0000	32
		_delayed_ms    		CODE           	5F8C	0000	56

timers.c estimated size: 126

C:\Program Files\Microchip\xc8\v2.40\pic\sources\c99\common\sprcdiv.c
		___fldiv       		CODE           	3192	0000	922

C:\Program Files\Microchip\xc8\v2.40\pic\sources\c99\common\sprcdiv.c estimated size: 922

C:\Program Files\Microchip\xc8\v2.40\pic\sources\c99\common\nf_sprintf.c
		_sprintf       		CODE           	5924	0000	82

C:\Program Files\Microchip\xc8\v2.40\pic\sources\c99\common\nf_sprintf.c estimated size: 82

C:\Program Files\Microchip\xc8\v2.40\pic\sources\c99\common\lwdiv.c
		___lwdiv       		CODE           	55C8	0000	116

C:\Program Files\Microchip\xc8\v2.40\pic\sources\c99\common\lwdiv.c estimated size: 116

C:\Program Files\Microchip\xc8\v2.40\pic\sources\c99\common\memcpy.c
		_memcpy        		CODE           	5B10	0000	80

C:\Program Files\Microchip\xc8\v2.40\pic\sources\c99\common\memcpy.c estimated size: 80

color.c
		_color_writetoaddr		CODE           	60C8	0000	32
		_readColours   		CODE           	5708	0000	94
		_color_click_init		CODE           	5A1A	0000	82
		_Colour_decider		CODE           	0E5A	0000	2780
		_colour_rel    		CODE           	352C	0000	814
		_color_read_Green		CODE           	5C00	0000	80
		_color_read_Red		CODE           	5BB0	0000	80
		_color_read_lum		CODE           	5B60	0000	80
		_color_read_Blue		CODE           	5C50	0000	80

color.c estimated size: 4122

C:\Program Files\Microchip\xc8\v2.40\pic\sources\c99\common\fltol.c
		___fltol       		CODE           	4ABC	0000	262

C:\Program Files\Microchip\xc8\v2.40\pic\sources\c99\common\fltol.c estimated size: 262

C:\Program Files\Microchip\xc8\v2.40\pic\sources\c99\common\Umul16.c
		___wmul        		CODE           	60A2	0000	38

C:\Program Files\Microchip\xc8\v2.40\pic\sources\c99\common\Umul16.c estimated size: 38

C:\Program Files\Microchip\xc8\v2.40\pic\sources\c99\common\fleq.c
		___fleq        		CODE           	50A4	0000	170

C:\Program Files\Microchip\xc8\v2.40\pic\sources\c99\common\fleq.c estimated size: 170

dc_motor.c
		_reverseDetect 		CODE           	581A	0000	90
		_fullSpeedBack 		CODE           	528A	0000	158
		_GreenMove     		CODE           	5F16	0000	62
		_timed_forward 		CODE           	4FFA	0000	170
		_YellowMove    		CODE           	5A6C	0000	82
		_fullSpeedAhead		CODE           	5328	0000	158
		_Forwardhalfblock		CODE           	5874	0000	90
		_turnLeft      		CODE           	51EC	0000	158
		_turnLeft45    		CODE           	5CEE	0000	78
		_stop          		CODE           	54D0	0000	126
		_RedMove       		CODE           	5ED8	0000	62
		_initDCmotorsPWM		CODE           	53C6	0000	136
		_turnRight     		CODE           	514E	0000	158
		_turnRight45   		CODE           	5CA0	0000	78
		_BlueMove      		CODE           	56A2	0000	102
		_reverseOneBlock		CODE           	57C0	0000	90
		_OrangeMove    		CODE           	5976	0000	82
		_setMotorPWM   		CODE           	47EC	0000	364
		_ReversePink   		CODE           	4F44	0000	182
		_RetryMove     		CODE           	544E	0000	130
		_TurnDelay     		CODE           	5FC4	0000	54
		_ForwardOneBlock		CODE           	5766	0000	90
		_LightBlueMove 		CODE           	59C8	0000	82
		_ReverseYellow 		CODE           	4E8E	0000	182
		_PinkMove      		CODE           	5ABE	0000	82
		_turnCalibration		CODE           	42D0	0000	480

dc_motor.c estimated size: 3526

interrupts.c
		_Interrupts_init		CODE           	6172	0000	2

interrupts.c estimated size: 2

C:\Program Files\Microchip\xc8\v2.40\pic\sources\c99\common\abs.c
		_abs           		CODE           	5E98	0000	64

C:\Program Files\Microchip\xc8\v2.40\pic\sources\c99\common\abs.c estimated size: 64

Memory.c
		_go_Home       		CODE           	3B60	0000	736

Memory.c estimated size: 736

i2c.c
		_I2C_2_Master_Start		CODE           	615E	0000	10
		_I2C_2_Master_Read		CODE           	5E56	0000	66
		_I2C_2_Master_Idle		CODE           	6054	0000	40
		_I2C_2_Master_Init		CODE           	602A	0000	42
		_I2C_2_Master_Stop		CODE           	6154	0000	10
		_I2C_2_Master_RepStart		CODE           	614A	0000	10
		_I2C_2_Master_Write		CODE           	613E	0000	12

i2c.c estimated size: 190

C:\Program Files\Microchip\xc8\v2.40\pic\sources\c99\common\__fpclassifyf.c
		___fpclassifyf 		CODE           	4CC6	0000	254

C:\Program Files\Microchip\xc8\v2.40\pic\sources\c99\common\__fpclassifyf.c estimated size: 254

C:\Program Files\Microchip\xc8\v2.40\pic\sources\c99\common\sprcadd.c
		___flsub       		CODE           	5D88	0000	70
		___fladd       		CODE           	28A8	0000	1216

C:\Program Files\Microchip\xc8\v2.40\pic\sources\c99\common\sprcadd.c estimated size: 1286

C:\Program Files\Microchip\xc8\v2.40\pic\sources\c99\common\floorf.c
		_floorf        		CODE           	40BE	0000	530

C:\Program Files\Microchip\xc8\v2.40\pic\sources\c99\common\floorf.c estimated size: 530

C:\Program Files\Microchip\xc8\v2.40\pic\sources\c99\common\flneg.c
		___flneg       		CODE           	5F54	0000	56

C:\Program Files\Microchip\xc8\v2.40\pic\sources\c99\common\flneg.c estimated size: 56

C:\Program Files\Microchip\xc8\v2.40\pic\sources\c99\common\labs.c
		_labs          		CODE           	563C	0000	102

C:\Program Files\Microchip\xc8\v2.40\pic\sources\c99\common\labs.c estimated size: 102

C:\Program Files\Microchip\xc8\v2.40\pic\sources\c99\common\xxtofl.c
		___xxtofl      		CODE           	44B0	0000	436

C:\Program Files\Microchip\xc8\v2.40\pic\sources\c99\common\xxtofl.c estimated size: 436

C:\Program Files\Microchip\xc8\v2.40\pic\sources\c99\common\nf_fputs.c
		_fputs         		CODE           	5E12	0000	68

C:\Program Files\Microchip\xc8\v2.40\pic\sources\c99\common\nf_fputs.c estimated size: 68

C:\Program Files\Microchip\xc8\v2.40\pic\sources\c99\common\aomod.c
		___aomod       		CODE           	4958	0000	356

C:\Program Files\Microchip\xc8\v2.40\pic\sources\c99\common\aomod.c estimated size: 356

shared
		__initialization		CODE           	5D3C	0000	70

shared estimated size: 70

C:\Program Files\Microchip\xc8\v2.40\pic\sources\c99\common\strcpy.c
		_strcpy        		CODE           	5DCE	0000	68

C:\Program Files\Microchip\xc8\v2.40\pic\sources\c99\common\strcpy.c estimated size: 68

C:\Program Files\Microchip\xc8\v2.40\pic\sources\c99\common\flge.c
		___flge        		CODE           	4BC2	0000	260

C:\Program Files\Microchip\xc8\v2.40\pic\sources\c99\common\flge.c estimated size: 260

C:\Program Files\Microchip\xc8\v2.40\pic\sources\c99\common\putch.c
		_putch         		CODE           	6170	0000	2

C:\Program Files\Microchip\xc8\v2.40\pic\sources\c99\common\putch.c estimated size: 2

C:\Program Files\Microchip\xc8\v2.40\pic\sources\c99\common\doprnt.c
		_vfpfcnvrt     		CODE           	385A	0000	774
		_efgtoa        		CODE           	1936	0000	2554
		_pad           		CODE           	554E	0000	122
		_dtoa          		CODE           	3E40	0000	638
		_vfprintf      		CODE           	58CE	0000	86

C:\Program Files\Microchip\xc8\v2.40\pic\sources\c99\common\doprnt.c estimated size: 4174

main.c
		_main          		CODE           	2330	0000	1400

main.c estimated size: 1400

C:\Program Files\Microchip\xc8\v2.40\pic\sources\c99\common\aodiv.c
		___aodiv       		CODE           	4664	0000	392

C:\Program Files\Microchip\xc8\v2.40\pic\sources\c99\common\aodiv.c estimated size: 392

