Microchip MPLAB XC8 Compiler V2.40

Linker command line:

-W-3 \
  --edf=C:\Program Files\Microchip\xc8\v2.40\pic\dat\20220703182018_en.msgs \
  -cn \
  -h+dist/default/production\final-project-josh-and-edward.X.production.sym \
  --cmf=dist/default/production\final-project-josh-and-edward.X.production.cmf \
  -z -Q18F67K40 -oC:\Users\EDWARD~1\AppData\Local\Temp\xcAsp10.4 \
  --defsym=__MPLAB_BUILD=1 --fixupoverflow=error \
  -Mdist/default/production/final-project-josh-and-edward.X.production.map \
  --md=C:\Users\EDWARD~1\AppData\Local\Temp\xcAsp10.dat -E1 \
  -ver=XC8 Compiler --acfsm=1493 -ACODE=00h-01FFFFh -ACONST=00h-01FFFFh \
  -ASMALLCONST=0E00h-0EFFhx498 -AMEDIUMCONST=0E00h-0FFFFh,010E00h-01FFFFh \
  -ACOMRAM=01h-05Fh -AABS1=00h-0DE9h -ABIGRAM=01h-0DE9h \
  -ARAM=060h-0FFh,0100h-01FFhx12,0D00h-0DE9h -ABANK0=060h-0FFh \
  -ABANK1=0100h-01FFh -ABANK2=0200h-02FFh -ABANK3=0300h-03FFh \
  -ABANK4=0400h-04FFh -ABANK5=0500h-05FFh -ABANK6=0600h-06FFh \
  -ABANK7=0700h-07FFh -ABANK8=0800h-08FFh -ABANK9=0900h-09FFh \
  -ABANK10=0A00h-0AFFh -ABANK11=0B00h-0BFFh -ABANK12=0C00h-0CFFh \
  -ABANK13=0D00h-0DE9h \
  -ASFR=0DEFh-0DFFh,0E00h-0EFFh,0F00h-0F5Fh,0F60h-0FFFh \
  -ABIGSFR=0DEFh-0FFFh -ACONFIG=0300000h-030000Bh -AIDLOC=0200000h-020000Fh \
  -AEEDATA=0310000h-03103FFh -peeprom_data=EEDATA \
  -preset_vec=00h,intcode=08h,intcodelo,powerup,init -pramtop=0E00h \
  -psmallconst=SMALLCONST -pmediumconst=MEDIUMCONST -pconst=CONST \
  -AFARRAM=00h-00h \
  -prdata=COMRAM,nvrram=COMRAM,nvbit=COMRAM,rbss=COMRAM,rbit=COMRAM \
  -pfarbss=FARRAM,fardata=FARRAM,nvFARRAM=FARRAM \
  -pintsave_regs=BIGRAM,bigbss=BIGRAM,bigdata=BIGRAM -pbss=RAM \
  -pidata=CODE,irdata=CODE,ibigdata=CODE,ifardata=CODE -prparam=COMRAM \
  C:\Users\EDWARD~1\AppData\Local\Temp\xcAsp10.o \
  dist/default/production\final-project-josh-and-edward.X.production.o 

Object code version is 3.11

Machine type is 18F67K40



                Name                               Link     Load   Length Selector   Space Scale
C:\Users\EDWARD~1\AppData\Local\Temp\xcAsp10.o
                idloc                            200000   200000       10        0       5
                config                           300000   300000        C        0       4
                init                                 4A       4A        4        4       0
                reset_vec                             0        0        4        0       0
dist/default/production\final-project-josh-and-edward.X.production.o
                intcode                               8        8       42        4       0
                idloc                            200000   200000       10        0       5
                config                           300000   300000        C        0       4
                temp                                 5B       5B        1        1       1
                smallconst                          E00      E00       2C      700       0
                text50                             3D9A     3D9A       2C      716       0
                text49                             3E44     3E44       2A      716       0
                text47                             3EEC     3EEC        E      716       0
                text46                             3E1A     3E1A       2A      716       0
                text45                             3D6A     3D6A       30      716       0
                text44                             3DF0     3DF0       2A      716       0
                text43                             3E6E     3E6E       28      716       0
                text42                             3F1A     3F1A        A      716       0
                text41                             3F10     3F10        A      716       0
                text40                             3EFA     3EFA        C      716       0
                text39                             3E96     3E96       20      716       0
                text38                             3D36     3D36       34      716       0
                text37                             2110     2110      39A      716       0
                text36                             2C40     2C40      1B4      716       0
                text35                             2DF4     2DF4      18A      716       0
                text34                             3EB6     3EB6       1E      716       0
                text33                             3C3E     3C3E       42      716       0
                text32                             3F06     3F06        A      716       0
                text31                             3B20     3B20       50      716       0
                text30                             3AD0     3AD0       50      716       0
                text29                             3A80     3A80       50      716       0
                text28                             3A30     3A30       50      716       0
                text27                             38DC     38DC       5E      716       0
                text26                             3ED4     3ED4       18      716       0
                text25                             3DC6     3DC6       2A      716       0
                text24                             2F7E     2F7E      188      716       0
                text23                             3106     3106      164      716       0
                text22                             3C80     3C80       40      716       0
                text21                             3F24     3F24        2      716       0
                text20                             3688     3688       CA      716       0
                text19                             3BFA     3BFA       44      716       0
                text18                             37FC     37FC       7A      716       0
                text17                             27B0     27B0      27E      716       0
                text16                             3752     3752       AA      716       0
                text15                             3486     3486      104      716       0
                text14                             1CE6     1CE6      42A      716       0
                text13                             3CFE     3CFE       38      716       0
                text12                             1826     1826      4C0      716       0
                text11                             3B70     3B70       46      716       0
                text10                             3380     3380      106      716       0
                text9                              358A     358A       FE      716       0
                text8                              2A2E     2A2E      212      716       0
                text7                              3876     3876       66      716       0
                text6                              39E0     39E0       50      716       0
                text5                              3BB6     3BB6       44      716       0
                text4                               E2C      E2C      9FA      716       0
                text3                              24AA     24AA      306      716       0
                text2                              393A     393A       54      716       0
                text1                              398E     398E       52      716       0
                text0                              326A     326A      116      716       0
                cstackCOMRAM                          1        1       55        1       1
                cstackBANK0                          60       60       87       60       1
                bssBANK1                            100      100       B0      100       1
                dataBANK0                            FB       FB        1       60       1
                bssBANK0                             E7       E7       14       60       1
                bssCOMRAM                            56       56        5        1       1
                cinit                              3CC0     3CC0       3E      716       0
                idataBANK0                         3F26     3F26        1      716       0

TOTAL           Name                               Link     Load   Length     Space
        CLASS   CODE           
                intcode                               8        8       42         0
                init                                 4A       4A        4         0
                reset_vec                             0        0        4         0
                text50                             3D9A     3D9A       2C         0
                text49                             3E44     3E44       2A         0
                text47                             3EEC     3EEC        E         0
                text46                             3E1A     3E1A       2A         0
                text45                             3D6A     3D6A       30         0
                text44                             3DF0     3DF0       2A         0
                text43                             3E6E     3E6E       28         0
                text42                             3F1A     3F1A        A         0
                text41                             3F10     3F10        A         0
                text40                             3EFA     3EFA        C         0
                text39                             3E96     3E96       20         0
                text38                             3D36     3D36       34         0
                text37                             2110     2110      39A         0
                text36                             2C40     2C40      1B4         0
                text35                             2DF4     2DF4      18A         0
                text34                             3EB6     3EB6       1E         0
                text33                             3C3E     3C3E       42         0
                text32                             3F06     3F06        A         0
                text31                             3B20     3B20       50         0
                text30                             3AD0     3AD0       50         0
                text29                             3A80     3A80       50         0
                text28                             3A30     3A30       50         0
                text27                             38DC     38DC       5E         0
                text26                             3ED4     3ED4       18         0
                text25                             3DC6     3DC6       2A         0
                text24                             2F7E     2F7E      188         0
                text23                             3106     3106      164         0
                text22                             3C80     3C80       40         0
                text21                             3F24     3F24        2         0
                text20                             3688     3688       CA         0
                text19                             3BFA     3BFA       44         0
                text18                             37FC     37FC       7A         0
                text17                             27B0     27B0      27E         0
                text16                             3752     3752       AA         0
                text15                             3486     3486      104         0
                text14                             1CE6     1CE6      42A         0
                text13                             3CFE     3CFE       38         0
                text12                             1826     1826      4C0         0
                text11                             3B70     3B70       46         0
                text10                             3380     3380      106         0
                text9                              358A     358A       FE         0
                text8                              2A2E     2A2E      212         0
                text7                              3876     3876       66         0
                text6                              39E0     39E0       50         0
                text5                              3BB6     3BB6       44         0
                text4                               E2C      E2C      9FA         0
                text3                              24AA     24AA      306         0
                text2                              393A     393A       54         0
                text1                              398E     398E       52         0
                text0                              326A     326A      116         0
                cinit                              3CC0     3CC0       3E         0
                idataBANK0                         3F26     3F26        1         0

        CLASS   CONST          

        CLASS   SMALLCONST     
                smallconst                          E00      E00       2C         0

        CLASS   MEDIUMCONST    

        CLASS   COMRAM         
                temp                                 5B       5B        1         1
                cstackCOMRAM                          1        1       55         1
                bssCOMRAM                            56       56        5         1

        CLASS   ABS1           

        CLASS   BIGRAM         

        CLASS   RAM            

        CLASS   BANK0          
                cstackBANK0                          60       60       87         1
                dataBANK0                            FB       FB        1         1
                bssBANK0                             E7       E7       14         1

        CLASS   BANK1          
                bssBANK1                            100      100       B0         1

        CLASS   BANK2          

        CLASS   BANK3          

        CLASS   BANK4          

        CLASS   BANK5          

        CLASS   BANK6          

        CLASS   BANK7          

        CLASS   BANK8          

        CLASS   BANK9          

        CLASS   BANK10         

        CLASS   BANK11         

        CLASS   BANK12         

        CLASS   BANK13         

        CLASS   SFR            

        CLASS   BIGSFR         

        CLASS   CONFIG         
                config                           300000   300000        C         4

        CLASS   IDLOC          
                idloc                            200000   200000       10         5

        CLASS   EEDATA         

        CLASS   FARRAM         

        CLASS   HEAP           

        CLASS   STACK          



SEGMENTS        Name                           Load    Length   Top    Selector   Space  Class

                reset_vec                      000000  000004  000004         0       0  CODE    
                cstackCOMRAM                   000001  00005B  00005C         1       1  COMRAM  
                intcode                        000008  000046  00004E         4       0  CODE    
                cstackBANK0                    000060  00009C  0000FC        60       1  BANK0   
                bssBANK1                       000100  0000B0  0001B0       100       1  BANK1   
                smallconst                     000E00  00002C  000E2C       700       0  SMALLCON
                text4                          000E2C  0030FB  003F27       716       0  CODE    


UNUSED ADDRESS RANGES

        Name                Unused          Largest block    Delta
        BANK0            0000FC-0000FF                4
        BANK1            0001B0-0001FF               50
        BANK10           000A00-000AFF              100
        BANK11           000B00-000BFF              100
        BANK12           000C00-000CFF              100
        BANK13           000D00-000DE9               EA
        BANK2            000200-0002FF              100
        BANK3            000300-0003FF              100
        BANK4            000400-0004FF              100
        BANK5            000500-0005FF              100
        BANK6            000600-0006FF              100
        BANK7            000700-0007FF              100
        BANK8            000800-0008FF              100
        BANK9            000900-0009FF              100
        BIGRAM           00005C-00005F                4
                         0000FC-0000FF                4
                         0001B0-000DE9              C3A
        BIGSFR           000DEF-000FFF              211
        CODE             000004-000007                4
                         00004E-000DFF              DB2
                         003F27-01FFFF            1C0D9
        COMRAM           00005C-00005F                4
        CONST            000004-000007                4
                         00004E-000DFF              DB2
                         003F27-01FFFF            1C0D9
        EEDATA           310000-3103FF              400
        MEDIUMCONST      003F27-00FFFF             C0D9
                         010E00-01FFFF             F200
        RAM              0000FC-0000FF                4
                         0001B0-000DE9              100
        SFR              000DEF-000FFF              100
        SMALLCONST       003F27-01FFFF              100

                                  Symbol Table

?___aodiv                      cstackCOMRAM 000005
?___aomod                      cstackCOMRAM 000005
?___fladd                      cstackCOMRAM 000005
?___fldiv                      cstackCOMRAM 000005
?___flmul                      cstackCOMRAM 000005
?___flneg                      cstackCOMRAM 000005
?___flsub                      cstackCOMRAM 00001E
?___fltol                      cstackCOMRAM 000005
?___fpclassifyf                cstackCOMRAM 000005
?___xxtofl                     cstackCOMRAM 000005
?_abs                          cstackCOMRAM 000017
?_color_read_Blue              cstackCOMRAM 000009
?_color_read_Green             cstackCOMRAM 000009
?_color_read_Red               cstackCOMRAM 000009
?_color_read_lum               cstackCOMRAM 000009
?_floorf                       cstackCOMRAM 00001E
?_labs                         cstackCOMRAM 000005
?_sprintf                      cstackBANK0  000094
?_vfprintf                     cstackBANK0  00008C
I2C_2_Master_Read@ack          cstackCOMRAM 000007
I2C_2_Master_Read@tmp          cstackCOMRAM 000008
I2C_2_Master_Write@data_byte   cstackCOMRAM 000006
TxBufferedString@string        cstackCOMRAM 000006
_ANSELDbits                    (abs)        000EA7
_BAUD4CONbits                  (abs)        000EE9
_DataFlag                      dataBANK0    0000FB
_EUSART4RXbuf                  bssBANK1     00013C
_EUSART4TXbuf                  bssBANK1     000100
_HighISR                       intcode      000008
_I2C_2_Master_Idle             text43       003E6E
_I2C_2_Master_Init             text44       003DF0
_I2C_2_Master_Read             text33       003C3E
_I2C_2_Master_RepStart         text32       003F06
_I2C_2_Master_Start            text42       003F1A
_I2C_2_Master_Stop             text41       003F10
_I2C_2_Master_Write            text40       003EFA
_INTCONbits                    (abs)        000FF2
_Interrupts_init               text47       003EEC
_LATAbits                      (abs)        000F79
_LATFbits                      (abs)        000F7E
_LATGbits                      (abs)        000F7F
_PIE2bits                      (abs)        000E2B
_PIE4bits                      (abs)        000E2D
_PIR4bits                      (abs)        000E37
_RC0PPS                        (abs)        000E62
_RC4REG                        (abs)        000EE3
_RC4STAbits                    (abs)        000EE7
_RD5PPS                        (abs)        000E6F
_RD6PPS                        (abs)        000E70
_RX4PPS                        (abs)        000E15
_RxBufReadCnt                  bssCOMRAM    000059
_RxBufWriteCnt                 bssCOMRAM    00005A
_SP4BRGH                       (abs)        000EE6
_SP4BRGL                       (abs)        000EE5
_SSP2ADD                       (abs)        000ED6
_SSP2BUF                       (abs)        000ED5
_SSP2CLKPPS                    (abs)        000E1C
_SSP2CON1bits                  (abs)        000ED9
_SSP2CON2                      (abs)        000EDA
_SSP2CON2bits                  (abs)        000EDA
_SSP2DATPPS                    (abs)        000E1D
_SSP2STAT                      (abs)        000ED8
_TRISAbits                     (abs)        000F81
_TRISDbits                     (abs)        000F84
_TRISFbits                     (abs)        000F86
_TRISGbits                     (abs)        000F87
_TX4REG                        (abs)        000EE4
_TX4STAbits                    (abs)        000EE8
_TxBufReadCnt                  bssCOMRAM    000057
_TxBufWriteCnt                 bssCOMRAM    000058
_TxBufferedString              text45       003D6A
__HRAM                         (abs)        000000
__Habs1                        abs1         000000
__Hbank0                       bank0        000000
__Hbank1                       bank1        000000
__Hbank10                      bank10       000000
__Hbank11                      bank11       000000
__Hbank12                      bank12       000000
__Hbank13                      bank13       000000
__Hbank2                       bank2        000000
__Hbank3                       bank3        000000
__Hbank4                       bank4        000000
__Hbank5                       bank5        000000
__Hbank6                       bank6        000000
__Hbank7                       bank7        000000
__Hbank8                       bank8        000000
__Hbank9                       bank9        000000
__Hbigbss                      bigbss       000000
__Hbigdata                     bigdata      000000
__Hbigram                      bigram       000000
__Hbigsfr                      bigsfr       000000
__Hbss                         bss          000000
__HbssBANK0                    bssBANK0     000000
__HbssBANK1                    bssBANK1     000000
__HbssCOMRAM                   bssCOMRAM    000000
__Hcinit                       cinit        000000
__Hclrtext                     clrtext      000000
__Hcomram                      comram       000000
__Hconfig                      config       30000C
__Hconst                       const        000000
__HcstackBANK0                 cstackBANK0  000000
__HcstackCOMRAM                cstackCOMRAM 000000
__Hdata                        data         000000
__HdataBANK0                   dataBANK0    000000
__Heeprom_data                 eeprom_data  000000
__Hfarbss                      farbss       000000
__Hfardata                     fardata      000000
__Hheap                        heap         000000
__Hibigdata                    ibigdata     000000
__Hidata                       idata        000000
__HidataBANK0                  idataBANK0   000000
__Hidloc                       idloc        200010
__Hifardata                    ifardata     000000
__Hinit                        init         00004E
__Hintcode                     intcode      00004A
__Hintcode_body                intcode_body 000000
__Hintcodelo                   intcodelo    00004A
__Hintentry                    intentry     000000
__Hintret                      intret       000000
__Hintsave_regs                intsave_regs 000000
__Hirdata                      irdata       000000
__Hmediumconst                 mediumconst  000000
__HnvFARRAM                    nvFARRAM     000000
__Hnvbit                       nvbit        000000
__Hnvrram                      nvrram       000000
__Hparam                       rparam       000000
__Hpowerup                     powerup      00004A
__Hram                         ram          000000
__Hramtop                      ramtop       000E00
__Hrbit                        rbit         000000
__Hrbss                        rbss         000000
__Hrdata                       rdata        000000
__Hreset_vec                   reset_vec    000004
__Hrparam                      rparam       000000
__Hsfr                         sfr          000000
__Hsmallconst                  smallconst   000E2C
__Hspace_0                     (abs)        003F27
__Hspace_1                     (abs)        0001B0
__Hspace_2                     (abs)        000000
__Hspace_4                     (abs)        60000C
__Hstack                       stack        000000
__Hstruct                      struct       000000
__Htemp                        temp         00005C
__Htext                        text         000000
__Htext0                       text0        000000
__Htext1                       text1        000000
__Htext10                      text10       000000
__Htext11                      text11       000000
__Htext12                      text12       000000
__Htext13                      text13       000000
__Htext14                      text14       000000
__Htext15                      text15       000000
__Htext16                      text16       000000
__Htext17                      text17       000000
__Htext18                      text18       000000
__Htext19                      text19       000000
__Htext2                       text2        000000
__Htext20                      text20       000000
__Htext21                      text21       000000
__Htext22                      text22       000000
__Htext23                      text23       000000
__Htext24                      text24       000000
__Htext25                      text25       000000
__Htext26                      text26       000000
__Htext27                      text27       000000
__Htext28                      text28       000000
__Htext29                      text29       000000
__Htext3                       text3        000000
__Htext30                      text30       000000
__Htext31                      text31       000000
__Htext32                      text32       000000
__Htext33                      text33       000000
__Htext34                      text34       000000
__Htext35                      text35       000000
__Htext36                      text36       000000
__Htext37                      text37       000000
__Htext38                      text38       000000
__Htext39                      text39       000000
__Htext4                       text4        000000
__Htext40                      text40       000000
__Htext41                      text41       000000
__Htext42                      text42       000000
__Htext43                      text43       000000
__Htext44                      text44       000000
__Htext45                      text45       000000
__Htext46                      text46       000000
__Htext47                      text47       000000
__Htext49                      text49       000000
__Htext5                       text5        000000
__Htext50                      text50       000000
__Htext6                       text6        000000
__Htext7                       text7        000000
__Htext8                       text8        000000
__Htext9                       text9        000000
__LRAM                         (abs)        000001
__Labs1                        abs1         000000
__Lbank0                       bank0        000000
__Lbank1                       bank1        000000
__Lbank10                      bank10       000000
__Lbank11                      bank11       000000
__Lbank12                      bank12       000000
__Lbank13                      bank13       000000
__Lbank2                       bank2        000000
__Lbank3                       bank3        000000
__Lbank4                       bank4        000000
__Lbank5                       bank5        000000
__Lbank6                       bank6        000000
__Lbank7                       bank7        000000
__Lbank8                       bank8        000000
__Lbank9                       bank9        000000
__Lbigbss                      bigbss       000000
__Lbigdata                     bigdata      000000
__Lbigram                      bigram       000000
__Lbigsfr                      bigsfr       000000
__Lbss                         bss          000000
__LbssBANK0                    bssBANK0     000000
__LbssBANK1                    bssBANK1     000000
__LbssCOMRAM                   bssCOMRAM    000000
__Lcinit                       cinit        000000
__Lclrtext                     clrtext      000000
__Lcomram                      comram       000000
__Lconfig                      config       000000
__Lconst                       const        000000
__LcstackBANK0                 cstackBANK0  000000
__LcstackCOMRAM                cstackCOMRAM 000000
__Ldata                        data         000000
__LdataBANK0                   dataBANK0    000000
__Leeprom_data                 eeprom_data  000000
__Lfarbss                      farbss       000000
__Lfardata                     fardata      000000
__Lheap                        heap         000000
__Libigdata                    ibigdata     000000
__Lidata                       idata        000000
__LidataBANK0                  idataBANK0   000000
__Lidloc                       idloc        000000
__Lifardata                    ifardata     000000
__Linit                        init         00004A
__Lintcode                     intcode      000008
__Lintcode_body                intcode_body 000000
__Lintcodelo                   intcodelo    00004A
__Lintentry                    intentry     000000
__Lintret                      intret       000000
__Lintsave_regs                intsave_regs 000000
__Lirdata                      irdata       000000
__Lmediumconst                 mediumconst  000000
__LnvFARRAM                    nvFARRAM     000000
__Lnvbit                       nvbit        000000
__Lnvrram                      nvrram       000000
__Lparam                       rparam       000000
__Lpowerup                     powerup      00004A
__Lram                         ram          000000
__Lramtop                      ramtop       000E00
__Lrbit                        rbit         000000
__Lrbss                        rbss         000000
__Lrdata                       rdata        000000
__Lreset_vec                   reset_vec    000000
__Lrparam                      rparam       000000
__Lsfr                         sfr          000000
__Lsmallconst                  smallconst   000E00
__Lspace_0                     (abs)        000000
__Lspace_1                     (abs)        000000
__Lspace_2                     (abs)        000000
__Lspace_4                     (abs)        000000
__Lstack                       stack        000000
__Lstruct                      struct       000000
__Ltemp                        temp         00005B
__Ltext                        text         000000
__Ltext0                       text0        000000
__Ltext1                       text1        000000
__Ltext10                      text10       000000
__Ltext11                      text11       000000
__Ltext12                      text12       000000
__Ltext13                      text13       000000
__Ltext14                      text14       000000
__Ltext15                      text15       000000
__Ltext16                      text16       000000
__Ltext17                      text17       000000
__Ltext18                      text18       000000
__Ltext19                      text19       000000
__Ltext2                       text2        000000
__Ltext20                      text20       000000
__Ltext21                      text21       000000
__Ltext22                      text22       000000
__Ltext23                      text23       000000
__Ltext24                      text24       000000
__Ltext25                      text25       000000
__Ltext26                      text26       000000
__Ltext27                      text27       000000
__Ltext28                      text28       000000
__Ltext29                      text29       000000
__Ltext3                       text3        000000
__Ltext30                      text30       000000
__Ltext31                      text31       000000
__Ltext32                      text32       000000
__Ltext33                      text33       000000
__Ltext34                      text34       000000
__Ltext35                      text35       000000
__Ltext36                      text36       000000
__Ltext37                      text37       000000
__Ltext38                      text38       000000
__Ltext39                      text39       000000
__Ltext4                       text4        000000
__Ltext40                      text40       000000
__Ltext41                      text41       000000
__Ltext42                      text42       000000
__Ltext43                      text43       000000
__Ltext44                      text44       000000
__Ltext45                      text45       000000
__Ltext46                      text46       000000
__Ltext47                      text47       000000
__Ltext49                      text49       000000
__Ltext5                       text5        000000
__Ltext50                      text50       000000
__Ltext6                       text6        000000
__Ltext7                       text7        000000
__Ltext8                       text8        000000
__Ltext9                       text9        000000
__S0                           (abs)        003F27
__S1                           (abs)        0001B0
__S4                           (abs)        000000
__S5                           (abs)        000000
___aodiv                       text24       002F7E
___aodiv@counter               cstackCOMRAM 000015
___aodiv@dividend              cstackCOMRAM 000005
___aodiv@divisor               cstackCOMRAM 00000D
___aodiv@quotient              cstackCOMRAM 000017
___aodiv@sign                  cstackCOMRAM 000016
___aomod                       text23       003106
___aomod@counter               cstackCOMRAM 000015
___aomod@dividend              cstackCOMRAM 000005
___aomod@divisor               cstackCOMRAM 00000D
___aomod@sign                  cstackCOMRAM 000016
___fladd                       text12       001826
___fladd@a                     cstackCOMRAM 000009
___fladd@aexp                  cstackCOMRAM 000012
___fladd@b                     cstackCOMRAM 000005
___fladd@bexp                  cstackCOMRAM 000013
___fladd@grs                   cstackCOMRAM 000014
___fladd@signs                 cstackCOMRAM 000011
___fldiv                       text37       002110
___fldiv@a                     cstackCOMRAM 000009
___fldiv@aexp                  cstackCOMRAM 00001D
___fldiv@b                     cstackCOMRAM 000005
___fldiv@bexp                  cstackCOMRAM 00001C
___fldiv@grs                   cstackCOMRAM 000018
___fldiv@new_exp               cstackCOMRAM 000016
___fldiv@rem                   cstackCOMRAM 000011
___fldiv@sign                  cstackCOMRAM 000015
___fleq                        text16       003752
___fleq@ff1                    cstackCOMRAM 000005
___fleq@ff2                    cstackCOMRAM 000009
___flge                        text15       003486
___flge@ff1                    cstackCOMRAM 00001E
___flge@ff2                    cstackCOMRAM 000022
___flmul                       text14       001CE6
___flmul@a                     cstackCOMRAM 000009
___flmul@aexp                  cstackCOMRAM 000012
___flmul@b                     cstackCOMRAM 000005
___flmul@bexp                  cstackCOMRAM 000017
___flmul@grs                   cstackCOMRAM 000013
___flmul@prod                  cstackCOMRAM 000018
___flmul@sign                  cstackCOMRAM 000011
___flmul@temp                  cstackCOMRAM 00001C
___flneg                       text13       003CFE
___flneg@f1                    cstackCOMRAM 000005
___flsub                       text11       003B70
___flsub@a                     cstackCOMRAM 000022
___flsub@b                     cstackCOMRAM 00001E
___fltol                       text10       003380
___fltol@exp1                  cstackCOMRAM 00000E
___fltol@f1                    cstackCOMRAM 000005
___fltol@sign1                 cstackCOMRAM 00000D
___fpclassifyf                 text9        00358A
___fpclassifyf@F465            bssBANK0     0000EB
___fpclassifyf@e               cstackCOMRAM 00000D
___fpclassifyf@u               cstackCOMRAM 00000F
___fpclassifyf@x               cstackCOMRAM 000005
___heap_hi                     (abs)        000000
___heap_lo                     (abs)        000000
___inthi_sp                    stack        000000
___intlo_sp                    stack        000000
___param_bank                  (abs)        000000
___rparam_used                 (abs)        000001
___sp                          stack        000000
___xxtofl                      text36       002C40
___xxtofl@arg                  cstackCOMRAM 00000F
___xxtofl@exp                  cstackCOMRAM 00000E
___xxtofl@sign                 cstackCOMRAM 00000D
___xxtofl@val                  cstackCOMRAM 000005
__accesstop                    (abs)        000060
__activetblptr                 (abs)        000003
__end_of_HighISR               intcode      00004A
__end_of_I2C_2_Master_Idle     text43       003E96
__end_of_I2C_2_Master_Init     text44       003E1A
__end_of_I2C_2_Master_Read     text33       003C80
__end_of_I2C_2_Master_RepStart text32       003F10
__end_of_I2C_2_Master_Start    text42       003F24
__end_of_I2C_2_Master_Stop     text41       003F1A
__end_of_I2C_2_Master_Write    text40       003F06
__end_of_Interrupts_init       text47       003EFA
__end_of_TxBufferedString      text45       003D9A
__end_of___aodiv               text24       003106
__end_of___aomod               text23       00326A
__end_of___fladd               text12       001CE6
__end_of___fldiv               text37       0024AA
__end_of___fleq                text16       0037FC
__end_of___flge                text15       00358A
__end_of___flmul               text14       002110
__end_of___flneg               text13       003D36
__end_of___flsub               text11       003BB6
__end_of___fltol               text10       003486
__end_of___fpclassifyf         text9        003688
__end_of___xxtofl              text36       002DF4
__end_of__initialization       cinit        003CF4
__end_of_abs                   text22       003CC0
__end_of_color_click_init      text38       003D6A
__end_of_color_read_Blue       text31       003B70
__end_of_color_read_Green      text30       003B20
__end_of_color_read_Red        text29       003AD0
__end_of_color_read_lum        text28       003A80
__end_of_color_writetoaddr     text39       003EB6
__end_of_colour_rel            text35       002F7E
__end_of_dtoa                  text17       002A2E
__end_of_efgtoa                text4        001826
__end_of_floorf                text8        002C40
__end_of_fputc                 text20       003752
__end_of_fputs                 text19       003C3E
__end_of_getCharFromTxBuf      text50       003DC6
__end_of_initUSART4            text34       003ED4
__end_of_isDataInTxBuf         text26       003EEC
__end_of_labs                  text7        0038DC
__end_of_main                  text0        003380
__end_of_memcpy                text6        003A30
__end_of_pad                   text18       003876
__end_of_putCharToRxBuf        text49       003E6E
__end_of_putCharToTxBuf        text46       003E44
__end_of_putch                 text21       003F26
__end_of_readColours           text27       00393A
__end_of_sendTxBuf             text25       003DF0
__end_of_sprintf               text1        0039E0
__end_of_strcpy                text5        003BFA
__end_of_vfpfcnvrt             text3        0027B0
__end_of_vfprintf              text2        00398E
__initialization               cinit        003CC0
__mediumconst                  mediumconst  000000
__pbssBANK0                    bssBANK0     0000E7
__pbssBANK1                    bssBANK1     000100
__pbssCOMRAM                   bssCOMRAM    000056
__pcinit                       cinit        003CC0
__pcstackBANK0                 cstackBANK0  000060
__pcstackCOMRAM                cstackCOMRAM 000001
__pdataBANK0                   dataBANK0    0000FB
__pidataBANK0                  idataBANK0   003F26
__pintcode                     intcode      000008
__psmallconst                  smallconst   000E00
__ptext0                       text0        00326A
__ptext1                       text1        00398E
__ptext10                      text10       003380
__ptext11                      text11       003B70
__ptext12                      text12       001826
__ptext13                      text13       003CFE
__ptext14                      text14       001CE6
__ptext15                      text15       003486
__ptext16                      text16       003752
__ptext17                      text17       0027B0
__ptext18                      text18       0037FC
__ptext19                      text19       003BFA
__ptext2                       text2        00393A
__ptext20                      text20       003688
__ptext21                      text21       003F24
__ptext22                      text22       003C80
__ptext23                      text23       003106
__ptext24                      text24       002F7E
__ptext25                      text25       003DC6
__ptext26                      text26       003ED4
__ptext27                      text27       0038DC
__ptext28                      text28       003A30
__ptext29                      text29       003A80
__ptext3                       text3        0024AA
__ptext30                      text30       003AD0
__ptext31                      text31       003B20
__ptext32                      text32       003F06
__ptext33                      text33       003C3E
__ptext34                      text34       003EB6
__ptext35                      text35       002DF4
__ptext36                      text36       002C40
__ptext37                      text37       002110
__ptext38                      text38       003D36
__ptext39                      text39       003E96
__ptext4                       text4        000E2C
__ptext40                      text40       003EFA
__ptext41                      text41       003F10
__ptext42                      text42       003F1A
__ptext43                      text43       003E6E
__ptext44                      text44       003DF0
__ptext45                      text45       003D6A
__ptext46                      text46       003E1A
__ptext47                      text47       003EEC
__ptext49                      text49       003E44
__ptext5                       text5        003BB6
__ptext50                      text50       003D9A
__ptext6                       text6        0039E0
__ptext7                       text7        003876
__ptext8                       text8        002A2E
__ptext9                       text9        00358A
__ramtop                       ramtop       000E00
__smallconst                   smallconst   000E00
_abs                           text22       003C80
_color_click_init              text38       003D36
_color_read_Blue               text31       003B20
_color_read_Green              text30       003AD0
_color_read_Red                text29       003A80
_color_read_lum                text28       003A30
_color_writetoaddr             text39       003E96
_colour_rel                    text35       002DF4
_dbuf                          bssBANK1     000150
_dtoa                          text17       0027B0
_dtoa$1450                     cstackCOMRAM 000032
_efgtoa                        text4        000E2C
_efgtoa$1481                   cstackBANK0  000066
_flags                         bssCOMRAM    000056
_floorf                        text8        002A2E
_fputc                         text20       003688
_fputs                         text19       003BFA
_getCharFromTxBuf              text50       003D9A
_initUSART4                    text34       003EB6
_isDataInTxBuf                 text26       003ED4
_labs                          text7        003876
_main                          text0        00326A
_memcpy                        text6        0039E0
_pad                           text18       0037FC
_prec                          bssBANK0     0000F1
_putCharToRxBuf                text49       003E44
_putCharToTxBuf                text46       003E1A
_putch                         text21       003F24
_readColours                   text27       0038DC
_rel                           bssBANK1     0001A0
_sendTxBuf                     text25       003DC6
_sprintf                       text1        00398E
_strcpy                        text5        003BB6
_vals                          bssBANK0     0000F3
_vfpfcnvrt                     text3        0024AA
_vfprintf                      text2        00393A
_width                         bssBANK0     0000EF
abs@a                          cstackCOMRAM 000017
btemp                          temp         00005B
color_read_Blue@tmp            cstackCOMRAM 00000E
color_read_Green@tmp           cstackCOMRAM 00000E
color_read_Red@tmp             cstackCOMRAM 00000E
color_read_lum@tmp             cstackCOMRAM 00000E
color_writetoaddr@address      cstackCOMRAM 000008
color_writetoaddr@value        cstackCOMRAM 000007
colour_rel@B                   cstackCOMRAM 00002A
colour_rel@G                   cstackCOMRAM 000026
colour_rel@L                   cstackCOMRAM 00002E
colour_rel@R                   cstackCOMRAM 000022
colour_rel@rel                 cstackCOMRAM 000020
colour_rel@vals                cstackCOMRAM 00001E
dtoa@d                         cstackCOMRAM 000022
dtoa@fp                        cstackCOMRAM 000020
dtoa@i                         cstackCOMRAM 000041
dtoa@n                         cstackCOMRAM 000038
dtoa@p                         cstackCOMRAM 000034
dtoa@s                         cstackCOMRAM 000040
dtoa@w                         cstackCOMRAM 000036
efgtoa@c                       cstackCOMRAM 000038
efgtoa@d                       cstackBANK0  00006B
efgtoa@e                       cstackBANK0  00006F
efgtoa@f                       cstackCOMRAM 000034
efgtoa@fp                      cstackCOMRAM 000032
efgtoa@g                       cstackBANK0  000082
efgtoa@h                       cstackBANK0  000079
efgtoa@i                       cstackBANK0  000077
efgtoa@l                       cstackBANK0  00007D
efgtoa@m                       cstackBANK0  00006D
efgtoa@mode                    cstackBANK0  000069
efgtoa@n                       cstackBANK0  000086
efgtoa@ne                      cstackBANK0  000060
efgtoa@nmode                   cstackBANK0  00006A
efgtoa@ou                      cstackBANK0  000073
efgtoa@p                       cstackBANK0  000062
efgtoa@pp                      cstackBANK0  000068
efgtoa@sign                    cstackBANK0  000081
efgtoa@t                       cstackBANK0  000064
efgtoa@u                       cstackBANK0  000088
efgtoa@w                       cstackBANK0  000071
end_of_initialization          cinit        003CF4
floorf@F526                    bssBANK0     0000E7
floorf@e                       cstackCOMRAM 00002C
floorf@m                       cstackCOMRAM 000028
floorf@u                       cstackCOMRAM 00002E
floorf@x                       cstackCOMRAM 00001E
fputc@c                        cstackCOMRAM 000005
fputc@fp                       cstackCOMRAM 000007
fputs@c                        cstackCOMRAM 000012
fputs@fp                       cstackCOMRAM 000010
fputs@i                        cstackCOMRAM 000013
fputs@s                        cstackCOMRAM 00000E
int$flags                      temp         00005B
intlevel0                      text         000000
intlevel1                      text         000000
intlevel2                      text         000000
intlevel3                      text         000000
isa$std                        (abs)        000001
isa$xinst                      (abs)        000000
labs@a                         cstackCOMRAM 000005
main@buf                       cstackBANK0  0000B5
memcpy@d                       cstackCOMRAM 00000C
memcpy@d1                      cstackCOMRAM 000005
memcpy@n                       cstackCOMRAM 000009
memcpy@s                       cstackCOMRAM 00000E
memcpy@s1                      cstackCOMRAM 000007
memcpy@tmp                     cstackCOMRAM 00000B
pad@buf                        cstackCOMRAM 000017
pad@fp                         cstackCOMRAM 000015
pad@i                          cstackCOMRAM 00001C
pad@p                          cstackCOMRAM 000019
pad@w                          cstackCOMRAM 00001E
putCharToRxBuf@byte            cstackCOMRAM 000001
putCharToTxBuf@byte            cstackCOMRAM 000005
readColours@vals               cstackCOMRAM 000010
sprintf@ap                     cstackBANK0  0000A6
sprintf@f                      cstackBANK0  0000A8
sprintf@fmt                    cstackBANK0  000096
sprintf@s                      cstackBANK0  000094
stackhi                        (abs)        000000
stacklo                        (abs)        000000
start                          init         00004A
start_initialization           cinit        003CC0
strcpy@d                       cstackCOMRAM 00000B
strcpy@dest                    cstackCOMRAM 000005
strcpy@s                       cstackCOMRAM 000009
strcpy@src                     cstackCOMRAM 000007
ttemp5                         temp         00005C
ttemp6                         temp         00005F
ttemp7                         temp         000063
vfpfcnvrt@ap                   cstackCOMRAM 000047
vfpfcnvrt@c                    cstackCOMRAM 000053
vfpfcnvrt@convarg              cstackCOMRAM 00004B
vfpfcnvrt@cp                   cstackCOMRAM 000054
vfpfcnvrt@fmt                  cstackCOMRAM 000045
vfpfcnvrt@fp                   cstackCOMRAM 000043
vfprintf@ap                    cstackBANK0  000090
vfprintf@cfmt                  cstackBANK0  000092
vfprintf@fmt                   cstackBANK0  00008E
vfprintf@fp                    cstackBANK0  00008C
wtemp8                         temp         00005C


MODULE INFORMATION

Module		Function		Class		Link	Load	Size
C:\Program Files\Microchip\xc8\v2.40\pic\sources\c99\common\sprcmul.c
		___flmul       		CODE           	1CE6	0000	1066

C:\Program Files\Microchip\xc8\v2.40\pic\sources\c99\common\sprcmul.c estimated size: 1066

C:\Program Files\Microchip\xc8\v2.40\pic\sources\c99\common\nf_fputc.c
		_fputc         		CODE           	3688	0000	202

C:\Program Files\Microchip\xc8\v2.40\pic\sources\c99\common\nf_fputc.c estimated size: 202

serial.c
		_putCharToRxBuf		CODE           	3E44	0000	42
		_putCharToTxBuf		CODE           	3E1A	0000	42
		_isDataInTxBuf 		CODE           	3ED4	0000	24
		_TxBufferedString		CODE           	3D6A	0000	48
		_getCharFromTxBuf		CODE           	3D9A	0000	44
		_sendTxBuf     		CODE           	3DC6	0000	42
		_initUSART4    		CODE           	3EB6	0000	30

serial.c estimated size: 272

C:\Program Files\Microchip\xc8\v2.40\pic\sources\c99\common\sprcdiv.c
		___fldiv       		CODE           	2110	0000	922

C:\Program Files\Microchip\xc8\v2.40\pic\sources\c99\common\sprcdiv.c estimated size: 922

C:\Program Files\Microchip\xc8\v2.40\pic\sources\c99\common\nf_sprintf.c
		_sprintf       		CODE           	398E	0000	82

C:\Program Files\Microchip\xc8\v2.40\pic\sources\c99\common\nf_sprintf.c estimated size: 82

C:\Program Files\Microchip\xc8\v2.40\pic\sources\c99\common\memcpy.c
		_memcpy        		CODE           	39E0	0000	80

C:\Program Files\Microchip\xc8\v2.40\pic\sources\c99\common\memcpy.c estimated size: 80

color.c
		_color_writetoaddr		CODE           	3E96	0000	32
		_readColours   		CODE           	38DC	0000	94
		_color_click_init		CODE           	3D36	0000	52
		_colour_rel    		CODE           	2DF4	0000	394
		_color_read_Green		CODE           	3AD0	0000	80
		_color_read_Red		CODE           	3A80	0000	80
		_color_read_lum		CODE           	3A30	0000	80
		_color_read_Blue		CODE           	3B20	0000	80

color.c estimated size: 892

C:\Program Files\Microchip\xc8\v2.40\pic\sources\c99\common\fltol.c
		___fltol       		CODE           	3380	0000	262

C:\Program Files\Microchip\xc8\v2.40\pic\sources\c99\common\fltol.c estimated size: 262

C:\Program Files\Microchip\xc8\v2.40\pic\sources\c99\common\fleq.c
		___fleq        		CODE           	3752	0000	170

C:\Program Files\Microchip\xc8\v2.40\pic\sources\c99\common\fleq.c estimated size: 170

interrupts.c
		_Interrupts_init		CODE           	3EEC	0000	14
		_HighISR       		CODE           	0008	0000	66

interrupts.c estimated size: 80

C:\Program Files\Microchip\xc8\v2.40\pic\sources\c99\common\abs.c
		_abs           		CODE           	3C80	0000	64

C:\Program Files\Microchip\xc8\v2.40\pic\sources\c99\common\abs.c estimated size: 64

i2c.c
		_I2C_2_Master_Start		CODE           	3F1A	0000	10
		_I2C_2_Master_Read		CODE           	3C3E	0000	66
		_I2C_2_Master_Idle		CODE           	3E6E	0000	40
		_I2C_2_Master_Init		CODE           	3DF0	0000	42
		_I2C_2_Master_Stop		CODE           	3F10	0000	10
		_I2C_2_Master_RepStart		CODE           	3F06	0000	10
		_I2C_2_Master_Write		CODE           	3EFA	0000	12

i2c.c estimated size: 190

C:\Program Files\Microchip\xc8\v2.40\pic\sources\c99\common\__fpclassifyf.c
		___fpclassifyf 		CODE           	358A	0000	254

C:\Program Files\Microchip\xc8\v2.40\pic\sources\c99\common\__fpclassifyf.c estimated size: 254

C:\Program Files\Microchip\xc8\v2.40\pic\sources\c99\common\sprcadd.c
		___flsub       		CODE           	3B70	0000	70
		___fladd       		CODE           	1826	0000	1216

C:\Program Files\Microchip\xc8\v2.40\pic\sources\c99\common\sprcadd.c estimated size: 1286

C:\Program Files\Microchip\xc8\v2.40\pic\sources\c99\common\floorf.c
		_floorf        		CODE           	2A2E	0000	530

C:\Program Files\Microchip\xc8\v2.40\pic\sources\c99\common\floorf.c estimated size: 530

C:\Program Files\Microchip\xc8\v2.40\pic\sources\c99\common\flneg.c
		___flneg       		CODE           	3CFE	0000	56

C:\Program Files\Microchip\xc8\v2.40\pic\sources\c99\common\flneg.c estimated size: 56

C:\Program Files\Microchip\xc8\v2.40\pic\sources\c99\common\labs.c
		_labs          		CODE           	3876	0000	102

C:\Program Files\Microchip\xc8\v2.40\pic\sources\c99\common\labs.c estimated size: 102

C:\Program Files\Microchip\xc8\v2.40\pic\sources\c99\common\xxtofl.c
		___xxtofl      		CODE           	2C40	0000	436

C:\Program Files\Microchip\xc8\v2.40\pic\sources\c99\common\xxtofl.c estimated size: 436

C:\Program Files\Microchip\xc8\v2.40\pic\sources\c99\common\nf_fputs.c
		_fputs         		CODE           	3BFA	0000	68

C:\Program Files\Microchip\xc8\v2.40\pic\sources\c99\common\nf_fputs.c estimated size: 68

C:\Program Files\Microchip\xc8\v2.40\pic\sources\c99\common\aomod.c
		___aomod       		CODE           	3106	0000	356

C:\Program Files\Microchip\xc8\v2.40\pic\sources\c99\common\aomod.c estimated size: 356

shared
		__initialization		CODE           	3CC0	0000	52

shared estimated size: 52

C:\Program Files\Microchip\xc8\v2.40\pic\sources\c99\common\strcpy.c
		_strcpy        		CODE           	3BB6	0000	68

C:\Program Files\Microchip\xc8\v2.40\pic\sources\c99\common\strcpy.c estimated size: 68

C:\Program Files\Microchip\xc8\v2.40\pic\sources\c99\common\flge.c
		___flge        		CODE           	3486	0000	260

C:\Program Files\Microchip\xc8\v2.40\pic\sources\c99\common\flge.c estimated size: 260

C:\Program Files\Microchip\xc8\v2.40\pic\sources\c99\common\putch.c
		_putch         		CODE           	3F24	0000	2

C:\Program Files\Microchip\xc8\v2.40\pic\sources\c99\common\putch.c estimated size: 2

C:\Program Files\Microchip\xc8\v2.40\pic\sources\c99\common\doprnt.c
		_vfpfcnvrt     		CODE           	24AA	0000	774
		_efgtoa        		CODE           	0E2C	0000	2554
		_pad           		CODE           	37FC	0000	122
		_dtoa          		CODE           	27B0	0000	638
		_vfprintf      		CODE           	393A	0000	84

C:\Program Files\Microchip\xc8\v2.40\pic\sources\c99\common\doprnt.c estimated size: 4172

main.c
		_main          		CODE           	326A	0000	278

main.c estimated size: 278

C:\Program Files\Microchip\xc8\v2.40\pic\sources\c99\common\aodiv.c
		___aodiv       		CODE           	2F7E	0000	392

C:\Program Files\Microchip\xc8\v2.40\pic\sources\c99\common\aodiv.c estimated size: 392

