Microchip MPLAB XC8 Compiler V2.40

Linker command line:

-W-3 \
  --edf=C:\Program Files\Microchip\xc8\v2.40\pic\dat\20220703182018_en.msgs \
  -cn \
  -h+dist/default/production\final-project-josh-and-edward.X.production.sym \
  --cmf=dist/default/production\final-project-josh-and-edward.X.production.cmf \
  -z -Q18F67K40 -oC:\Users\jford\AppData\Local\Temp\xcAsd84.4 \
  --defsym=__MPLAB_BUILD=1 --fixupoverflow=error \
  -Mdist/default/production/final-project-josh-and-edward.X.production.map \
  --md=C:\Users\jford\AppData\Local\Temp\xcAsd84.dat -E1 -ver=XC8 Compiler \
  --acfsm=1493 -ACODE=00h-01FFFFh -ACONST=00h-01FFFFh \
  -ASMALLCONST=0E00h-0EFFhx498 -AMEDIUMCONST=0E00h-0FFFFh,010E00h-01FFFFh \
  -ACOMRAM=01h-05Fh -AABS1=00h-0DE9h -ABIGRAM=01h-0DE9h \
  -ARAM=060h-0FFh,0100h-01FFhx12,0D00h-0DE9h -ABANK0=060h-0FFh \
  -ABANK1=0100h-01FFh -ABANK2=0200h-02FFh -ABANK3=0300h-03FFh \
  -ABANK4=0400h-04FFh -ABANK5=0500h-05FFh -ABANK6=0600h-06FFh \
  -ABANK7=0700h-07FFh -ABANK8=0800h-08FFh -ABANK9=0900h-09FFh \
  -ABANK10=0A00h-0AFFh -ABANK11=0B00h-0BFFh -ABANK12=0C00h-0CFFh \
  -ABANK13=0D00h-0DE9h \
  -ASFR=0DEFh-0DFFh,0E00h-0EFFh,0F00h-0F5Fh,0F60h-0FFFh \
  -ABIGSFR=0DEFh-0FFFh -ACONFIG=0300000h-030000Bh -AIDLOC=0200000h-020000Fh \
  -AEEDATA=0310000h-03103FFh -peeprom_data=EEDATA \
  -preset_vec=00h,intcode=08h,intcodelo,powerup,init -pramtop=0E00h \
  -psmallconst=SMALLCONST -pmediumconst=MEDIUMCONST -pconst=CONST \
  -AFARRAM=00h-00h \
  -prdata=COMRAM,nvrram=COMRAM,nvbit=COMRAM,rbss=COMRAM,rbit=COMRAM \
  -pfarbss=FARRAM,fardata=FARRAM,nvFARRAM=FARRAM \
  -pintsave_regs=BIGRAM,bigbss=BIGRAM,bigdata=BIGRAM -pbss=RAM \
  -pidata=CODE,irdata=CODE,ibigdata=CODE,ifardata=CODE -prparam=COMRAM \
  C:\Users\jford\AppData\Local\Temp\xcAsd84.o \
  dist/default/production\final-project-josh-and-edward.X.production.o 

Object code version is 3.11

Machine type is 18F67K40



                Name                               Link     Load   Length Selector   Space Scale
C:\Users\jford\AppData\Local\Temp\xcAsd84.o
                idloc                            200000   200000       10        0       5
                config                           300000   300000        C        0       4
                init                                  E        E        4        4       0
                reset_vec                             0        0        4        0       0
dist/default/production\final-project-josh-and-edward.X.production.o
                intcode                               8        8        6        4       0
                idloc                            200000   200000       10        0       5
                config                           300000   300000        C        0       4
                temp                                 5F       5F        1        1       1
                smallconst                          E00      E00       26      700       0
                text68                             2700     2700      39A      713       0
                text67                             3CC6     3CC6       AA      713       0
                text66                             3A4E     3A4E      104      713       0
                text65                             22D6     22D6      42A      713       0
                text64                             1E16     1E16      4C0      713       0
                text63                             4A40     4A40       46      713       0
                text62                             32F2     32F2      1B4      713       0
                text61                              E26      E26      ADC      713       0
                text60                             4306     4306       74      713       0
                text59                             4CA8     4CA8       26      713       0
                text58                             362E     362E      16C      713       0
                text57                             3F4A     3F4A       9E      713       0
                text56                             420E     420E       7E      713       0
                text55                             45BC     45BC       5A      713       0
                text54                             4D78     4D78        2      713       0
                text53                             3EAC     3EAC       9E      713       0
                text52                             4562     4562       5A      713       0
                text51                             4508     4508       5A      713       0
                text50                             3E0E     3E0E       9E      713       0
                text49                             466E     466E       58      713       0
                text48                             4860     4860       52      713       0
                text47                             418C     418C       82      713       0
                text46                             4CEE     4CEE       20      713       0
                text45                             3D70     3D70       9E      713       0
                text44                             4616     4616       58      713       0
                text43                             480E     480E       52      713       0
                text42                             4C30     4C30       2A      713       0
                text41                             4C5A     4C5A       28      713       0
                text40                             4D64     4D64        A      713       0
                text39                             4D5A     4D5A        A      713       0
                text38                             4D44     4D44        C      713       0
                text37                             4CCE     4CCE       20      713       0
                text36                             47BC     47BC       52      713       0
                text35                             2A9A     2A9A      32E      713       0
                text34                             4C82     4C82       26      713       0
                text33                             43EA     43EA       66      713       0
                text32                             4B8A     4B8A       3E      713       0
                text31                             476A     476A       52      713       0
                text30                             4718     4718       52      713       0
                text29                             4B4C     4B4C       3E      713       0
                text28                             44AE     44AE       5A      713       0
                text27                             4076     4076       8E      713       0
                text26                             3FE8     3FE8       8E      713       0
                text25                             4BC8     4BC8       38      713       0
                text24                             3C1C     3C1C       AA      713       0
                text23                             2DC8     2DC8      2AC      713       0
                text22                             4104     4104       88      713       0
                text21                             4D0E     4D0E       1E      713       0
                text20                             4ACA     4ACA       42      713       0
                text19                             4D50     4D50        A      713       0
                text18                             49A2     49A2       50      713       0
                text17                             4952     4952       50      713       0
                text16                             4902     4902       50      713       0
                text15                             48B2     48B2       50      713       0
                text14                             4450     4450       5E      713       0
                text13                             4D2C     4D2C       18      713       0
                text12                             4C00     4C00       30      713       0
                text11                             34A6     34A6      188      713       0
                text10                             379A     379A      164      713       0
                text9                              4B0C     4B0C       40      713       0
                text8                              4D76     4D76        2      713       0
                text7                              3B52     3B52       CA      713       0
                text6                              4A86     4A86       44      713       0
                text5                              428C     428C       7A      713       0
                text4                              3074     3074      27E      713       0
                text3                              38FE     38FE      150      713       0
                text2                              49F2     49F2       4E      713       0
                text1                              46C6     46C6       52      713       0
                text0                              1902     1902      514      713       0
                cstackCOMRAM                          1        1       5A        1       1
                cstackBANK0                          60       60       90       60       1
                bssBANK2                            200      200       64      200       1
                dataBANK1                           1CF      1CF        8      100       1
                bssBANK1                            100      100       CF      100       1
                dataBANK0                            FE       FE        1       60       1
                bssBANK0                             F0       F0        E       60       1
                bssCOMRAM                            5B       5B        4        1       1
                cinit                              437A     437A       70      713       0
                idataBANK1                         4D6E     4D6E        8      713       0
                idataBANK0                         4D7A     4D7A        1      713       0

TOTAL           Name                               Link     Load   Length     Space
        CLASS   CODE           
                intcode                               8        8        6         0
                init                                  E        E        4         0
                reset_vec                             0        0        4         0
                text68                             2700     2700      39A         0
                text67                             3CC6     3CC6       AA         0
                text66                             3A4E     3A4E      104         0
                text65                             22D6     22D6      42A         0
                text64                             1E16     1E16      4C0         0
                text63                             4A40     4A40       46         0
                text62                             32F2     32F2      1B4         0
                text61                              E26      E26      ADC         0
                text60                             4306     4306       74         0
                text59                             4CA8     4CA8       26         0
                text58                             362E     362E      16C         0
                text57                             3F4A     3F4A       9E         0
                text56                             420E     420E       7E         0
                text55                             45BC     45BC       5A         0
                text54                             4D78     4D78        2         0
                text53                             3EAC     3EAC       9E         0
                text52                             4562     4562       5A         0
                text51                             4508     4508       5A         0
                text50                             3E0E     3E0E       9E         0
                text49                             466E     466E       58         0
                text48                             4860     4860       52         0
                text47                             418C     418C       82         0
                text46                             4CEE     4CEE       20         0
                text45                             3D70     3D70       9E         0
                text44                             4616     4616       58         0
                text43                             480E     480E       52         0
                text42                             4C30     4C30       2A         0
                text41                             4C5A     4C5A       28         0
                text40                             4D64     4D64        A         0
                text39                             4D5A     4D5A        A         0
                text38                             4D44     4D44        C         0
                text37                             4CCE     4CCE       20         0
                text36                             47BC     47BC       52         0
                text35                             2A9A     2A9A      32E         0
                text34                             4C82     4C82       26         0
                text33                             43EA     43EA       66         0
                text32                             4B8A     4B8A       3E         0
                text31                             476A     476A       52         0
                text30                             4718     4718       52         0
                text29                             4B4C     4B4C       3E         0
                text28                             44AE     44AE       5A         0
                text27                             4076     4076       8E         0
                text26                             3FE8     3FE8       8E         0
                text25                             4BC8     4BC8       38         0
                text24                             3C1C     3C1C       AA         0
                text23                             2DC8     2DC8      2AC         0
                text22                             4104     4104       88         0
                text21                             4D0E     4D0E       1E         0
                text20                             4ACA     4ACA       42         0
                text19                             4D50     4D50        A         0
                text18                             49A2     49A2       50         0
                text17                             4952     4952       50         0
                text16                             4902     4902       50         0
                text15                             48B2     48B2       50         0
                text14                             4450     4450       5E         0
                text13                             4D2C     4D2C       18         0
                text12                             4C00     4C00       30         0
                text11                             34A6     34A6      188         0
                text10                             379A     379A      164         0
                text9                              4B0C     4B0C       40         0
                text8                              4D76     4D76        2         0
                text7                              3B52     3B52       CA         0
                text6                              4A86     4A86       44         0
                text5                              428C     428C       7A         0
                text4                              3074     3074      27E         0
                text3                              38FE     38FE      150         0
                text2                              49F2     49F2       4E         0
                text1                              46C6     46C6       52         0
                text0                              1902     1902      514         0
                cinit                              437A     437A       70         0
                idataBANK1                         4D6E     4D6E        8         0
                idataBANK0                         4D7A     4D7A        1         0

        CLASS   CONST          

        CLASS   SMALLCONST     
                smallconst                          E00      E00       26         0

        CLASS   MEDIUMCONST    

        CLASS   COMRAM         
                temp                                 5F       5F        1         1
                cstackCOMRAM                          1        1       5A         1
                bssCOMRAM                            5B       5B        4         1

        CLASS   ABS1           

        CLASS   BIGRAM         

        CLASS   RAM            

        CLASS   BANK0          
                cstackBANK0                          60       60       90         1
                dataBANK0                            FE       FE        1         1
                bssBANK0                             F0       F0        E         1

        CLASS   BANK1          
                dataBANK1                           1CF      1CF        8         1
                bssBANK1                            100      100       CF         1

        CLASS   BANK2          
                bssBANK2                            200      200       64         1

        CLASS   BANK3          

        CLASS   BANK4          

        CLASS   BANK5          

        CLASS   BANK6          

        CLASS   BANK7          

        CLASS   BANK8          

        CLASS   BANK9          

        CLASS   BANK10         

        CLASS   BANK11         

        CLASS   BANK12         

        CLASS   BANK13         

        CLASS   SFR            

        CLASS   BIGSFR         

        CLASS   CONFIG         
                config                           300000   300000        C         4

        CLASS   IDLOC          
                idloc                            200000   200000       10         5

        CLASS   EEDATA         

        CLASS   FARRAM         

        CLASS   HEAP           

        CLASS   STACK          



SEGMENTS        Name                           Load    Length   Top    Selector   Space  Class

                reset_vec                      000000  000004  000004         0       0  CODE    
                cstackCOMRAM                   000001  00005F  000060         1       1  COMRAM  
                intcode                        000008  00000A  000012         4       0  CODE    
                cstackBANK0                    000060  00009F  0000FF        60       1  BANK0   
                bssBANK1                       000100  0000D7  0001D7       100       1  BANK1   
                bssBANK2                       000200  000064  000264       200       1  BANK2   
                smallconst                     000E00  000026  000E26       700       0  SMALLCON
                text61                         000E26  003F55  004D7B       713       0  CODE    


UNUSED ADDRESS RANGES

        Name                Unused          Largest block    Delta
        BANK0            0000FF-0000FF                1
        BANK1            0001D7-0001FF               29
        BANK10           000A00-000AFF              100
        BANK11           000B00-000BFF              100
        BANK12           000C00-000CFF              100
        BANK13           000D00-000DE9               EA
        BANK2            000264-0002FF               9C
        BANK3            000300-0003FF              100
        BANK4            000400-0004FF              100
        BANK5            000500-0005FF              100
        BANK6            000600-0006FF              100
        BANK7            000700-0007FF              100
        BANK8            000800-0008FF              100
        BANK9            000900-0009FF              100
        BIGRAM           0000FF-0000FF                1
                         0001D7-0001FF               29
                         000264-000DE9              B86
        BIGSFR           000DEF-000FFF              211
        CODE             000004-000007                4
                         000012-000DFF              DEE
                         004D7B-01FFFF            1B285
        CONST            000004-000007                4
                         000012-000DFF              DEE
                         004D7B-01FFFF            1B285
        EEDATA           310000-3103FF              400
        MEDIUMCONST      004D7B-00FFFF             B285
                         010E00-01FFFF             F200
        RAM              0000FF-0000FF                1
                         0001D7-0001FF               29
                         000264-000DE9              100
        SFR              000DEF-000FFF              100
        SMALLCONST       004D7B-01FFFF              100

                                  Symbol Table

?_Colour_decider               cstackCOMRAM 00004B
?___aodiv                      cstackCOMRAM 000001
?___aomod                      cstackCOMRAM 000001
?___fladd                      cstackCOMRAM 000001
?___fldiv                      cstackCOMRAM 000019
?___flmul                      cstackCOMRAM 000032
?___flsub                      cstackCOMRAM 000011
?___lwdiv                      cstackCOMRAM 000007
?___wmul                       cstackCOMRAM 000001
?___xxtofl                     cstackCOMRAM 000001
?_abs                          cstackCOMRAM 000013
?_color_read_Blue              cstackCOMRAM 000005
?_color_read_Green             cstackCOMRAM 000005
?_color_read_Red               cstackCOMRAM 000005
?_color_read_lum               cstackCOMRAM 000005
?_sprintf                      cstackBANK0  000060
?_vfprintf                     cstackCOMRAM 000051
BlueMove@mL                    cstackCOMRAM 000020
BlueMove@mR                    cstackCOMRAM 000022
Colour_decider@Cmax            cstackBANK0  000072
Colour_decider@Cmax_i          cstackBANK0  000064
Colour_decider@Cmin            cstackBANK0  000076
Colour_decider@Hue             cstackBANK0  00007C
Colour_decider@RGB_col         cstackBANK0  000066
Colour_decider@i               cstackBANK0  00007A
Colour_decider@rel             cstackCOMRAM 00004D
Colour_decider@vals            cstackCOMRAM 00004B
ForwardOneBlock@mL             cstackCOMRAM 00001A
ForwardOneBlock@mR             cstackCOMRAM 00001C
Forwardhalfblock@mL            cstackCOMRAM 00001A
Forwardhalfblock@mR            cstackCOMRAM 00001C
GreenMove@mL                   cstackCOMRAM 000020
GreenMove@mR                   cstackCOMRAM 000022
I2C_2_Master_Read@ack          cstackCOMRAM 000003
I2C_2_Master_Read@tmp          cstackCOMRAM 000004
I2C_2_Master_Write@data_byte   cstackCOMRAM 000002
LightBlueMove@mL               cstackCOMRAM 000020
LightBlueMove@mR               cstackCOMRAM 000022
OrangeMove@mL                  cstackCOMRAM 000020
OrangeMove@mR                  cstackCOMRAM 000022
PinkMove@mL                    cstackCOMRAM 000020
PinkMove@mR                    cstackCOMRAM 000022
RedMove@mL                     cstackCOMRAM 000020
RedMove@mR                     cstackCOMRAM 000022
RetryMove@mL                   cstackCOMRAM 00001A
RetryMove@mR                   cstackCOMRAM 00001C
ReversePink@mL                 cstackCOMRAM 000020
ReversePink@mR                 cstackCOMRAM 000022
ReverseYellow@mL               cstackCOMRAM 000020
ReverseYellow@mR               cstackCOMRAM 000022
YellowMove@mL                  cstackCOMRAM 000020
YellowMove@mR                  cstackCOMRAM 000022
_ANSELDbits                    (abs)        000EA7
_ANSELFbits                    (abs)        000EB4
_BAUD4CONbits                  (abs)        000EE9
_BlueMove                      text33       0043EA
_CCP1CONbits                   (abs)        000FAB
_CCP2CONbits                   (abs)        000FA7
_CCP3CONbits                   (abs)        000F26
_CCP4CONbits                   (abs)        000F22
_CCPR1H                        (abs)        000FAA
_CCPR2H                        (abs)        000FA6
_CCPR3H                        (abs)        000F25
_CCPR4H                        (abs)        000F21
_CCPTMRS0bits                  (abs)        000FAD
_Colour_decider                text61       000E26
_Colour_decider$2838           cstackBANK0  000060
_DataFlag                      dataBANK0    0000FE
_EUSART4RXbuf                  bssBANK1     00013C
_EUSART4TXbuf                  bssBANK1     000100
_ForwardOneBlock               text28       0044AE
_Forwardhalfblock              text55       0045BC
_GreenMove                     text32       004B8A
_HighISR                       intcode      000008
_I2C_2_Master_Idle             text41       004C5A
_I2C_2_Master_Init             text42       004C30
_I2C_2_Master_Read             text20       004ACA
_I2C_2_Master_RepStart         text19       004D50
_I2C_2_Master_Start            text40       004D64
_I2C_2_Master_Stop             text39       004D5A
_I2C_2_Master_Write            text38       004D44
_Interrupts_init               text54       004D78
_LATAbits                      (abs)        000F79
_LATDbits                      (abs)        000F7C
_LATFbits                      (abs)        000F7E
_LATGbits                      (abs)        000F7F
_LightBlueMove                 text31       00476A
_OrangeMove                    text30       004718
_PIE4bits                      (abs)        000E2D
_PIR4bits                      (abs)        000E37
_PORTFbits                     (abs)        000F8E
_PinkMove                      text48       004860
_RC0PPS                        (abs)        000E62
_RC4REG                        (abs)        000EE3
_RC4STAbits                    (abs)        000EE7
_RC7PPS                        (abs)        000E69
_RD5PPS                        (abs)        000E6F
_RD6PPS                        (abs)        000E70
_RE2PPS                        (abs)        000E74
_RE4PPS                        (abs)        000E76
_RG6PPS                        (abs)        000E88
_RX4PPS                        (abs)        000E15
_RedMove                       text29       004B4C
_RetryMove                     text47       00418C
_ReversePink                   text27       004076
_ReverseYellow                 text26       003FE8
_RunOneBlockTime               dataBANK1    0001D1
_RxBufReadCnt                  bssCOMRAM    00005D
_RxBufWriteCnt                 bssCOMRAM    00005E
_SP4BRGH                       (abs)        000EE6
_SP4BRGL                       (abs)        000EE5
_SSP2ADD                       (abs)        000ED6
_SSP2BUF                       (abs)        000ED5
_SSP2CLKPPS                    (abs)        000E1C
_SSP2CON1bits                  (abs)        000ED9
_SSP2CON2                      (abs)        000EDA
_SSP2CON2bits                  (abs)        000EDA
_SSP2DATPPS                    (abs)        000E1D
_SSP2STAT                      (abs)        000ED8
_T0CON0bits                    (abs)        000FD5
_T0CON1bits                    (abs)        000FD6
_T2CLKCONbits                  (abs)        000FBF
_T2CONbits                     (abs)        000FBD
_T2HLTbits                     (abs)        000FBE
_T2PR                          (abs)        000FBC
_TMR0H                         (abs)        000FD4
_TMR0L                         (abs)        000FD3
_TRISAbits                     (abs)        000F81
_TRISCbits                     (abs)        000F83
_TRISDbits                     (abs)        000F84
_TRISEbits                     (abs)        000F85
_TRISFbits                     (abs)        000F86
_TRISGbits                     (abs)        000F87
_TX4REG                        (abs)        000EE4
_TX4STAbits                    (abs)        000EE8
_Time_forward                  bssBANK2     000200
_Timer0_init                   text46       004CEE
_Turn45Delay                   dataBANK1    0001D3
_TxBufReadCnt                  bssCOMRAM    00005B
_TxBufWriteCnt                 bssCOMRAM    00005C
_WayBack                       bssBANK1     000160
_YellowMove                    text43       00480E
__HRAM                         (abs)        000000
__Habs1                        abs1         000000
__Hbank0                       bank0        000000
__Hbank1                       bank1        000000
__Hbank10                      bank10       000000
__Hbank11                      bank11       000000
__Hbank12                      bank12       000000
__Hbank13                      bank13       000000
__Hbank2                       bank2        000000
__Hbank3                       bank3        000000
__Hbank4                       bank4        000000
__Hbank5                       bank5        000000
__Hbank6                       bank6        000000
__Hbank7                       bank7        000000
__Hbank8                       bank8        000000
__Hbank9                       bank9        000000
__Hbigbss                      bigbss       000000
__Hbigdata                     bigdata      000000
__Hbigram                      bigram       000000
__Hbigsfr                      bigsfr       000000
__Hbss                         bss          000000
__HbssBANK0                    bssBANK0     000000
__HbssBANK1                    bssBANK1     000000
__HbssBANK2                    bssBANK2     000000
__HbssCOMRAM                   bssCOMRAM    000000
__Hcinit                       cinit        000000
__Hclrtext                     clrtext      000000
__Hcomram                      comram       000000
__Hconfig                      config       30000C
__Hconst                       const        000000
__HcstackBANK0                 cstackBANK0  000000
__HcstackCOMRAM                cstackCOMRAM 000000
__Hdata                        data         000000
__HdataBANK0                   dataBANK0    000000
__HdataBANK1                   dataBANK1    000000
__Heeprom_data                 eeprom_data  000000
__Hfarbss                      farbss       000000
__Hfardata                     fardata      000000
__Hheap                        heap         000000
__Hibigdata                    ibigdata     000000
__Hidata                       idata        000000
__HidataBANK0                  idataBANK0   000000
__HidataBANK1                  idataBANK1   000000
__Hidloc                       idloc        200010
__Hifardata                    ifardata     000000
__Hinit                        init         000012
__Hintcode                     intcode      00000E
__Hintcode_body                intcode_body 000000
__Hintcodelo                   intcodelo    00000E
__Hintentry                    intentry     000000
__Hintret                      intret       000000
__Hintsave_regs                intsave_regs 000000
__Hirdata                      irdata       000000
__Hmediumconst                 mediumconst  000000
__HnvFARRAM                    nvFARRAM     000000
__Hnvbit                       nvbit        000000
__Hnvrram                      nvrram       000000
__Hparam                       rparam       000000
__Hpowerup                     powerup      00000E
__Hram                         ram          000000
__Hramtop                      ramtop       000E00
__Hrbit                        rbit         000000
__Hrbss                        rbss         000000
__Hrdata                       rdata        000000
__Hreset_vec                   reset_vec    000004
__Hrparam                      rparam       000000
__Hsfr                         sfr          000000
__Hsmallconst                  smallconst   000E26
__Hspace_0                     (abs)        004D7B
__Hspace_1                     (abs)        000264
__Hspace_2                     (abs)        000000
__Hspace_4                     (abs)        60000C
__Hstack                       stack        000000
__Hstruct                      struct       000000
__Htemp                        temp         000060
__Htext                        text         000000
__Htext0                       text0        000000
__Htext1                       text1        000000
__Htext10                      text10       000000
__Htext11                      text11       000000
__Htext12                      text12       000000
__Htext13                      text13       000000
__Htext14                      text14       000000
__Htext15                      text15       000000
__Htext16                      text16       000000
__Htext17                      text17       000000
__Htext18                      text18       000000
__Htext19                      text19       000000
__Htext2                       text2        000000
__Htext20                      text20       000000
__Htext21                      text21       000000
__Htext22                      text22       000000
__Htext23                      text23       000000
__Htext24                      text24       000000
__Htext25                      text25       000000
__Htext26                      text26       000000
__Htext27                      text27       000000
__Htext28                      text28       000000
__Htext29                      text29       000000
__Htext3                       text3        000000
__Htext30                      text30       000000
__Htext31                      text31       000000
__Htext32                      text32       000000
__Htext33                      text33       000000
__Htext34                      text34       000000
__Htext35                      text35       000000
__Htext36                      text36       000000
__Htext37                      text37       000000
__Htext38                      text38       000000
__Htext39                      text39       000000
__Htext4                       text4        000000
__Htext40                      text40       000000
__Htext41                      text41       000000
__Htext42                      text42       000000
__Htext43                      text43       000000
__Htext44                      text44       000000
__Htext45                      text45       000000
__Htext46                      text46       000000
__Htext47                      text47       000000
__Htext48                      text48       000000
__Htext49                      text49       000000
__Htext5                       text5        000000
__Htext50                      text50       000000
__Htext51                      text51       000000
__Htext52                      text52       000000
__Htext53                      text53       000000
__Htext54                      text54       000000
__Htext55                      text55       000000
__Htext56                      text56       000000
__Htext57                      text57       000000
__Htext58                      text58       000000
__Htext59                      text59       000000
__Htext6                       text6        000000
__Htext60                      text60       000000
__Htext61                      text61       000000
__Htext62                      text62       000000
__Htext63                      text63       000000
__Htext64                      text64       000000
__Htext65                      text65       000000
__Htext66                      text66       000000
__Htext67                      text67       000000
__Htext68                      text68       000000
__Htext7                       text7        000000
__Htext8                       text8        000000
__Htext9                       text9        000000
__LRAM                         (abs)        000001
__Labs1                        abs1         000000
__Lbank0                       bank0        000000
__Lbank1                       bank1        000000
__Lbank10                      bank10       000000
__Lbank11                      bank11       000000
__Lbank12                      bank12       000000
__Lbank13                      bank13       000000
__Lbank2                       bank2        000000
__Lbank3                       bank3        000000
__Lbank4                       bank4        000000
__Lbank5                       bank5        000000
__Lbank6                       bank6        000000
__Lbank7                       bank7        000000
__Lbank8                       bank8        000000
__Lbank9                       bank9        000000
__Lbigbss                      bigbss       000000
__Lbigdata                     bigdata      000000
__Lbigram                      bigram       000000
__Lbigsfr                      bigsfr       000000
__Lbss                         bss          000000
__LbssBANK0                    bssBANK0     000000
__LbssBANK1                    bssBANK1     000000
__LbssBANK2                    bssBANK2     000000
__LbssCOMRAM                   bssCOMRAM    000000
__Lcinit                       cinit        000000
__Lclrtext                     clrtext      000000
__Lcomram                      comram       000000
__Lconfig                      config       000000
__Lconst                       const        000000
__LcstackBANK0                 cstackBANK0  000000
__LcstackCOMRAM                cstackCOMRAM 000000
__Ldata                        data         000000
__LdataBANK0                   dataBANK0    000000
__LdataBANK1                   dataBANK1    000000
__Leeprom_data                 eeprom_data  000000
__Lfarbss                      farbss       000000
__Lfardata                     fardata      000000
__Lheap                        heap         000000
__Libigdata                    ibigdata     000000
__Lidata                       idata        000000
__LidataBANK0                  idataBANK0   000000
__LidataBANK1                  idataBANK1   000000
__Lidloc                       idloc        000000
__Lifardata                    ifardata     000000
__Linit                        init         00000E
__Lintcode                     intcode      000008
__Lintcode_body                intcode_body 000000
__Lintcodelo                   intcodelo    00000E
__Lintentry                    intentry     000000
__Lintret                      intret       000000
__Lintsave_regs                intsave_regs 000000
__Lirdata                      irdata       000000
__Lmediumconst                 mediumconst  000000
__LnvFARRAM                    nvFARRAM     000000
__Lnvbit                       nvbit        000000
__Lnvrram                      nvrram       000000
__Lparam                       rparam       000000
__Lpowerup                     powerup      00000E
__Lram                         ram          000000
__Lramtop                      ramtop       000E00
__Lrbit                        rbit         000000
__Lrbss                        rbss         000000
__Lrdata                       rdata        000000
__Lreset_vec                   reset_vec    000000
__Lrparam                      rparam       000000
__Lsfr                         sfr          000000
__Lsmallconst                  smallconst   000E00
__Lspace_0                     (abs)        000000
__Lspace_1                     (abs)        000000
__Lspace_2                     (abs)        000000
__Lspace_4                     (abs)        000000
__Lstack                       stack        000000
__Lstruct                      struct       000000
__Ltemp                        temp         00005F
__Ltext                        text         000000
__Ltext0                       text0        000000
__Ltext1                       text1        000000
__Ltext10                      text10       000000
__Ltext11                      text11       000000
__Ltext12                      text12       000000
__Ltext13                      text13       000000
__Ltext14                      text14       000000
__Ltext15                      text15       000000
__Ltext16                      text16       000000
__Ltext17                      text17       000000
__Ltext18                      text18       000000
__Ltext19                      text19       000000
__Ltext2                       text2        000000
__Ltext20                      text20       000000
__Ltext21                      text21       000000
__Ltext22                      text22       000000
__Ltext23                      text23       000000
__Ltext24                      text24       000000
__Ltext25                      text25       000000
__Ltext26                      text26       000000
__Ltext27                      text27       000000
__Ltext28                      text28       000000
__Ltext29                      text29       000000
__Ltext3                       text3        000000
__Ltext30                      text30       000000
__Ltext31                      text31       000000
__Ltext32                      text32       000000
__Ltext33                      text33       000000
__Ltext34                      text34       000000
__Ltext35                      text35       000000
__Ltext36                      text36       000000
__Ltext37                      text37       000000
__Ltext38                      text38       000000
__Ltext39                      text39       000000
__Ltext4                       text4        000000
__Ltext40                      text40       000000
__Ltext41                      text41       000000
__Ltext42                      text42       000000
__Ltext43                      text43       000000
__Ltext44                      text44       000000
__Ltext45                      text45       000000
__Ltext46                      text46       000000
__Ltext47                      text47       000000
__Ltext48                      text48       000000
__Ltext49                      text49       000000
__Ltext5                       text5        000000
__Ltext50                      text50       000000
__Ltext51                      text51       000000
__Ltext52                      text52       000000
__Ltext53                      text53       000000
__Ltext54                      text54       000000
__Ltext55                      text55       000000
__Ltext56                      text56       000000
__Ltext57                      text57       000000
__Ltext58                      text58       000000
__Ltext59                      text59       000000
__Ltext6                       text6        000000
__Ltext60                      text60       000000
__Ltext61                      text61       000000
__Ltext62                      text62       000000
__Ltext63                      text63       000000
__Ltext64                      text64       000000
__Ltext65                      text65       000000
__Ltext66                      text66       000000
__Ltext67                      text67       000000
__Ltext68                      text68       000000
__Ltext7                       text7        000000
__Ltext8                       text8        000000
__Ltext9                       text9        000000
__S0                           (abs)        004D7B
__S1                           (abs)        000264
__S4                           (abs)        000000
__S5                           (abs)        000000
___aodiv                       text11       0034A6
___aodiv@counter               cstackCOMRAM 000011
___aodiv@dividend              cstackCOMRAM 000001
___aodiv@divisor               cstackCOMRAM 000009
___aodiv@quotient              cstackCOMRAM 000013
___aodiv@sign                  cstackCOMRAM 000012
___aomod                       text10       00379A
___aomod@counter               cstackCOMRAM 000011
___aomod@dividend              cstackCOMRAM 000001
___aomod@divisor               cstackCOMRAM 000009
___aomod@sign                  cstackCOMRAM 000012
___fladd                       text64       001E16
___fladd@a                     cstackCOMRAM 000005
___fladd@aexp                  cstackCOMRAM 00000E
___fladd@b                     cstackCOMRAM 000001
___fladd@bexp                  cstackCOMRAM 00000F
___fladd@grs                   cstackCOMRAM 000010
___fladd@signs                 cstackCOMRAM 00000D
___fldiv                       text68       002700
___fldiv@a                     cstackCOMRAM 00001D
___fldiv@aexp                  cstackCOMRAM 000031
___fldiv@b                     cstackCOMRAM 000019
___fldiv@bexp                  cstackCOMRAM 000030
___fldiv@grs                   cstackCOMRAM 00002C
___fldiv@new_exp               cstackCOMRAM 00002A
___fldiv@rem                   cstackCOMRAM 000025
___fldiv@sign                  cstackCOMRAM 000029
___fleq                        text67       003CC6
___fleq@ff1                    cstackCOMRAM 000019
___fleq@ff2                    cstackCOMRAM 00001D
___flge                        text66       003A4E
___flge@ff1                    cstackCOMRAM 000001
___flge@ff2                    cstackCOMRAM 000005
___flmul                       text65       0022D6
___flmul@a                     cstackCOMRAM 000036
___flmul@aexp                  cstackCOMRAM 000043
___flmul@b                     cstackCOMRAM 000032
___flmul@bexp                  cstackCOMRAM 000044
___flmul@grs                   cstackCOMRAM 00003F
___flmul@prod                  cstackCOMRAM 000045
___flmul@sign                  cstackCOMRAM 00003E
___flmul@temp                  cstackCOMRAM 000049
___flsub                       text63       004A40
___flsub@a                     cstackCOMRAM 000015
___flsub@b                     cstackCOMRAM 000011
___heap_hi                     (abs)        000000
___heap_lo                     (abs)        000000
___inthi_sp                    stack        000000
___intlo_sp                    stack        000000
___lwdiv                       text60       004306
___lwdiv@counter               cstackCOMRAM 00000D
___lwdiv@dividend              cstackCOMRAM 000007
___lwdiv@divisor               cstackCOMRAM 000009
___lwdiv@quotient              cstackCOMRAM 00000B
___param_bank                  (abs)        000000
___rparam_used                 (abs)        000001
___sp                          stack        000000
___wmul                        text59       004CA8
___wmul@multiplicand           cstackCOMRAM 000003
___wmul@multiplier             cstackCOMRAM 000001
___wmul@product                cstackCOMRAM 000005
___xxtofl                      text62       0032F2
___xxtofl@arg                  cstackCOMRAM 00000B
___xxtofl@exp                  cstackCOMRAM 00000A
___xxtofl@sign                 cstackCOMRAM 000009
___xxtofl@val                  cstackCOMRAM 000001
__accesstop                    (abs)        000060
__activetblptr                 (abs)        000001
__end_of_BlueMove              text33       004450
__end_of_Colour_decider        text61       001902
__end_of_ForwardOneBlock       text28       004508
__end_of_Forwardhalfblock      text55       004616
__end_of_GreenMove             text32       004BC8
__end_of_HighISR               intcode      00000E
__end_of_I2C_2_Master_Idle     text41       004C82
__end_of_I2C_2_Master_Init     text42       004C5A
__end_of_I2C_2_Master_Read     text20       004B0C
__end_of_I2C_2_Master_RepStart text19       004D5A
__end_of_I2C_2_Master_Start    text40       004D6E
__end_of_I2C_2_Master_Stop     text39       004D64
__end_of_I2C_2_Master_Write    text38       004D50
__end_of_Interrupts_init       text54       004D7A
__end_of_LightBlueMove         text31       0047BC
__end_of_OrangeMove            text30       00476A
__end_of_PinkMove              text48       0048B2
__end_of_RedMove               text29       004B8A
__end_of_RetryMove             text47       00420E
__end_of_ReversePink           text27       004104
__end_of_ReverseYellow         text26       004076
__end_of_Timer0_init           text46       004D0E
__end_of_YellowMove            text43       004860
__end_of___aodiv               text11       00362E
__end_of___aomod               text10       0038FE
__end_of___fladd               text64       0022D6
__end_of___fldiv               text68       002A9A
__end_of___fleq                text67       003D70
__end_of___flge                text66       003B52
__end_of___flmul               text65       002700
__end_of___flsub               text63       004A86
__end_of___lwdiv               text60       00437A
__end_of___wmul                text59       004CCE
__end_of___xxtofl              text62       0034A6
__end_of__initialization       cinit        0043D8
__end_of_abs                   text9        004B4C
__end_of_color_click_init      text36       00480E
__end_of_color_read_Blue       text18       0049F2
__end_of_color_read_Green      text17       0049A2
__end_of_color_read_Red        text16       004952
__end_of_color_read_lum        text15       004902
__end_of_color_writetoaddr     text37       004CEE
__end_of_colour_rel            text35       002DC8
__end_of_delayed_ms            text25       004C00
__end_of_dtoa                  text4        0032F2
__end_of_fputc                 text7        003C1C
__end_of_fputs                 text6        004ACA
__end_of_fullSpeedAhead        text57       003FE8
__end_of_fullSpeedBack         text53       003F4A
__end_of_getTMR0val            text34       004CA8
__end_of_go_Home               text23       003074
__end_of_initDCmotorsPWM       text22       00418C
__end_of_initUSART4            text21       004D2C
__end_of_main                  text0        001E16
__end_of_pad                   text5        004306
__end_of_putch                 text8        004D78
__end_of_readColours           text14       0044AE
__end_of_reverseDetect         text52       0045BC
__end_of_reverseOneBlock       text51       004562
__end_of_sendCharSerial4       text13       004D44
__end_of_sendStringSerial4     text12       004C30
__end_of_setMotorPWM           text58       00379A
__end_of_sprintf               text1        004718
__end_of_stop                  text56       00428C
__end_of_timed_forward         text24       003CC6
__end_of_turnLeft              text50       003EAC
__end_of_turnLeft45            text49       0046C6
__end_of_turnRight             text45       003E0E
__end_of_turnRight45           text44       00466E
__end_of_vfpfcnvrt             text3        003A4E
__end_of_vfprintf              text2        004A40
__initialization               cinit        00437A
__mediumconst                  mediumconst  000000
__pbssBANK0                    bssBANK0     0000F0
__pbssBANK1                    bssBANK1     000100
__pbssBANK2                    bssBANK2     000200
__pbssCOMRAM                   bssCOMRAM    00005B
__pcinit                       cinit        00437A
__pcstackBANK0                 cstackBANK0  000060
__pcstackCOMRAM                cstackCOMRAM 000001
__pdataBANK0                   dataBANK0    0000FE
__pdataBANK1                   dataBANK1    0001CF
__pidataBANK0                  idataBANK0   004D7A
__pidataBANK1                  idataBANK1   004D6E
__pintcode                     intcode      000008
__psmallconst                  smallconst   000E00
__ptext0                       text0        001902
__ptext1                       text1        0046C6
__ptext10                      text10       00379A
__ptext11                      text11       0034A6
__ptext12                      text12       004C00
__ptext13                      text13       004D2C
__ptext14                      text14       004450
__ptext15                      text15       0048B2
__ptext16                      text16       004902
__ptext17                      text17       004952
__ptext18                      text18       0049A2
__ptext19                      text19       004D50
__ptext2                       text2        0049F2
__ptext20                      text20       004ACA
__ptext21                      text21       004D0E
__ptext22                      text22       004104
__ptext23                      text23       002DC8
__ptext24                      text24       003C1C
__ptext25                      text25       004BC8
__ptext26                      text26       003FE8
__ptext27                      text27       004076
__ptext28                      text28       0044AE
__ptext29                      text29       004B4C
__ptext3                       text3        0038FE
__ptext30                      text30       004718
__ptext31                      text31       00476A
__ptext32                      text32       004B8A
__ptext33                      text33       0043EA
__ptext34                      text34       004C82
__ptext35                      text35       002A9A
__ptext36                      text36       0047BC
__ptext37                      text37       004CCE
__ptext38                      text38       004D44
__ptext39                      text39       004D5A
__ptext4                       text4        003074
__ptext40                      text40       004D64
__ptext41                      text41       004C5A
__ptext42                      text42       004C30
__ptext43                      text43       00480E
__ptext44                      text44       004616
__ptext45                      text45       003D70
__ptext46                      text46       004CEE
__ptext47                      text47       00418C
__ptext48                      text48       004860
__ptext49                      text49       00466E
__ptext5                       text5        00428C
__ptext50                      text50       003E0E
__ptext51                      text51       004508
__ptext52                      text52       004562
__ptext53                      text53       003EAC
__ptext54                      text54       004D78
__ptext55                      text55       0045BC
__ptext56                      text56       00420E
__ptext57                      text57       003F4A
__ptext58                      text58       00362E
__ptext59                      text59       004CA8
__ptext6                       text6        004A86
__ptext60                      text60       004306
__ptext61                      text61       000E26
__ptext62                      text62       0032F2
__ptext63                      text63       004A40
__ptext64                      text64       001E16
__ptext65                      text65       0022D6
__ptext66                      text66       003A4E
__ptext67                      text67       003CC6
__ptext68                      text68       002700
__ptext7                       text7        003B52
__ptext8                       text8        004D76
__ptext9                       text9        004B0C
__ramtop                       ramtop       000E00
__smallconst                   smallconst   000E00
_abs                           text9        004B0C
_color_click_init              text36       0047BC
_color_read_Blue               text18       0049A2
_color_read_Green              text17       004952
_color_read_Red                text16       004902
_color_read_lum                text15       0048B2
_color_writetoaddr             text37       004CCE
_colour_rel                    text35       002A9A
_colour_rel$2836               cstackCOMRAM 00003A
_colour_rel$2837               cstackCOMRAM 00003E
_dbuf                          bssBANK1     000192
_delayed_ms                    text25       004BC8
_dtoa                          text4        003074
_dtoa$2514                     cstackCOMRAM 00002E
_flags                         bssBANK0     0000F4
_fputc                         text7        003B52
_fputs                         text6        004A86
_fullSpeedAhead                text57       003F4A
_fullSpeedBack                 text53       003EAC
_getTMR0val                    text34       004C82
_go_Home                       text23       002DC8
_high_threshold                dataBANK1    0001CF
_initDCmotorsPWM               text22       004104
_initUSART4                    text21       004D0E
_low_threshold                 bssBANK1     00015E
_main                          text0        001902
_motorL                        bssBANK0     0000F5
_motorR                        bssBANK1     0001BE
_move_count                    bssBANK0     0000F2
_pad                           text5        00428C
_power                         dataBANK1    0001D5
_prec                          bssBANK0     0000F0
_putch                         text8        004D76
_readColours                   text14       004450
_rel                           bssBANK1     0001B2
_reverseDetect                 text52       004562
_reverseOneBlock               text51       004508
_sendCharSerial4               text13       004D2C
_sendStringSerial4             text12       004C00
_setMotorPWM                   text58       00362E
_sprintf                       text1        0046C6
_stop                          text56       00420E
_timed_forward                 text24       003C1C
_turnLeft                      text50       003E0E
_turnLeft45                    text49       00466E
_turnRight                     text45       003D70
_turnRight45                   text44       004616
_vals                          bssBANK1     0001C7
_vfpfcnvrt                     text3        0038FE
_vfprintf                      text2        0049F2
_width                         bssBANK1     00015C
abs@a                          cstackCOMRAM 000013
btemp                          temp         00005F
color_read_Blue@tmp            cstackCOMRAM 00000A
color_read_Green@tmp           cstackCOMRAM 00000A
color_read_Red@tmp             cstackCOMRAM 00000A
color_read_lum@tmp             cstackCOMRAM 00000A
color_writetoaddr@address      cstackCOMRAM 000004
color_writetoaddr@value        cstackCOMRAM 000003
colour_rel@B                   cstackCOMRAM 00004A
colour_rel@G                   cstackCOMRAM 000046
colour_rel@L                   cstackCOMRAM 000036
colour_rel@R                   cstackCOMRAM 000042
colour_rel@rel                 cstackCOMRAM 000034
colour_rel@vals                cstackCOMRAM 000032
delayed_ms@i                   cstackCOMRAM 000004
delayed_ms@time                cstackCOMRAM 000001
dtoa@d                         cstackCOMRAM 00001E
dtoa@fp                        cstackCOMRAM 00001C
dtoa@i                         cstackCOMRAM 00003C
dtoa@n                         cstackCOMRAM 000034
dtoa@p                         cstackCOMRAM 000030
dtoa@s                         cstackCOMRAM 00003E
dtoa@w                         cstackCOMRAM 000032
end_of_initialization          cinit        0043D8
fputc@c                        cstackCOMRAM 000001
fputc@fp                       cstackCOMRAM 000003
fputs@c                        cstackCOMRAM 00000E
fputs@fp                       cstackCOMRAM 00000C
fputs@i                        cstackCOMRAM 00000F
fputs@s                        cstackCOMRAM 00000A
fullSpeedAhead@mL              cstackCOMRAM 000014
fullSpeedAhead@mR              cstackCOMRAM 000016
fullSpeedBack@mL               cstackCOMRAM 000014
fullSpeedBack@mR               cstackCOMRAM 000016
getTMR0val@moving              cstackCOMRAM 000001
go_Home@Time_forward           cstackCOMRAM 000026
go_Home@WayBack                cstackCOMRAM 000024
go_Home@i                      cstackCOMRAM 00002B
initDCmotorsPWM@PWMperiod      cstackCOMRAM 000001
int$flags                      temp         00005F
intlevel0                      text         000000
intlevel1                      text         000000
intlevel2                      text         000000
intlevel3                      text         000000
isa$std                        (abs)        000001
isa$xinst                      (abs)        000000
main@buf                       cstackBANK0  000080
main@colour                    cstackBANK0  0000EC
main@consecuitive              cstackBANK0  0000EA
main@prev_colour               cstackBANK0  0000EE
main@run_flag                  cstackBANK0  0000E8
main@temp                      cstackBANK0  0000E4
main@temp_1191                 cstackBANK0  0000E6
pad@buf                        cstackCOMRAM 000013
pad@fp                         cstackCOMRAM 000011
pad@i                          cstackCOMRAM 000018
pad@p                          cstackCOMRAM 000015
pad@w                          cstackCOMRAM 00001A
readColours@vals               cstackCOMRAM 00000C
reverseDetect@mL               cstackCOMRAM 00001A
reverseDetect@mR               cstackCOMRAM 00001C
reverseOneBlock@mL             cstackCOMRAM 00001A
reverseOneBlock@mR             cstackCOMRAM 00001C
sendCharSerial4@charToSend     cstackCOMRAM 000001
sendStringSerial4@string       cstackCOMRAM 000002
setMotorPWM@m                  cstackCOMRAM 00000E
setMotorPWM@negDuty            cstackCOMRAM 000013
setMotorPWM@posDuty            cstackCOMRAM 000012
sprintf@ap                     cstackBANK0  00006C
sprintf@f                      cstackBANK0  00006E
sprintf@fmt                    cstackBANK0  000062
sprintf@s                      cstackBANK0  000060
stackhi                        (abs)        000000
stacklo                        (abs)        000000
start                          init         00000E
start_initialization           cinit        00437A
stop@mL                        cstackCOMRAM 000014
stop@mR                        cstackCOMRAM 000016
timed_forward@mL               cstackCOMRAM 000014
timed_forward@mR               cstackCOMRAM 000016
timed_forward@time             cstackCOMRAM 000018
ttemp5                         temp         000060
ttemp6                         temp         000063
ttemp7                         temp         000067
turnLeft45@mL                  cstackCOMRAM 00001A
turnLeft45@mR                  cstackCOMRAM 00001C
turnLeft@mL                    cstackCOMRAM 000014
turnLeft@mR                    cstackCOMRAM 000016
turnRight45@mL                 cstackCOMRAM 00001A
turnRight45@mR                 cstackCOMRAM 00001C
turnRight@mL                   cstackCOMRAM 000014
turnRight@mR                   cstackCOMRAM 000016
vfpfcnvrt@ap                   cstackCOMRAM 000043
vfpfcnvrt@convarg              cstackCOMRAM 000047
vfpfcnvrt@cp                   cstackCOMRAM 00004F
vfpfcnvrt@fmt                  cstackCOMRAM 000041
vfpfcnvrt@fp                   cstackCOMRAM 00003F
vfprintf@ap                    cstackCOMRAM 000055
vfprintf@cfmt                  cstackCOMRAM 000057
vfprintf@fmt                   cstackCOMRAM 000053
vfprintf@fp                    cstackCOMRAM 000051
wtemp8                         temp         000060


MODULE INFORMATION

Module		Function		Class		Link	Load	Size
C:\Program Files\Microchip\xc8\v2.40\pic\sources\c99\common\sprcmul.c
		___flmul       		CODE           	22D6	0000	1066

C:\Program Files\Microchip\xc8\v2.40\pic\sources\c99\common\sprcmul.c estimated size: 1066

C:\Program Files\Microchip\xc8\v2.40\pic\sources\c99\common\nf_fputc.c
		_fputc         		CODE           	3B52	0000	202

C:\Program Files\Microchip\xc8\v2.40\pic\sources\c99\common\nf_fputc.c estimated size: 202

serial.c
		_sendStringSerial4		CODE           	4C00	0000	48
		_sendCharSerial4		CODE           	4D2C	0000	24
		_initUSART4    		CODE           	4D0E	0000	30

serial.c estimated size: 102

timers.c
		_getTMR0val    		CODE           	4C82	0000	38
		_Timer0_init   		CODE           	4CEE	0000	32
		_delayed_ms    		CODE           	4BC8	0000	56

timers.c estimated size: 126

C:\Program Files\Microchip\xc8\v2.40\pic\sources\c99\common\sprcdiv.c
		___fldiv       		CODE           	2700	0000	922

C:\Program Files\Microchip\xc8\v2.40\pic\sources\c99\common\sprcdiv.c estimated size: 922

C:\Program Files\Microchip\xc8\v2.40\pic\sources\c99\common\nf_sprintf.c
		_sprintf       		CODE           	46C6	0000	82

C:\Program Files\Microchip\xc8\v2.40\pic\sources\c99\common\nf_sprintf.c estimated size: 82

C:\Program Files\Microchip\xc8\v2.40\pic\sources\c99\common\lwdiv.c
		___lwdiv       		CODE           	4306	0000	116

C:\Program Files\Microchip\xc8\v2.40\pic\sources\c99\common\lwdiv.c estimated size: 116

color.c
		_color_writetoaddr		CODE           	4CCE	0000	32
		_readColours   		CODE           	4450	0000	94
		_color_click_init		CODE           	47BC	0000	82
		_Colour_decider		CODE           	0E26	0000	2780
		_colour_rel    		CODE           	2A9A	0000	814
		_color_read_Green		CODE           	4952	0000	80
		_color_read_Red		CODE           	4902	0000	80
		_color_read_lum		CODE           	48B2	0000	80
		_color_read_Blue		CODE           	49A2	0000	80

color.c estimated size: 4122

C:\Program Files\Microchip\xc8\v2.40\pic\sources\c99\common\Umul16.c
		___wmul        		CODE           	4CA8	0000	38

C:\Program Files\Microchip\xc8\v2.40\pic\sources\c99\common\Umul16.c estimated size: 38

C:\Program Files\Microchip\xc8\v2.40\pic\sources\c99\common\fleq.c
		___fleq        		CODE           	3CC6	0000	170

C:\Program Files\Microchip\xc8\v2.40\pic\sources\c99\common\fleq.c estimated size: 170

dc_motor.c
		_reverseDetect 		CODE           	4562	0000	90
		_fullSpeedBack 		CODE           	3EAC	0000	158
		_GreenMove     		CODE           	4B8A	0000	62
		_timed_forward 		CODE           	3C1C	0000	170
		_YellowMove    		CODE           	480E	0000	82
		_fullSpeedAhead		CODE           	3F4A	0000	158
		_Forwardhalfblock		CODE           	45BC	0000	90
		_turnLeft      		CODE           	3E0E	0000	158
		_turnLeft45    		CODE           	466E	0000	88
		_stop          		CODE           	420E	0000	126
		_RedMove       		CODE           	4B4C	0000	62
		_initDCmotorsPWM		CODE           	4104	0000	136
		_turnRight     		CODE           	3D70	0000	158
		_turnRight45   		CODE           	4616	0000	88
		_BlueMove      		CODE           	43EA	0000	102
		_reverseOneBlock		CODE           	4508	0000	90
		_OrangeMove    		CODE           	4718	0000	82
		_setMotorPWM   		CODE           	362E	0000	364
		_ReversePink   		CODE           	4076	0000	142
		_RetryMove     		CODE           	418C	0000	130
		_ForwardOneBlock		CODE           	44AE	0000	90
		_LightBlueMove 		CODE           	476A	0000	82
		_ReverseYellow 		CODE           	3FE8	0000	142
		_PinkMove      		CODE           	4860	0000	82

dc_motor.c estimated size: 2932

interrupts.c
		_Interrupts_init		CODE           	4D78	0000	2
		_HighISR       		CODE           	0008	0000	6

interrupts.c estimated size: 8

C:\Program Files\Microchip\xc8\v2.40\pic\sources\c99\common\abs.c
		_abs           		CODE           	4B0C	0000	64

C:\Program Files\Microchip\xc8\v2.40\pic\sources\c99\common\abs.c estimated size: 64

Memory.c
		_go_Home       		CODE           	2DC8	0000	684

Memory.c estimated size: 684

i2c.c
		_I2C_2_Master_Start		CODE           	4D64	0000	10
		_I2C_2_Master_Read		CODE           	4ACA	0000	66
		_I2C_2_Master_Idle		CODE           	4C5A	0000	40
		_I2C_2_Master_Init		CODE           	4C30	0000	42
		_I2C_2_Master_Stop		CODE           	4D5A	0000	10
		_I2C_2_Master_RepStart		CODE           	4D50	0000	10
		_I2C_2_Master_Write		CODE           	4D44	0000	12

i2c.c estimated size: 190

C:\Program Files\Microchip\xc8\v2.40\pic\sources\c99\common\sprcadd.c
		___flsub       		CODE           	4A40	0000	70
		___fladd       		CODE           	1E16	0000	1216

C:\Program Files\Microchip\xc8\v2.40\pic\sources\c99\common\sprcadd.c estimated size: 1286

C:\Program Files\Microchip\xc8\v2.40\pic\sources\c99\common\xxtofl.c
		___xxtofl      		CODE           	32F2	0000	436

C:\Program Files\Microchip\xc8\v2.40\pic\sources\c99\common\xxtofl.c estimated size: 436

C:\Program Files\Microchip\xc8\v2.40\pic\sources\c99\common\nf_fputs.c
		_fputs         		CODE           	4A86	0000	68

C:\Program Files\Microchip\xc8\v2.40\pic\sources\c99\common\nf_fputs.c estimated size: 68

C:\Program Files\Microchip\xc8\v2.40\pic\sources\c99\common\aomod.c
		___aomod       		CODE           	379A	0000	356

C:\Program Files\Microchip\xc8\v2.40\pic\sources\c99\common\aomod.c estimated size: 356

shared
		__initialization		CODE           	437A	0000	94

shared estimated size: 94

C:\Program Files\Microchip\xc8\v2.40\pic\sources\c99\common\flge.c
		___flge        		CODE           	3A4E	0000	260

C:\Program Files\Microchip\xc8\v2.40\pic\sources\c99\common\flge.c estimated size: 260

C:\Program Files\Microchip\xc8\v2.40\pic\sources\c99\common\putch.c
		_putch         		CODE           	4D76	0000	2

C:\Program Files\Microchip\xc8\v2.40\pic\sources\c99\common\putch.c estimated size: 2

C:\Program Files\Microchip\xc8\v2.40\pic\sources\c99\common\doprnt.c
		_vfpfcnvrt     		CODE           	38FE	0000	336
		_pad           		CODE           	428C	0000	122
		_dtoa          		CODE           	3074	0000	638
		_vfprintf      		CODE           	49F2	0000	78

C:\Program Files\Microchip\xc8\v2.40\pic\sources\c99\common\doprnt.c estimated size: 1174

main.c
		_main          		CODE           	1902	0000	1300

main.c estimated size: 1300

C:\Program Files\Microchip\xc8\v2.40\pic\sources\c99\common\aodiv.c
		___aodiv       		CODE           	34A6	0000	392

C:\Program Files\Microchip\xc8\v2.40\pic\sources\c99\common\aodiv.c estimated size: 392

