Microchip MPLAB XC8 Compiler V2.40

Linker command line:

-W-3 \
  --edf=C:\Program Files\Microchip\xc8\v2.40\pic\dat\20220703182018_en.msgs \
  -cn \
  -h+dist/default/production\final-project-josh-and-edward.X.production.sym \
  --cmf=dist/default/production\final-project-josh-and-edward.X.production.cmf \
  -z -Q18F67K40 -oC:\Users\jford\AppData\Local\Temp\xcAsee0.4 \
  --defsym=__MPLAB_BUILD=1 --fixupoverflow=error \
  -Mdist/default/production/final-project-josh-and-edward.X.production.map \
  --md=C:\Users\jford\AppData\Local\Temp\xcAsee0.dat -E1 -ver=XC8 Compiler \
  --acfsm=1493 -ACODE=00h-01FFFFh -ACONST=00h-01FFFFh \
  -ASMALLCONST=0E00h-0EFFhx498 -AMEDIUMCONST=0E00h-0FFFFh,010E00h-01FFFFh \
  -ACOMRAM=01h-05Fh -AABS1=00h-0DE9h -ABIGRAM=01h-0DE9h \
  -ARAM=060h-0FFh,0100h-01FFhx12,0D00h-0DE9h -ABANK0=060h-0FFh \
  -ABANK1=0100h-01FFh -ABANK2=0200h-02FFh -ABANK3=0300h-03FFh \
  -ABANK4=0400h-04FFh -ABANK5=0500h-05FFh -ABANK6=0600h-06FFh \
  -ABANK7=0700h-07FFh -ABANK8=0800h-08FFh -ABANK9=0900h-09FFh \
  -ABANK10=0A00h-0AFFh -ABANK11=0B00h-0BFFh -ABANK12=0C00h-0CFFh \
  -ABANK13=0D00h-0DE9h \
  -ASFR=0DEFh-0DFFh,0E00h-0EFFh,0F00h-0F5Fh,0F60h-0FFFh \
  -ABIGSFR=0DEFh-0FFFh -ACONFIG=0300000h-030000Bh -AIDLOC=0200000h-020000Fh \
  -AEEDATA=0310000h-03103FFh -peeprom_data=EEDATA \
  -preset_vec=00h,intcode=08h,intcodelo,powerup,init -pramtop=0E00h \
  -psmallconst=SMALLCONST -pmediumconst=MEDIUMCONST -pconst=CONST \
  -AFARRAM=00h-00h \
  -prdata=COMRAM,nvrram=COMRAM,nvbit=COMRAM,rbss=COMRAM,rbit=COMRAM \
  -pfarbss=FARRAM,fardata=FARRAM,nvFARRAM=FARRAM \
  -pintsave_regs=BIGRAM,bigbss=BIGRAM,bigdata=BIGRAM -pbss=RAM \
  -pidata=CODE,irdata=CODE,ibigdata=CODE,ifardata=CODE -prparam=COMRAM \
  C:\Users\jford\AppData\Local\Temp\xcAsee0.o \
  dist/default/production\final-project-josh-and-edward.X.production.o 

Object code version is 3.11

Machine type is 18F67K40



                Name                               Link     Load   Length Selector   Space Scale
C:\Users\jford\AppData\Local\Temp\xcAsee0.o
                idloc                            200000   200000       10        0       5
                config                           300000   300000        C        0       4
                init                                  E        E        4        4       0
                reset_vec                             0        0        4        0       0
dist/default/production\final-project-josh-and-edward.X.production.o
                intcode                               8        8        6        4       0
                idloc                            200000   200000       10        0       5
                config                           300000   300000        C        0       4
                temp                                 5F       5F        1        1       1
                smallconst                          E00      E00       5A      700       0
                text72                             3120     3120      39A      72D       0
                text71                             4B2E     4B2E       AA      72D       0
                text70                             4862     4862      104      72D       0
                text69                             2CF6     2CF6      42A      72D       0
                text68                             2836     2836      4C0      72D       0
                text67                             580E     580E       46      72D       0
                text66                             4150     4150      1B4      72D       0
                text65                              E5A      E5A      ADC      72D       0
                text64                             5BBC     5BBC        2     2DDD       0
                text63                             502A     502A       74      72D       0
                text62                             5B10     5B10       26      72D       0
                text61                             448C     448C      16C      72D       0
                text60                             4D9A     4D9A       96      72D       0
                text59                             4FB4     4FB4       76      72D       0
                text58                             538A     538A       5A      72D       0
                text57                             5330     5330       5A      72D       0
                text56                             4D04     4D04       96      72D       0
                text55                             52D6     52D6       5A      72D       0
                text54                             562C     562C       52      72D       0
                text53                             4C6E     4C6E       96      72D       0
                text52                             4EB8     4EB8       82      72D       0
                text51                             4BD8     4BD8       96      72D       0
                text50                             527C     527C       5A      72D       0
                text49                             55DA     55DA       52      72D       0
                text48                             5ABE     5ABE       2A      72D       0
                text47                             5AE8     5AE8       28      72D       0
                text46                             5BAC     5BAC        A      72D       0
                text45                             5BA2     5BA2        A      72D       0
                text44                             5B8C     5B8C        C      72D       0
                text43                             5B36     5B36       20      72D       0
                text42                             5588     5588       52      72D       0
                text41                             34BA     34BA      32E      72D       0
                text40                             5104     5104       66      72D       0
                text39                             5222     5222       5A      72D       0
                text38                             5A18     5A18       3E      72D       0
                text37                             5536     5536       52      72D       0
                text36                             54E4     54E4       52      72D       0
                text35                             59DA     59DA       3E      72D       0
                text34                             51C8     51C8       5A      72D       0
                text33                             599C     599C       3E      72D       0
                text32                             595E     595E       3E      72D       0
                text31                             3F7E     3F7E      1D2      72D       0
                text30                             4E30     4E30       88      72D       0
                text29                             5B56     5B56       1E      72D       0
                text28                             58DC     58DC       42      72D       0
                text27                             5B98     5B98        A      72D       0
                text26                             57BE     57BE       50      72D       0
                text25                             576E     576E       50      72D       0
                text24                             571E     571E       50      72D       0
                text23                             56CE     56CE       50      72D       0
                text22                             516A     516A       5E      72D       0
                text21                             5B74     5B74       18      72D       0
                text20                             5A8E     5A8E       30      72D       0
                text19                             4304     4304      188      72D       0
                text18                             45F8     45F8      164      72D       0
                text17                             591E     591E       40      72D       0
                text16                             5BBA     5BBA        2     2DDD       0
                text15                             4A64     4A64       CA      72D       0
                text14                             5898     5898       44      72D       0
                text13                             4F3A     4F3A       7A      72D       0
                text12                             3AEE     3AEE      27E      72D       0
                text11                             5A56     5A56       38      72D       0
                text10                             475C     475C      106      72D       0
                text9                              4966     4966       FE      72D       0
                text8                              3D6C     3D6C      212      72D       0
                text7                              509E     509E       66      72D       0
                text6                              567E     567E       50      72D       0
                text5                              5854     5854       44      72D       0
                text4                              1936     1936      9FA      72D       0
                text3                              37E8     37E8      306      72D       0
                text2                              543C     543C       56      72D       0
                text1                              5492     5492       52      72D       0
                text0                              2330     2330      506      72D       0
                cstackCOMRAM                          1        1       5E        1       1
                cstackBANK0                          60       60       73       60       1
                cstackBANK1                         184      184       6C      100       1
                bssBANK3                            300      300       FA      300       1
                bssBANK2                            200      200       3C      200       1
                bssBANK1                            100      100       84      100       1
                dataBANK0                            FA       FA        3       60       1
                bssBANK0                             D3       D3       27       60       1
                cinit                              53E4     53E4       58      72D       0
                idataBANK0                         5BB6     5BB6        3      72D       0

TOTAL           Name                               Link     Load   Length     Space
        CLASS   CODE           
                intcode                               8        8        6         0
                init                                  E        E        4         0
                reset_vec                             0        0        4         0
                text72                             3120     3120      39A         0
                text71                             4B2E     4B2E       AA         0
                text70                             4862     4862      104         0
                text69                             2CF6     2CF6      42A         0
                text68                             2836     2836      4C0         0
                text67                             580E     580E       46         0
                text66                             4150     4150      1B4         0
                text65                              E5A      E5A      ADC         0
                text64                             5BBC     5BBC        2         0
                text63                             502A     502A       74         0
                text62                             5B10     5B10       26         0
                text61                             448C     448C      16C         0
                text60                             4D9A     4D9A       96         0
                text59                             4FB4     4FB4       76         0
                text58                             538A     538A       5A         0
                text57                             5330     5330       5A         0
                text56                             4D04     4D04       96         0
                text55                             52D6     52D6       5A         0
                text54                             562C     562C       52         0
                text53                             4C6E     4C6E       96         0
                text52                             4EB8     4EB8       82         0
                text51                             4BD8     4BD8       96         0
                text50                             527C     527C       5A         0
                text49                             55DA     55DA       52         0
                text48                             5ABE     5ABE       2A         0
                text47                             5AE8     5AE8       28         0
                text46                             5BAC     5BAC        A         0
                text45                             5BA2     5BA2        A         0
                text44                             5B8C     5B8C        C         0
                text43                             5B36     5B36       20         0
                text42                             5588     5588       52         0
                text41                             34BA     34BA      32E         0
                text40                             5104     5104       66         0
                text39                             5222     5222       5A         0
                text38                             5A18     5A18       3E         0
                text37                             5536     5536       52         0
                text36                             54E4     54E4       52         0
                text35                             59DA     59DA       3E         0
                text34                             51C8     51C8       5A         0
                text33                             599C     599C       3E         0
                text32                             595E     595E       3E         0
                text31                             3F7E     3F7E      1D2         0
                text30                             4E30     4E30       88         0
                text29                             5B56     5B56       1E         0
                text28                             58DC     58DC       42         0
                text27                             5B98     5B98        A         0
                text26                             57BE     57BE       50         0
                text25                             576E     576E       50         0
                text24                             571E     571E       50         0
                text23                             56CE     56CE       50         0
                text22                             516A     516A       5E         0
                text21                             5B74     5B74       18         0
                text20                             5A8E     5A8E       30         0
                text19                             4304     4304      188         0
                text18                             45F8     45F8      164         0
                text17                             591E     591E       40         0
                text16                             5BBA     5BBA        2         0
                text15                             4A64     4A64       CA         0
                text14                             5898     5898       44         0
                text13                             4F3A     4F3A       7A         0
                text12                             3AEE     3AEE      27E         0
                text11                             5A56     5A56       38         0
                text10                             475C     475C      106         0
                text9                              4966     4966       FE         0
                text8                              3D6C     3D6C      212         0
                text7                              509E     509E       66         0
                text6                              567E     567E       50         0
                text5                              5854     5854       44         0
                text4                              1936     1936      9FA         0
                text3                              37E8     37E8      306         0
                text2                              543C     543C       56         0
                text1                              5492     5492       52         0
                text0                              2330     2330      506         0
                cinit                              53E4     53E4       58         0
                idataBANK0                         5BB6     5BB6        3         0

        CLASS   CONST          

        CLASS   SMALLCONST     
                smallconst                          E00      E00       5A         0

        CLASS   MEDIUMCONST    

        CLASS   COMRAM         
                temp                                 5F       5F        1         1
                cstackCOMRAM                          1        1       5E         1

        CLASS   ABS1           

        CLASS   BIGRAM         

        CLASS   RAM            

        CLASS   BANK0          
                cstackBANK0                          60       60       73         1
                dataBANK0                            FA       FA        3         1
                bssBANK0                             D3       D3       27         1

        CLASS   BANK1          
                cstackBANK1                         184      184       6C         1
                bssBANK1                            100      100       84         1

        CLASS   BANK2          
                bssBANK2                            200      200       3C         1

        CLASS   BANK3          
                bssBANK3                            300      300       FA         1

        CLASS   BANK4          

        CLASS   BANK5          

        CLASS   BANK6          

        CLASS   BANK7          

        CLASS   BANK8          

        CLASS   BANK9          

        CLASS   BANK10         

        CLASS   BANK11         

        CLASS   BANK12         

        CLASS   BANK13         

        CLASS   SFR            

        CLASS   BIGSFR         

        CLASS   CONFIG         
                config                           300000   300000        C         4

        CLASS   IDLOC          
                idloc                            200000   200000       10         5

        CLASS   EEDATA         

        CLASS   FARRAM         

        CLASS   HEAP           

        CLASS   STACK          



SEGMENTS        Name                           Load    Length   Top    Selector   Space  Class

                reset_vec                      000000  000004  000004         0       0  CODE    
                cstackCOMRAM                   000001  00005F  000060         1       1  COMRAM  
                intcode                        000008  00000A  000012         4       0  CODE    
                cstackBANK0                    000060  00009D  0000FD        60       1  BANK0   
                bssBANK1                       000100  0000F0  0001F0       100       1  BANK1   
                bssBANK2                       000200  00003C  00023C       200       1  BANK2   
                bssBANK3                       000300  0000FA  0003FA       300       1  BANK3   
                smallconst                     000E00  00005A  000E5A       700       0  SMALLCON
                text65                         000E5A  004D5F  005BB9       72D       0  CODE    
                text16                         005BBA  000004  005BBE      2DDD       0  CODE    


UNUSED ADDRESS RANGES

        Name                Unused          Largest block    Delta
        BANK0            0000FD-0000FF                3
        BANK1            0001F0-0001FF               10
        BANK10           000A00-000AFF              100
        BANK11           000B00-000BFF              100
        BANK12           000C00-000CFF              100
        BANK13           000D00-000DE9               EA
        BANK2            00023C-0002FF               C4
        BANK3            0003FA-0003FF                6
        BANK4            000400-0004FF              100
        BANK5            000500-0005FF              100
        BANK6            000600-0006FF              100
        BANK7            000700-0007FF              100
        BANK8            000800-0008FF              100
        BANK9            000900-0009FF              100
        BIGRAM           0000FD-0000FF                3
                         0001F0-0001FF               10
                         00023C-0002FF               C4
                         0003FA-000DE9              9F0
        BIGSFR           000DEF-000FFF              211
        CODE             000004-000007                4
                         000012-000DFF              DEE
                         005BB9-005BB9                1
                         005BBE-01FFFF            1A442
        CONST            000004-000007                4
                         000012-000DFF              DEE
                         005BB9-005BB9                1
                         005BBE-01FFFF            1A442
        EEDATA           310000-3103FF              400
        MEDIUMCONST      005BB9-005BB9                1
                         005BBE-00FFFF             A442
                         010E00-01FFFF             F200
        RAM              0000FD-0000FF                3
                         0001F0-0001FF               10
                         00023C-0002FF               C4
                         0003FA-000DE9              100
        SFR              000DEF-000FFF              100
        SMALLCONST       005BB9-005BB9                1
                         005BBE-01FFFF              100

                                  Symbol Table

?_Colour_decider               cstackCOMRAM 00004B
?___aodiv                      cstackCOMRAM 000001
?___aomod                      cstackCOMRAM 000001
?___fladd                      cstackCOMRAM 000001
?___fldiv                      cstackCOMRAM 000032
?___flmul                      cstackCOMRAM 000011
?___flneg                      cstackCOMRAM 000001
?___flsub                      cstackCOMRAM 00002A
?___fltol                      cstackCOMRAM 000001
?___fpclassifyf                cstackCOMRAM 000001
?___lwdiv                      cstackCOMRAM 000007
?___wmul                       cstackCOMRAM 000001
?___xxtofl                     cstackCOMRAM 000001
?_abs                          cstackCOMRAM 000013
?_color_read_Blue              cstackCOMRAM 000005
?_color_read_Green             cstackCOMRAM 000005
?_color_read_Red               cstackCOMRAM 000005
?_color_read_lum               cstackCOMRAM 000005
?_floorf                       cstackCOMRAM 00004B
?_labs                         cstackCOMRAM 000001
?_sprintf                      cstackBANK0  0000B0
?_vfprintf                     cstackBANK0  0000A8
BlueMove@mL                    cstackCOMRAM 00001F
BlueMove@mR                    cstackCOMRAM 000021
Colour_decider@Cmax            cstackBANK0  000072
Colour_decider@Cmax_i          cstackBANK0  000064
Colour_decider@Cmin            cstackBANK0  000076
Colour_decider@Hue             cstackBANK0  00007C
Colour_decider@RGB_col         cstackBANK0  000066
Colour_decider@i               cstackBANK0  00007A
Colour_decider@rel             cstackCOMRAM 00004D
Colour_decider@vals            cstackCOMRAM 00004B
ForwardOneBlock@mL             cstackCOMRAM 000019
ForwardOneBlock@mR             cstackCOMRAM 00001B
Forwardhalfblock@mL            cstackCOMRAM 000019
Forwardhalfblock@mR            cstackCOMRAM 00001B
GreenMove@mL                   cstackCOMRAM 00001F
GreenMove@mR                   cstackCOMRAM 000021
I2C_2_Master_Read@ack          cstackCOMRAM 000003
I2C_2_Master_Read@tmp          cstackCOMRAM 000004
I2C_2_Master_Write@data_byte   cstackCOMRAM 000002
LightBlueMove@mL               cstackCOMRAM 00001F
LightBlueMove@mR               cstackCOMRAM 000021
OrangeMove@mL                  cstackCOMRAM 00001F
OrangeMove@mR                  cstackCOMRAM 000021
PinkMove@mL                    cstackCOMRAM 00001F
PinkMove@mR                    cstackCOMRAM 000021
RedMove@mL                     cstackCOMRAM 00001F
RedMove@mR                     cstackCOMRAM 000021
RetryMove@mL                   cstackCOMRAM 000019
RetryMove@mR                   cstackCOMRAM 00001B
ReversePink@mL                 cstackCOMRAM 00001F
ReversePink@mR                 cstackCOMRAM 000021
ReverseYellow@mL               cstackCOMRAM 00001F
ReverseYellow@mR               cstackCOMRAM 000021
YellowMove@mL                  cstackCOMRAM 00001F
YellowMove@mR                  cstackCOMRAM 000021
_ANSELDbits                    (abs)        000EA7
_ANSELFbits                    (abs)        000EB4
_BAUD4CONbits                  (abs)        000EE9
_BlueMove                      text40       005104
_CCP1CONbits                   (abs)        000FAB
_CCP2CONbits                   (abs)        000FA7
_CCP3CONbits                   (abs)        000F26
_CCP4CONbits                   (abs)        000F22
_CCPR1H                        (abs)        000FAA
_CCPR2H                        (abs)        000FA6
_CCPR3H                        (abs)        000F25
_CCPR4H                        (abs)        000F21
_CCPTMRS0bits                  (abs)        000FAD
_Colour_decider                text65       000E5A
_Colour_decider$2783           cstackBANK0  000060
_DataFlag                      dataBANK0    0000FC
_EUSART4RXbuf                  bssBANK0     0000D3
_EUSART4TXbuf                  bssBANK2     000200
_ForwardOneBlock               text34       0051C8
_Forwardhalfblock              text39       005222
_GreenMove                     text38       005A18
_HighISR                       intcode      000008
_I2C_2_Master_Idle             text47       005AE8
_I2C_2_Master_Init             text48       005ABE
_I2C_2_Master_Read             text28       0058DC
_I2C_2_Master_RepStart         text27       005B98
_I2C_2_Master_Start            text46       005BAC
_I2C_2_Master_Stop             text45       005BA2
_I2C_2_Master_Write            text44       005B8C
_Interrupts_init               text64       005BBC
_LATAbits                      (abs)        000F79
_LATDbits                      (abs)        000F7C
_LATFbits                      (abs)        000F7E
_LATGbits                      (abs)        000F7F
_LightBlueMove                 text37       005536
_OrangeMove                    text36       0054E4
_PIE4bits                      (abs)        000E2D
_PIR4bits                      (abs)        000E37
_PORTFbits                     (abs)        000F8E
_PinkMove                      text54       00562C
_RC0PPS                        (abs)        000E62
_RC4REG                        (abs)        000EE3
_RC4STAbits                    (abs)        000EE7
_RC7PPS                        (abs)        000E69
_RD5PPS                        (abs)        000E6F
_RD6PPS                        (abs)        000E70
_RE2PPS                        (abs)        000E74
_RE4PPS                        (abs)        000E76
_RG6PPS                        (abs)        000E88
_RX4PPS                        (abs)        000E15
_RedMove                       text35       0059DA
_RetryMove                     text52       004EB8
_ReversePink                   text33       00599C
_ReverseYellow                 text32       00595E
_RxBufReadCnt                  bssBANK0     0000F8
_RxBufWriteCnt                 bssBANK0     0000F9
_SP4BRGH                       (abs)        000EE6
_SP4BRGL                       (abs)        000EE5
_SSP2ADD                       (abs)        000ED6
_SSP2BUF                       (abs)        000ED5
_SSP2CLKPPS                    (abs)        000E1C
_SSP2CON1bits                  (abs)        000ED9
_SSP2CON2                      (abs)        000EDA
_SSP2CON2bits                  (abs)        000EDA
_SSP2DATPPS                    (abs)        000E1D
_SSP2STAT                      (abs)        000ED8
_T2CLKCONbits                  (abs)        000FBF
_T2CONbits                     (abs)        000FBD
_T2HLTbits                     (abs)        000FBE
_T2PR                          (abs)        000FBC
_TRISAbits                     (abs)        000F81
_TRISCbits                     (abs)        000F83
_TRISDbits                     (abs)        000F84
_TRISEbits                     (abs)        000F85
_TRISFbits                     (abs)        000F86
_TRISGbits                     (abs)        000F87
_TX4REG                        (abs)        000EE4
_TX4STAbits                    (abs)        000EE8
_TxBufReadCnt                  bssBANK0     0000F6
_TxBufWriteCnt                 bssBANK0     0000F7
_WayBack                       bssBANK3     000300
_YellowMove                    text49       0055DA
__HRAM                         (abs)        000000
__Habs1                        abs1         000000
__Hbank0                       bank0        000000
__Hbank1                       bank1        000000
__Hbank10                      bank10       000000
__Hbank11                      bank11       000000
__Hbank12                      bank12       000000
__Hbank13                      bank13       000000
__Hbank2                       bank2        000000
__Hbank3                       bank3        000000
__Hbank4                       bank4        000000
__Hbank5                       bank5        000000
__Hbank6                       bank6        000000
__Hbank7                       bank7        000000
__Hbank8                       bank8        000000
__Hbank9                       bank9        000000
__Hbigbss                      bigbss       000000
__Hbigdata                     bigdata      000000
__Hbigram                      bigram       000000
__Hbigsfr                      bigsfr       000000
__Hbss                         bss          000000
__HbssBANK0                    bssBANK0     000000
__HbssBANK1                    bssBANK1     000000
__HbssBANK2                    bssBANK2     000000
__HbssBANK3                    bssBANK3     000000
__Hcinit                       cinit        000000
__Hclrtext                     clrtext      000000
__Hcomram                      comram       000000
__Hconfig                      config       30000C
__Hconst                       const        000000
__HcstackBANK0                 cstackBANK0  000000
__HcstackBANK1                 cstackBANK1  000000
__HcstackCOMRAM                cstackCOMRAM 000000
__Hdata                        data         000000
__HdataBANK0                   dataBANK0    000000
__Heeprom_data                 eeprom_data  000000
__Hfarbss                      farbss       000000
__Hfardata                     fardata      000000
__Hheap                        heap         000000
__Hibigdata                    ibigdata     000000
__Hidata                       idata        000000
__HidataBANK0                  idataBANK0   000000
__Hidloc                       idloc        200010
__Hifardata                    ifardata     000000
__Hinit                        init         000012
__Hintcode                     intcode      00000E
__Hintcode_body                intcode_body 000000
__Hintcodelo                   intcodelo    00000E
__Hintentry                    intentry     000000
__Hintret                      intret       000000
__Hintsave_regs                intsave_regs 000000
__Hirdata                      irdata       000000
__Hmediumconst                 mediumconst  000000
__HnvFARRAM                    nvFARRAM     000000
__Hnvbit                       nvbit        000000
__Hnvrram                      nvrram       000000
__Hparam                       rparam       000000
__Hpowerup                     powerup      00000E
__Hram                         ram          000000
__Hramtop                      ramtop       000E00
__Hrbit                        rbit         000000
__Hrbss                        rbss         000000
__Hrdata                       rdata        000000
__Hreset_vec                   reset_vec    000004
__Hrparam                      rparam       000000
__Hsfr                         sfr          000000
__Hsmallconst                  smallconst   000E5A
__Hspace_0                     (abs)        005BBE
__Hspace_1                     (abs)        0003FA
__Hspace_2                     (abs)        000000
__Hspace_4                     (abs)        60000C
__Hstack                       stack        000000
__Hstruct                      struct       000000
__Htemp                        temp         000060
__Htext                        text         000000
__Htext0                       text0        000000
__Htext1                       text1        000000
__Htext10                      text10       000000
__Htext11                      text11       000000
__Htext12                      text12       000000
__Htext13                      text13       000000
__Htext14                      text14       000000
__Htext15                      text15       000000
__Htext16                      text16       000000
__Htext17                      text17       000000
__Htext18                      text18       000000
__Htext19                      text19       000000
__Htext2                       text2        000000
__Htext20                      text20       000000
__Htext21                      text21       000000
__Htext22                      text22       000000
__Htext23                      text23       000000
__Htext24                      text24       000000
__Htext25                      text25       000000
__Htext26                      text26       000000
__Htext27                      text27       000000
__Htext28                      text28       000000
__Htext29                      text29       000000
__Htext3                       text3        000000
__Htext30                      text30       000000
__Htext31                      text31       000000
__Htext32                      text32       000000
__Htext33                      text33       000000
__Htext34                      text34       000000
__Htext35                      text35       000000
__Htext36                      text36       000000
__Htext37                      text37       000000
__Htext38                      text38       000000
__Htext39                      text39       000000
__Htext4                       text4        000000
__Htext40                      text40       000000
__Htext41                      text41       000000
__Htext42                      text42       000000
__Htext43                      text43       000000
__Htext44                      text44       000000
__Htext45                      text45       000000
__Htext46                      text46       000000
__Htext47                      text47       000000
__Htext48                      text48       000000
__Htext49                      text49       000000
__Htext5                       text5        000000
__Htext50                      text50       000000
__Htext51                      text51       000000
__Htext52                      text52       000000
__Htext53                      text53       000000
__Htext54                      text54       000000
__Htext55                      text55       000000
__Htext56                      text56       000000
__Htext57                      text57       000000
__Htext58                      text58       000000
__Htext59                      text59       000000
__Htext6                       text6        000000
__Htext60                      text60       000000
__Htext61                      text61       000000
__Htext62                      text62       000000
__Htext63                      text63       000000
__Htext64                      text64       000000
__Htext65                      text65       000000
__Htext66                      text66       000000
__Htext67                      text67       000000
__Htext68                      text68       000000
__Htext69                      text69       000000
__Htext7                       text7        000000
__Htext70                      text70       000000
__Htext71                      text71       000000
__Htext72                      text72       000000
__Htext8                       text8        000000
__Htext9                       text9        000000
__LRAM                         (abs)        000001
__Labs1                        abs1         000000
__Lbank0                       bank0        000000
__Lbank1                       bank1        000000
__Lbank10                      bank10       000000
__Lbank11                      bank11       000000
__Lbank12                      bank12       000000
__Lbank13                      bank13       000000
__Lbank2                       bank2        000000
__Lbank3                       bank3        000000
__Lbank4                       bank4        000000
__Lbank5                       bank5        000000
__Lbank6                       bank6        000000
__Lbank7                       bank7        000000
__Lbank8                       bank8        000000
__Lbank9                       bank9        000000
__Lbigbss                      bigbss       000000
__Lbigdata                     bigdata      000000
__Lbigram                      bigram       000000
__Lbigsfr                      bigsfr       000000
__Lbss                         bss          000000
__LbssBANK0                    bssBANK0     000000
__LbssBANK1                    bssBANK1     000000
__LbssBANK2                    bssBANK2     000000
__LbssBANK3                    bssBANK3     000000
__Lcinit                       cinit        000000
__Lclrtext                     clrtext      000000
__Lcomram                      comram       000000
__Lconfig                      config       000000
__Lconst                       const        000000
__LcstackBANK0                 cstackBANK0  000000
__LcstackBANK1                 cstackBANK1  000000
__LcstackCOMRAM                cstackCOMRAM 000000
__Ldata                        data         000000
__LdataBANK0                   dataBANK0    000000
__Leeprom_data                 eeprom_data  000000
__Lfarbss                      farbss       000000
__Lfardata                     fardata      000000
__Lheap                        heap         000000
__Libigdata                    ibigdata     000000
__Lidata                       idata        000000
__LidataBANK0                  idataBANK0   000000
__Lidloc                       idloc        000000
__Lifardata                    ifardata     000000
__Linit                        init         00000E
__Lintcode                     intcode      000008
__Lintcode_body                intcode_body 000000
__Lintcodelo                   intcodelo    00000E
__Lintentry                    intentry     000000
__Lintret                      intret       000000
__Lintsave_regs                intsave_regs 000000
__Lirdata                      irdata       000000
__Lmediumconst                 mediumconst  000000
__LnvFARRAM                    nvFARRAM     000000
__Lnvbit                       nvbit        000000
__Lnvrram                      nvrram       000000
__Lparam                       rparam       000000
__Lpowerup                     powerup      00000E
__Lram                         ram          000000
__Lramtop                      ramtop       000E00
__Lrbit                        rbit         000000
__Lrbss                        rbss         000000
__Lrdata                       rdata        000000
__Lreset_vec                   reset_vec    000000
__Lrparam                      rparam       000000
__Lsfr                         sfr          000000
__Lsmallconst                  smallconst   000E00
__Lspace_0                     (abs)        000000
__Lspace_1                     (abs)        000000
__Lspace_2                     (abs)        000000
__Lspace_4                     (abs)        000000
__Lstack                       stack        000000
__Lstruct                      struct       000000
__Ltemp                        temp         00005F
__Ltext                        text         000000
__Ltext0                       text0        000000
__Ltext1                       text1        000000
__Ltext10                      text10       000000
__Ltext11                      text11       000000
__Ltext12                      text12       000000
__Ltext13                      text13       000000
__Ltext14                      text14       000000
__Ltext15                      text15       000000
__Ltext16                      text16       000000
__Ltext17                      text17       000000
__Ltext18                      text18       000000
__Ltext19                      text19       000000
__Ltext2                       text2        000000
__Ltext20                      text20       000000
__Ltext21                      text21       000000
__Ltext22                      text22       000000
__Ltext23                      text23       000000
__Ltext24                      text24       000000
__Ltext25                      text25       000000
__Ltext26                      text26       000000
__Ltext27                      text27       000000
__Ltext28                      text28       000000
__Ltext29                      text29       000000
__Ltext3                       text3        000000
__Ltext30                      text30       000000
__Ltext31                      text31       000000
__Ltext32                      text32       000000
__Ltext33                      text33       000000
__Ltext34                      text34       000000
__Ltext35                      text35       000000
__Ltext36                      text36       000000
__Ltext37                      text37       000000
__Ltext38                      text38       000000
__Ltext39                      text39       000000
__Ltext4                       text4        000000
__Ltext40                      text40       000000
__Ltext41                      text41       000000
__Ltext42                      text42       000000
__Ltext43                      text43       000000
__Ltext44                      text44       000000
__Ltext45                      text45       000000
__Ltext46                      text46       000000
__Ltext47                      text47       000000
__Ltext48                      text48       000000
__Ltext49                      text49       000000
__Ltext5                       text5        000000
__Ltext50                      text50       000000
__Ltext51                      text51       000000
__Ltext52                      text52       000000
__Ltext53                      text53       000000
__Ltext54                      text54       000000
__Ltext55                      text55       000000
__Ltext56                      text56       000000
__Ltext57                      text57       000000
__Ltext58                      text58       000000
__Ltext59                      text59       000000
__Ltext6                       text6        000000
__Ltext60                      text60       000000
__Ltext61                      text61       000000
__Ltext62                      text62       000000
__Ltext63                      text63       000000
__Ltext64                      text64       000000
__Ltext65                      text65       000000
__Ltext66                      text66       000000
__Ltext67                      text67       000000
__Ltext68                      text68       000000
__Ltext69                      text69       000000
__Ltext7                       text7        000000
__Ltext70                      text70       000000
__Ltext71                      text71       000000
__Ltext72                      text72       000000
__Ltext8                       text8        000000
__Ltext9                       text9        000000
__S0                           (abs)        005BBE
__S1                           (abs)        0003FA
__S4                           (abs)        000000
__S5                           (abs)        000000
___aodiv                       text19       004304
___aodiv@counter               cstackCOMRAM 000011
___aodiv@dividend              cstackCOMRAM 000001
___aodiv@divisor               cstackCOMRAM 000009
___aodiv@quotient              cstackCOMRAM 000013
___aodiv@sign                  cstackCOMRAM 000012
___aomod                       text18       0045F8
___aomod@counter               cstackCOMRAM 000011
___aomod@dividend              cstackCOMRAM 000001
___aomod@divisor               cstackCOMRAM 000009
___aomod@sign                  cstackCOMRAM 000012
___fladd                       text68       002836
___fladd@a                     cstackCOMRAM 000005
___fladd@aexp                  cstackCOMRAM 00000E
___fladd@b                     cstackCOMRAM 000001
___fladd@bexp                  cstackCOMRAM 00000F
___fladd@grs                   cstackCOMRAM 000010
___fladd@signs                 cstackCOMRAM 00000D
___fldiv                       text72       003120
___fldiv@a                     cstackCOMRAM 000036
___fldiv@aexp                  cstackCOMRAM 00004A
___fldiv@b                     cstackCOMRAM 000032
___fldiv@bexp                  cstackCOMRAM 000049
___fldiv@grs                   cstackCOMRAM 000045
___fldiv@new_exp               cstackCOMRAM 000043
___fldiv@rem                   cstackCOMRAM 00003E
___fldiv@sign                  cstackCOMRAM 000042
___fleq                        text71       004B2E
___fleq@ff1                    cstackCOMRAM 000032
___fleq@ff2                    cstackCOMRAM 000036
___flge                        text70       004862
___flge@ff1                    cstackCOMRAM 00002A
___flge@ff2                    cstackCOMRAM 00002E
___flmul                       text69       002CF6
___flmul@a                     cstackCOMRAM 000015
___flmul@aexp                  cstackCOMRAM 000022
___flmul@b                     cstackCOMRAM 000011
___flmul@bexp                  cstackCOMRAM 000023
___flmul@grs                   cstackCOMRAM 00001E
___flmul@prod                  cstackCOMRAM 000024
___flmul@sign                  cstackCOMRAM 00001D
___flmul@temp                  cstackCOMRAM 000028
___flneg                       text11       005A56
___flneg@f1                    cstackCOMRAM 000001
___flsub                       text67       00580E
___flsub@a                     cstackCOMRAM 00002E
___flsub@b                     cstackCOMRAM 00002A
___fltol                       text10       00475C
___fltol@exp1                  cstackCOMRAM 00000A
___fltol@f1                    cstackCOMRAM 000001
___fltol@sign1                 cstackCOMRAM 000009
___fpclassifyf                 text9        004966
___fpclassifyf@F465            bssBANK0     0000EB
___fpclassifyf@e               cstackCOMRAM 000009
___fpclassifyf@u               cstackCOMRAM 00000B
___fpclassifyf@x               cstackCOMRAM 000001
___heap_hi                     (abs)        000000
___heap_lo                     (abs)        000000
___inthi_sp                    stack        000000
___intlo_sp                    stack        000000
___lwdiv                       text63       00502A
___lwdiv@counter               cstackCOMRAM 00000D
___lwdiv@dividend              cstackCOMRAM 000007
___lwdiv@divisor               cstackCOMRAM 000009
___lwdiv@quotient              cstackCOMRAM 00000B
___param_bank                  (abs)        000000
___rparam_used                 (abs)        000001
___sp                          stack        000000
___wmul                        text62       005B10
___wmul@multiplicand           cstackCOMRAM 000003
___wmul@multiplier             cstackCOMRAM 000001
___wmul@product                cstackCOMRAM 000005
___xxtofl                      text66       004150
___xxtofl@arg                  cstackCOMRAM 00000B
___xxtofl@exp                  cstackCOMRAM 00000A
___xxtofl@sign                 cstackCOMRAM 000009
___xxtofl@val                  cstackCOMRAM 000001
__accesstop                    (abs)        000060
__activetblptr                 (abs)        000003
__end_of_BlueMove              text40       00516A
__end_of_Colour_decider        text65       001936
__end_of_ForwardOneBlock       text34       005222
__end_of_Forwardhalfblock      text39       00527C
__end_of_GreenMove             text38       005A56
__end_of_HighISR               intcode      00000E
__end_of_I2C_2_Master_Idle     text47       005B10
__end_of_I2C_2_Master_Init     text48       005AE8
__end_of_I2C_2_Master_Read     text28       00591E
__end_of_I2C_2_Master_RepStart text27       005BA2
__end_of_I2C_2_Master_Start    text46       005BB6
__end_of_I2C_2_Master_Stop     text45       005BAC
__end_of_I2C_2_Master_Write    text44       005B98
__end_of_Interrupts_init       text64       005BBE
__end_of_LightBlueMove         text37       005588
__end_of_OrangeMove            text36       005536
__end_of_PinkMove              text54       00567E
__end_of_RedMove               text35       005A18
__end_of_RetryMove             text52       004F3A
__end_of_ReversePink           text33       0059DA
__end_of_ReverseYellow         text32       00599C
__end_of_YellowMove            text49       00562C
__end_of___aodiv               text19       00448C
__end_of___aomod               text18       00475C
__end_of___fladd               text68       002CF6
__end_of___fldiv               text72       0034BA
__end_of___fleq                text71       004BD8
__end_of___flge                text70       004966
__end_of___flmul               text69       003120
__end_of___flneg               text11       005A8E
__end_of___flsub               text67       005854
__end_of___fltol               text10       004862
__end_of___fpclassifyf         text9        004A64
__end_of___lwdiv               text63       00509E
__end_of___wmul                text62       005B36
__end_of___xxtofl              text66       004304
__end_of__initialization       cinit        005432
__end_of_abs                   text17       00595E
__end_of_color_click_init      text42       0055DA
__end_of_color_read_Blue       text26       00580E
__end_of_color_read_Green      text25       0057BE
__end_of_color_read_Red        text24       00576E
__end_of_color_read_lum        text23       00571E
__end_of_color_writetoaddr     text43       005B56
__end_of_colour_rel            text41       0037E8
__end_of_dtoa                  text12       003D6C
__end_of_efgtoa                text4        002330
__end_of_floorf                text8        003F7E
__end_of_fputc                 text15       004B2E
__end_of_fputs                 text14       0058DC
__end_of_fullSpeedAhead        text53       004D04
__end_of_fullSpeedBack         text60       004E30
__end_of_go_Home               text31       004150
__end_of_initDCmotorsPWM       text30       004EB8
__end_of_initUSART4            text29       005B74
__end_of_labs                  text7        005104
__end_of_main                  text0        002836
__end_of_memcpy                text6        0056CE
__end_of_pad                   text13       004FB4
__end_of_putch                 text16       005BBC
__end_of_readColours           text22       0051C8
__end_of_reverseDetect         text58       0053E4
__end_of_reverseOneBlock       text57       00538A
__end_of_sendCharSerial4       text21       005B8C
__end_of_sendStringSerial4     text20       005ABE
__end_of_setMotorPWM           text61       0045F8
__end_of_sprintf               text1        0054E4
__end_of_stop                  text59       00502A
__end_of_strcpy                text5        005898
__end_of_turnLeft              text56       004D9A
__end_of_turnLeft45            text55       005330
__end_of_turnRight             text51       004C6E
__end_of_turnRight45           text50       0052D6
__end_of_vfpfcnvrt             text3        003AEE
__end_of_vfprintf              text2        005492
__initialization               cinit        0053E4
__mediumconst                  mediumconst  000000
__pbssBANK0                    bssBANK0     0000D3
__pbssBANK1                    bssBANK1     000100
__pbssBANK2                    bssBANK2     000200
__pbssBANK3                    bssBANK3     000300
__pcinit                       cinit        0053E4
__pcstackBANK0                 cstackBANK0  000060
__pcstackBANK1                 cstackBANK1  000184
__pcstackCOMRAM                cstackCOMRAM 000001
__pdataBANK0                   dataBANK0    0000FA
__pidataBANK0                  idataBANK0   005BB6
__pintcode                     intcode      000008
__psmallconst                  smallconst   000E00
__ptext0                       text0        002330
__ptext1                       text1        005492
__ptext10                      text10       00475C
__ptext11                      text11       005A56
__ptext12                      text12       003AEE
__ptext13                      text13       004F3A
__ptext14                      text14       005898
__ptext15                      text15       004A64
__ptext16                      text16       005BBA
__ptext17                      text17       00591E
__ptext18                      text18       0045F8
__ptext19                      text19       004304
__ptext2                       text2        00543C
__ptext20                      text20       005A8E
__ptext21                      text21       005B74
__ptext22                      text22       00516A
__ptext23                      text23       0056CE
__ptext24                      text24       00571E
__ptext25                      text25       00576E
__ptext26                      text26       0057BE
__ptext27                      text27       005B98
__ptext28                      text28       0058DC
__ptext29                      text29       005B56
__ptext3                       text3        0037E8
__ptext30                      text30       004E30
__ptext31                      text31       003F7E
__ptext32                      text32       00595E
__ptext33                      text33       00599C
__ptext34                      text34       0051C8
__ptext35                      text35       0059DA
__ptext36                      text36       0054E4
__ptext37                      text37       005536
__ptext38                      text38       005A18
__ptext39                      text39       005222
__ptext4                       text4        001936
__ptext40                      text40       005104
__ptext41                      text41       0034BA
__ptext42                      text42       005588
__ptext43                      text43       005B36
__ptext44                      text44       005B8C
__ptext45                      text45       005BA2
__ptext46                      text46       005BAC
__ptext47                      text47       005AE8
__ptext48                      text48       005ABE
__ptext49                      text49       0055DA
__ptext5                       text5        005854
__ptext50                      text50       00527C
__ptext51                      text51       004BD8
__ptext52                      text52       004EB8
__ptext53                      text53       004C6E
__ptext54                      text54       00562C
__ptext55                      text55       0052D6
__ptext56                      text56       004D04
__ptext57                      text57       005330
__ptext58                      text58       00538A
__ptext59                      text59       004FB4
__ptext6                       text6        00567E
__ptext60                      text60       004D9A
__ptext61                      text61       00448C
__ptext62                      text62       005B10
__ptext63                      text63       00502A
__ptext64                      text64       005BBC
__ptext65                      text65       000E5A
__ptext66                      text66       004150
__ptext67                      text67       00580E
__ptext68                      text68       002836
__ptext69                      text69       002CF6
__ptext7                       text7        00509E
__ptext70                      text70       004862
__ptext71                      text71       004B2E
__ptext72                      text72       003120
__ptext8                       text8        003D6C
__ptext9                       text9        004966
__ramtop                       ramtop       000E00
__smallconst                   smallconst   000E00
_abs                           text17       00591E
_color_click_init              text42       005588
_color_read_Blue               text26       0057BE
_color_read_Green              text25       00576E
_color_read_Red                text24       00571E
_color_read_lum                text23       0056CE
_color_writetoaddr             text43       005B36
_colour_rel                    text41       0034BA
_colour_rel$2781               cstackBANK0  000064
_colour_rel$2782               cstackBANK0  000068
_dbuf                          bssBANK1     00010E
_dtoa                          text12       003AEE
_dtoa$2379                     cstackCOMRAM 00002E
_efgtoa                        text4        001936
_efgtoa$2410                   cstackBANK0  00006F
_flags                         bssBANK0     0000F5
_floorf                        text8        003D6C
_fputc                         text15       004A64
_fputs                         text14       005898
_fullSpeedAhead                text53       004C6E
_fullSpeedBack                 text60       004D9A
_go_Home                       text31       003F7E
_high_threshold                dataBANK0    0000FA
_initDCmotorsPWM               text30       004E30
_initUSART4                    text29       005B56
_labs                          text7        00509E
_low_threshold                 bssBANK0     0000F3
_main                          text0        002330
_memcpy                        text6        00567E
_motorL                        bssBANK1     000173
_motorR                        bssBANK1     00016A
_move_count                    bssBANK1     00010C
_pad                           text13       004F3A
_prec                          bssBANK0     0000F1
_putch                         text16       005BBA
_readColours                   text22       00516A
_rel                           bssBANK1     00015E
_reverseDetect                 text58       00538A
_reverseOneBlock               text57       005330
_sendCharSerial4               text21       005B74
_sendStringSerial4             text20       005A8E
_setMotorPWM                   text61       00448C
_sprintf                       text1        005492
_stop                          text59       004FB4
_strcpy                        text5        005854
_turnLeft                      text56       004D04
_turnLeft45                    text55       0052D6
_turnRight                     text51       004BD8
_turnRight45                   text50       00527C
_vals                          bssBANK1     00017C
_vfpfcnvrt                     text3        0037E8
_vfprintf                      text2        00543C
_width                         bssBANK0     0000EF
abs@a                          cstackCOMRAM 000013
btemp                          temp         00005F
color_read_Blue@tmp            cstackCOMRAM 00000A
color_read_Green@tmp           cstackCOMRAM 00000A
color_read_Red@tmp             cstackCOMRAM 00000A
color_read_lum@tmp             cstackCOMRAM 00000A
color_writetoaddr@address      cstackCOMRAM 000004
color_writetoaddr@value        cstackCOMRAM 000003
colour_rel@B                   cstackBANK0  000074
colour_rel@G                   cstackBANK0  000070
colour_rel@L                   cstackBANK0  000060
colour_rel@R                   cstackBANK0  00006C
colour_rel@rel                 cstackCOMRAM 00004D
colour_rel@vals                cstackCOMRAM 00004B
dtoa@d                         cstackCOMRAM 00001E
dtoa@fp                        cstackCOMRAM 00001C
dtoa@i                         cstackCOMRAM 00003C
dtoa@n                         cstackCOMRAM 000034
dtoa@p                         cstackCOMRAM 000030
dtoa@s                         cstackCOMRAM 00003E
dtoa@w                         cstackCOMRAM 000032
efgtoa@c                       cstackBANK0  000066
efgtoa@d                       cstackBANK0  000074
efgtoa@e                       cstackBANK0  000078
efgtoa@f                       cstackBANK0  000062
efgtoa@fp                      cstackBANK0  000060
efgtoa@g                       cstackBANK0  00008D
efgtoa@h                       cstackBANK0  000082
efgtoa@i                       cstackBANK0  000080
efgtoa@l                       cstackBANK0  000086
efgtoa@m                       cstackBANK0  000076
efgtoa@mode                    cstackBANK0  000072
efgtoa@n                       cstackBANK0  00008B
efgtoa@ne                      cstackBANK0  000069
efgtoa@nmode                   cstackBANK0  000073
efgtoa@ou                      cstackBANK0  00007C
efgtoa@p                       cstackBANK0  00006B
efgtoa@pp                      cstackBANK0  000071
efgtoa@sign                    cstackBANK0  00008A
efgtoa@t                       cstackBANK0  00006D
efgtoa@u                       cstackBANK0  000091
efgtoa@w                       cstackBANK0  00007A
end_of_initialization          cinit        005432
floorf@F526                    bssBANK0     0000E7
floorf@e                       cstackCOMRAM 000059
floorf@m                       cstackCOMRAM 000055
floorf@u                       cstackCOMRAM 00005B
floorf@x                       cstackCOMRAM 00004B
fputc@c                        cstackCOMRAM 000001
fputc@fp                       cstackCOMRAM 000003
fputs@c                        cstackCOMRAM 00000E
fputs@fp                       cstackCOMRAM 00000C
fputs@i                        cstackCOMRAM 00000F
fputs@s                        cstackCOMRAM 00000A
fullSpeedAhead@mL              cstackCOMRAM 000014
fullSpeedAhead@mR              cstackCOMRAM 000016
fullSpeedBack@mL               cstackCOMRAM 000014
fullSpeedBack@mR               cstackCOMRAM 000016
go_Home@WayBack                cstackCOMRAM 000023
go_Home@i                      cstackCOMRAM 000026
initDCmotorsPWM@PWMperiod      cstackCOMRAM 000001
int$flags                      temp         00005F
intlevel0                      text         000000
intlevel1                      text         000000
intlevel2                      text         000000
intlevel3                      text         000000
isa$std                        (abs)        000001
isa$xinst                      (abs)        000000
labs@a                         cstackCOMRAM 000001
main@buf                       cstackBANK1  000184
main@colour                    cstackBANK1  0001EC
main@consecuitive              cstackBANK1  0001EA
main@prev_colour               cstackBANK1  0001EE
main@run_flag                  cstackBANK1  0001E8
memcpy@d                       cstackCOMRAM 000007
memcpy@d1                      cstackCOMRAM 000001
memcpy@n                       cstackCOMRAM 000005
memcpy@s                       cstackCOMRAM 000009
memcpy@s1                      cstackCOMRAM 000003
memcpy@tmp                     cstackCOMRAM 00000B
pad@buf                        cstackCOMRAM 000013
pad@fp                         cstackCOMRAM 000011
pad@i                          cstackCOMRAM 000018
pad@p                          cstackCOMRAM 000015
pad@w                          cstackCOMRAM 00001A
readColours@vals               cstackCOMRAM 00000C
reverseDetect@mL               cstackCOMRAM 000019
reverseDetect@mR               cstackCOMRAM 00001B
reverseOneBlock@mL             cstackCOMRAM 000019
reverseOneBlock@mR             cstackCOMRAM 00001B
sendCharSerial4@charToSend     cstackCOMRAM 000001
sendStringSerial4@string       cstackCOMRAM 000002
setMotorPWM@m                  cstackCOMRAM 00000E
setMotorPWM@negDuty            cstackCOMRAM 000013
setMotorPWM@posDuty            cstackCOMRAM 000012
sprintf@ap                     cstackBANK0  0000C4
sprintf@f                      cstackBANK0  0000C6
sprintf@fmt                    cstackBANK0  0000B2
sprintf@s                      cstackBANK0  0000B0
stackhi                        (abs)        000000
stacklo                        (abs)        000000
start                          init         00000E
start_initialization           cinit        0053E4
stop@mL                        cstackCOMRAM 000014
stop@mR                        cstackCOMRAM 000016
strcpy@d                       cstackCOMRAM 000007
strcpy@dest                    cstackCOMRAM 000001
strcpy@s                       cstackCOMRAM 000005
strcpy@src                     cstackCOMRAM 000003
ttemp5                         temp         000060
ttemp6                         temp         000063
ttemp7                         temp         000067
turnLeft45@mL                  cstackCOMRAM 000019
turnLeft45@mR                  cstackCOMRAM 00001B
turnLeft@mL                    cstackCOMRAM 000014
turnLeft@mR                    cstackCOMRAM 000016
turnRight45@mL                 cstackCOMRAM 000019
turnRight45@mR                 cstackCOMRAM 00001B
turnRight@mL                   cstackCOMRAM 000014
turnRight@mR                   cstackCOMRAM 000016
vfpfcnvrt@ap                   cstackBANK0  000099
vfpfcnvrt@c                    cstackBANK0  0000A5
vfpfcnvrt@convarg              cstackBANK0  00009D
vfpfcnvrt@cp                   cstackBANK0  0000A6
vfpfcnvrt@fmt                  cstackBANK0  000097
vfpfcnvrt@fp                   cstackBANK0  000095
vfprintf@ap                    cstackBANK0  0000AC
vfprintf@cfmt                  cstackBANK0  0000AE
vfprintf@fmt                   cstackBANK0  0000AA
vfprintf@fp                    cstackBANK0  0000A8
wtemp8                         temp         000060


MODULE INFORMATION

Module		Function		Class		Link	Load	Size
C:\Program Files\Microchip\xc8\v2.40\pic\sources\c99\common\sprcmul.c
		___flmul       		CODE           	2CF6	0000	1066

C:\Program Files\Microchip\xc8\v2.40\pic\sources\c99\common\sprcmul.c estimated size: 1066

C:\Program Files\Microchip\xc8\v2.40\pic\sources\c99\common\nf_fputc.c
		_fputc         		CODE           	4A64	0000	202

C:\Program Files\Microchip\xc8\v2.40\pic\sources\c99\common\nf_fputc.c estimated size: 202

serial.c
		_sendStringSerial4		CODE           	5A8E	0000	48
		_sendCharSerial4		CODE           	5B74	0000	24
		_initUSART4    		CODE           	5B56	0000	30

serial.c estimated size: 102

C:\Program Files\Microchip\xc8\v2.40\pic\sources\c99\common\sprcdiv.c
		___fldiv       		CODE           	3120	0000	922

C:\Program Files\Microchip\xc8\v2.40\pic\sources\c99\common\sprcdiv.c estimated size: 922

C:\Program Files\Microchip\xc8\v2.40\pic\sources\c99\common\nf_sprintf.c
		_sprintf       		CODE           	5492	0000	82

C:\Program Files\Microchip\xc8\v2.40\pic\sources\c99\common\nf_sprintf.c estimated size: 82

C:\Program Files\Microchip\xc8\v2.40\pic\sources\c99\common\lwdiv.c
		___lwdiv       		CODE           	502A	0000	116

C:\Program Files\Microchip\xc8\v2.40\pic\sources\c99\common\lwdiv.c estimated size: 116

C:\Program Files\Microchip\xc8\v2.40\pic\sources\c99\common\memcpy.c
		_memcpy        		CODE           	567E	0000	80

C:\Program Files\Microchip\xc8\v2.40\pic\sources\c99\common\memcpy.c estimated size: 80

color.c
		_color_writetoaddr		CODE           	5B36	0000	32
		_readColours   		CODE           	516A	0000	94
		_color_click_init		CODE           	5588	0000	82
		_Colour_decider		CODE           	0E5A	0000	2780
		_colour_rel    		CODE           	34BA	0000	814
		_color_read_Green		CODE           	576E	0000	80
		_color_read_Red		CODE           	571E	0000	80
		_color_read_lum		CODE           	56CE	0000	80
		_color_read_Blue		CODE           	57BE	0000	80

color.c estimated size: 4122

C:\Program Files\Microchip\xc8\v2.40\pic\sources\c99\common\fltol.c
		___fltol       		CODE           	475C	0000	262

C:\Program Files\Microchip\xc8\v2.40\pic\sources\c99\common\fltol.c estimated size: 262

C:\Program Files\Microchip\xc8\v2.40\pic\sources\c99\common\Umul16.c
		___wmul        		CODE           	5B10	0000	38

C:\Program Files\Microchip\xc8\v2.40\pic\sources\c99\common\Umul16.c estimated size: 38

C:\Program Files\Microchip\xc8\v2.40\pic\sources\c99\common\fleq.c
		___fleq        		CODE           	4B2E	0000	170

C:\Program Files\Microchip\xc8\v2.40\pic\sources\c99\common\fleq.c estimated size: 170

dc_motor.c
		_reverseDetect 		CODE           	538A	0000	90
		_fullSpeedBack 		CODE           	4D9A	0000	150
		_GreenMove     		CODE           	5A18	0000	62
		_YellowMove    		CODE           	55DA	0000	82
		_fullSpeedAhead		CODE           	4C6E	0000	150
		_Forwardhalfblock		CODE           	5222	0000	90
		_turnLeft      		CODE           	4D04	0000	150
		_turnLeft45    		CODE           	52D6	0000	90
		_stop          		CODE           	4FB4	0000	118
		_RedMove       		CODE           	59DA	0000	62
		_initDCmotorsPWM		CODE           	4E30	0000	136
		_turnRight     		CODE           	4BD8	0000	150
		_turnRight45   		CODE           	527C	0000	90
		_BlueMove      		CODE           	5104	0000	102
		_reverseOneBlock		CODE           	5330	0000	90
		_OrangeMove    		CODE           	54E4	0000	82
		_setMotorPWM   		CODE           	448C	0000	364
		_ReversePink   		CODE           	599C	0000	62
		_RetryMove     		CODE           	4EB8	0000	130
		_ForwardOneBlock		CODE           	51C8	0000	90
		_LightBlueMove 		CODE           	5536	0000	82
		_ReverseYellow 		CODE           	595E	0000	62
		_PinkMove      		CODE           	562C	0000	82

dc_motor.c estimated size: 2566

interrupts.c
		_Interrupts_init		CODE           	5BBC	0000	2
		_HighISR       		CODE           	0008	0000	6

interrupts.c estimated size: 8

C:\Program Files\Microchip\xc8\v2.40\pic\sources\c99\common\abs.c
		_abs           		CODE           	591E	0000	64

C:\Program Files\Microchip\xc8\v2.40\pic\sources\c99\common\abs.c estimated size: 64

Memory.c
		_go_Home       		CODE           	3F7E	0000	466

Memory.c estimated size: 466

i2c.c
		_I2C_2_Master_Start		CODE           	5BAC	0000	10
		_I2C_2_Master_Read		CODE           	58DC	0000	66
		_I2C_2_Master_Idle		CODE           	5AE8	0000	40
		_I2C_2_Master_Init		CODE           	5ABE	0000	42
		_I2C_2_Master_Stop		CODE           	5BA2	0000	10
		_I2C_2_Master_RepStart		CODE           	5B98	0000	10
		_I2C_2_Master_Write		CODE           	5B8C	0000	12

i2c.c estimated size: 190

C:\Program Files\Microchip\xc8\v2.40\pic\sources\c99\common\__fpclassifyf.c
		___fpclassifyf 		CODE           	4966	0000	254

C:\Program Files\Microchip\xc8\v2.40\pic\sources\c99\common\__fpclassifyf.c estimated size: 254

C:\Program Files\Microchip\xc8\v2.40\pic\sources\c99\common\sprcadd.c
		___flsub       		CODE           	580E	0000	70
		___fladd       		CODE           	2836	0000	1216

C:\Program Files\Microchip\xc8\v2.40\pic\sources\c99\common\sprcadd.c estimated size: 1286

C:\Program Files\Microchip\xc8\v2.40\pic\sources\c99\common\floorf.c
		_floorf        		CODE           	3D6C	0000	530

C:\Program Files\Microchip\xc8\v2.40\pic\sources\c99\common\floorf.c estimated size: 530

C:\Program Files\Microchip\xc8\v2.40\pic\sources\c99\common\flneg.c
		___flneg       		CODE           	5A56	0000	56

C:\Program Files\Microchip\xc8\v2.40\pic\sources\c99\common\flneg.c estimated size: 56

C:\Program Files\Microchip\xc8\v2.40\pic\sources\c99\common\labs.c
		_labs          		CODE           	509E	0000	102

C:\Program Files\Microchip\xc8\v2.40\pic\sources\c99\common\labs.c estimated size: 102

C:\Program Files\Microchip\xc8\v2.40\pic\sources\c99\common\xxtofl.c
		___xxtofl      		CODE           	4150	0000	436

C:\Program Files\Microchip\xc8\v2.40\pic\sources\c99\common\xxtofl.c estimated size: 436

C:\Program Files\Microchip\xc8\v2.40\pic\sources\c99\common\nf_fputs.c
		_fputs         		CODE           	5898	0000	68

C:\Program Files\Microchip\xc8\v2.40\pic\sources\c99\common\nf_fputs.c estimated size: 68

C:\Program Files\Microchip\xc8\v2.40\pic\sources\c99\common\aomod.c
		___aomod       		CODE           	45F8	0000	356

C:\Program Files\Microchip\xc8\v2.40\pic\sources\c99\common\aomod.c estimated size: 356

shared
		__initialization		CODE           	53E4	0000	78

shared estimated size: 78

C:\Program Files\Microchip\xc8\v2.40\pic\sources\c99\common\strcpy.c
		_strcpy        		CODE           	5854	0000	68

C:\Program Files\Microchip\xc8\v2.40\pic\sources\c99\common\strcpy.c estimated size: 68

C:\Program Files\Microchip\xc8\v2.40\pic\sources\c99\common\flge.c
		___flge        		CODE           	4862	0000	260

C:\Program Files\Microchip\xc8\v2.40\pic\sources\c99\common\flge.c estimated size: 260

C:\Program Files\Microchip\xc8\v2.40\pic\sources\c99\common\putch.c
		_putch         		CODE           	5BBA	0000	2

C:\Program Files\Microchip\xc8\v2.40\pic\sources\c99\common\putch.c estimated size: 2

C:\Program Files\Microchip\xc8\v2.40\pic\sources\c99\common\doprnt.c
		_vfpfcnvrt     		CODE           	37E8	0000	774
		_efgtoa        		CODE           	1936	0000	2554
		_pad           		CODE           	4F3A	0000	122
		_dtoa          		CODE           	3AEE	0000	638
		_vfprintf      		CODE           	543C	0000	86

C:\Program Files\Microchip\xc8\v2.40\pic\sources\c99\common\doprnt.c estimated size: 4174

main.c
		_main          		CODE           	2330	0000	1286

main.c estimated size: 1286

C:\Program Files\Microchip\xc8\v2.40\pic\sources\c99\common\aodiv.c
		___aodiv       		CODE           	4304	0000	392

C:\Program Files\Microchip\xc8\v2.40\pic\sources\c99\common\aodiv.c estimated size: 392

