Microchip MPLAB XC8 Compiler V2.40

Linker command line:

-W-3 \
  --edf=C:\Program Files\Microchip\xc8\v2.40\pic\dat\20220703182018_en.msgs \
  -cn \
  -h+dist/default/production\final-project-josh-and-edward.X.production.sym \
  --cmf=dist/default/production\final-project-josh-and-edward.X.production.cmf \
  -z -Q18F67K40 -oC:\Users\EDWARD~1\AppData\Local\Temp\xcAs1cck.4 \
  --defsym=__MPLAB_BUILD=1 --fixupoverflow=error \
  -Mdist/default/production/final-project-josh-and-edward.X.production.map \
  --md=C:\Users\EDWARD~1\AppData\Local\Temp\xcAs1cck.dat -E1 \
  -ver=XC8 Compiler --acfsm=1493 -ACODE=00h-01FFFFh -ACONST=00h-01FFFFh \
  -ASMALLCONST=0E00h-0EFFhx498 -AMEDIUMCONST=0E00h-0FFFFh,010E00h-01FFFFh \
  -ACOMRAM=01h-05Fh -AABS1=00h-0DE9h -ABIGRAM=01h-0DE9h \
  -ARAM=060h-0FFh,0100h-01FFhx12,0D00h-0DE9h -ABANK0=060h-0FFh \
  -ABANK1=0100h-01FFh -ABANK2=0200h-02FFh -ABANK3=0300h-03FFh \
  -ABANK4=0400h-04FFh -ABANK5=0500h-05FFh -ABANK6=0600h-06FFh \
  -ABANK7=0700h-07FFh -ABANK8=0800h-08FFh -ABANK9=0900h-09FFh \
  -ABANK10=0A00h-0AFFh -ABANK11=0B00h-0BFFh -ABANK12=0C00h-0CFFh \
  -ABANK13=0D00h-0DE9h \
  -ASFR=0DEFh-0DFFh,0E00h-0EFFh,0F00h-0F5Fh,0F60h-0FFFh \
  -ABIGSFR=0DEFh-0FFFh -ACONFIG=0300000h-030000Bh -AIDLOC=0200000h-020000Fh \
  -AEEDATA=0310000h-03103FFh -peeprom_data=EEDATA \
  -preset_vec=00h,intcode=08h,intcodelo,powerup,init -pramtop=0E00h \
  -psmallconst=SMALLCONST -pmediumconst=MEDIUMCONST -pconst=CONST \
  -AFARRAM=00h-00h \
  -prdata=COMRAM,nvrram=COMRAM,nvbit=COMRAM,rbss=COMRAM,rbit=COMRAM \
  -pfarbss=FARRAM,fardata=FARRAM,nvFARRAM=FARRAM \
  -pintsave_regs=BIGRAM,bigbss=BIGRAM,bigdata=BIGRAM -pbss=RAM \
  -pidata=CODE,irdata=CODE,ibigdata=CODE,ifardata=CODE -prparam=COMRAM \
  C:\Users\EDWARD~1\AppData\Local\Temp\xcAs1cck.o \
  dist/default/production\final-project-josh-and-edward.X.production.o 

Object code version is 3.11

Machine type is 18F67K40



                Name                               Link     Load   Length Selector   Space Scale
C:\Users\EDWARD~1\AppData\Local\Temp\xcAs1cck.o
                idloc                            200000   200000       10        0       5
                config                           300000   300000        C        0       4
                init                                  E        E        4        4       0
                reset_vec                             0        0        4        0       0
dist/default/production\final-project-josh-and-edward.X.production.o
                intcode                               8        8        6        4       0
                idloc                            200000   200000       10        0       5
                config                           300000   300000        C        0       4
                temp                                 5F       5F        1        1       1
                smallconst                          E00      E00       26      700       0
                text65                             275A     275A      39A      713       0
                text64                             3BF8     3BF8       AA      713       0
                text63                             3A2A     3A2A      104      713       0
                text62                             2330     2330      42A      713       0
                text61                             1E70     1E70      4C0      713       0
                text60                             4856     4856       46      713       0
                text59                             32CE     32CE      1B4      713       0
                text58                              E26      E26      ADC      713       0
                text57                             4BAA     4BAA        2      713       0
                text56                             411C     411C       74      713       0
                text55                             4ADC     4ADC       26      713       0
                text54                             360A     360A      16C      713       0
                text53                             3E7C     3E7C       9E      713       0
                text52                             4024     4024       7E      713       0
                text51                             43D2     43D2       5A      713       0
                text50                             4378     4378       5A      713       0
                text49                             3DDE     3DDE       9E      713       0
                text48                             4484     4484       58      713       0
                text47                             4676     4676       52      713       0
                text46                             3D40     3D40       9E      713       0
                text45                             3FA2     3FA2       82      713       0
                text44                             4B22     4B22       20      713       0
                text43                             3CA2     3CA2       9E      713       0
                text42                             442C     442C       58      713       0
                text41                             4624     4624       52      713       0
                text40                             4A8A     4A8A       2A      713       0
                text39                             4AB4     4AB4       28      713       0
                text38                             4B98     4B98        A      713       0
                text37                             4B8E     4B8E        A      713       0
                text36                             4B78     4B78        C      713       0
                text35                             4B02     4B02       20      713       0
                text34                             45D2     45D2       52      713       0
                text33                             2AF4     2AF4      32E      713       0
                text32                             4200     4200       66      713       0
                text31                             431E     431E       5A      713       0
                text30                             4A1C     4A1C       3E      713       0
                text29                             4580     4580       52      713       0
                text28                             452E     452E       52      713       0
                text27                             49DE     49DE       3E      713       0
                text26                             42C4     42C4       5A      713       0
                text25                             49A0     49A0       3E      713       0
                text24                             4962     4962       3E      713       0
                text23                             30A0     30A0      22E      713       0
                text22                             3F1A     3F1A       88      713       0
                text21                             4B42     4B42       1E      713       0
                text20                             48E0     48E0       42      713       0
                text19                             4B84     4B84        A      713       0
                text18                             47B8     47B8       50      713       0
                text17                             4768     4768       50      713       0
                text16                             4718     4718       50      713       0
                text15                             46C8     46C8       50      713       0
                text14                             4266     4266       5E      713       0
                text13                             4B60     4B60       18      713       0
                text12                             4A5A     4A5A       30      713       0
                text11                             3482     3482      188      713       0
                text10                             3776     3776      164      713       0
                text9                              4922     4922       40      713       0
                text8                              4BA8     4BA8        2      713       0
                text7                              3B2E     3B2E       CA      713       0
                text6                              489C     489C       44      713       0
                text5                              40A2     40A2       7A      713       0
                text4                              2E22     2E22      27E      713       0
                text3                              38DA     38DA      150      713       0
                text2                              4808     4808       4E      713       0
                text1                              44DC     44DC       52      713       0
                text0                              1902     1902      56E      713       0
                cstackCOMRAM                          1        1       5A        1       1
                cstackBANK0                          60       60       90       60       1
                bssBANK2                            200      200       64      200       1
                dataBANK1                           1CF      1CF        6      100       1
                bssBANK1                            100      100       CF      100       1
                dataBANK0                            FE       FE        1       60       1
                bssBANK0                             F0       F0        E       60       1
                bssCOMRAM                            5B       5B        4        1       1
                cinit                              4190     4190       70      713       0
                idataBANK1                         4BA2     4BA2        6      713       0
                idataBANK0                         4BAC     4BAC        1      713       0

TOTAL           Name                               Link     Load   Length     Space
        CLASS   CODE           
                intcode                               8        8        6         0
                init                                  E        E        4         0
                reset_vec                             0        0        4         0
                text65                             275A     275A      39A         0
                text64                             3BF8     3BF8       AA         0
                text63                             3A2A     3A2A      104         0
                text62                             2330     2330      42A         0
                text61                             1E70     1E70      4C0         0
                text60                             4856     4856       46         0
                text59                             32CE     32CE      1B4         0
                text58                              E26      E26      ADC         0
                text57                             4BAA     4BAA        2         0
                text56                             411C     411C       74         0
                text55                             4ADC     4ADC       26         0
                text54                             360A     360A      16C         0
                text53                             3E7C     3E7C       9E         0
                text52                             4024     4024       7E         0
                text51                             43D2     43D2       5A         0
                text50                             4378     4378       5A         0
                text49                             3DDE     3DDE       9E         0
                text48                             4484     4484       58         0
                text47                             4676     4676       52         0
                text46                             3D40     3D40       9E         0
                text45                             3FA2     3FA2       82         0
                text44                             4B22     4B22       20         0
                text43                             3CA2     3CA2       9E         0
                text42                             442C     442C       58         0
                text41                             4624     4624       52         0
                text40                             4A8A     4A8A       2A         0
                text39                             4AB4     4AB4       28         0
                text38                             4B98     4B98        A         0
                text37                             4B8E     4B8E        A         0
                text36                             4B78     4B78        C         0
                text35                             4B02     4B02       20         0
                text34                             45D2     45D2       52         0
                text33                             2AF4     2AF4      32E         0
                text32                             4200     4200       66         0
                text31                             431E     431E       5A         0
                text30                             4A1C     4A1C       3E         0
                text29                             4580     4580       52         0
                text28                             452E     452E       52         0
                text27                             49DE     49DE       3E         0
                text26                             42C4     42C4       5A         0
                text25                             49A0     49A0       3E         0
                text24                             4962     4962       3E         0
                text23                             30A0     30A0      22E         0
                text22                             3F1A     3F1A       88         0
                text21                             4B42     4B42       1E         0
                text20                             48E0     48E0       42         0
                text19                             4B84     4B84        A         0
                text18                             47B8     47B8       50         0
                text17                             4768     4768       50         0
                text16                             4718     4718       50         0
                text15                             46C8     46C8       50         0
                text14                             4266     4266       5E         0
                text13                             4B60     4B60       18         0
                text12                             4A5A     4A5A       30         0
                text11                             3482     3482      188         0
                text10                             3776     3776      164         0
                text9                              4922     4922       40         0
                text8                              4BA8     4BA8        2         0
                text7                              3B2E     3B2E       CA         0
                text6                              489C     489C       44         0
                text5                              40A2     40A2       7A         0
                text4                              2E22     2E22      27E         0
                text3                              38DA     38DA      150         0
                text2                              4808     4808       4E         0
                text1                              44DC     44DC       52         0
                text0                              1902     1902      56E         0
                cinit                              4190     4190       70         0
                idataBANK1                         4BA2     4BA2        6         0
                idataBANK0                         4BAC     4BAC        1         0

        CLASS   CONST          

        CLASS   SMALLCONST     
                smallconst                          E00      E00       26         0

        CLASS   MEDIUMCONST    

        CLASS   COMRAM         
                temp                                 5F       5F        1         1
                cstackCOMRAM                          1        1       5A         1
                bssCOMRAM                            5B       5B        4         1

        CLASS   ABS1           

        CLASS   BIGRAM         

        CLASS   RAM            

        CLASS   BANK0          
                cstackBANK0                          60       60       90         1
                dataBANK0                            FE       FE        1         1
                bssBANK0                             F0       F0        E         1

        CLASS   BANK1          
                dataBANK1                           1CF      1CF        6         1
                bssBANK1                            100      100       CF         1

        CLASS   BANK2          
                bssBANK2                            200      200       64         1

        CLASS   BANK3          

        CLASS   BANK4          

        CLASS   BANK5          

        CLASS   BANK6          

        CLASS   BANK7          

        CLASS   BANK8          

        CLASS   BANK9          

        CLASS   BANK10         

        CLASS   BANK11         

        CLASS   BANK12         

        CLASS   BANK13         

        CLASS   SFR            

        CLASS   BIGSFR         

        CLASS   CONFIG         
                config                           300000   300000        C         4

        CLASS   IDLOC          
                idloc                            200000   200000       10         5

        CLASS   EEDATA         

        CLASS   FARRAM         

        CLASS   HEAP           

        CLASS   STACK          



SEGMENTS        Name                           Load    Length   Top    Selector   Space  Class

                reset_vec                      000000  000004  000004         0       0  CODE    
                cstackCOMRAM                   000001  00005F  000060         1       1  COMRAM  
                intcode                        000008  00000A  000012         4       0  CODE    
                cstackBANK0                    000060  00009F  0000FF        60       1  BANK0   
                bssBANK1                       000100  0000D5  0001D5       100       1  BANK1   
                bssBANK2                       000200  000064  000264       200       1  BANK2   
                smallconst                     000E00  000026  000E26       700       0  SMALLCON
                text58                         000E26  003D87  004BAD       713       0  CODE    


UNUSED ADDRESS RANGES

        Name                Unused          Largest block    Delta
        BANK0            0000FF-0000FF                1
        BANK1            0001D5-0001FF               2B
        BANK10           000A00-000AFF              100
        BANK11           000B00-000BFF              100
        BANK12           000C00-000CFF              100
        BANK13           000D00-000DE9               EA
        BANK2            000264-0002FF               9C
        BANK3            000300-0003FF              100
        BANK4            000400-0004FF              100
        BANK5            000500-0005FF              100
        BANK6            000600-0006FF              100
        BANK7            000700-0007FF              100
        BANK8            000800-0008FF              100
        BANK9            000900-0009FF              100
        BIGRAM           0000FF-0000FF                1
                         0001D5-0001FF               2B
                         000264-000DE9              B86
        BIGSFR           000DEF-000FFF              211
        CODE             000004-000007                4
                         000012-000DFF              DEE
                         004BAD-01FFFF            1B453
        CONST            000004-000007                4
                         000012-000DFF              DEE
                         004BAD-01FFFF            1B453
        EEDATA           310000-3103FF              400
        MEDIUMCONST      004BAD-00FFFF             B453
                         010E00-01FFFF             F200
        RAM              0000FF-0000FF                1
                         0001D5-0001FF               2B
                         000264-000DE9              100
        SFR              000DEF-000FFF              100
        SMALLCONST       004BAD-01FFFF              100

                                  Symbol Table

?_Colour_decider               cstackCOMRAM 00004B
?___aodiv                      cstackCOMRAM 000001
?___aomod                      cstackCOMRAM 000001
?___fladd                      cstackCOMRAM 000001
?___fldiv                      cstackCOMRAM 000019
?___flmul                      cstackCOMRAM 000032
?___flsub                      cstackCOMRAM 000011
?___lwdiv                      cstackCOMRAM 000007
?___wmul                       cstackCOMRAM 000001
?___xxtofl                     cstackCOMRAM 000001
?_abs                          cstackCOMRAM 000013
?_color_read_Blue              cstackCOMRAM 000005
?_color_read_Green             cstackCOMRAM 000005
?_color_read_Red               cstackCOMRAM 000005
?_color_read_lum               cstackCOMRAM 000005
?_sprintf                      cstackBANK0  000060
?_vfprintf                     cstackCOMRAM 000051
BlueMove@mL                    cstackCOMRAM 000020
BlueMove@mR                    cstackCOMRAM 000022
Colour_decider@Cmax            cstackBANK0  000072
Colour_decider@Cmax_i          cstackBANK0  000064
Colour_decider@Cmin            cstackBANK0  000076
Colour_decider@Hue             cstackBANK0  00007C
Colour_decider@RGB_col         cstackBANK0  000066
Colour_decider@i               cstackBANK0  00007A
Colour_decider@rel             cstackCOMRAM 00004D
Colour_decider@vals            cstackCOMRAM 00004B
ForwardOneBlock@mL             cstackCOMRAM 00001A
ForwardOneBlock@mR             cstackCOMRAM 00001C
Forwardhalfblock@mL            cstackCOMRAM 00001A
Forwardhalfblock@mR            cstackCOMRAM 00001C
GreenMove@mL                   cstackCOMRAM 000020
GreenMove@mR                   cstackCOMRAM 000022
I2C_2_Master_Read@ack          cstackCOMRAM 000003
I2C_2_Master_Read@tmp          cstackCOMRAM 000004
I2C_2_Master_Write@data_byte   cstackCOMRAM 000002
LightBlueMove@mL               cstackCOMRAM 000020
LightBlueMove@mR               cstackCOMRAM 000022
OrangeMove@mL                  cstackCOMRAM 000020
OrangeMove@mR                  cstackCOMRAM 000022
PinkMove@mL                    cstackCOMRAM 000020
PinkMove@mR                    cstackCOMRAM 000022
RedMove@mL                     cstackCOMRAM 000020
RedMove@mR                     cstackCOMRAM 000022
RetryMove@mL                   cstackCOMRAM 00001A
RetryMove@mR                   cstackCOMRAM 00001C
ReversePink@mL                 cstackCOMRAM 000020
ReversePink@mR                 cstackCOMRAM 000022
ReverseYellow@mL               cstackCOMRAM 000020
ReverseYellow@mR               cstackCOMRAM 000022
YellowMove@mL                  cstackCOMRAM 000020
YellowMove@mR                  cstackCOMRAM 000022
_ANSELDbits                    (abs)        000EA7
_ANSELFbits                    (abs)        000EB4
_BAUD4CONbits                  (abs)        000EE9
_BlueMove                      text32       004200
_CCP1CONbits                   (abs)        000FAB
_CCP2CONbits                   (abs)        000FA7
_CCP3CONbits                   (abs)        000F26
_CCP4CONbits                   (abs)        000F22
_CCPR1H                        (abs)        000FAA
_CCPR2H                        (abs)        000FA6
_CCPR3H                        (abs)        000F25
_CCPR4H                        (abs)        000F21
_CCPTMRS0bits                  (abs)        000FAD
_Colour_decider                text58       000E26
_Colour_decider$2807           cstackBANK0  000060
_DataFlag                      dataBANK0    0000FE
_EUSART4RXbuf                  bssBANK1     00013C
_EUSART4TXbuf                  bssBANK1     000100
_ForwardOneBlock               text26       0042C4
_Forwardhalfblock              text31       00431E
_GreenMove                     text30       004A1C
_HighISR                       intcode      000008
_I2C_2_Master_Idle             text39       004AB4
_I2C_2_Master_Init             text40       004A8A
_I2C_2_Master_Read             text20       0048E0
_I2C_2_Master_RepStart         text19       004B84
_I2C_2_Master_Start            text38       004B98
_I2C_2_Master_Stop             text37       004B8E
_I2C_2_Master_Write            text36       004B78
_Interrupts_init               text57       004BAA
_LATAbits                      (abs)        000F79
_LATDbits                      (abs)        000F7C
_LATFbits                      (abs)        000F7E
_LATGbits                      (abs)        000F7F
_LightBlueMove                 text29       004580
_OrangeMove                    text28       00452E
_PIE4bits                      (abs)        000E2D
_PIR4bits                      (abs)        000E37
_PORTFbits                     (abs)        000F8E
_PinkMove                      text47       004676
_RC0PPS                        (abs)        000E62
_RC4REG                        (abs)        000EE3
_RC4STAbits                    (abs)        000EE7
_RC7PPS                        (abs)        000E69
_RD5PPS                        (abs)        000E6F
_RD6PPS                        (abs)        000E70
_RE2PPS                        (abs)        000E74
_RE4PPS                        (abs)        000E76
_RG6PPS                        (abs)        000E88
_RX4PPS                        (abs)        000E15
_RedMove                       text27       0049DE
_RetryMove                     text45       003FA2
_ReversePink                   text25       0049A0
_ReverseYellow                 text24       004962
_RxBufReadCnt                  bssCOMRAM    00005D
_RxBufWriteCnt                 bssCOMRAM    00005E
_SP4BRGH                       (abs)        000EE6
_SP4BRGL                       (abs)        000EE5
_SSP2ADD                       (abs)        000ED6
_SSP2BUF                       (abs)        000ED5
_SSP2CLKPPS                    (abs)        000E1C
_SSP2CON1bits                  (abs)        000ED9
_SSP2CON2                      (abs)        000EDA
_SSP2CON2bits                  (abs)        000EDA
_SSP2DATPPS                    (abs)        000E1D
_SSP2STAT                      (abs)        000ED8
_T0CON0bits                    (abs)        000FD5
_T0CON1bits                    (abs)        000FD6
_T2CLKCONbits                  (abs)        000FBF
_T2CONbits                     (abs)        000FBD
_T2HLTbits                     (abs)        000FBE
_T2PR                          (abs)        000FBC
_TMR0H                         (abs)        000FD4
_TMR0L                         (abs)        000FD3
_TRISAbits                     (abs)        000F81
_TRISCbits                     (abs)        000F83
_TRISDbits                     (abs)        000F84
_TRISEbits                     (abs)        000F85
_TRISFbits                     (abs)        000F86
_TRISGbits                     (abs)        000F87
_TX4REG                        (abs)        000EE4
_TX4STAbits                    (abs)        000EE8
_Time_forward                  bssBANK2     000200
_Timer0_init                   text44       004B22
_Turn45Delay                   dataBANK1    0001D1
_TxBufReadCnt                  bssCOMRAM    00005B
_TxBufWriteCnt                 bssCOMRAM    00005C
_WayBack                       bssBANK1     000160
_YellowMove                    text41       004624
__HRAM                         (abs)        000000
__Habs1                        abs1         000000
__Hbank0                       bank0        000000
__Hbank1                       bank1        000000
__Hbank10                      bank10       000000
__Hbank11                      bank11       000000
__Hbank12                      bank12       000000
__Hbank13                      bank13       000000
__Hbank2                       bank2        000000
__Hbank3                       bank3        000000
__Hbank4                       bank4        000000
__Hbank5                       bank5        000000
__Hbank6                       bank6        000000
__Hbank7                       bank7        000000
__Hbank8                       bank8        000000
__Hbank9                       bank9        000000
__Hbigbss                      bigbss       000000
__Hbigdata                     bigdata      000000
__Hbigram                      bigram       000000
__Hbigsfr                      bigsfr       000000
__Hbss                         bss          000000
__HbssBANK0                    bssBANK0     000000
__HbssBANK1                    bssBANK1     000000
__HbssBANK2                    bssBANK2     000000
__HbssCOMRAM                   bssCOMRAM    000000
__Hcinit                       cinit        000000
__Hclrtext                     clrtext      000000
__Hcomram                      comram       000000
__Hconfig                      config       30000C
__Hconst                       const        000000
__HcstackBANK0                 cstackBANK0  000000
__HcstackCOMRAM                cstackCOMRAM 000000
__Hdata                        data         000000
__HdataBANK0                   dataBANK0    000000
__HdataBANK1                   dataBANK1    000000
__Heeprom_data                 eeprom_data  000000
__Hfarbss                      farbss       000000
__Hfardata                     fardata      000000
__Hheap                        heap         000000
__Hibigdata                    ibigdata     000000
__Hidata                       idata        000000
__HidataBANK0                  idataBANK0   000000
__HidataBANK1                  idataBANK1   000000
__Hidloc                       idloc        200010
__Hifardata                    ifardata     000000
__Hinit                        init         000012
__Hintcode                     intcode      00000E
__Hintcode_body                intcode_body 000000
__Hintcodelo                   intcodelo    00000E
__Hintentry                    intentry     000000
__Hintret                      intret       000000
__Hintsave_regs                intsave_regs 000000
__Hirdata                      irdata       000000
__Hmediumconst                 mediumconst  000000
__HnvFARRAM                    nvFARRAM     000000
__Hnvbit                       nvbit        000000
__Hnvrram                      nvrram       000000
__Hparam                       rparam       000000
__Hpowerup                     powerup      00000E
__Hram                         ram          000000
__Hramtop                      ramtop       000E00
__Hrbit                        rbit         000000
__Hrbss                        rbss         000000
__Hrdata                       rdata        000000
__Hreset_vec                   reset_vec    000004
__Hrparam                      rparam       000000
__Hsfr                         sfr          000000
__Hsmallconst                  smallconst   000E26
__Hspace_0                     (abs)        004BAD
__Hspace_1                     (abs)        000264
__Hspace_2                     (abs)        000000
__Hspace_4                     (abs)        60000C
__Hstack                       stack        000000
__Hstruct                      struct       000000
__Htemp                        temp         000060
__Htext                        text         000000
__Htext0                       text0        000000
__Htext1                       text1        000000
__Htext10                      text10       000000
__Htext11                      text11       000000
__Htext12                      text12       000000
__Htext13                      text13       000000
__Htext14                      text14       000000
__Htext15                      text15       000000
__Htext16                      text16       000000
__Htext17                      text17       000000
__Htext18                      text18       000000
__Htext19                      text19       000000
__Htext2                       text2        000000
__Htext20                      text20       000000
__Htext21                      text21       000000
__Htext22                      text22       000000
__Htext23                      text23       000000
__Htext24                      text24       000000
__Htext25                      text25       000000
__Htext26                      text26       000000
__Htext27                      text27       000000
__Htext28                      text28       000000
__Htext29                      text29       000000
__Htext3                       text3        000000
__Htext30                      text30       000000
__Htext31                      text31       000000
__Htext32                      text32       000000
__Htext33                      text33       000000
__Htext34                      text34       000000
__Htext35                      text35       000000
__Htext36                      text36       000000
__Htext37                      text37       000000
__Htext38                      text38       000000
__Htext39                      text39       000000
__Htext4                       text4        000000
__Htext40                      text40       000000
__Htext41                      text41       000000
__Htext42                      text42       000000
__Htext43                      text43       000000
__Htext44                      text44       000000
__Htext45                      text45       000000
__Htext46                      text46       000000
__Htext47                      text47       000000
__Htext48                      text48       000000
__Htext49                      text49       000000
__Htext5                       text5        000000
__Htext50                      text50       000000
__Htext51                      text51       000000
__Htext52                      text52       000000
__Htext53                      text53       000000
__Htext54                      text54       000000
__Htext55                      text55       000000
__Htext56                      text56       000000
__Htext57                      text57       000000
__Htext58                      text58       000000
__Htext59                      text59       000000
__Htext6                       text6        000000
__Htext60                      text60       000000
__Htext61                      text61       000000
__Htext62                      text62       000000
__Htext63                      text63       000000
__Htext64                      text64       000000
__Htext65                      text65       000000
__Htext7                       text7        000000
__Htext8                       text8        000000
__Htext9                       text9        000000
__LRAM                         (abs)        000001
__Labs1                        abs1         000000
__Lbank0                       bank0        000000
__Lbank1                       bank1        000000
__Lbank10                      bank10       000000
__Lbank11                      bank11       000000
__Lbank12                      bank12       000000
__Lbank13                      bank13       000000
__Lbank2                       bank2        000000
__Lbank3                       bank3        000000
__Lbank4                       bank4        000000
__Lbank5                       bank5        000000
__Lbank6                       bank6        000000
__Lbank7                       bank7        000000
__Lbank8                       bank8        000000
__Lbank9                       bank9        000000
__Lbigbss                      bigbss       000000
__Lbigdata                     bigdata      000000
__Lbigram                      bigram       000000
__Lbigsfr                      bigsfr       000000
__Lbss                         bss          000000
__LbssBANK0                    bssBANK0     000000
__LbssBANK1                    bssBANK1     000000
__LbssBANK2                    bssBANK2     000000
__LbssCOMRAM                   bssCOMRAM    000000
__Lcinit                       cinit        000000
__Lclrtext                     clrtext      000000
__Lcomram                      comram       000000
__Lconfig                      config       000000
__Lconst                       const        000000
__LcstackBANK0                 cstackBANK0  000000
__LcstackCOMRAM                cstackCOMRAM 000000
__Ldata                        data         000000
__LdataBANK0                   dataBANK0    000000
__LdataBANK1                   dataBANK1    000000
__Leeprom_data                 eeprom_data  000000
__Lfarbss                      farbss       000000
__Lfardata                     fardata      000000
__Lheap                        heap         000000
__Libigdata                    ibigdata     000000
__Lidata                       idata        000000
__LidataBANK0                  idataBANK0   000000
__LidataBANK1                  idataBANK1   000000
__Lidloc                       idloc        000000
__Lifardata                    ifardata     000000
__Linit                        init         00000E
__Lintcode                     intcode      000008
__Lintcode_body                intcode_body 000000
__Lintcodelo                   intcodelo    00000E
__Lintentry                    intentry     000000
__Lintret                      intret       000000
__Lintsave_regs                intsave_regs 000000
__Lirdata                      irdata       000000
__Lmediumconst                 mediumconst  000000
__LnvFARRAM                    nvFARRAM     000000
__Lnvbit                       nvbit        000000
__Lnvrram                      nvrram       000000
__Lparam                       rparam       000000
__Lpowerup                     powerup      00000E
__Lram                         ram          000000
__Lramtop                      ramtop       000E00
__Lrbit                        rbit         000000
__Lrbss                        rbss         000000
__Lrdata                       rdata        000000
__Lreset_vec                   reset_vec    000000
__Lrparam                      rparam       000000
__Lsfr                         sfr          000000
__Lsmallconst                  smallconst   000E00
__Lspace_0                     (abs)        000000
__Lspace_1                     (abs)        000000
__Lspace_2                     (abs)        000000
__Lspace_4                     (abs)        000000
__Lstack                       stack        000000
__Lstruct                      struct       000000
__Ltemp                        temp         00005F
__Ltext                        text         000000
__Ltext0                       text0        000000
__Ltext1                       text1        000000
__Ltext10                      text10       000000
__Ltext11                      text11       000000
__Ltext12                      text12       000000
__Ltext13                      text13       000000
__Ltext14                      text14       000000
__Ltext15                      text15       000000
__Ltext16                      text16       000000
__Ltext17                      text17       000000
__Ltext18                      text18       000000
__Ltext19                      text19       000000
__Ltext2                       text2        000000
__Ltext20                      text20       000000
__Ltext21                      text21       000000
__Ltext22                      text22       000000
__Ltext23                      text23       000000
__Ltext24                      text24       000000
__Ltext25                      text25       000000
__Ltext26                      text26       000000
__Ltext27                      text27       000000
__Ltext28                      text28       000000
__Ltext29                      text29       000000
__Ltext3                       text3        000000
__Ltext30                      text30       000000
__Ltext31                      text31       000000
__Ltext32                      text32       000000
__Ltext33                      text33       000000
__Ltext34                      text34       000000
__Ltext35                      text35       000000
__Ltext36                      text36       000000
__Ltext37                      text37       000000
__Ltext38                      text38       000000
__Ltext39                      text39       000000
__Ltext4                       text4        000000
__Ltext40                      text40       000000
__Ltext41                      text41       000000
__Ltext42                      text42       000000
__Ltext43                      text43       000000
__Ltext44                      text44       000000
__Ltext45                      text45       000000
__Ltext46                      text46       000000
__Ltext47                      text47       000000
__Ltext48                      text48       000000
__Ltext49                      text49       000000
__Ltext5                       text5        000000
__Ltext50                      text50       000000
__Ltext51                      text51       000000
__Ltext52                      text52       000000
__Ltext53                      text53       000000
__Ltext54                      text54       000000
__Ltext55                      text55       000000
__Ltext56                      text56       000000
__Ltext57                      text57       000000
__Ltext58                      text58       000000
__Ltext59                      text59       000000
__Ltext6                       text6        000000
__Ltext60                      text60       000000
__Ltext61                      text61       000000
__Ltext62                      text62       000000
__Ltext63                      text63       000000
__Ltext64                      text64       000000
__Ltext65                      text65       000000
__Ltext7                       text7        000000
__Ltext8                       text8        000000
__Ltext9                       text9        000000
__S0                           (abs)        004BAD
__S1                           (abs)        000264
__S4                           (abs)        000000
__S5                           (abs)        000000
___aodiv                       text11       003482
___aodiv@counter               cstackCOMRAM 000011
___aodiv@dividend              cstackCOMRAM 000001
___aodiv@divisor               cstackCOMRAM 000009
___aodiv@quotient              cstackCOMRAM 000013
___aodiv@sign                  cstackCOMRAM 000012
___aomod                       text10       003776
___aomod@counter               cstackCOMRAM 000011
___aomod@dividend              cstackCOMRAM 000001
___aomod@divisor               cstackCOMRAM 000009
___aomod@sign                  cstackCOMRAM 000012
___fladd                       text61       001E70
___fladd@a                     cstackCOMRAM 000005
___fladd@aexp                  cstackCOMRAM 00000E
___fladd@b                     cstackCOMRAM 000001
___fladd@bexp                  cstackCOMRAM 00000F
___fladd@grs                   cstackCOMRAM 000010
___fladd@signs                 cstackCOMRAM 00000D
___fldiv                       text65       00275A
___fldiv@a                     cstackCOMRAM 00001D
___fldiv@aexp                  cstackCOMRAM 000031
___fldiv@b                     cstackCOMRAM 000019
___fldiv@bexp                  cstackCOMRAM 000030
___fldiv@grs                   cstackCOMRAM 00002C
___fldiv@new_exp               cstackCOMRAM 00002A
___fldiv@rem                   cstackCOMRAM 000025
___fldiv@sign                  cstackCOMRAM 000029
___fleq                        text64       003BF8
___fleq@ff1                    cstackCOMRAM 000019
___fleq@ff2                    cstackCOMRAM 00001D
___flge                        text63       003A2A
___flge@ff1                    cstackCOMRAM 000001
___flge@ff2                    cstackCOMRAM 000005
___flmul                       text62       002330
___flmul@a                     cstackCOMRAM 000036
___flmul@aexp                  cstackCOMRAM 000043
___flmul@b                     cstackCOMRAM 000032
___flmul@bexp                  cstackCOMRAM 000044
___flmul@grs                   cstackCOMRAM 00003F
___flmul@prod                  cstackCOMRAM 000045
___flmul@sign                  cstackCOMRAM 00003E
___flmul@temp                  cstackCOMRAM 000049
___flsub                       text60       004856
___flsub@a                     cstackCOMRAM 000015
___flsub@b                     cstackCOMRAM 000011
___heap_hi                     (abs)        000000
___heap_lo                     (abs)        000000
___inthi_sp                    stack        000000
___intlo_sp                    stack        000000
___lwdiv                       text56       00411C
___lwdiv@counter               cstackCOMRAM 00000D
___lwdiv@dividend              cstackCOMRAM 000007
___lwdiv@divisor               cstackCOMRAM 000009
___lwdiv@quotient              cstackCOMRAM 00000B
___param_bank                  (abs)        000000
___rparam_used                 (abs)        000001
___sp                          stack        000000
___wmul                        text55       004ADC
___wmul@multiplicand           cstackCOMRAM 000003
___wmul@multiplier             cstackCOMRAM 000001
___wmul@product                cstackCOMRAM 000005
___xxtofl                      text59       0032CE
___xxtofl@arg                  cstackCOMRAM 00000B
___xxtofl@exp                  cstackCOMRAM 00000A
___xxtofl@sign                 cstackCOMRAM 000009
___xxtofl@val                  cstackCOMRAM 000001
__accesstop                    (abs)        000060
__activetblptr                 (abs)        000001
__end_of_BlueMove              text32       004266
__end_of_Colour_decider        text58       001902
__end_of_ForwardOneBlock       text26       00431E
__end_of_Forwardhalfblock      text31       004378
__end_of_GreenMove             text30       004A5A
__end_of_HighISR               intcode      00000E
__end_of_I2C_2_Master_Idle     text39       004ADC
__end_of_I2C_2_Master_Init     text40       004AB4
__end_of_I2C_2_Master_Read     text20       004922
__end_of_I2C_2_Master_RepStart text19       004B8E
__end_of_I2C_2_Master_Start    text38       004BA2
__end_of_I2C_2_Master_Stop     text37       004B98
__end_of_I2C_2_Master_Write    text36       004B84
__end_of_Interrupts_init       text57       004BAC
__end_of_LightBlueMove         text29       0045D2
__end_of_OrangeMove            text28       004580
__end_of_PinkMove              text47       0046C8
__end_of_RedMove               text27       004A1C
__end_of_RetryMove             text45       004024
__end_of_ReversePink           text25       0049DE
__end_of_ReverseYellow         text24       0049A0
__end_of_Timer0_init           text44       004B42
__end_of_YellowMove            text41       004676
__end_of___aodiv               text11       00360A
__end_of___aomod               text10       0038DA
__end_of___fladd               text61       002330
__end_of___fldiv               text65       002AF4
__end_of___fleq                text64       003CA2
__end_of___flge                text63       003B2E
__end_of___flmul               text62       00275A
__end_of___flsub               text60       00489C
__end_of___lwdiv               text56       004190
__end_of___wmul                text55       004B02
__end_of___xxtofl              text59       003482
__end_of__initialization       cinit        0041EE
__end_of_abs                   text9        004962
__end_of_color_click_init      text34       004624
__end_of_color_read_Blue       text18       004808
__end_of_color_read_Green      text17       0047B8
__end_of_color_read_Red        text16       004768
__end_of_color_read_lum        text15       004718
__end_of_color_writetoaddr     text35       004B22
__end_of_colour_rel            text33       002E22
__end_of_dtoa                  text4        0030A0
__end_of_fputc                 text7        003BF8
__end_of_fputs                 text6        0048E0
__end_of_fullSpeedAhead        text46       003DDE
__end_of_fullSpeedBack         text53       003F1A
__end_of_go_Home               text23       0032CE
__end_of_initDCmotorsPWM       text22       003FA2
__end_of_initUSART4            text21       004B60
__end_of_main                  text0        001E70
__end_of_pad                   text5        00411C
__end_of_putch                 text8        004BAA
__end_of_readColours           text14       0042C4
__end_of_reverseDetect         text51       00442C
__end_of_reverseOneBlock       text50       0043D2
__end_of_sendCharSerial4       text13       004B78
__end_of_sendStringSerial4     text12       004A8A
__end_of_setMotorPWM           text54       003776
__end_of_sprintf               text1        00452E
__end_of_stop                  text52       0040A2
__end_of_turnLeft              text49       003E7C
__end_of_turnLeft45            text48       0044DC
__end_of_turnRight             text43       003D40
__end_of_turnRight45           text42       004484
__end_of_vfpfcnvrt             text3        003A2A
__end_of_vfprintf              text2        004856
__initialization               cinit        004190
__mediumconst                  mediumconst  000000
__pbssBANK0                    bssBANK0     0000F0
__pbssBANK1                    bssBANK1     000100
__pbssBANK2                    bssBANK2     000200
__pbssCOMRAM                   bssCOMRAM    00005B
__pcinit                       cinit        004190
__pcstackBANK0                 cstackBANK0  000060
__pcstackCOMRAM                cstackCOMRAM 000001
__pdataBANK0                   dataBANK0    0000FE
__pdataBANK1                   dataBANK1    0001CF
__pidataBANK0                  idataBANK0   004BAC
__pidataBANK1                  idataBANK1   004BA2
__pintcode                     intcode      000008
__psmallconst                  smallconst   000E00
__ptext0                       text0        001902
__ptext1                       text1        0044DC
__ptext10                      text10       003776
__ptext11                      text11       003482
__ptext12                      text12       004A5A
__ptext13                      text13       004B60
__ptext14                      text14       004266
__ptext15                      text15       0046C8
__ptext16                      text16       004718
__ptext17                      text17       004768
__ptext18                      text18       0047B8
__ptext19                      text19       004B84
__ptext2                       text2        004808
__ptext20                      text20       0048E0
__ptext21                      text21       004B42
__ptext22                      text22       003F1A
__ptext23                      text23       0030A0
__ptext24                      text24       004962
__ptext25                      text25       0049A0
__ptext26                      text26       0042C4
__ptext27                      text27       0049DE
__ptext28                      text28       00452E
__ptext29                      text29       004580
__ptext3                       text3        0038DA
__ptext30                      text30       004A1C
__ptext31                      text31       00431E
__ptext32                      text32       004200
__ptext33                      text33       002AF4
__ptext34                      text34       0045D2
__ptext35                      text35       004B02
__ptext36                      text36       004B78
__ptext37                      text37       004B8E
__ptext38                      text38       004B98
__ptext39                      text39       004AB4
__ptext4                       text4        002E22
__ptext40                      text40       004A8A
__ptext41                      text41       004624
__ptext42                      text42       00442C
__ptext43                      text43       003CA2
__ptext44                      text44       004B22
__ptext45                      text45       003FA2
__ptext46                      text46       003D40
__ptext47                      text47       004676
__ptext48                      text48       004484
__ptext49                      text49       003DDE
__ptext5                       text5        0040A2
__ptext50                      text50       004378
__ptext51                      text51       0043D2
__ptext52                      text52       004024
__ptext53                      text53       003E7C
__ptext54                      text54       00360A
__ptext55                      text55       004ADC
__ptext56                      text56       00411C
__ptext57                      text57       004BAA
__ptext58                      text58       000E26
__ptext59                      text59       0032CE
__ptext6                       text6        00489C
__ptext60                      text60       004856
__ptext61                      text61       001E70
__ptext62                      text62       002330
__ptext63                      text63       003A2A
__ptext64                      text64       003BF8
__ptext65                      text65       00275A
__ptext7                       text7        003B2E
__ptext8                       text8        004BA8
__ptext9                       text9        004922
__ramtop                       ramtop       000E00
__smallconst                   smallconst   000E00
_abs                           text9        004922
_color_click_init              text34       0045D2
_color_read_Blue               text18       0047B8
_color_read_Green              text17       004768
_color_read_Red                text16       004718
_color_read_lum                text15       0046C8
_color_writetoaddr             text35       004B02
_colour_rel                    text33       002AF4
_colour_rel$2805               cstackCOMRAM 00003A
_colour_rel$2806               cstackCOMRAM 00003E
_dbuf                          bssBANK1     000192
_dtoa                          text4        002E22
_dtoa$2482                     cstackCOMRAM 00002E
_flags                         bssBANK0     0000F4
_fputc                         text7        003B2E
_fputs                         text6        00489C
_fullSpeedAhead                text46       003D40
_fullSpeedBack                 text53       003E7C
_go_Home                       text23       0030A0
_high_threshold                dataBANK1    0001CF
_initDCmotorsPWM               text22       003F1A
_initUSART4                    text21       004B42
_low_threshold                 bssBANK1     00015E
_main                          text0        001902
_motorL                        bssBANK0     0000F5
_motorR                        bssBANK1     0001BE
_move_count                    bssBANK0     0000F2
_pad                           text5        0040A2
_power                         dataBANK1    0001D3
_prec                          bssBANK0     0000F0
_putch                         text8        004BA8
_readColours                   text14       004266
_rel                           bssBANK1     0001B2
_reverseDetect                 text51       0043D2
_reverseOneBlock               text50       004378
_sendCharSerial4               text13       004B60
_sendStringSerial4             text12       004A5A
_setMotorPWM                   text54       00360A
_sprintf                       text1        0044DC
_stop                          text52       004024
_turnLeft                      text49       003DDE
_turnLeft45                    text48       004484
_turnRight                     text43       003CA2
_turnRight45                   text42       00442C
_vals                          bssBANK1     0001C7
_vfpfcnvrt                     text3        0038DA
_vfprintf                      text2        004808
_width                         bssBANK1     00015C
abs@a                          cstackCOMRAM 000013
btemp                          temp         00005F
color_read_Blue@tmp            cstackCOMRAM 00000A
color_read_Green@tmp           cstackCOMRAM 00000A
color_read_Red@tmp             cstackCOMRAM 00000A
color_read_lum@tmp             cstackCOMRAM 00000A
color_writetoaddr@address      cstackCOMRAM 000004
color_writetoaddr@value        cstackCOMRAM 000003
colour_rel@B                   cstackCOMRAM 00004A
colour_rel@G                   cstackCOMRAM 000046
colour_rel@L                   cstackCOMRAM 000036
colour_rel@R                   cstackCOMRAM 000042
colour_rel@rel                 cstackCOMRAM 000034
colour_rel@vals                cstackCOMRAM 000032
dtoa@d                         cstackCOMRAM 00001E
dtoa@fp                        cstackCOMRAM 00001C
dtoa@i                         cstackCOMRAM 00003C
dtoa@n                         cstackCOMRAM 000034
dtoa@p                         cstackCOMRAM 000030
dtoa@s                         cstackCOMRAM 00003E
dtoa@w                         cstackCOMRAM 000032
end_of_initialization          cinit        0041EE
fputc@c                        cstackCOMRAM 000001
fputc@fp                       cstackCOMRAM 000003
fputs@c                        cstackCOMRAM 00000E
fputs@fp                       cstackCOMRAM 00000C
fputs@i                        cstackCOMRAM 00000F
fputs@s                        cstackCOMRAM 00000A
fullSpeedAhead@mL              cstackCOMRAM 000014
fullSpeedAhead@mR              cstackCOMRAM 000016
fullSpeedBack@mL               cstackCOMRAM 000014
fullSpeedBack@mR               cstackCOMRAM 000016
go_Home@Time_forward           cstackCOMRAM 000026
go_Home@WayBack                cstackCOMRAM 000024
go_Home@i                      cstackCOMRAM 00002D
initDCmotorsPWM@PWMperiod      cstackCOMRAM 000001
int$flags                      temp         00005F
intlevel0                      text         000000
intlevel1                      text         000000
intlevel2                      text         000000
intlevel3                      text         000000
isa$std                        (abs)        000001
isa$xinst                      (abs)        000000
main@buf                       cstackBANK0  000080
main@colour                    cstackBANK0  0000EA
main@consecuitive              cstackBANK0  0000E8
main@fakeTimer                 cstackBANK0  0000EC
main@prev_colour               cstackBANK0  0000EE
main@run_flag                  cstackBANK0  0000E6
main@temp                      cstackBANK0  0000E4
pad@buf                        cstackCOMRAM 000013
pad@fp                         cstackCOMRAM 000011
pad@i                          cstackCOMRAM 000018
pad@p                          cstackCOMRAM 000015
pad@w                          cstackCOMRAM 00001A
readColours@vals               cstackCOMRAM 00000C
reverseDetect@mL               cstackCOMRAM 00001A
reverseDetect@mR               cstackCOMRAM 00001C
reverseOneBlock@mL             cstackCOMRAM 00001A
reverseOneBlock@mR             cstackCOMRAM 00001C
sendCharSerial4@charToSend     cstackCOMRAM 000001
sendStringSerial4@string       cstackCOMRAM 000002
setMotorPWM@m                  cstackCOMRAM 00000E
setMotorPWM@negDuty            cstackCOMRAM 000013
setMotorPWM@posDuty            cstackCOMRAM 000012
sprintf@ap                     cstackBANK0  00006C
sprintf@f                      cstackBANK0  00006E
sprintf@fmt                    cstackBANK0  000062
sprintf@s                      cstackBANK0  000060
stackhi                        (abs)        000000
stacklo                        (abs)        000000
start                          init         00000E
start_initialization           cinit        004190
stop@mL                        cstackCOMRAM 000014
stop@mR                        cstackCOMRAM 000016
ttemp5                         temp         000060
ttemp6                         temp         000063
ttemp7                         temp         000067
turnLeft45@mL                  cstackCOMRAM 00001A
turnLeft45@mR                  cstackCOMRAM 00001C
turnLeft@mL                    cstackCOMRAM 000014
turnLeft@mR                    cstackCOMRAM 000016
turnRight45@mL                 cstackCOMRAM 00001A
turnRight45@mR                 cstackCOMRAM 00001C
turnRight@mL                   cstackCOMRAM 000014
turnRight@mR                   cstackCOMRAM 000016
vfpfcnvrt@ap                   cstackCOMRAM 000043
vfpfcnvrt@convarg              cstackCOMRAM 000047
vfpfcnvrt@cp                   cstackCOMRAM 00004F
vfpfcnvrt@fmt                  cstackCOMRAM 000041
vfpfcnvrt@fp                   cstackCOMRAM 00003F
vfprintf@ap                    cstackCOMRAM 000055
vfprintf@cfmt                  cstackCOMRAM 000057
vfprintf@fmt                   cstackCOMRAM 000053
vfprintf@fp                    cstackCOMRAM 000051
wtemp8                         temp         000060


MODULE INFORMATION

Module		Function		Class		Link	Load	Size
C:\Program Files\Microchip\xc8\v2.40\pic\sources\c99\common\sprcmul.c
		___flmul       		CODE           	2330	0000	1066

C:\Program Files\Microchip\xc8\v2.40\pic\sources\c99\common\sprcmul.c estimated size: 1066

C:\Program Files\Microchip\xc8\v2.40\pic\sources\c99\common\nf_fputc.c
		_fputc         		CODE           	3B2E	0000	202

C:\Program Files\Microchip\xc8\v2.40\pic\sources\c99\common\nf_fputc.c estimated size: 202

serial.c
		_sendStringSerial4		CODE           	4A5A	0000	48
		_sendCharSerial4		CODE           	4B60	0000	24
		_initUSART4    		CODE           	4B42	0000	30

serial.c estimated size: 102

timers.c
		_Timer0_init   		CODE           	4B22	0000	32

timers.c estimated size: 32

C:\Program Files\Microchip\xc8\v2.40\pic\sources\c99\common\sprcdiv.c
		___fldiv       		CODE           	275A	0000	922

C:\Program Files\Microchip\xc8\v2.40\pic\sources\c99\common\sprcdiv.c estimated size: 922

C:\Program Files\Microchip\xc8\v2.40\pic\sources\c99\common\nf_sprintf.c
		_sprintf       		CODE           	44DC	0000	82

C:\Program Files\Microchip\xc8\v2.40\pic\sources\c99\common\nf_sprintf.c estimated size: 82

C:\Program Files\Microchip\xc8\v2.40\pic\sources\c99\common\lwdiv.c
		___lwdiv       		CODE           	411C	0000	116

C:\Program Files\Microchip\xc8\v2.40\pic\sources\c99\common\lwdiv.c estimated size: 116

color.c
		_color_writetoaddr		CODE           	4B02	0000	32
		_readColours   		CODE           	4266	0000	94
		_color_click_init		CODE           	45D2	0000	82
		_Colour_decider		CODE           	0E26	0000	2780
		_colour_rel    		CODE           	2AF4	0000	814
		_color_read_Green		CODE           	4768	0000	80
		_color_read_Red		CODE           	4718	0000	80
		_color_read_lum		CODE           	46C8	0000	80
		_color_read_Blue		CODE           	47B8	0000	80

color.c estimated size: 4122

C:\Program Files\Microchip\xc8\v2.40\pic\sources\c99\common\Umul16.c
		___wmul        		CODE           	4ADC	0000	38

C:\Program Files\Microchip\xc8\v2.40\pic\sources\c99\common\Umul16.c estimated size: 38

C:\Program Files\Microchip\xc8\v2.40\pic\sources\c99\common\fleq.c
		___fleq        		CODE           	3BF8	0000	170

C:\Program Files\Microchip\xc8\v2.40\pic\sources\c99\common\fleq.c estimated size: 170

dc_motor.c
		_reverseDetect 		CODE           	43D2	0000	90
		_fullSpeedBack 		CODE           	3E7C	0000	158
		_GreenMove     		CODE           	4A1C	0000	62
		_YellowMove    		CODE           	4624	0000	82
		_fullSpeedAhead		CODE           	3D40	0000	158
		_Forwardhalfblock		CODE           	431E	0000	90
		_turnLeft      		CODE           	3DDE	0000	158
		_turnLeft45    		CODE           	4484	0000	88
		_stop          		CODE           	4024	0000	126
		_RedMove       		CODE           	49DE	0000	62
		_initDCmotorsPWM		CODE           	3F1A	0000	136
		_turnRight     		CODE           	3CA2	0000	158
		_turnRight45   		CODE           	442C	0000	88
		_BlueMove      		CODE           	4200	0000	102
		_reverseOneBlock		CODE           	4378	0000	90
		_OrangeMove    		CODE           	452E	0000	82
		_setMotorPWM   		CODE           	360A	0000	364
		_ReversePink   		CODE           	49A0	0000	62
		_RetryMove     		CODE           	3FA2	0000	130
		_ForwardOneBlock		CODE           	42C4	0000	90
		_LightBlueMove 		CODE           	4580	0000	82
		_ReverseYellow 		CODE           	4962	0000	62
		_PinkMove      		CODE           	4676	0000	82

dc_motor.c estimated size: 2602

interrupts.c
		_Interrupts_init		CODE           	4BAA	0000	2
		_HighISR       		CODE           	0008	0000	6

interrupts.c estimated size: 8

C:\Program Files\Microchip\xc8\v2.40\pic\sources\c99\common\abs.c
		_abs           		CODE           	4922	0000	64

C:\Program Files\Microchip\xc8\v2.40\pic\sources\c99\common\abs.c estimated size: 64

Memory.c
		_go_Home       		CODE           	30A0	0000	558

Memory.c estimated size: 558

i2c.c
		_I2C_2_Master_Start		CODE           	4B98	0000	10
		_I2C_2_Master_Read		CODE           	48E0	0000	66
		_I2C_2_Master_Idle		CODE           	4AB4	0000	40
		_I2C_2_Master_Init		CODE           	4A8A	0000	42
		_I2C_2_Master_Stop		CODE           	4B8E	0000	10
		_I2C_2_Master_RepStart		CODE           	4B84	0000	10
		_I2C_2_Master_Write		CODE           	4B78	0000	12

i2c.c estimated size: 190

C:\Program Files\Microchip\xc8\v2.40\pic\sources\c99\common\sprcadd.c
		___flsub       		CODE           	4856	0000	70
		___fladd       		CODE           	1E70	0000	1216

C:\Program Files\Microchip\xc8\v2.40\pic\sources\c99\common\sprcadd.c estimated size: 1286

C:\Program Files\Microchip\xc8\v2.40\pic\sources\c99\common\xxtofl.c
		___xxtofl      		CODE           	32CE	0000	436

C:\Program Files\Microchip\xc8\v2.40\pic\sources\c99\common\xxtofl.c estimated size: 436

C:\Program Files\Microchip\xc8\v2.40\pic\sources\c99\common\nf_fputs.c
		_fputs         		CODE           	489C	0000	68

C:\Program Files\Microchip\xc8\v2.40\pic\sources\c99\common\nf_fputs.c estimated size: 68

C:\Program Files\Microchip\xc8\v2.40\pic\sources\c99\common\aomod.c
		___aomod       		CODE           	3776	0000	356

C:\Program Files\Microchip\xc8\v2.40\pic\sources\c99\common\aomod.c estimated size: 356

shared
		__initialization		CODE           	4190	0000	94

shared estimated size: 94

C:\Program Files\Microchip\xc8\v2.40\pic\sources\c99\common\flge.c
		___flge        		CODE           	3A2A	0000	260

C:\Program Files\Microchip\xc8\v2.40\pic\sources\c99\common\flge.c estimated size: 260

C:\Program Files\Microchip\xc8\v2.40\pic\sources\c99\common\putch.c
		_putch         		CODE           	4BA8	0000	2

C:\Program Files\Microchip\xc8\v2.40\pic\sources\c99\common\putch.c estimated size: 2

C:\Program Files\Microchip\xc8\v2.40\pic\sources\c99\common\doprnt.c
		_vfpfcnvrt     		CODE           	38DA	0000	336
		_pad           		CODE           	40A2	0000	122
		_dtoa          		CODE           	2E22	0000	638
		_vfprintf      		CODE           	4808	0000	78

C:\Program Files\Microchip\xc8\v2.40\pic\sources\c99\common\doprnt.c estimated size: 1174

main.c
		_main          		CODE           	1902	0000	1390

main.c estimated size: 1390

C:\Program Files\Microchip\xc8\v2.40\pic\sources\c99\common\aodiv.c
		___aodiv       		CODE           	3482	0000	392

C:\Program Files\Microchip\xc8\v2.40\pic\sources\c99\common\aodiv.c estimated size: 392

