Microchip MPLAB XC8 Compiler V2.40

Linker command line:

-W-3 \
  --edf=C:\Program Files\Microchip\xc8\v2.40\pic\dat\20220703182018_en.msgs \
  -cn \
  -h+dist/default/production\final-project-josh-and-edward.X.production.sym \
  --cmf=dist/default/production\final-project-josh-and-edward.X.production.cmf \
  -z -Q18F67K40 -oC:\Users\jford\AppData\Local\Temp\xcAs41k.4 \
  --defsym=__MPLAB_BUILD=1 --fixupoverflow=error \
  -Mdist/default/production/final-project-josh-and-edward.X.production.map \
  --md=C:\Users\jford\AppData\Local\Temp\xcAs41k.dat -E1 -ver=XC8 Compiler \
  --acfsm=1493 -ACODE=00h-01FFFFh -ACONST=00h-01FFFFh \
  -ASMALLCONST=0E00h-0EFFhx498 -AMEDIUMCONST=0E00h-0FFFFh,010E00h-01FFFFh \
  -ACOMRAM=01h-05Fh -AABS1=00h-0DE9h -ABIGRAM=01h-0DE9h \
  -ARAM=060h-0FFh,0100h-01FFhx12,0D00h-0DE9h -ABANK0=060h-0FFh \
  -ABANK1=0100h-01FFh -ABANK2=0200h-02FFh -ABANK3=0300h-03FFh \
  -ABANK4=0400h-04FFh -ABANK5=0500h-05FFh -ABANK6=0600h-06FFh \
  -ABANK7=0700h-07FFh -ABANK8=0800h-08FFh -ABANK9=0900h-09FFh \
  -ABANK10=0A00h-0AFFh -ABANK11=0B00h-0BFFh -ABANK12=0C00h-0CFFh \
  -ABANK13=0D00h-0DE9h \
  -ASFR=0DEFh-0DFFh,0E00h-0EFFh,0F00h-0F5Fh,0F60h-0FFFh \
  -ABIGSFR=0DEFh-0FFFh -ACONFIG=0300000h-030000Bh -AIDLOC=0200000h-020000Fh \
  -AEEDATA=0310000h-03103FFh -peeprom_data=EEDATA \
  -preset_vec=00h,intcode=08h,intcodelo,powerup,init -pramtop=0E00h \
  -psmallconst=SMALLCONST -pmediumconst=MEDIUMCONST -pconst=CONST \
  -AFARRAM=00h-00h \
  -prdata=COMRAM,nvrram=COMRAM,nvbit=COMRAM,rbss=COMRAM,rbit=COMRAM \
  -pfarbss=FARRAM,fardata=FARRAM,nvFARRAM=FARRAM \
  -pintsave_regs=BIGRAM,bigbss=BIGRAM,bigdata=BIGRAM -pbss=RAM \
  -pidata=CODE,irdata=CODE,ibigdata=CODE,ifardata=CODE -prparam=COMRAM \
  C:\Users\jford\AppData\Local\Temp\xcAs41k.o \
  dist/default/production\final-project-josh-and-edward.X.production.o 

Object code version is 3.11

Machine type is 18F67K40



                Name                               Link     Load   Length Selector   Space Scale
C:\Users\jford\AppData\Local\Temp\xcAs41k.o
                idloc                            200000   200000       10        0       5
                config                           300000   300000        C        0       4
                init                                  E        E        4        4       0
                reset_vec                             0        0        4        0       0
dist/default/production\final-project-josh-and-edward.X.production.o
                intcode                               8        8        6        4       0
                idloc                            200000   200000       10        0       5
                config                           300000   300000        C        0       4
                temp                                 5F       5F        1        1       1
                smallconst                          E00      E00       5A      700       0
                text65                             4B9A     4B9A       74      72D       0
                text64                             5540     5540       26      72D       0
                text63                             4114     4114      16C      72D       0
                text62                             498C     498C       96      72D       0
                text61                             4B24     4B24       76      72D       0
                text60                             4D92     4D92       5A      72D       0
                text59                             48F6     48F6       96      72D       0
                text58                             4E44     4E44       58      72D       0
                text57                             4C74     4C74       66      72D       0
                text56                             2C1A     2C1A      39A      72D       0
                text55                             47B6     47B6       AA      72D       0
                text54                             44EA     44EA      104      72D       0
                text53                             27F0     27F0      42A      72D       0
                text52                             2330     2330      4C0      72D       0
                text51                             52BA     52BA       46      72D       0
                text50                             3DD8     3DD8      1B4      72D       0
                text49                              E5A      E5A      ADC      72D       0
                text48                             4860     4860       96      72D       0
                text47                             4DEC     4DEC       58      72D       0
                text46                             5448     5448       3E      72D       0
                text45                             55EC     55EC        2     2AF5       0
                text44                             508C     508C       52      72D       0
                text43                             503A     503A       52      72D       0
                text42                             4D38     4D38       5A      72D       0
                text41                             4FE8     4FE8       52      72D       0
                text40                             540A     540A       3E      72D       0
                text39                             4F96     4F96       52      72D       0
                text38                             54EE     54EE       2A      72D       0
                text37                             5518     5518       28      72D       0
                text36                             55DC     55DC        A      72D       0
                text35                             55D2     55D2        A      72D       0
                text34                             55BC     55BC        C      72D       0
                text33                             5566     5566       20      72D       0
                text32                             4F44     4F44       52      72D       0
                text31                             3314     3314      32E      72D       0
                text30                             4A22     4A22       88      72D       0
                text29                             5586     5586       1E      72D       0
                text28                             5388     5388       42      72D       0
                text27                             55C8     55C8        A      72D       0
                text26                             521E     521E       50      72D       0
                text25                             51CE     51CE       50      72D       0
                text24                             517E     517E       50      72D       0
                text23                             512E     512E       50      72D       0
                text22                             4CDA     4CDA       5E      72D       0
                text21                             55A4     55A4       18      72D       0
                text20                             54BE     54BE       30      72D       0
                text19                             3F8C     3F8C      188      72D       0
                text18                             4280     4280      164      72D       0
                text17                             53CA     53CA       40      72D       0
                text16                             55EA     55EA        2     2AF5       0
                text15                             46EC     46EC       CA      72D       0
                text14                             5344     5344       44      72D       0
                text13                             4AAA     4AAA       7A      72D       0
                text12                             3948     3948      27E      72D       0
                text11                             5486     5486       38      72D       0
                text10                             43E4     43E4      106      72D       0
                text9                              45EE     45EE       FE      72D       0
                text8                              3BC6     3BC6      212      72D       0
                text7                              4C0E     4C0E       66      72D       0
                text6                              50DE     50DE       50      72D       0
                text5                              5300     5300       44      72D       0
                text4                              1936     1936      9FA      72D       0
                text3                              3642     3642      306      72D       0
                text2                              4E9C     4E9C       56      72D       0
                text1                              4EF2     4EF2       52      72D       0
                text0                              2FB4     2FB4      360      72D       0
                cstackCOMRAM                          1        1       5E        1       1
                cstackBANK0                          60       60       73       60       1
                cstackBANK1                         182      182       6A      100       1
                bssBANK2                            200      200       3C      200       1
                bssBANK1                            100      100       82      100       1
                dataBANK0                            FA       FA        3       60       1
                bssBANK0                             D3       D3       27       60       1
                cinit                              526E     526E       4C      72D       0
                idataBANK0                         55E6     55E6        3      72D       0

TOTAL           Name                               Link     Load   Length     Space
        CLASS   CODE           
                intcode                               8        8        6         0
                init                                  E        E        4         0
                reset_vec                             0        0        4         0
                text65                             4B9A     4B9A       74         0
                text64                             5540     5540       26         0
                text63                             4114     4114      16C         0
                text62                             498C     498C       96         0
                text61                             4B24     4B24       76         0
                text60                             4D92     4D92       5A         0
                text59                             48F6     48F6       96         0
                text58                             4E44     4E44       58         0
                text57                             4C74     4C74       66         0
                text56                             2C1A     2C1A      39A         0
                text55                             47B6     47B6       AA         0
                text54                             44EA     44EA      104         0
                text53                             27F0     27F0      42A         0
                text52                             2330     2330      4C0         0
                text51                             52BA     52BA       46         0
                text50                             3DD8     3DD8      1B4         0
                text49                              E5A      E5A      ADC         0
                text48                             4860     4860       96         0
                text47                             4DEC     4DEC       58         0
                text46                             5448     5448       3E         0
                text45                             55EC     55EC        2         0
                text44                             508C     508C       52         0
                text43                             503A     503A       52         0
                text42                             4D38     4D38       5A         0
                text41                             4FE8     4FE8       52         0
                text40                             540A     540A       3E         0
                text39                             4F96     4F96       52         0
                text38                             54EE     54EE       2A         0
                text37                             5518     5518       28         0
                text36                             55DC     55DC        A         0
                text35                             55D2     55D2        A         0
                text34                             55BC     55BC        C         0
                text33                             5566     5566       20         0
                text32                             4F44     4F44       52         0
                text31                             3314     3314      32E         0
                text30                             4A22     4A22       88         0
                text29                             5586     5586       1E         0
                text28                             5388     5388       42         0
                text27                             55C8     55C8        A         0
                text26                             521E     521E       50         0
                text25                             51CE     51CE       50         0
                text24                             517E     517E       50         0
                text23                             512E     512E       50         0
                text22                             4CDA     4CDA       5E         0
                text21                             55A4     55A4       18         0
                text20                             54BE     54BE       30         0
                text19                             3F8C     3F8C      188         0
                text18                             4280     4280      164         0
                text17                             53CA     53CA       40         0
                text16                             55EA     55EA        2         0
                text15                             46EC     46EC       CA         0
                text14                             5344     5344       44         0
                text13                             4AAA     4AAA       7A         0
                text12                             3948     3948      27E         0
                text11                             5486     5486       38         0
                text10                             43E4     43E4      106         0
                text9                              45EE     45EE       FE         0
                text8                              3BC6     3BC6      212         0
                text7                              4C0E     4C0E       66         0
                text6                              50DE     50DE       50         0
                text5                              5300     5300       44         0
                text4                              1936     1936      9FA         0
                text3                              3642     3642      306         0
                text2                              4E9C     4E9C       56         0
                text1                              4EF2     4EF2       52         0
                text0                              2FB4     2FB4      360         0
                cinit                              526E     526E       4C         0
                idataBANK0                         55E6     55E6        3         0

        CLASS   CONST          

        CLASS   SMALLCONST     
                smallconst                          E00      E00       5A         0

        CLASS   MEDIUMCONST    

        CLASS   COMRAM         
                temp                                 5F       5F        1         1
                cstackCOMRAM                          1        1       5E         1

        CLASS   ABS1           

        CLASS   BIGRAM         

        CLASS   RAM            

        CLASS   BANK0          
                cstackBANK0                          60       60       73         1
                dataBANK0                            FA       FA        3         1
                bssBANK0                             D3       D3       27         1

        CLASS   BANK1          
                cstackBANK1                         182      182       6A         1
                bssBANK1                            100      100       82         1

        CLASS   BANK2          
                bssBANK2                            200      200       3C         1

        CLASS   BANK3          

        CLASS   BANK4          

        CLASS   BANK5          

        CLASS   BANK6          

        CLASS   BANK7          

        CLASS   BANK8          

        CLASS   BANK9          

        CLASS   BANK10         

        CLASS   BANK11         

        CLASS   BANK12         

        CLASS   BANK13         

        CLASS   SFR            

        CLASS   BIGSFR         

        CLASS   CONFIG         
                config                           300000   300000        C         4

        CLASS   IDLOC          
                idloc                            200000   200000       10         5

        CLASS   EEDATA         

        CLASS   FARRAM         

        CLASS   HEAP           

        CLASS   STACK          



SEGMENTS        Name                           Load    Length   Top    Selector   Space  Class

                reset_vec                      000000  000004  000004         0       0  CODE    
                cstackCOMRAM                   000001  00005F  000060         1       1  COMRAM  
                intcode                        000008  00000A  000012         4       0  CODE    
                cstackBANK0                    000060  00009D  0000FD        60       1  BANK0   
                bssBANK1                       000100  0000EC  0001EC       100       1  BANK1   
                bssBANK2                       000200  00003C  00023C       200       1  BANK2   
                smallconst                     000E00  00005A  000E5A       700       0  SMALLCON
                text49                         000E5A  00478F  0055E9       72D       0  CODE    
                text16                         0055EA  000004  0055EE      2AF5       0  CODE    


UNUSED ADDRESS RANGES

        Name                Unused          Largest block    Delta
        BANK0            0000FD-0000FF                3
        BANK1            0001EC-0001FF               14
        BANK10           000A00-000AFF              100
        BANK11           000B00-000BFF              100
        BANK12           000C00-000CFF              100
        BANK13           000D00-000DE9               EA
        BANK2            00023C-0002FF               C4
        BANK3            000300-0003FF              100
        BANK4            000400-0004FF              100
        BANK5            000500-0005FF              100
        BANK6            000600-0006FF              100
        BANK7            000700-0007FF              100
        BANK8            000800-0008FF              100
        BANK9            000900-0009FF              100
        BIGRAM           0000FD-0000FF                3
                         0001EC-0001FF               14
                         00023C-000DE9              BAE
        BIGSFR           000DEF-000FFF              211
        CODE             000004-000007                4
                         000012-000DFF              DEE
                         0055E9-0055E9                1
                         0055EE-01FFFF            1AA12
        CONST            000004-000007                4
                         000012-000DFF              DEE
                         0055E9-0055E9                1
                         0055EE-01FFFF            1AA12
        EEDATA           310000-3103FF              400
        MEDIUMCONST      0055E9-0055E9                1
                         0055EE-00FFFF             AA12
                         010E00-01FFFF             F200
        RAM              0000FD-0000FF                3
                         0001EC-0001FF               14
                         00023C-000DE9              100
        SFR              000DEF-000FFF              100
        SMALLCONST       0055E9-0055E9                1
                         0055EE-01FFFF              100

                                  Symbol Table

?_Colour_decider               cstackCOMRAM 00004B
?___aodiv                      cstackCOMRAM 000001
?___aomod                      cstackCOMRAM 000001
?___fladd                      cstackCOMRAM 000001
?___fldiv                      cstackCOMRAM 000032
?___flmul                      cstackCOMRAM 000011
?___flneg                      cstackCOMRAM 000001
?___flsub                      cstackCOMRAM 00002A
?___fltol                      cstackCOMRAM 000001
?___fpclassifyf                cstackCOMRAM 000001
?___lwdiv                      cstackCOMRAM 000007
?___wmul                       cstackCOMRAM 000001
?___xxtofl                     cstackCOMRAM 000001
?_abs                          cstackCOMRAM 000013
?_color_read_Blue              cstackCOMRAM 000005
?_color_read_Green             cstackCOMRAM 000005
?_color_read_Red               cstackCOMRAM 000005
?_color_read_lum               cstackCOMRAM 000005
?_floorf                       cstackCOMRAM 00004B
?_labs                         cstackCOMRAM 000001
?_sprintf                      cstackBANK0  0000B0
?_vfprintf                     cstackBANK0  0000A8
BlueMove@mL                    cstackCOMRAM 00001F
BlueMove@mR                    cstackCOMRAM 000021
Colour_decider@Cmax            cstackBANK0  000072
Colour_decider@Cmax_i          cstackBANK0  000064
Colour_decider@Cmin            cstackBANK0  000076
Colour_decider@Hue             cstackBANK0  00007C
Colour_decider@RGB_col         cstackBANK0  000066
Colour_decider@i               cstackBANK0  00007A
Colour_decider@rel             cstackCOMRAM 00004D
Colour_decider@vals            cstackCOMRAM 00004B
GreenMove@mL                   cstackCOMRAM 00001F
GreenMove@mR                   cstackCOMRAM 000021
I2C_2_Master_Read@ack          cstackCOMRAM 000003
I2C_2_Master_Read@tmp          cstackCOMRAM 000004
I2C_2_Master_Write@data_byte   cstackCOMRAM 000002
LightBlueMove@mL               cstackCOMRAM 00001F
LightBlueMove@mR               cstackCOMRAM 000021
OrangeMove@mL                  cstackCOMRAM 00001F
OrangeMove@mR                  cstackCOMRAM 000021
PinkMove@mL                    cstackCOMRAM 00001F
PinkMove@mR                    cstackCOMRAM 000021
RedMove@mL                     cstackCOMRAM 00001F
RedMove@mR                     cstackCOMRAM 000021
YellowMove@mL                  cstackCOMRAM 00001F
YellowMove@mR                  cstackCOMRAM 000021
_ANSELDbits                    (abs)        000EA7
_BAUD4CONbits                  (abs)        000EE9
_BlueMove                      text57       004C74
_CCP1CONbits                   (abs)        000FAB
_CCP2CONbits                   (abs)        000FA7
_CCP3CONbits                   (abs)        000F26
_CCP4CONbits                   (abs)        000F22
_CCPR1H                        (abs)        000FAA
_CCPR2H                        (abs)        000FA6
_CCPR3H                        (abs)        000F25
_CCPR4H                        (abs)        000F21
_CCPTMRS0bits                  (abs)        000FAD
_Colour_decider                text49       000E5A
_Colour_decider$2643           cstackBANK0  000060
_DataFlag                      dataBANK0    0000FC
_EUSART4RXbuf                  bssBANK0     0000D3
_EUSART4TXbuf                  bssBANK2     000200
_GreenMove                     text46       005448
_HighISR                       intcode      000008
_I2C_2_Master_Idle             text37       005518
_I2C_2_Master_Init             text38       0054EE
_I2C_2_Master_Read             text28       005388
_I2C_2_Master_RepStart         text27       0055C8
_I2C_2_Master_Start            text36       0055DC
_I2C_2_Master_Stop             text35       0055D2
_I2C_2_Master_Write            text34       0055BC
_Interrupts_init               text45       0055EC
_LATAbits                      (abs)        000F79
_LATDbits                      (abs)        000F7C
_LATFbits                      (abs)        000F7E
_LATGbits                      (abs)        000F7F
_LightBlueMove                 text44       00508C
_OrangeMove                    text43       00503A
_PIE4bits                      (abs)        000E2D
_PIR4bits                      (abs)        000E37
_PinkMove                      text41       004FE8
_RC0PPS                        (abs)        000E62
_RC4REG                        (abs)        000EE3
_RC4STAbits                    (abs)        000EE7
_RC7PPS                        (abs)        000E69
_RD5PPS                        (abs)        000E6F
_RD6PPS                        (abs)        000E70
_RE2PPS                        (abs)        000E74
_RE4PPS                        (abs)        000E76
_RG6PPS                        (abs)        000E88
_RX4PPS                        (abs)        000E15
_RedMove                       text40       00540A
_RxBufReadCnt                  bssBANK0     0000F8
_RxBufWriteCnt                 bssBANK0     0000F9
_SP4BRGH                       (abs)        000EE6
_SP4BRGL                       (abs)        000EE5
_SSP2ADD                       (abs)        000ED6
_SSP2BUF                       (abs)        000ED5
_SSP2CLKPPS                    (abs)        000E1C
_SSP2CON1bits                  (abs)        000ED9
_SSP2CON2                      (abs)        000EDA
_SSP2CON2bits                  (abs)        000EDA
_SSP2DATPPS                    (abs)        000E1D
_SSP2STAT                      (abs)        000ED8
_T2CLKCONbits                  (abs)        000FBF
_T2CONbits                     (abs)        000FBD
_T2HLTbits                     (abs)        000FBE
_T2PR                          (abs)        000FBC
_TRISAbits                     (abs)        000F81
_TRISCbits                     (abs)        000F83
_TRISDbits                     (abs)        000F84
_TRISEbits                     (abs)        000F85
_TRISFbits                     (abs)        000F86
_TRISGbits                     (abs)        000F87
_TX4REG                        (abs)        000EE4
_TX4STAbits                    (abs)        000EE8
_TxBufReadCnt                  bssBANK0     0000F6
_TxBufWriteCnt                 bssBANK0     0000F7
_YellowMove                    text39       004F96
__HRAM                         (abs)        000000
__Habs1                        abs1         000000
__Hbank0                       bank0        000000
__Hbank1                       bank1        000000
__Hbank10                      bank10       000000
__Hbank11                      bank11       000000
__Hbank12                      bank12       000000
__Hbank13                      bank13       000000
__Hbank2                       bank2        000000
__Hbank3                       bank3        000000
__Hbank4                       bank4        000000
__Hbank5                       bank5        000000
__Hbank6                       bank6        000000
__Hbank7                       bank7        000000
__Hbank8                       bank8        000000
__Hbank9                       bank9        000000
__Hbigbss                      bigbss       000000
__Hbigdata                     bigdata      000000
__Hbigram                      bigram       000000
__Hbigsfr                      bigsfr       000000
__Hbss                         bss          000000
__HbssBANK0                    bssBANK0     000000
__HbssBANK1                    bssBANK1     000000
__HbssBANK2                    bssBANK2     000000
__Hcinit                       cinit        000000
__Hclrtext                     clrtext      000000
__Hcomram                      comram       000000
__Hconfig                      config       30000C
__Hconst                       const        000000
__HcstackBANK0                 cstackBANK0  000000
__HcstackBANK1                 cstackBANK1  000000
__HcstackCOMRAM                cstackCOMRAM 000000
__Hdata                        data         000000
__HdataBANK0                   dataBANK0    000000
__Heeprom_data                 eeprom_data  000000
__Hfarbss                      farbss       000000
__Hfardata                     fardata      000000
__Hheap                        heap         000000
__Hibigdata                    ibigdata     000000
__Hidata                       idata        000000
__HidataBANK0                  idataBANK0   000000
__Hidloc                       idloc        200010
__Hifardata                    ifardata     000000
__Hinit                        init         000012
__Hintcode                     intcode      00000E
__Hintcode_body                intcode_body 000000
__Hintcodelo                   intcodelo    00000E
__Hintentry                    intentry     000000
__Hintret                      intret       000000
__Hintsave_regs                intsave_regs 000000
__Hirdata                      irdata       000000
__Hmediumconst                 mediumconst  000000
__HnvFARRAM                    nvFARRAM     000000
__Hnvbit                       nvbit        000000
__Hnvrram                      nvrram       000000
__Hparam                       rparam       000000
__Hpowerup                     powerup      00000E
__Hram                         ram          000000
__Hramtop                      ramtop       000E00
__Hrbit                        rbit         000000
__Hrbss                        rbss         000000
__Hrdata                       rdata        000000
__Hreset_vec                   reset_vec    000004
__Hrparam                      rparam       000000
__Hsfr                         sfr          000000
__Hsmallconst                  smallconst   000E5A
__Hspace_0                     (abs)        0055EE
__Hspace_1                     (abs)        00023C
__Hspace_2                     (abs)        000000
__Hspace_4                     (abs)        60000C
__Hstack                       stack        000000
__Hstruct                      struct       000000
__Htemp                        temp         000060
__Htext                        text         000000
__Htext0                       text0        000000
__Htext1                       text1        000000
__Htext10                      text10       000000
__Htext11                      text11       000000
__Htext12                      text12       000000
__Htext13                      text13       000000
__Htext14                      text14       000000
__Htext15                      text15       000000
__Htext16                      text16       000000
__Htext17                      text17       000000
__Htext18                      text18       000000
__Htext19                      text19       000000
__Htext2                       text2        000000
__Htext20                      text20       000000
__Htext21                      text21       000000
__Htext22                      text22       000000
__Htext23                      text23       000000
__Htext24                      text24       000000
__Htext25                      text25       000000
__Htext26                      text26       000000
__Htext27                      text27       000000
__Htext28                      text28       000000
__Htext29                      text29       000000
__Htext3                       text3        000000
__Htext30                      text30       000000
__Htext31                      text31       000000
__Htext32                      text32       000000
__Htext33                      text33       000000
__Htext34                      text34       000000
__Htext35                      text35       000000
__Htext36                      text36       000000
__Htext37                      text37       000000
__Htext38                      text38       000000
__Htext39                      text39       000000
__Htext4                       text4        000000
__Htext40                      text40       000000
__Htext41                      text41       000000
__Htext42                      text42       000000
__Htext43                      text43       000000
__Htext44                      text44       000000
__Htext45                      text45       000000
__Htext46                      text46       000000
__Htext47                      text47       000000
__Htext48                      text48       000000
__Htext49                      text49       000000
__Htext5                       text5        000000
__Htext50                      text50       000000
__Htext51                      text51       000000
__Htext52                      text52       000000
__Htext53                      text53       000000
__Htext54                      text54       000000
__Htext55                      text55       000000
__Htext56                      text56       000000
__Htext57                      text57       000000
__Htext58                      text58       000000
__Htext59                      text59       000000
__Htext6                       text6        000000
__Htext60                      text60       000000
__Htext61                      text61       000000
__Htext62                      text62       000000
__Htext63                      text63       000000
__Htext64                      text64       000000
__Htext65                      text65       000000
__Htext7                       text7        000000
__Htext8                       text8        000000
__Htext9                       text9        000000
__LRAM                         (abs)        000001
__Labs1                        abs1         000000
__Lbank0                       bank0        000000
__Lbank1                       bank1        000000
__Lbank10                      bank10       000000
__Lbank11                      bank11       000000
__Lbank12                      bank12       000000
__Lbank13                      bank13       000000
__Lbank2                       bank2        000000
__Lbank3                       bank3        000000
__Lbank4                       bank4        000000
__Lbank5                       bank5        000000
__Lbank6                       bank6        000000
__Lbank7                       bank7        000000
__Lbank8                       bank8        000000
__Lbank9                       bank9        000000
__Lbigbss                      bigbss       000000
__Lbigdata                     bigdata      000000
__Lbigram                      bigram       000000
__Lbigsfr                      bigsfr       000000
__Lbss                         bss          000000
__LbssBANK0                    bssBANK0     000000
__LbssBANK1                    bssBANK1     000000
__LbssBANK2                    bssBANK2     000000
__Lcinit                       cinit        000000
__Lclrtext                     clrtext      000000
__Lcomram                      comram       000000
__Lconfig                      config       000000
__Lconst                       const        000000
__LcstackBANK0                 cstackBANK0  000000
__LcstackBANK1                 cstackBANK1  000000
__LcstackCOMRAM                cstackCOMRAM 000000
__Ldata                        data         000000
__LdataBANK0                   dataBANK0    000000
__Leeprom_data                 eeprom_data  000000
__Lfarbss                      farbss       000000
__Lfardata                     fardata      000000
__Lheap                        heap         000000
__Libigdata                    ibigdata     000000
__Lidata                       idata        000000
__LidataBANK0                  idataBANK0   000000
__Lidloc                       idloc        000000
__Lifardata                    ifardata     000000
__Linit                        init         00000E
__Lintcode                     intcode      000008
__Lintcode_body                intcode_body 000000
__Lintcodelo                   intcodelo    00000E
__Lintentry                    intentry     000000
__Lintret                      intret       000000
__Lintsave_regs                intsave_regs 000000
__Lirdata                      irdata       000000
__Lmediumconst                 mediumconst  000000
__LnvFARRAM                    nvFARRAM     000000
__Lnvbit                       nvbit        000000
__Lnvrram                      nvrram       000000
__Lparam                       rparam       000000
__Lpowerup                     powerup      00000E
__Lram                         ram          000000
__Lramtop                      ramtop       000E00
__Lrbit                        rbit         000000
__Lrbss                        rbss         000000
__Lrdata                       rdata        000000
__Lreset_vec                   reset_vec    000000
__Lrparam                      rparam       000000
__Lsfr                         sfr          000000
__Lsmallconst                  smallconst   000E00
__Lspace_0                     (abs)        000000
__Lspace_1                     (abs)        000000
__Lspace_2                     (abs)        000000
__Lspace_4                     (abs)        000000
__Lstack                       stack        000000
__Lstruct                      struct       000000
__Ltemp                        temp         00005F
__Ltext                        text         000000
__Ltext0                       text0        000000
__Ltext1                       text1        000000
__Ltext10                      text10       000000
__Ltext11                      text11       000000
__Ltext12                      text12       000000
__Ltext13                      text13       000000
__Ltext14                      text14       000000
__Ltext15                      text15       000000
__Ltext16                      text16       000000
__Ltext17                      text17       000000
__Ltext18                      text18       000000
__Ltext19                      text19       000000
__Ltext2                       text2        000000
__Ltext20                      text20       000000
__Ltext21                      text21       000000
__Ltext22                      text22       000000
__Ltext23                      text23       000000
__Ltext24                      text24       000000
__Ltext25                      text25       000000
__Ltext26                      text26       000000
__Ltext27                      text27       000000
__Ltext28                      text28       000000
__Ltext29                      text29       000000
__Ltext3                       text3        000000
__Ltext30                      text30       000000
__Ltext31                      text31       000000
__Ltext32                      text32       000000
__Ltext33                      text33       000000
__Ltext34                      text34       000000
__Ltext35                      text35       000000
__Ltext36                      text36       000000
__Ltext37                      text37       000000
__Ltext38                      text38       000000
__Ltext39                      text39       000000
__Ltext4                       text4        000000
__Ltext40                      text40       000000
__Ltext41                      text41       000000
__Ltext42                      text42       000000
__Ltext43                      text43       000000
__Ltext44                      text44       000000
__Ltext45                      text45       000000
__Ltext46                      text46       000000
__Ltext47                      text47       000000
__Ltext48                      text48       000000
__Ltext49                      text49       000000
__Ltext5                       text5        000000
__Ltext50                      text50       000000
__Ltext51                      text51       000000
__Ltext52                      text52       000000
__Ltext53                      text53       000000
__Ltext54                      text54       000000
__Ltext55                      text55       000000
__Ltext56                      text56       000000
__Ltext57                      text57       000000
__Ltext58                      text58       000000
__Ltext59                      text59       000000
__Ltext6                       text6        000000
__Ltext60                      text60       000000
__Ltext61                      text61       000000
__Ltext62                      text62       000000
__Ltext63                      text63       000000
__Ltext64                      text64       000000
__Ltext65                      text65       000000
__Ltext7                       text7        000000
__Ltext8                       text8        000000
__Ltext9                       text9        000000
__S0                           (abs)        0055EE
__S1                           (abs)        00023C
__S4                           (abs)        000000
__S5                           (abs)        000000
___aodiv                       text19       003F8C
___aodiv@counter               cstackCOMRAM 000011
___aodiv@dividend              cstackCOMRAM 000001
___aodiv@divisor               cstackCOMRAM 000009
___aodiv@quotient              cstackCOMRAM 000013
___aodiv@sign                  cstackCOMRAM 000012
___aomod                       text18       004280
___aomod@counter               cstackCOMRAM 000011
___aomod@dividend              cstackCOMRAM 000001
___aomod@divisor               cstackCOMRAM 000009
___aomod@sign                  cstackCOMRAM 000012
___fladd                       text52       002330
___fladd@a                     cstackCOMRAM 000005
___fladd@aexp                  cstackCOMRAM 00000E
___fladd@b                     cstackCOMRAM 000001
___fladd@bexp                  cstackCOMRAM 00000F
___fladd@grs                   cstackCOMRAM 000010
___fladd@signs                 cstackCOMRAM 00000D
___fldiv                       text56       002C1A
___fldiv@a                     cstackCOMRAM 000036
___fldiv@aexp                  cstackCOMRAM 00004A
___fldiv@b                     cstackCOMRAM 000032
___fldiv@bexp                  cstackCOMRAM 000049
___fldiv@grs                   cstackCOMRAM 000045
___fldiv@new_exp               cstackCOMRAM 000043
___fldiv@rem                   cstackCOMRAM 00003E
___fldiv@sign                  cstackCOMRAM 000042
___fleq                        text55       0047B6
___fleq@ff1                    cstackCOMRAM 000032
___fleq@ff2                    cstackCOMRAM 000036
___flge                        text54       0044EA
___flge@ff1                    cstackCOMRAM 00002A
___flge@ff2                    cstackCOMRAM 00002E
___flmul                       text53       0027F0
___flmul@a                     cstackCOMRAM 000015
___flmul@aexp                  cstackCOMRAM 000022
___flmul@b                     cstackCOMRAM 000011
___flmul@bexp                  cstackCOMRAM 000023
___flmul@grs                   cstackCOMRAM 00001E
___flmul@prod                  cstackCOMRAM 000024
___flmul@sign                  cstackCOMRAM 00001D
___flmul@temp                  cstackCOMRAM 000028
___flneg                       text11       005486
___flneg@f1                    cstackCOMRAM 000001
___flsub                       text51       0052BA
___flsub@a                     cstackCOMRAM 00002E
___flsub@b                     cstackCOMRAM 00002A
___fltol                       text10       0043E4
___fltol@exp1                  cstackCOMRAM 00000A
___fltol@f1                    cstackCOMRAM 000001
___fltol@sign1                 cstackCOMRAM 000009
___fpclassifyf                 text9        0045EE
___fpclassifyf@F465            bssBANK0     0000EB
___fpclassifyf@e               cstackCOMRAM 000009
___fpclassifyf@u               cstackCOMRAM 00000B
___fpclassifyf@x               cstackCOMRAM 000001
___heap_hi                     (abs)        000000
___heap_lo                     (abs)        000000
___inthi_sp                    stack        000000
___intlo_sp                    stack        000000
___lwdiv                       text65       004B9A
___lwdiv@counter               cstackCOMRAM 00000D
___lwdiv@dividend              cstackCOMRAM 000007
___lwdiv@divisor               cstackCOMRAM 000009
___lwdiv@quotient              cstackCOMRAM 00000B
___param_bank                  (abs)        000000
___rparam_used                 (abs)        000001
___sp                          stack        000000
___wmul                        text64       005540
___wmul@multiplicand           cstackCOMRAM 000003
___wmul@multiplier             cstackCOMRAM 000001
___wmul@product                cstackCOMRAM 000005
___xxtofl                      text50       003DD8
___xxtofl@arg                  cstackCOMRAM 00000B
___xxtofl@exp                  cstackCOMRAM 00000A
___xxtofl@sign                 cstackCOMRAM 000009
___xxtofl@val                  cstackCOMRAM 000001
__accesstop                    (abs)        000060
__activetblptr                 (abs)        000003
__end_of_BlueMove              text57       004CDA
__end_of_Colour_decider        text49       001936
__end_of_GreenMove             text46       005486
__end_of_HighISR               intcode      00000E
__end_of_I2C_2_Master_Idle     text37       005540
__end_of_I2C_2_Master_Init     text38       005518
__end_of_I2C_2_Master_Read     text28       0053CA
__end_of_I2C_2_Master_RepStart text27       0055D2
__end_of_I2C_2_Master_Start    text36       0055E6
__end_of_I2C_2_Master_Stop     text35       0055DC
__end_of_I2C_2_Master_Write    text34       0055C8
__end_of_Interrupts_init       text45       0055EE
__end_of_LightBlueMove         text44       0050DE
__end_of_OrangeMove            text43       00508C
__end_of_PinkMove              text41       00503A
__end_of_RedMove               text40       005448
__end_of_YellowMove            text39       004FE8
__end_of___aodiv               text19       004114
__end_of___aomod               text18       0043E4
__end_of___fladd               text52       0027F0
__end_of___fldiv               text56       002FB4
__end_of___fleq                text55       004860
__end_of___flge                text54       0045EE
__end_of___flmul               text53       002C1A
__end_of___flneg               text11       0054BE
__end_of___flsub               text51       005300
__end_of___fltol               text10       0044EA
__end_of___fpclassifyf         text9        0046EC
__end_of___lwdiv               text65       004C0E
__end_of___wmul                text64       005566
__end_of___xxtofl              text50       003F8C
__end_of__initialization       cinit        0052B0
__end_of_abs                   text17       00540A
__end_of_color_click_init      text32       004F96
__end_of_color_read_Blue       text26       00526E
__end_of_color_read_Green      text25       00521E
__end_of_color_read_Red        text24       0051CE
__end_of_color_read_lum        text23       00517E
__end_of_color_writetoaddr     text33       005586
__end_of_colour_rel            text31       003642
__end_of_dtoa                  text12       003BC6
__end_of_efgtoa                text4        002330
__end_of_floorf                text8        003DD8
__end_of_fputc                 text15       0047B6
__end_of_fputs                 text14       005388
__end_of_fullSpeedBack         text62       004A22
__end_of_initDCmotorsPWM       text30       004AAA
__end_of_initUSART4            text29       0055A4
__end_of_labs                  text7        004C74
__end_of_main                  text0        003314
__end_of_memcpy                text6        00512E
__end_of_pad                   text13       004B24
__end_of_putch                 text16       0055EC
__end_of_readColours           text22       004D38
__end_of_reverseDetect         text60       004DEC
__end_of_reverseOneBlock       text42       004D92
__end_of_sendCharSerial4       text21       0055BC
__end_of_sendStringSerial4     text20       0054EE
__end_of_setMotorPWM           text63       004280
__end_of_sprintf               text1        004F44
__end_of_stop                  text61       004B9A
__end_of_strcpy                text5        005344
__end_of_turnLeft              text48       0048F6
__end_of_turnLeft45            text47       004E44
__end_of_turnRight             text59       00498C
__end_of_turnRight45           text58       004E9C
__end_of_vfpfcnvrt             text3        003948
__end_of_vfprintf              text2        004EF2
__initialization               cinit        00526E
__mediumconst                  mediumconst  000000
__pbssBANK0                    bssBANK0     0000D3
__pbssBANK1                    bssBANK1     000100
__pbssBANK2                    bssBANK2     000200
__pcinit                       cinit        00526E
__pcstackBANK0                 cstackBANK0  000060
__pcstackBANK1                 cstackBANK1  000182
__pcstackCOMRAM                cstackCOMRAM 000001
__pdataBANK0                   dataBANK0    0000FA
__pidataBANK0                  idataBANK0   0055E6
__pintcode                     intcode      000008
__psmallconst                  smallconst   000E00
__ptext0                       text0        002FB4
__ptext1                       text1        004EF2
__ptext10                      text10       0043E4
__ptext11                      text11       005486
__ptext12                      text12       003948
__ptext13                      text13       004AAA
__ptext14                      text14       005344
__ptext15                      text15       0046EC
__ptext16                      text16       0055EA
__ptext17                      text17       0053CA
__ptext18                      text18       004280
__ptext19                      text19       003F8C
__ptext2                       text2        004E9C
__ptext20                      text20       0054BE
__ptext21                      text21       0055A4
__ptext22                      text22       004CDA
__ptext23                      text23       00512E
__ptext24                      text24       00517E
__ptext25                      text25       0051CE
__ptext26                      text26       00521E
__ptext27                      text27       0055C8
__ptext28                      text28       005388
__ptext29                      text29       005586
__ptext3                       text3        003642
__ptext30                      text30       004A22
__ptext31                      text31       003314
__ptext32                      text32       004F44
__ptext33                      text33       005566
__ptext34                      text34       0055BC
__ptext35                      text35       0055D2
__ptext36                      text36       0055DC
__ptext37                      text37       005518
__ptext38                      text38       0054EE
__ptext39                      text39       004F96
__ptext4                       text4        001936
__ptext40                      text40       00540A
__ptext41                      text41       004FE8
__ptext42                      text42       004D38
__ptext43                      text43       00503A
__ptext44                      text44       00508C
__ptext45                      text45       0055EC
__ptext46                      text46       005448
__ptext47                      text47       004DEC
__ptext48                      text48       004860
__ptext49                      text49       000E5A
__ptext5                       text5        005300
__ptext50                      text50       003DD8
__ptext51                      text51       0052BA
__ptext52                      text52       002330
__ptext53                      text53       0027F0
__ptext54                      text54       0044EA
__ptext55                      text55       0047B6
__ptext56                      text56       002C1A
__ptext57                      text57       004C74
__ptext58                      text58       004E44
__ptext59                      text59       0048F6
__ptext6                       text6        0050DE
__ptext60                      text60       004D92
__ptext61                      text61       004B24
__ptext62                      text62       00498C
__ptext63                      text63       004114
__ptext64                      text64       005540
__ptext65                      text65       004B9A
__ptext7                       text7        004C0E
__ptext8                       text8        003BC6
__ptext9                       text9        0045EE
__ramtop                       ramtop       000E00
__smallconst                   smallconst   000E00
_abs                           text17       0053CA
_color_click_init              text32       004F44
_color_read_Blue               text26       00521E
_color_read_Green              text25       0051CE
_color_read_Red                text24       00517E
_color_read_lum                text23       00512E
_color_writetoaddr             text33       005566
_colour_rel                    text31       003314
_colour_rel$2641               cstackBANK0  000064
_colour_rel$2642               cstackBANK0  000068
_dbuf                          bssBANK1     00010C
_dtoa                          text12       003948
_dtoa$2247                     cstackCOMRAM 00002E
_efgtoa                        text4        001936
_efgtoa$2278                   cstackBANK0  00006F
_flags                         bssBANK0     0000F5
_floorf                        text8        003BC6
_fputc                         text15       0046EC
_fputs                         text14       005344
_fullSpeedBack                 text62       00498C
_high_threshold                dataBANK0    0000FA
_initDCmotorsPWM               text30       004A22
_initUSART4                    text29       005586
_labs                          text7        004C0E
_low_threshold                 bssBANK0     0000F3
_main                          text0        002FB4
_memcpy                        text6        0050DE
_motorL                        bssBANK1     000171
_motorR                        bssBANK1     000168
_pad                           text13       004AAA
_prec                          bssBANK0     0000F1
_putch                         text16       0055EA
_readColours                   text22       004CDA
_rel                           bssBANK1     00015C
_reverseDetect                 text60       004D92
_reverseOneBlock               text42       004D38
_sendCharSerial4               text21       0055A4
_sendStringSerial4             text20       0054BE
_setMotorPWM                   text63       004114
_sprintf                       text1        004EF2
_stop                          text61       004B24
_strcpy                        text5        005300
_turnLeft                      text48       004860
_turnLeft45                    text47       004DEC
_turnRight                     text59       0048F6
_turnRight45                   text58       004E44
_vals                          bssBANK1     00017A
_vfpfcnvrt                     text3        003642
_vfprintf                      text2        004E9C
_width                         bssBANK0     0000EF
abs@a                          cstackCOMRAM 000013
btemp                          temp         00005F
color_read_Blue@tmp            cstackCOMRAM 00000A
color_read_Green@tmp           cstackCOMRAM 00000A
color_read_Red@tmp             cstackCOMRAM 00000A
color_read_lum@tmp             cstackCOMRAM 00000A
color_writetoaddr@address      cstackCOMRAM 000004
color_writetoaddr@value        cstackCOMRAM 000003
colour_rel@B                   cstackBANK0  000074
colour_rel@G                   cstackBANK0  000070
colour_rel@L                   cstackBANK0  000060
colour_rel@R                   cstackBANK0  00006C
colour_rel@rel                 cstackCOMRAM 00004D
colour_rel@vals                cstackCOMRAM 00004B
dtoa@d                         cstackCOMRAM 00001E
dtoa@fp                        cstackCOMRAM 00001C
dtoa@i                         cstackCOMRAM 00003C
dtoa@n                         cstackCOMRAM 000034
dtoa@p                         cstackCOMRAM 000030
dtoa@s                         cstackCOMRAM 00003E
dtoa@w                         cstackCOMRAM 000032
efgtoa@c                       cstackBANK0  000066
efgtoa@d                       cstackBANK0  000074
efgtoa@e                       cstackBANK0  000078
efgtoa@f                       cstackBANK0  000062
efgtoa@fp                      cstackBANK0  000060
efgtoa@g                       cstackBANK0  00008D
efgtoa@h                       cstackBANK0  000082
efgtoa@i                       cstackBANK0  000080
efgtoa@l                       cstackBANK0  000086
efgtoa@m                       cstackBANK0  000076
efgtoa@mode                    cstackBANK0  000072
efgtoa@n                       cstackBANK0  00008B
efgtoa@ne                      cstackBANK0  000069
efgtoa@nmode                   cstackBANK0  000073
efgtoa@ou                      cstackBANK0  00007C
efgtoa@p                       cstackBANK0  00006B
efgtoa@pp                      cstackBANK0  000071
efgtoa@sign                    cstackBANK0  00008A
efgtoa@t                       cstackBANK0  00006D
efgtoa@u                       cstackBANK0  000091
efgtoa@w                       cstackBANK0  00007A
end_of_initialization          cinit        0052B0
floorf@F526                    bssBANK0     0000E7
floorf@e                       cstackCOMRAM 000059
floorf@m                       cstackCOMRAM 000055
floorf@u                       cstackCOMRAM 00005B
floorf@x                       cstackCOMRAM 00004B
fputc@c                        cstackCOMRAM 000001
fputc@fp                       cstackCOMRAM 000003
fputs@c                        cstackCOMRAM 00000E
fputs@fp                       cstackCOMRAM 00000C
fputs@i                        cstackCOMRAM 00000F
fputs@s                        cstackCOMRAM 00000A
fullSpeedBack@mL               cstackCOMRAM 000014
fullSpeedBack@mR               cstackCOMRAM 000016
initDCmotorsPWM@PWMperiod      cstackCOMRAM 000001
int$flags                      temp         00005F
intlevel0                      text         000000
intlevel1                      text         000000
intlevel2                      text         000000
intlevel3                      text         000000
isa$std                        (abs)        000001
isa$xinst                      (abs)        000000
labs@a                         cstackCOMRAM 000001
main@buf                       cstackBANK1  000182
main@colour                    cstackBANK1  0001E8
main@consecuitive              cstackBANK1  0001E6
main@prev_colour               cstackBANK1  0001EA
memcpy@d                       cstackCOMRAM 000007
memcpy@d1                      cstackCOMRAM 000001
memcpy@n                       cstackCOMRAM 000005
memcpy@s                       cstackCOMRAM 000009
memcpy@s1                      cstackCOMRAM 000003
memcpy@tmp                     cstackCOMRAM 00000B
pad@buf                        cstackCOMRAM 000013
pad@fp                         cstackCOMRAM 000011
pad@i                          cstackCOMRAM 000018
pad@p                          cstackCOMRAM 000015
pad@w                          cstackCOMRAM 00001A
readColours@vals               cstackCOMRAM 00000C
reverseDetect@mL               cstackCOMRAM 000019
reverseDetect@mR               cstackCOMRAM 00001B
reverseOneBlock@mL             cstackCOMRAM 000019
reverseOneBlock@mR             cstackCOMRAM 00001B
sendCharSerial4@charToSend     cstackCOMRAM 000001
sendStringSerial4@string       cstackCOMRAM 000002
setMotorPWM@m                  cstackCOMRAM 00000E
setMotorPWM@negDuty            cstackCOMRAM 000013
setMotorPWM@posDuty            cstackCOMRAM 000012
sprintf@ap                     cstackBANK0  0000C4
sprintf@f                      cstackBANK0  0000C6
sprintf@fmt                    cstackBANK0  0000B2
sprintf@s                      cstackBANK0  0000B0
stackhi                        (abs)        000000
stacklo                        (abs)        000000
start                          init         00000E
start_initialization           cinit        00526E
stop@mL                        cstackCOMRAM 000014
stop@mR                        cstackCOMRAM 000016
strcpy@d                       cstackCOMRAM 000007
strcpy@dest                    cstackCOMRAM 000001
strcpy@s                       cstackCOMRAM 000005
strcpy@src                     cstackCOMRAM 000003
ttemp5                         temp         000060
ttemp6                         temp         000063
ttemp7                         temp         000067
turnLeft45@mL                  cstackCOMRAM 000019
turnLeft45@mR                  cstackCOMRAM 00001B
turnLeft@mL                    cstackCOMRAM 000014
turnLeft@mR                    cstackCOMRAM 000016
turnRight45@mL                 cstackCOMRAM 000019
turnRight45@mR                 cstackCOMRAM 00001B
turnRight@mL                   cstackCOMRAM 000014
turnRight@mR                   cstackCOMRAM 000016
vfpfcnvrt@ap                   cstackBANK0  000099
vfpfcnvrt@c                    cstackBANK0  0000A5
vfpfcnvrt@convarg              cstackBANK0  00009D
vfpfcnvrt@cp                   cstackBANK0  0000A6
vfpfcnvrt@fmt                  cstackBANK0  000097
vfpfcnvrt@fp                   cstackBANK0  000095
vfprintf@ap                    cstackBANK0  0000AC
vfprintf@cfmt                  cstackBANK0  0000AE
vfprintf@fmt                   cstackBANK0  0000AA
vfprintf@fp                    cstackBANK0  0000A8
wtemp8                         temp         000060


MODULE INFORMATION

Module		Function		Class		Link	Load	Size
C:\Program Files\Microchip\xc8\v2.40\pic\sources\c99\common\sprcmul.c
		___flmul       		CODE           	27F0	0000	1066

C:\Program Files\Microchip\xc8\v2.40\pic\sources\c99\common\sprcmul.c estimated size: 1066

C:\Program Files\Microchip\xc8\v2.40\pic\sources\c99\common\nf_fputc.c
		_fputc         		CODE           	46EC	0000	202

C:\Program Files\Microchip\xc8\v2.40\pic\sources\c99\common\nf_fputc.c estimated size: 202

serial.c
		_sendStringSerial4		CODE           	54BE	0000	48
		_sendCharSerial4		CODE           	55A4	0000	24
		_initUSART4    		CODE           	5586	0000	30

serial.c estimated size: 102

C:\Program Files\Microchip\xc8\v2.40\pic\sources\c99\common\sprcdiv.c
		___fldiv       		CODE           	2C1A	0000	922

C:\Program Files\Microchip\xc8\v2.40\pic\sources\c99\common\sprcdiv.c estimated size: 922

C:\Program Files\Microchip\xc8\v2.40\pic\sources\c99\common\nf_sprintf.c
		_sprintf       		CODE           	4EF2	0000	82

C:\Program Files\Microchip\xc8\v2.40\pic\sources\c99\common\nf_sprintf.c estimated size: 82

C:\Program Files\Microchip\xc8\v2.40\pic\sources\c99\common\lwdiv.c
		___lwdiv       		CODE           	4B9A	0000	116

C:\Program Files\Microchip\xc8\v2.40\pic\sources\c99\common\lwdiv.c estimated size: 116

C:\Program Files\Microchip\xc8\v2.40\pic\sources\c99\common\memcpy.c
		_memcpy        		CODE           	50DE	0000	80

C:\Program Files\Microchip\xc8\v2.40\pic\sources\c99\common\memcpy.c estimated size: 80

color.c
		_color_writetoaddr		CODE           	5566	0000	32
		_readColours   		CODE           	4CDA	0000	94
		_color_click_init		CODE           	4F44	0000	82
		_Colour_decider		CODE           	0E5A	0000	2780
		_colour_rel    		CODE           	3314	0000	814
		_color_read_Green		CODE           	51CE	0000	80
		_color_read_Red		CODE           	517E	0000	80
		_color_read_lum		CODE           	512E	0000	80
		_color_read_Blue		CODE           	521E	0000	80

color.c estimated size: 4122

C:\Program Files\Microchip\xc8\v2.40\pic\sources\c99\common\fltol.c
		___fltol       		CODE           	43E4	0000	262

C:\Program Files\Microchip\xc8\v2.40\pic\sources\c99\common\fltol.c estimated size: 262

C:\Program Files\Microchip\xc8\v2.40\pic\sources\c99\common\Umul16.c
		___wmul        		CODE           	5540	0000	38

C:\Program Files\Microchip\xc8\v2.40\pic\sources\c99\common\Umul16.c estimated size: 38

C:\Program Files\Microchip\xc8\v2.40\pic\sources\c99\common\fleq.c
		___fleq        		CODE           	47B6	0000	170

C:\Program Files\Microchip\xc8\v2.40\pic\sources\c99\common\fleq.c estimated size: 170

dc_motor.c
		_reverseDetect 		CODE           	4D92	0000	90
		_fullSpeedBack 		CODE           	498C	0000	150
		_GreenMove     		CODE           	5448	0000	62
		_YellowMove    		CODE           	4F96	0000	82
		_turnLeft      		CODE           	4860	0000	150
		_turnLeft45    		CODE           	4DEC	0000	88
		_stop          		CODE           	4B24	0000	118
		_RedMove       		CODE           	540A	0000	62
		_initDCmotorsPWM		CODE           	4A22	0000	136
		_turnRight     		CODE           	48F6	0000	150
		_turnRight45   		CODE           	4E44	0000	88
		_BlueMove      		CODE           	4C74	0000	102
		_reverseOneBlock		CODE           	4D38	0000	90
		_OrangeMove    		CODE           	503A	0000	82
		_setMotorPWM   		CODE           	4114	0000	364
		_LightBlueMove 		CODE           	508C	0000	82
		_PinkMove      		CODE           	4FE8	0000	82

dc_motor.c estimated size: 1978

interrupts.c
		_Interrupts_init		CODE           	55EC	0000	2
		_HighISR       		CODE           	0008	0000	6

interrupts.c estimated size: 8

C:\Program Files\Microchip\xc8\v2.40\pic\sources\c99\common\abs.c
		_abs           		CODE           	53CA	0000	64

C:\Program Files\Microchip\xc8\v2.40\pic\sources\c99\common\abs.c estimated size: 64

i2c.c
		_I2C_2_Master_Start		CODE           	55DC	0000	10
		_I2C_2_Master_Read		CODE           	5388	0000	66
		_I2C_2_Master_Idle		CODE           	5518	0000	40
		_I2C_2_Master_Init		CODE           	54EE	0000	42
		_I2C_2_Master_Stop		CODE           	55D2	0000	10
		_I2C_2_Master_RepStart		CODE           	55C8	0000	10
		_I2C_2_Master_Write		CODE           	55BC	0000	12

i2c.c estimated size: 190

C:\Program Files\Microchip\xc8\v2.40\pic\sources\c99\common\__fpclassifyf.c
		___fpclassifyf 		CODE           	45EE	0000	254

C:\Program Files\Microchip\xc8\v2.40\pic\sources\c99\common\__fpclassifyf.c estimated size: 254

C:\Program Files\Microchip\xc8\v2.40\pic\sources\c99\common\sprcadd.c
		___flsub       		CODE           	52BA	0000	70
		___fladd       		CODE           	2330	0000	1216

C:\Program Files\Microchip\xc8\v2.40\pic\sources\c99\common\sprcadd.c estimated size: 1286

C:\Program Files\Microchip\xc8\v2.40\pic\sources\c99\common\floorf.c
		_floorf        		CODE           	3BC6	0000	530

C:\Program Files\Microchip\xc8\v2.40\pic\sources\c99\common\floorf.c estimated size: 530

C:\Program Files\Microchip\xc8\v2.40\pic\sources\c99\common\flneg.c
		___flneg       		CODE           	5486	0000	56

C:\Program Files\Microchip\xc8\v2.40\pic\sources\c99\common\flneg.c estimated size: 56

C:\Program Files\Microchip\xc8\v2.40\pic\sources\c99\common\labs.c
		_labs          		CODE           	4C0E	0000	102

C:\Program Files\Microchip\xc8\v2.40\pic\sources\c99\common\labs.c estimated size: 102

C:\Program Files\Microchip\xc8\v2.40\pic\sources\c99\common\xxtofl.c
		___xxtofl      		CODE           	3DD8	0000	436

C:\Program Files\Microchip\xc8\v2.40\pic\sources\c99\common\xxtofl.c estimated size: 436

C:\Program Files\Microchip\xc8\v2.40\pic\sources\c99\common\nf_fputs.c
		_fputs         		CODE           	5344	0000	68

C:\Program Files\Microchip\xc8\v2.40\pic\sources\c99\common\nf_fputs.c estimated size: 68

C:\Program Files\Microchip\xc8\v2.40\pic\sources\c99\common\aomod.c
		___aomod       		CODE           	4280	0000	356

C:\Program Files\Microchip\xc8\v2.40\pic\sources\c99\common\aomod.c estimated size: 356

shared
		__initialization		CODE           	526E	0000	66

shared estimated size: 66

C:\Program Files\Microchip\xc8\v2.40\pic\sources\c99\common\strcpy.c
		_strcpy        		CODE           	5300	0000	68

C:\Program Files\Microchip\xc8\v2.40\pic\sources\c99\common\strcpy.c estimated size: 68

C:\Program Files\Microchip\xc8\v2.40\pic\sources\c99\common\flge.c
		___flge        		CODE           	44EA	0000	260

C:\Program Files\Microchip\xc8\v2.40\pic\sources\c99\common\flge.c estimated size: 260

C:\Program Files\Microchip\xc8\v2.40\pic\sources\c99\common\putch.c
		_putch         		CODE           	55EA	0000	2

C:\Program Files\Microchip\xc8\v2.40\pic\sources\c99\common\putch.c estimated size: 2

C:\Program Files\Microchip\xc8\v2.40\pic\sources\c99\common\doprnt.c
		_vfpfcnvrt     		CODE           	3642	0000	774
		_efgtoa        		CODE           	1936	0000	2554
		_pad           		CODE           	4AAA	0000	122
		_dtoa          		CODE           	3948	0000	638
		_vfprintf      		CODE           	4E9C	0000	86

C:\Program Files\Microchip\xc8\v2.40\pic\sources\c99\common\doprnt.c estimated size: 4174

main.c
		_main          		CODE           	2FB4	0000	864

main.c estimated size: 864

C:\Program Files\Microchip\xc8\v2.40\pic\sources\c99\common\aodiv.c
		___aodiv       		CODE           	3F8C	0000	392

C:\Program Files\Microchip\xc8\v2.40\pic\sources\c99\common\aodiv.c estimated size: 392

