Microchip MPLAB XC8 Compiler V2.40

Linker command line:

-W-3 \
  --edf=C:\Program Files\Microchip\xc8\v2.40\pic\dat\20220703182018_en.msgs \
  -cn \
  -h+dist/default/production\final-project-josh-and-edward.X.production.sym \
  --cmf=dist/default/production\final-project-josh-and-edward.X.production.cmf \
  -z -Q18F67K40 -oC:\Users\EDWARD~1\AppData\Local\Temp\xcAsvg8.4 \
  --defsym=__MPLAB_BUILD=1 --fixupoverflow=error \
  -Mdist/default/production/final-project-josh-and-edward.X.production.map \
  --md=C:\Users\EDWARD~1\AppData\Local\Temp\xcAsvg8.dat -E1 \
  -ver=XC8 Compiler --acfsm=1493 -ACODE=00h-01FFFFh -ACONST=00h-01FFFFh \
  -ASMALLCONST=0E00h-0EFFhx498 -AMEDIUMCONST=0E00h-0FFFFh,010E00h-01FFFFh \
  -ACOMRAM=01h-05Fh -AABS1=00h-0DE9h -ABIGRAM=01h-0DE9h \
  -ARAM=060h-0FFh,0100h-01FFhx12,0D00h-0DE9h -ABANK0=060h-0FFh \
  -ABANK1=0100h-01FFh -ABANK2=0200h-02FFh -ABANK3=0300h-03FFh \
  -ABANK4=0400h-04FFh -ABANK5=0500h-05FFh -ABANK6=0600h-06FFh \
  -ABANK7=0700h-07FFh -ABANK8=0800h-08FFh -ABANK9=0900h-09FFh \
  -ABANK10=0A00h-0AFFh -ABANK11=0B00h-0BFFh -ABANK12=0C00h-0CFFh \
  -ABANK13=0D00h-0DE9h \
  -ASFR=0DEFh-0DFFh,0E00h-0EFFh,0F00h-0F5Fh,0F60h-0FFFh \
  -ABIGSFR=0DEFh-0FFFh -ACONFIG=0300000h-030000Bh -AIDLOC=0200000h-020000Fh \
  -AEEDATA=0310000h-03103FFh -peeprom_data=EEDATA \
  -preset_vec=00h,intcode=08h,intcodelo,powerup,init -pramtop=0E00h \
  -psmallconst=SMALLCONST -pmediumconst=MEDIUMCONST -pconst=CONST \
  -AFARRAM=00h-00h \
  -prdata=COMRAM,nvrram=COMRAM,nvbit=COMRAM,rbss=COMRAM,rbit=COMRAM \
  -pfarbss=FARRAM,fardata=FARRAM,nvFARRAM=FARRAM \
  -pintsave_regs=BIGRAM,bigbss=BIGRAM,bigdata=BIGRAM -pbss=RAM \
  -pidata=CODE,irdata=CODE,ibigdata=CODE,ifardata=CODE -prparam=COMRAM \
  C:\Users\EDWARD~1\AppData\Local\Temp\xcAsvg8.o \
  dist/default/production\final-project-josh-and-edward.X.production.o 

Object code version is 3.11

Machine type is 18F67K40



                Name                               Link     Load   Length Selector   Space Scale
C:\Users\EDWARD~1\AppData\Local\Temp\xcAsvg8.o
                idloc                            200000   200000       10        0       5
                config                           300000   300000        C        0       4
                init                                 28       28        4        4       0
                reset_vec                             0        0        4        0       0
dist/default/production\final-project-josh-and-edward.X.production.o
                intcode                               8        8       20        4       0
                idloc                            200000   200000       10        0       5
                config                           300000   300000        C        0       4
                temp                                 5D       5D        1        1       1
                smallconst                          E00      E00       2C      700       0
                text55                             3ECC     3ECC       28      716       0
                text54                             3FB6     3FB6        A      716       0
                text53                             3FAC     3FAC        A      716       0
                text52                             3F82     3F82        C      716       0
                text51                             3F60     3F60       16      716       0
                text49                             3EA4     3EA4       28      716       0
                text48                             3FA2     3FA2        A      716       0
                text47                             3F98     3F98        A      716       0
                text46                             3F76     3F76        C      716       0
                text45                             3F4A     3F4A       16      716       0
                text44                             3EF4     3EF4       20      716       0
                text43                             39E4     39E4       52      716       0
                text42                             3E7C     3E7C       28      716       0
                text41                             3E52     3E52       2A      716       0
                text40                             3DCE     3DCE       30      716       0
                text39                             3E28     3E28       2A      716       0
                text38                             3D9A     3D9A       34      716       0
                text37                             2112     2112      39A      716       0
                text36                             2C40     2C40      1B4      716       0
                text35                             2DF4     2DF4      18A      716       0
                text34                             3F14     3F14       1E      716       0
                text33                             3CE0     3CE0       42      716       0
                text32                             3F8E     3F8E        A      716       0
                text31                             3B76     3B76       50      716       0
                text30                             3B26     3B26       50      716       0
                text29                             3AD6     3AD6       50      716       0
                text28                             3A86     3A86       50      716       0
                text27                             38E0     38E0       5E      716       0
                text26                             3F32     3F32       18      716       0
                text25                             3DFE     3DFE       2A      716       0
                text24                             2F7E     2F7E      188      716       0
                text23                             3106     3106      164      716       0
                text22                             3D22     3D22       40      716       0
                text21                             3FC4     3FC4        2     1FE2       0
                text20                             368C     368C       CA      716       0
                text19                             3C9C     3C9C       44      716       0
                text18                             3800     3800       7A      716       0
                text17                             27B2     27B2      27C      716       0
                text16                             3756     3756       AA      716       0
                text15                             348A     348A      104      716       0
                text14                             1CE8     1CE8      42A      716       0
                text13                             3D62     3D62       38      716       0
                text12                             1828     1828      4C0      716       0
                text11                             3C12     3C12       46      716       0
                text10                             3384     3384      106      716       0
                text9                              358E     358E       FE      716       0
                text8                              2A2E     2A2E      212      716       0
                text7                              387A     387A       66      716       0
                text6                              3A36     3A36       50      716       0
                text5                              3C58     3C58       44      716       0
                text4                               E2C      E2C      9FC      716       0
                text3                              24AC     24AC      306      716       0
                text2                              393E     393E       54      716       0
                text1                              3992     3992       52      716       0
                text0                              326A     326A      11A      716       0
                cstackCOMRAM                          1        1       55        1       1
                cstackBANK0                          60       60       85       60       1
                bssBANK1                            100      100       B0      100       1
                dataBANK0                            F9       F9        3       60       1
                bssBANK0                             E5       E5       14       60       1
                bssCOMRAM                            56       56        7        1       1
                cinit                              3BC6     3BC6       4C      716       0
                idataBANK0                         3FC0     3FC0        3      716       0

TOTAL           Name                               Link     Load   Length     Space
        CLASS   CODE           
                intcode                               8        8       20         0
                init                                 28       28        4         0
                reset_vec                             0        0        4         0
                text55                             3ECC     3ECC       28         0
                text54                             3FB6     3FB6        A         0
                text53                             3FAC     3FAC        A         0
                text52                             3F82     3F82        C         0
                text51                             3F60     3F60       16         0
                text49                             3EA4     3EA4       28         0
                text48                             3FA2     3FA2        A         0
                text47                             3F98     3F98        A         0
                text46                             3F76     3F76        C         0
                text45                             3F4A     3F4A       16         0
                text44                             3EF4     3EF4       20         0
                text43                             39E4     39E4       52         0
                text42                             3E7C     3E7C       28         0
                text41                             3E52     3E52       2A         0
                text40                             3DCE     3DCE       30         0
                text39                             3E28     3E28       2A         0
                text38                             3D9A     3D9A       34         0
                text37                             2112     2112      39A         0
                text36                             2C40     2C40      1B4         0
                text35                             2DF4     2DF4      18A         0
                text34                             3F14     3F14       1E         0
                text33                             3CE0     3CE0       42         0
                text32                             3F8E     3F8E        A         0
                text31                             3B76     3B76       50         0
                text30                             3B26     3B26       50         0
                text29                             3AD6     3AD6       50         0
                text28                             3A86     3A86       50         0
                text27                             38E0     38E0       5E         0
                text26                             3F32     3F32       18         0
                text25                             3DFE     3DFE       2A         0
                text24                             2F7E     2F7E      188         0
                text23                             3106     3106      164         0
                text22                             3D22     3D22       40         0
                text21                             3FC4     3FC4        2         0
                text20                             368C     368C       CA         0
                text19                             3C9C     3C9C       44         0
                text18                             3800     3800       7A         0
                text17                             27B2     27B2      27C         0
                text16                             3756     3756       AA         0
                text15                             348A     348A      104         0
                text14                             1CE8     1CE8      42A         0
                text13                             3D62     3D62       38         0
                text12                             1828     1828      4C0         0
                text11                             3C12     3C12       46         0
                text10                             3384     3384      106         0
                text9                              358E     358E       FE         0
                text8                              2A2E     2A2E      212         0
                text7                              387A     387A       66         0
                text6                              3A36     3A36       50         0
                text5                              3C58     3C58       44         0
                text4                               E2C      E2C      9FC         0
                text3                              24AC     24AC      306         0
                text2                              393E     393E       54         0
                text1                              3992     3992       52         0
                text0                              326A     326A      11A         0
                cinit                              3BC6     3BC6       4C         0
                idataBANK0                         3FC0     3FC0        3         0

        CLASS   CONST          

        CLASS   SMALLCONST     
                smallconst                          E00      E00       2C         0

        CLASS   MEDIUMCONST    

        CLASS   COMRAM         
                temp                                 5D       5D        1         1
                cstackCOMRAM                          1        1       55         1
                bssCOMRAM                            56       56        7         1

        CLASS   ABS1           

        CLASS   BIGRAM         

        CLASS   RAM            

        CLASS   BANK0          
                cstackBANK0                          60       60       85         1
                dataBANK0                            F9       F9        3         1
                bssBANK0                             E5       E5       14         1

        CLASS   BANK1          
                bssBANK1                            100      100       B0         1

        CLASS   BANK2          

        CLASS   BANK3          

        CLASS   BANK4          

        CLASS   BANK5          

        CLASS   BANK6          

        CLASS   BANK7          

        CLASS   BANK8          

        CLASS   BANK9          

        CLASS   BANK10         

        CLASS   BANK11         

        CLASS   BANK12         

        CLASS   BANK13         

        CLASS   SFR            

        CLASS   BIGSFR         

        CLASS   CONFIG         
                config                           300000   300000        C         4

        CLASS   IDLOC          
                idloc                            200000   200000       10         5

        CLASS   EEDATA         

        CLASS   FARRAM         

        CLASS   HEAP           

        CLASS   STACK          



SEGMENTS        Name                           Load    Length   Top    Selector   Space  Class

                reset_vec                      000000  000004  000004         0       0  CODE    
                cstackCOMRAM                   000001  00005D  00005E         1       1  COMRAM  
                intcode                        000008  000024  00002C         4       0  CODE    
                cstackBANK0                    000060  00009C  0000FC        60       1  BANK0   
                bssBANK1                       000100  0000B0  0001B0       100       1  BANK1   
                smallconst                     000E00  00002C  000E2C       700       0  SMALLCON
                text4                          000E2C  003197  003FC3       716       0  CODE    
                text21                         003FC4  000002  003FC6      1FE2       0  CODE    


UNUSED ADDRESS RANGES

        Name                Unused          Largest block    Delta
        BANK0            0000FC-0000FF                4
        BANK1            0001B0-0001FF               50
        BANK10           000A00-000AFF              100
        BANK11           000B00-000BFF              100
        BANK12           000C00-000CFF              100
        BANK13           000D00-000DE9               EA
        BANK2            000200-0002FF              100
        BANK3            000300-0003FF              100
        BANK4            000400-0004FF              100
        BANK5            000500-0005FF              100
        BANK6            000600-0006FF              100
        BANK7            000700-0007FF              100
        BANK8            000800-0008FF              100
        BANK9            000900-0009FF              100
        BIGRAM           00005E-00005F                2
                         0000FC-0000FF                4
                         0001B0-000DE9              C3A
        BIGSFR           000DEF-000FFF              211
        CODE             000004-000007                4
                         00002C-000DFF              DD4
                         003FC3-003FC3                1
                         003FC6-01FFFF            1C03A
        COMRAM           00005E-00005F                2
        CONST            000004-000007                4
                         00002C-000DFF              DD4
                         003FC3-003FC3                1
                         003FC6-01FFFF            1C03A
        EEDATA           310000-3103FF              400
        MEDIUMCONST      003FC3-003FC3                1
                         003FC6-00FFFF             C03A
                         010E00-01FFFF             F200
        RAM              0000FC-0000FF                4
                         0001B0-000DE9              100
        SFR              000DEF-000FFF              100
        SMALLCONST       003FC3-003FC3                1
                         003FC6-01FFFF              100

                                  Symbol Table

?___aodiv                      cstackCOMRAM 000003
?___aomod                      cstackCOMRAM 000003
?___fladd                      cstackCOMRAM 000003
?___fldiv                      cstackCOMRAM 000003
?___flmul                      cstackCOMRAM 000003
?___flneg                      cstackCOMRAM 000003
?___flsub                      cstackCOMRAM 00001C
?___fltol                      cstackCOMRAM 000003
?___fpclassifyf                cstackCOMRAM 000003
?___xxtofl                     cstackCOMRAM 000003
?_abs                          cstackCOMRAM 000015
?_color_read_Blue              cstackCOMRAM 000007
?_color_read_Green             cstackCOMRAM 000007
?_color_read_Red               cstackCOMRAM 000007
?_color_read_lum               cstackCOMRAM 000007
?_floorf                       cstackCOMRAM 00001C
?_labs                         cstackCOMRAM 000003
?_sprintf                      cstackBANK0  000092
?_vfprintf                     cstackBANK0  00008C
I2C_2_Master_Read@ack          cstackCOMRAM 000005
I2C_2_Master_Read@tmp          cstackCOMRAM 000006
I2C_2_Master_Write@data_byte   cstackCOMRAM 000004
TxBufferedString@string        cstackCOMRAM 000004
_ANSELBbits                    (abs)        000E9A
_ANSELDbits                    (abs)        000EA7
_BAUD4CONbits                  (abs)        000EE9
_DataFlag                      dataBANK0    0000FB
_EUSART4RXbuf                  bssBANK1     00013C
_EUSART4TXbuf                  bssBANK1     000100
_HighISR                       intcode      000008
_I2C_2_Master_Idle             text49       003EA4
_I2C_2_Master_Init             text39       003E28
_I2C_2_Master_Read             text33       003CE0
_I2C_2_Master_RepStart         text32       003F8E
_I2C_2_Master_Start            text48       003FA2
_I2C_2_Master_Stop             text47       003F98
_I2C_2_Master_Write            text46       003F76
_INT1PPS                       (abs)        000DF1
_INTCONbits                    (abs)        000FF2
_IPR0bits                      (abs)        000E1F
_Interrupts_init               text42       003E7C
_LATAbits                      (abs)        000F79
_LATDbits                      (abs)        000F7C
_LATFbits                      (abs)        000F7E
_LATGbits                      (abs)        000F7F
_PIE0bits                      (abs)        000E29
_PIE2bits                      (abs)        000E2B
_PIE4bits                      (abs)        000E2D
_PIR0bits                      (abs)        000E33
_PIR4bits                      (abs)        000E37
_RC0PPS                        (abs)        000E62
_RC4REG                        (abs)        000EE3
_RC4STAbits                    (abs)        000EE7
_RD5PPS                        (abs)        000E6F
_RD6PPS                        (abs)        000E70
_RX4PPS                        (abs)        000E15
_RxBufReadCnt                  bssCOMRAM    00005B
_RxBufWriteCnt                 bssCOMRAM    00005C
_SP4BRGH                       (abs)        000EE6
_SP4BRGL                       (abs)        000EE5
_SSP2ADD                       (abs)        000ED6
_SSP2BUF                       (abs)        000ED5
_SSP2CLKPPS                    (abs)        000E1C
_SSP2CON1bits                  (abs)        000ED9
_SSP2CON2                      (abs)        000EDA
_SSP2CON2bits                  (abs)        000EDA
_SSP2DATPPS                    (abs)        000E1D
_SSP2STAT                      (abs)        000ED8
_TRISAbits                     (abs)        000F81
_TRISBbits                     (abs)        000F82
_TRISDbits                     (abs)        000F84
_TRISFbits                     (abs)        000F86
_TRISGbits                     (abs)        000F87
_TX4REG                        (abs)        000EE4
_TX4STAbits                    (abs)        000EE8
_TxBufReadCnt                  bssCOMRAM    000059
_TxBufWriteCnt                 bssCOMRAM    00005A
_TxBufferedString              text40       003DCE
__HRAM                         (abs)        000000
__Habs1                        abs1         000000
__Hbank0                       bank0        000000
__Hbank1                       bank1        000000
__Hbank10                      bank10       000000
__Hbank11                      bank11       000000
__Hbank12                      bank12       000000
__Hbank13                      bank13       000000
__Hbank2                       bank2        000000
__Hbank3                       bank3        000000
__Hbank4                       bank4        000000
__Hbank5                       bank5        000000
__Hbank6                       bank6        000000
__Hbank7                       bank7        000000
__Hbank8                       bank8        000000
__Hbank9                       bank9        000000
__Hbigbss                      bigbss       000000
__Hbigdata                     bigdata      000000
__Hbigram                      bigram       000000
__Hbigsfr                      bigsfr       000000
__Hbss                         bss          000000
__HbssBANK0                    bssBANK0     000000
__HbssBANK1                    bssBANK1     000000
__HbssCOMRAM                   bssCOMRAM    000000
__Hcinit                       cinit        000000
__Hclrtext                     clrtext      000000
__Hcomram                      comram       000000
__Hconfig                      config       30000C
__Hconst                       const        000000
__HcstackBANK0                 cstackBANK0  000000
__HcstackCOMRAM                cstackCOMRAM 000000
__Hdata                        data         000000
__HdataBANK0                   dataBANK0    000000
__Heeprom_data                 eeprom_data  000000
__Hfarbss                      farbss       000000
__Hfardata                     fardata      000000
__Hheap                        heap         000000
__Hibigdata                    ibigdata     000000
__Hidata                       idata        000000
__HidataBANK0                  idataBANK0   000000
__Hidloc                       idloc        200010
__Hifardata                    ifardata     000000
__Hinit                        init         00002C
__Hintcode                     intcode      000028
__Hintcode_body                intcode_body 000000
__Hintcodelo                   intcodelo    000028
__Hintentry                    intentry     000000
__Hintret                      intret       000000
__Hintsave_regs                intsave_regs 000000
__Hirdata                      irdata       000000
__Hmediumconst                 mediumconst  000000
__HnvFARRAM                    nvFARRAM     000000
__Hnvbit                       nvbit        000000
__Hnvrram                      nvrram       000000
__Hparam                       rparam       000000
__Hpowerup                     powerup      000028
__Hram                         ram          000000
__Hramtop                      ramtop       000E00
__Hrbit                        rbit         000000
__Hrbss                        rbss         000000
__Hrdata                       rdata        000000
__Hreset_vec                   reset_vec    000004
__Hrparam                      rparam       000000
__Hsfr                         sfr          000000
__Hsmallconst                  smallconst   000E2C
__Hspace_0                     (abs)        003FC6
__Hspace_1                     (abs)        0001B0
__Hspace_2                     (abs)        000000
__Hspace_4                     (abs)        60000C
__Hstack                       stack        000000
__Hstruct                      struct       000000
__Htemp                        temp         00005E
__Htext                        text         000000
__Htext0                       text0        000000
__Htext1                       text1        000000
__Htext10                      text10       000000
__Htext11                      text11       000000
__Htext12                      text12       000000
__Htext13                      text13       000000
__Htext14                      text14       000000
__Htext15                      text15       000000
__Htext16                      text16       000000
__Htext17                      text17       000000
__Htext18                      text18       000000
__Htext19                      text19       000000
__Htext2                       text2        000000
__Htext20                      text20       000000
__Htext21                      text21       000000
__Htext22                      text22       000000
__Htext23                      text23       000000
__Htext24                      text24       000000
__Htext25                      text25       000000
__Htext26                      text26       000000
__Htext27                      text27       000000
__Htext28                      text28       000000
__Htext29                      text29       000000
__Htext3                       text3        000000
__Htext30                      text30       000000
__Htext31                      text31       000000
__Htext32                      text32       000000
__Htext33                      text33       000000
__Htext34                      text34       000000
__Htext35                      text35       000000
__Htext36                      text36       000000
__Htext37                      text37       000000
__Htext38                      text38       000000
__Htext39                      text39       000000
__Htext4                       text4        000000
__Htext40                      text40       000000
__Htext41                      text41       000000
__Htext42                      text42       000000
__Htext43                      text43       000000
__Htext44                      text44       000000
__Htext45                      text45       000000
__Htext46                      text46       000000
__Htext47                      text47       000000
__Htext48                      text48       000000
__Htext49                      text49       000000
__Htext5                       text5        000000
__Htext51                      text51       000000
__Htext52                      text52       000000
__Htext53                      text53       000000
__Htext54                      text54       000000
__Htext55                      text55       000000
__Htext6                       text6        000000
__Htext7                       text7        000000
__Htext8                       text8        000000
__Htext9                       text9        000000
__LRAM                         (abs)        000001
__Labs1                        abs1         000000
__Lbank0                       bank0        000000
__Lbank1                       bank1        000000
__Lbank10                      bank10       000000
__Lbank11                      bank11       000000
__Lbank12                      bank12       000000
__Lbank13                      bank13       000000
__Lbank2                       bank2        000000
__Lbank3                       bank3        000000
__Lbank4                       bank4        000000
__Lbank5                       bank5        000000
__Lbank6                       bank6        000000
__Lbank7                       bank7        000000
__Lbank8                       bank8        000000
__Lbank9                       bank9        000000
__Lbigbss                      bigbss       000000
__Lbigdata                     bigdata      000000
__Lbigram                      bigram       000000
__Lbigsfr                      bigsfr       000000
__Lbss                         bss          000000
__LbssBANK0                    bssBANK0     000000
__LbssBANK1                    bssBANK1     000000
__LbssCOMRAM                   bssCOMRAM    000000
__Lcinit                       cinit        000000
__Lclrtext                     clrtext      000000
__Lcomram                      comram       000000
__Lconfig                      config       000000
__Lconst                       const        000000
__LcstackBANK0                 cstackBANK0  000000
__LcstackCOMRAM                cstackCOMRAM 000000
__Ldata                        data         000000
__LdataBANK0                   dataBANK0    000000
__Leeprom_data                 eeprom_data  000000
__Lfarbss                      farbss       000000
__Lfardata                     fardata      000000
__Lheap                        heap         000000
__Libigdata                    ibigdata     000000
__Lidata                       idata        000000
__LidataBANK0                  idataBANK0   000000
__Lidloc                       idloc        000000
__Lifardata                    ifardata     000000
__Linit                        init         000028
__Lintcode                     intcode      000008
__Lintcode_body                intcode_body 000000
__Lintcodelo                   intcodelo    000028
__Lintentry                    intentry     000000
__Lintret                      intret       000000
__Lintsave_regs                intsave_regs 000000
__Lirdata                      irdata       000000
__Lmediumconst                 mediumconst  000000
__LnvFARRAM                    nvFARRAM     000000
__Lnvbit                       nvbit        000000
__Lnvrram                      nvrram       000000
__Lparam                       rparam       000000
__Lpowerup                     powerup      000028
__Lram                         ram          000000
__Lramtop                      ramtop       000E00
__Lrbit                        rbit         000000
__Lrbss                        rbss         000000
__Lrdata                       rdata        000000
__Lreset_vec                   reset_vec    000000
__Lrparam                      rparam       000000
__Lsfr                         sfr          000000
__Lsmallconst                  smallconst   000E00
__Lspace_0                     (abs)        000000
__Lspace_1                     (abs)        000000
__Lspace_2                     (abs)        000000
__Lspace_4                     (abs)        000000
__Lstack                       stack        000000
__Lstruct                      struct       000000
__Ltemp                        temp         00005D
__Ltext                        text         000000
__Ltext0                       text0        000000
__Ltext1                       text1        000000
__Ltext10                      text10       000000
__Ltext11                      text11       000000
__Ltext12                      text12       000000
__Ltext13                      text13       000000
__Ltext14                      text14       000000
__Ltext15                      text15       000000
__Ltext16                      text16       000000
__Ltext17                      text17       000000
__Ltext18                      text18       000000
__Ltext19                      text19       000000
__Ltext2                       text2        000000
__Ltext20                      text20       000000
__Ltext21                      text21       000000
__Ltext22                      text22       000000
__Ltext23                      text23       000000
__Ltext24                      text24       000000
__Ltext25                      text25       000000
__Ltext26                      text26       000000
__Ltext27                      text27       000000
__Ltext28                      text28       000000
__Ltext29                      text29       000000
__Ltext3                       text3        000000
__Ltext30                      text30       000000
__Ltext31                      text31       000000
__Ltext32                      text32       000000
__Ltext33                      text33       000000
__Ltext34                      text34       000000
__Ltext35                      text35       000000
__Ltext36                      text36       000000
__Ltext37                      text37       000000
__Ltext38                      text38       000000
__Ltext39                      text39       000000
__Ltext4                       text4        000000
__Ltext40                      text40       000000
__Ltext41                      text41       000000
__Ltext42                      text42       000000
__Ltext43                      text43       000000
__Ltext44                      text44       000000
__Ltext45                      text45       000000
__Ltext46                      text46       000000
__Ltext47                      text47       000000
__Ltext48                      text48       000000
__Ltext49                      text49       000000
__Ltext5                       text5        000000
__Ltext51                      text51       000000
__Ltext52                      text52       000000
__Ltext53                      text53       000000
__Ltext54                      text54       000000
__Ltext55                      text55       000000
__Ltext6                       text6        000000
__Ltext7                       text7        000000
__Ltext8                       text8        000000
__Ltext9                       text9        000000
__S0                           (abs)        003FC6
__S1                           (abs)        0001B0
__S4                           (abs)        000000
__S5                           (abs)        000000
___aodiv                       text24       002F7E
___aodiv@counter               cstackCOMRAM 000013
___aodiv@dividend              cstackCOMRAM 000003
___aodiv@divisor               cstackCOMRAM 00000B
___aodiv@quotient              cstackCOMRAM 000015
___aodiv@sign                  cstackCOMRAM 000014
___aomod                       text23       003106
___aomod@counter               cstackCOMRAM 000013
___aomod@dividend              cstackCOMRAM 000003
___aomod@divisor               cstackCOMRAM 00000B
___aomod@sign                  cstackCOMRAM 000014
___fladd                       text12       001828
___fladd@a                     cstackCOMRAM 000007
___fladd@aexp                  cstackCOMRAM 000010
___fladd@b                     cstackCOMRAM 000003
___fladd@bexp                  cstackCOMRAM 000011
___fladd@grs                   cstackCOMRAM 000012
___fladd@signs                 cstackCOMRAM 00000F
___fldiv                       text37       002112
___fldiv@a                     cstackCOMRAM 000007
___fldiv@aexp                  cstackCOMRAM 00001B
___fldiv@b                     cstackCOMRAM 000003
___fldiv@bexp                  cstackCOMRAM 00001A
___fldiv@grs                   cstackCOMRAM 000016
___fldiv@new_exp               cstackCOMRAM 000014
___fldiv@rem                   cstackCOMRAM 00000F
___fldiv@sign                  cstackCOMRAM 000013
___fleq                        text16       003756
___fleq@ff1                    cstackCOMRAM 000003
___fleq@ff2                    cstackCOMRAM 000007
___flge                        text15       00348A
___flge@ff1                    cstackCOMRAM 00001C
___flge@ff2                    cstackCOMRAM 000020
___flmul                       text14       001CE8
___flmul@a                     cstackCOMRAM 000007
___flmul@aexp                  cstackCOMRAM 000014
___flmul@b                     cstackCOMRAM 000003
___flmul@bexp                  cstackCOMRAM 000015
___flmul@grs                   cstackCOMRAM 000010
___flmul@prod                  cstackCOMRAM 000016
___flmul@sign                  cstackCOMRAM 00000F
___flmul@temp                  cstackCOMRAM 00001A
___flneg                       text13       003D62
___flneg@f1                    cstackCOMRAM 000003
___flsub                       text11       003C12
___flsub@a                     cstackCOMRAM 000020
___flsub@b                     cstackCOMRAM 00001C
___fltol                       text10       003384
___fltol@exp1                  cstackCOMRAM 00000C
___fltol@f1                    cstackCOMRAM 000003
___fltol@sign1                 cstackCOMRAM 00000B
___fpclassifyf                 text9        00358E
___fpclassifyf@F465            bssBANK0     0000E9
___fpclassifyf@e               cstackCOMRAM 00000B
___fpclassifyf@u               cstackCOMRAM 00000D
___fpclassifyf@x               cstackCOMRAM 000003
___heap_hi                     (abs)        000000
___heap_lo                     (abs)        000000
___inthi_sp                    stack        000000
___intlo_sp                    stack        000000
___param_bank                  (abs)        000000
___rparam_used                 (abs)        000001
___sp                          stack        000000
___xxtofl                      text36       002C40
___xxtofl@arg                  cstackCOMRAM 00000D
___xxtofl@exp                  cstackCOMRAM 00000C
___xxtofl@sign                 cstackCOMRAM 00000B
___xxtofl@val                  cstackCOMRAM 000003
__accesstop                    (abs)        000060
__activetblptr                 (abs)        000003
__end_of_HighISR               intcode      000028
__end_of_I2C_2_Master_Idle     text49       003ECC
__end_of_I2C_2_Master_Init     text39       003E52
__end_of_I2C_2_Master_Read     text33       003D22
__end_of_I2C_2_Master_RepStart text32       003F98
__end_of_I2C_2_Master_Start    text48       003FAC
__end_of_I2C_2_Master_Stop     text47       003FA2
__end_of_I2C_2_Master_Write    text46       003F82
__end_of_Interrupts_init       text42       003EA4
__end_of_TxBufferedString      text40       003DFE
__end_of___aodiv               text24       003106
__end_of___aomod               text23       00326A
__end_of___fladd               text12       001CE8
__end_of___fldiv               text37       0024AC
__end_of___fleq                text16       003800
__end_of___flge                text15       00358E
__end_of___flmul               text14       002112
__end_of___flneg               text13       003D9A
__end_of___flsub               text11       003C58
__end_of___fltol               text10       00348A
__end_of___fpclassifyf         text9        00368C
__end_of___xxtofl              text36       002DF4
__end_of__initialization       cinit        003C08
__end_of_abs                   text22       003D62
__end_of_clear_int             text45       003F60
__end_of_color_click_init      text38       003DCE
__end_of_color_read_Blue       text31       003BC6
__end_of_color_read_Green      text30       003B76
__end_of_color_read_Red        text29       003B26
__end_of_color_read_lum        text28       003AD6
__end_of_color_writetoaddr     text44       003F14
__end_of_colour_interrupt_init text43       003A36
__end_of_colour_rel            text35       002F7E
__end_of_dtoa                  text17       002A2E
__end_of_efgtoa                text4        001828
__end_of_floorf                text8        002C40
__end_of_fputc                 text20       003756
__end_of_fputs                 text19       003CE0
__end_of_initUSART4            text34       003F32
__end_of_isDataInTxBuf         text26       003F4A
__end_of_labs                  text7        0038E0
__end_of_main                  text0        003384
__end_of_memcpy                text6        003A86
__end_of_pad                   text18       00387A
__end_of_putCharToTxBuf        text41       003E7C
__end_of_putch                 text21       003FC6
__end_of_readColours           text27       00393E
__end_of_sendTxBuf             text25       003E28
__end_of_sprintf               text1        0039E4
__end_of_strcpy                text5        003C9C
__end_of_vfpfcnvrt             text3        0027B2
__end_of_vfprintf              text2        003992
__end_ofi2_I2C_2_Master_Idle   text55       003EF4
__end_ofi2_I2C_2_Master_Start  text54       003FC0
__end_ofi2_I2C_2_Master_Stop   text53       003FB6
__end_ofi2_I2C_2_Master_Write  text52       003F8E
__end_ofi2_clear_int           text51       003F76
__initialization               cinit        003BC6
__mediumconst                  mediumconst  000000
__pbssBANK0                    bssBANK0     0000E5
__pbssBANK1                    bssBANK1     000100
__pbssCOMRAM                   bssCOMRAM    000056
__pcinit                       cinit        003BC6
__pcstackBANK0                 cstackBANK0  000060
__pcstackCOMRAM                cstackCOMRAM 000001
__pdataBANK0                   dataBANK0    0000F9
__pidataBANK0                  idataBANK0   003FC0
__pintcode                     intcode      000008
__psmallconst                  smallconst   000E00
__ptext0                       text0        00326A
__ptext1                       text1        003992
__ptext10                      text10       003384
__ptext11                      text11       003C12
__ptext12                      text12       001828
__ptext13                      text13       003D62
__ptext14                      text14       001CE8
__ptext15                      text15       00348A
__ptext16                      text16       003756
__ptext17                      text17       0027B2
__ptext18                      text18       003800
__ptext19                      text19       003C9C
__ptext2                       text2        00393E
__ptext20                      text20       00368C
__ptext21                      text21       003FC4
__ptext22                      text22       003D22
__ptext23                      text23       003106
__ptext24                      text24       002F7E
__ptext25                      text25       003DFE
__ptext26                      text26       003F32
__ptext27                      text27       0038E0
__ptext28                      text28       003A86
__ptext29                      text29       003AD6
__ptext3                       text3        0024AC
__ptext30                      text30       003B26
__ptext31                      text31       003B76
__ptext32                      text32       003F8E
__ptext33                      text33       003CE0
__ptext34                      text34       003F14
__ptext35                      text35       002DF4
__ptext36                      text36       002C40
__ptext37                      text37       002112
__ptext38                      text38       003D9A
__ptext39                      text39       003E28
__ptext4                       text4        000E2C
__ptext40                      text40       003DCE
__ptext41                      text41       003E52
__ptext42                      text42       003E7C
__ptext43                      text43       0039E4
__ptext44                      text44       003EF4
__ptext45                      text45       003F4A
__ptext46                      text46       003F76
__ptext47                      text47       003F98
__ptext48                      text48       003FA2
__ptext49                      text49       003EA4
__ptext5                       text5        003C58
__ptext51                      text51       003F60
__ptext52                      text52       003F82
__ptext53                      text53       003FAC
__ptext54                      text54       003FB6
__ptext55                      text55       003ECC
__ptext6                       text6        003A36
__ptext7                       text7        00387A
__ptext8                       text8        002A2E
__ptext9                       text9        00358E
__ramtop                       ramtop       000E00
__smallconst                   smallconst   000E00
_abs                           text22       003D22
_clear_int                     text45       003F4A
_color_click_init              text38       003D9A
_color_read_Blue               text31       003B76
_color_read_Green              text30       003B26
_color_read_Red                text29       003AD6
_color_read_lum                text28       003A86
_color_writetoaddr             text44       003EF4
_colour_interrupt_init         text43       0039E4
_colour_rel                    text35       002DF4
_dbuf                          bssBANK1     000150
_dtoa                          text17       0027B2
_dtoa$1667                     cstackCOMRAM 000030
_efgtoa                        text4        000E2C
_efgtoa$1698                   cstackBANK0  000066
_flags                         bssCOMRAM    000058
_floorf                        text8        002A2E
_fputc                         text20       00368C
_fputs                         text19       003C9C
_high_threshold                dataBANK0    0000F9
_initUSART4                    text34       003F14
_isDataInTxBuf                 text26       003F32
_labs                          text7        00387A
_low_threshold                 bssBANK0     0000EF
_main                          text0        00326A
_memcpy                        text6        003A36
_pad                           text18       003800
_prec                          bssCOMRAM    000056
_putCharToTxBuf                text41       003E52
_putch                         text21       003FC4
_readColours                   text27       0038E0
_rel                           bssBANK1     0001A0
_sendTxBuf                     text25       003DFE
_sprintf                       text1        003992
_strcpy                        text5        003C58
_vals                          bssBANK0     0000F1
_vfpfcnvrt                     text3        0024AC
_vfprintf                      text2        00393E
_width                         bssBANK0     0000ED
abs@a                          cstackCOMRAM 000015
btemp                          temp         00005D
color_read_Blue@tmp            cstackCOMRAM 00000C
color_read_Green@tmp           cstackCOMRAM 00000C
color_read_Red@tmp             cstackCOMRAM 00000C
color_read_lum@tmp             cstackCOMRAM 00000C
color_writetoaddr@address      cstackCOMRAM 000006
color_writetoaddr@value        cstackCOMRAM 000005
colour_rel@B                   cstackCOMRAM 000028
colour_rel@G                   cstackCOMRAM 000024
colour_rel@L                   cstackCOMRAM 00002C
colour_rel@R                   cstackCOMRAM 000020
colour_rel@rel                 cstackCOMRAM 00001E
colour_rel@vals                cstackCOMRAM 00001C
dtoa@d                         cstackCOMRAM 000020
dtoa@fp                        cstackCOMRAM 00001E
dtoa@i                         cstackCOMRAM 00003E
dtoa@n                         cstackCOMRAM 000036
dtoa@p                         cstackCOMRAM 000032
dtoa@s                         cstackCOMRAM 000040
dtoa@w                         cstackCOMRAM 000034
efgtoa@c                       cstackCOMRAM 000036
efgtoa@d                       cstackBANK0  00006B
efgtoa@e                       cstackBANK0  00006F
efgtoa@f                       cstackCOMRAM 000032
efgtoa@fp                      cstackCOMRAM 000030
efgtoa@g                       cstackBANK0  000084
efgtoa@h                       cstackBANK0  000079
efgtoa@i                       cstackBANK0  000077
efgtoa@l                       cstackBANK0  00007D
efgtoa@m                       cstackBANK0  00006D
efgtoa@mode                    cstackBANK0  000069
efgtoa@n                       cstackBANK0  000082
efgtoa@ne                      cstackBANK0  000060
efgtoa@nmode                   cstackBANK0  00006A
efgtoa@ou                      cstackBANK0  000073
efgtoa@p                       cstackBANK0  000062
efgtoa@pp                      cstackBANK0  000068
efgtoa@sign                    cstackBANK0  000081
efgtoa@t                       cstackBANK0  000064
efgtoa@u                       cstackBANK0  000088
efgtoa@w                       cstackBANK0  000071
end_of_initialization          cinit        003C08
floorf@F526                    bssBANK0     0000E5
floorf@e                       cstackCOMRAM 00002A
floorf@m                       cstackCOMRAM 000026
floorf@u                       cstackCOMRAM 00002C
floorf@x                       cstackCOMRAM 00001C
fputc@c                        cstackCOMRAM 000003
fputc@fp                       cstackCOMRAM 000005
fputs@c                        cstackCOMRAM 000010
fputs@fp                       cstackCOMRAM 00000E
fputs@i                        cstackCOMRAM 000011
fputs@s                        cstackCOMRAM 00000C
i2I2C_2_Master_Write@data_byte cstackCOMRAM 000002
i2_I2C_2_Master_Idle           text55       003ECC
i2_I2C_2_Master_Start          text54       003FB6
i2_I2C_2_Master_Stop           text53       003FAC
i2_I2C_2_Master_Write          text52       003F82
i2_clear_int                   text51       003F60
int$flags                      temp         00005D
intlevel0                      text         000000
intlevel1                      text         000000
intlevel2                      text         000000
intlevel3                      text         000000
isa$std                        (abs)        000001
isa$xinst                      (abs)        000000
labs@a                         cstackCOMRAM 000003
main@buf                       cstackBANK0  0000B3
memcpy@d                       cstackCOMRAM 000009
memcpy@d1                      cstackCOMRAM 000003
memcpy@n                       cstackCOMRAM 000007
memcpy@s                       cstackCOMRAM 00000B
memcpy@s1                      cstackCOMRAM 000005
memcpy@tmp                     cstackCOMRAM 00000D
pad@buf                        cstackCOMRAM 000015
pad@fp                         cstackCOMRAM 000013
pad@i                          cstackCOMRAM 00001A
pad@p                          cstackCOMRAM 000017
pad@w                          cstackCOMRAM 00001C
putCharToTxBuf@byte            cstackCOMRAM 000003
readColours@vals               cstackCOMRAM 00000E
sprintf@ap                     cstackBANK0  0000A4
sprintf@f                      cstackBANK0  0000A6
sprintf@fmt                    cstackBANK0  000094
sprintf@s                      cstackBANK0  000092
stackhi                        (abs)        000000
stacklo                        (abs)        000000
start                          init         000028
start_initialization           cinit        003BC6
strcpy@d                       cstackCOMRAM 000009
strcpy@dest                    cstackCOMRAM 000003
strcpy@s                       cstackCOMRAM 000007
strcpy@src                     cstackCOMRAM 000005
ttemp5                         temp         00005E
ttemp6                         temp         000061
ttemp7                         temp         000065
vfpfcnvrt@ap                   cstackCOMRAM 000045
vfpfcnvrt@c                    cstackCOMRAM 000051
vfpfcnvrt@convarg              cstackCOMRAM 000049
vfpfcnvrt@cp                   cstackCOMRAM 000052
vfpfcnvrt@fmt                  cstackCOMRAM 000043
vfpfcnvrt@fp                   cstackCOMRAM 000041
vfprintf@ap                    cstackBANK0  000090
vfprintf@cfmt                  cstackCOMRAM 000054
vfprintf@fmt                   cstackBANK0  00008E
vfprintf@fp                    cstackBANK0  00008C
wtemp8                         temp         00005E


MODULE INFORMATION

Module		Function		Class		Link	Load	Size
C:\Program Files\Microchip\xc8\v2.40\pic\sources\c99\common\sprcmul.c
		___flmul       		CODE           	1CE8	0000	1066

C:\Program Files\Microchip\xc8\v2.40\pic\sources\c99\common\sprcmul.c estimated size: 1066

C:\Program Files\Microchip\xc8\v2.40\pic\sources\c99\common\nf_fputc.c
		_fputc         		CODE           	368C	0000	202

C:\Program Files\Microchip\xc8\v2.40\pic\sources\c99\common\nf_fputc.c estimated size: 202

serial.c
		_putCharToTxBuf		CODE           	3E52	0000	42
		_isDataInTxBuf 		CODE           	3F32	0000	24
		_TxBufferedString		CODE           	3DCE	0000	48
		_sendTxBuf     		CODE           	3DFE	0000	42
		_initUSART4    		CODE           	3F14	0000	30

serial.c estimated size: 186

C:\Program Files\Microchip\xc8\v2.40\pic\sources\c99\common\sprcdiv.c
		___fldiv       		CODE           	2112	0000	922

C:\Program Files\Microchip\xc8\v2.40\pic\sources\c99\common\sprcdiv.c estimated size: 922

C:\Program Files\Microchip\xc8\v2.40\pic\sources\c99\common\nf_sprintf.c
		_sprintf       		CODE           	3992	0000	82

C:\Program Files\Microchip\xc8\v2.40\pic\sources\c99\common\nf_sprintf.c estimated size: 82

C:\Program Files\Microchip\xc8\v2.40\pic\sources\c99\common\memcpy.c
		_memcpy        		CODE           	3A36	0000	80

C:\Program Files\Microchip\xc8\v2.40\pic\sources\c99\common\memcpy.c estimated size: 80

color.c
		_color_writetoaddr		CODE           	3EF4	0000	32
		_readColours   		CODE           	38E0	0000	94
		_color_click_init		CODE           	3D9A	0000	52
		_colour_rel    		CODE           	2DF4	0000	394
		_color_read_Green		CODE           	3B26	0000	80
		_color_read_Red		CODE           	3AD6	0000	80
		_color_read_lum		CODE           	3A86	0000	80
		_color_read_Blue		CODE           	3B76	0000	80

color.c estimated size: 892

C:\Program Files\Microchip\xc8\v2.40\pic\sources\c99\common\fltol.c
		___fltol       		CODE           	3384	0000	262

C:\Program Files\Microchip\xc8\v2.40\pic\sources\c99\common\fltol.c estimated size: 262

C:\Program Files\Microchip\xc8\v2.40\pic\sources\c99\common\fleq.c
		___fleq        		CODE           	3756	0000	170

C:\Program Files\Microchip\xc8\v2.40\pic\sources\c99\common\fleq.c estimated size: 170

interrupts.c
		_colour_interrupt_init		CODE           	39E4	0000	82
		_clear_int     		CODE           	3F4A	0000	22
		_Interrupts_init		CODE           	3E7C	0000	40
		_HighISR       		CODE           	0008	0000	32

interrupts.c estimated size: 176

C:\Program Files\Microchip\xc8\v2.40\pic\sources\c99\common\abs.c
		_abs           		CODE           	3D22	0000	64

C:\Program Files\Microchip\xc8\v2.40\pic\sources\c99\common\abs.c estimated size: 64

i2c.c
		_I2C_2_Master_Start		CODE           	3FA2	0000	10
		_I2C_2_Master_Read		CODE           	3CE0	0000	66
		_I2C_2_Master_Idle		CODE           	3EA4	0000	40
		_I2C_2_Master_Init		CODE           	3E28	0000	42
		_I2C_2_Master_Stop		CODE           	3F98	0000	10
		_I2C_2_Master_RepStart		CODE           	3F8E	0000	10
		_I2C_2_Master_Write		CODE           	3F76	0000	12

i2c.c estimated size: 190

C:\Program Files\Microchip\xc8\v2.40\pic\sources\c99\common\__fpclassifyf.c
		___fpclassifyf 		CODE           	358E	0000	254

C:\Program Files\Microchip\xc8\v2.40\pic\sources\c99\common\__fpclassifyf.c estimated size: 254

C:\Program Files\Microchip\xc8\v2.40\pic\sources\c99\common\sprcadd.c
		___flsub       		CODE           	3C12	0000	70
		___fladd       		CODE           	1828	0000	1216

C:\Program Files\Microchip\xc8\v2.40\pic\sources\c99\common\sprcadd.c estimated size: 1286

C:\Program Files\Microchip\xc8\v2.40\pic\sources\c99\common\floorf.c
		_floorf        		CODE           	2A2E	0000	530

C:\Program Files\Microchip\xc8\v2.40\pic\sources\c99\common\floorf.c estimated size: 530

C:\Program Files\Microchip\xc8\v2.40\pic\sources\c99\common\flneg.c
		___flneg       		CODE           	3D62	0000	56

C:\Program Files\Microchip\xc8\v2.40\pic\sources\c99\common\flneg.c estimated size: 56

C:\Program Files\Microchip\xc8\v2.40\pic\sources\c99\common\labs.c
		_labs          		CODE           	387A	0000	102

C:\Program Files\Microchip\xc8\v2.40\pic\sources\c99\common\labs.c estimated size: 102

C:\Program Files\Microchip\xc8\v2.40\pic\sources\c99\common\xxtofl.c
		___xxtofl      		CODE           	2C40	0000	436

C:\Program Files\Microchip\xc8\v2.40\pic\sources\c99\common\xxtofl.c estimated size: 436

C:\Program Files\Microchip\xc8\v2.40\pic\sources\c99\common\nf_fputs.c
		_fputs         		CODE           	3C9C	0000	68

C:\Program Files\Microchip\xc8\v2.40\pic\sources\c99\common\nf_fputs.c estimated size: 68

C:\Program Files\Microchip\xc8\v2.40\pic\sources\c99\common\aomod.c
		___aomod       		CODE           	3106	0000	356

C:\Program Files\Microchip\xc8\v2.40\pic\sources\c99\common\aomod.c estimated size: 356

shared
		i2_I2C_2_Master_Stop		CODE           	3FAC	0000	10
		i2_I2C_2_Master_Idle		CODE           	3ECC	0000	40
		i2_clear_int   		CODE           	3F60	0000	22
		__initialization		CODE           	3BC6	0000	66
		i2_I2C_2_Master_Write		CODE           	3F82	0000	12
		i2_I2C_2_Master_Start		CODE           	3FB6	0000	10

shared estimated size: 160

C:\Program Files\Microchip\xc8\v2.40\pic\sources\c99\common\strcpy.c
		_strcpy        		CODE           	3C58	0000	68

C:\Program Files\Microchip\xc8\v2.40\pic\sources\c99\common\strcpy.c estimated size: 68

C:\Program Files\Microchip\xc8\v2.40\pic\sources\c99\common\flge.c
		___flge        		CODE           	348A	0000	260

C:\Program Files\Microchip\xc8\v2.40\pic\sources\c99\common\flge.c estimated size: 260

C:\Program Files\Microchip\xc8\v2.40\pic\sources\c99\common\putch.c
		_putch         		CODE           	3FC4	0000	2

C:\Program Files\Microchip\xc8\v2.40\pic\sources\c99\common\putch.c estimated size: 2

C:\Program Files\Microchip\xc8\v2.40\pic\sources\c99\common\doprnt.c
		_vfpfcnvrt     		CODE           	24AC	0000	774
		_efgtoa        		CODE           	0E2C	0000	2556
		_pad           		CODE           	3800	0000	122
		_dtoa          		CODE           	27B2	0000	636
		_vfprintf      		CODE           	393E	0000	84

C:\Program Files\Microchip\xc8\v2.40\pic\sources\c99\common\doprnt.c estimated size: 4172

main.c
		_main          		CODE           	326A	0000	282

main.c estimated size: 282

C:\Program Files\Microchip\xc8\v2.40\pic\sources\c99\common\aodiv.c
		___aodiv       		CODE           	2F7E	0000	392

C:\Program Files\Microchip\xc8\v2.40\pic\sources\c99\common\aodiv.c estimated size: 392

