Microchip MPLAB XC8 Compiler V2.40

Linker command line:

-W-3 \
  --edf=C:\Program Files\Microchip\xc8\v2.40\pic\dat\20220703182018_en.msgs \
  -cn \
  -h+dist/default/production\final-project-josh-and-edward.X.production.sym \
  --cmf=dist/default/production\final-project-josh-and-edward.X.production.cmf \
  -z -Q18F67K40 -oC:\Users\EDWARD~1\AppData\Local\Temp\xcAsu68.5 \
  --defsym=__MPLAB_BUILD=1 --fixupoverflow=error \
  -Mdist/default/production/final-project-josh-and-edward.X.production.map \
  --md=C:\Users\EDWARD~1\AppData\Local\Temp\xcAsu68.dat -E1 \
  -ver=XC8 Compiler --acfsm=1493 -ACODE=00h-01FFFFh -ACONST=00h-01FFFFh \
  -ASMALLCONST=0E00h-0EFFhx498 -AMEDIUMCONST=0E00h-0FFFFh,010E00h-01FFFFh \
  -ACOMRAM=01h-05Fh -AABS1=00h-0DE9h -ABIGRAM=01h-0DE9h \
  -ARAM=060h-0FFh,0100h-01FFhx12,0D00h-0DE9h -ABANK0=060h-0FFh \
  -ABANK1=0100h-01FFh -ABANK2=0200h-02FFh -ABANK3=0300h-03FFh \
  -ABANK4=0400h-04FFh -ABANK5=0500h-05FFh -ABANK6=0600h-06FFh \
  -ABANK7=0700h-07FFh -ABANK8=0800h-08FFh -ABANK9=0900h-09FFh \
  -ABANK10=0A00h-0AFFh -ABANK11=0B00h-0BFFh -ABANK12=0C00h-0CFFh \
  -ABANK13=0D00h-0DE9h \
  -ASFR=0DEFh-0DFFh,0E00h-0EFFh,0F00h-0F5Fh,0F60h-0FFFh \
  -ABIGSFR=0DEFh-0FFFh -ACONFIG=0300000h-030000Bh -AIDLOC=0200000h-020000Fh \
  -AEEDATA=0310000h-03103FFh -peeprom_data=EEDATA \
  -preset_vec=00h,intcode=08h,intcodelo,powerup,init -pramtop=0E00h \
  -psmallconst=SMALLCONST -pmediumconst=MEDIUMCONST -pconst=CONST \
  -AFARRAM=00h-00h \
  -prdata=COMRAM,nvrram=COMRAM,nvbit=COMRAM,rbss=COMRAM,rbit=COMRAM \
  -pfarbss=FARRAM,fardata=FARRAM,nvFARRAM=FARRAM \
  -pintsave_regs=BIGRAM,bigbss=BIGRAM,bigdata=BIGRAM -pbss=RAM \
  -pidata=CODE,irdata=CODE,ibigdata=CODE,ifardata=CODE -prparam=COMRAM \
  C:\Users\EDWARD~1\AppData\Local\Temp\xcAsu68.o \
  dist/default/production\final-project-josh-and-edward.X.production.o 

Object code version is 3.11

Machine type is 18F67K40



                Name                               Link     Load   Length Selector   Space Scale
C:\Users\EDWARD~1\AppData\Local\Temp\xcAsu68.o
                idloc                            200000   200000       10        0       5
                config                           300000   300000        C        0       4
                init                                  E        E        4        4       0
                reset_vec                             0        0        4        0       0
dist/default/production\final-project-josh-and-edward.X.production.o
                intcode                               8        8        6        4       0
                idloc                            200000   200000       10        0       5
                config                           300000   300000        C        0       4
                temp                                 5F       5F        1        1       1
                smallconst                          E00      E00       50      700       0
                text50                             229C     229C      39A      728       0
                text49                             3698     3698       AA      728       0
                text48                             34CA     34CA      104      728       0
                text47                             1E72     1E72      42A      728       0
                text46                             19B2     19B2      4C0      728       0
                text45                             3F7C     3F7C       46      728       0
                text44                             2BE2     2BE2      1B4      728       0
                text43                             3B12     3B12       74      728       0
                text42                             410A     410A       26      728       0
                text41                             30AC     30AC      16C      728       0
                text40                             3904     3904       96      728       0
                text39                             3A9C     3A9C       76      728       0
                text38                             3C40     3C40       5A      728       0
                text37                             386E     386E       96      728       0
                text36                             3CF2     3CF2       58      728       0
                text35                             37D8     37D8       96      728       0
                text34                             3C9A     3C9A       58      728       0
                text33                              E50      E50      B62      728       0
                text32                             41B4     41B4        2      728       0
                text31                             40B8     40B8       2A      728       0
                text30                             40E2     40E2       28      728       0
                text29                             41A6     41A6        A      728       0
                text28                             419C     419C        A      728       0
                text27                             4186     4186        C      728       0
                text26                             4130     4130       20      728       0
                text25                             3D9C     3D9C       52      728       0
                text24                             2636     2636      32E      728       0
                text23                             3742     3742       96      728       0
                text22                             399A     399A       88      728       0
                text21                             4150     4150       1E      728       0
                text20                             4006     4006       42      728       0
                text19                             4192     4192        A      728       0
                text18                             3EDE     3EDE       50      728       0
                text17                             3E8E     3E8E       50      728       0
                text16                             3E3E     3E3E       50      728       0
                text15                             3DEE     3DEE       50      728       0
                text14                             3B86     3B86       5E      728       0
                text13                             416E     416E       18      728       0
                text12                             4088     4088       30      728       0
                text11                             2F24     2F24      188      728       0
                text10                             3218     3218      164      728       0
                text9                              4048     4048       40      728       0
                text8                              41B2     41B2        2      728       0
                text7                              35CE     35CE       CA      728       0
                text6                              3FC2     3FC2       44      728       0
                text5                              3A22     3A22       7A      728       0
                text4                              2964     2964      27E      728       0
                text3                              337C     337C      14E      728       0
                text2                              3F2E     3F2E       4E      728       0
                text1                              3D4A     3D4A       52      728       0
                text0                              2D96     2D96      18E      728       0
                cstackCOMRAM                          1        1       59        1       1
                cstackBANK0                          60       60       86       60       1
                dataBANK1                           190      190        2      100       1
                bssBANK1                            100      100       90      100       1
                bssBANK0                             E6       E6       19       60       1
                dataCOMRAM                           5E       5E        1        1       1
                bssCOMRAM                            5A       5A        4        1       1
                cinit                              3BE4     3BE4       5C      728       0
                idataBANK1                         41B0     41B0        2      728       0
                idataCOMRAM                        41B6     41B6        1      728       0

TOTAL           Name                               Link     Load   Length     Space
        CLASS   CODE           
                intcode                               8        8        6         0
                init                                  E        E        4         0
                reset_vec                             0        0        4         0
                text50                             229C     229C      39A         0
                text49                             3698     3698       AA         0
                text48                             34CA     34CA      104         0
                text47                             1E72     1E72      42A         0
                text46                             19B2     19B2      4C0         0
                text45                             3F7C     3F7C       46         0
                text44                             2BE2     2BE2      1B4         0
                text43                             3B12     3B12       74         0
                text42                             410A     410A       26         0
                text41                             30AC     30AC      16C         0
                text40                             3904     3904       96         0
                text39                             3A9C     3A9C       76         0
                text38                             3C40     3C40       5A         0
                text37                             386E     386E       96         0
                text36                             3CF2     3CF2       58         0
                text35                             37D8     37D8       96         0
                text34                             3C9A     3C9A       58         0
                text33                              E50      E50      B62         0
                text32                             41B4     41B4        2         0
                text31                             40B8     40B8       2A         0
                text30                             40E2     40E2       28         0
                text29                             41A6     41A6        A         0
                text28                             419C     419C        A         0
                text27                             4186     4186        C         0
                text26                             4130     4130       20         0
                text25                             3D9C     3D9C       52         0
                text24                             2636     2636      32E         0
                text23                             3742     3742       96         0
                text22                             399A     399A       88         0
                text21                             4150     4150       1E         0
                text20                             4006     4006       42         0
                text19                             4192     4192        A         0
                text18                             3EDE     3EDE       50         0
                text17                             3E8E     3E8E       50         0
                text16                             3E3E     3E3E       50         0
                text15                             3DEE     3DEE       50         0
                text14                             3B86     3B86       5E         0
                text13                             416E     416E       18         0
                text12                             4088     4088       30         0
                text11                             2F24     2F24      188         0
                text10                             3218     3218      164         0
                text9                              4048     4048       40         0
                text8                              41B2     41B2        2         0
                text7                              35CE     35CE       CA         0
                text6                              3FC2     3FC2       44         0
                text5                              3A22     3A22       7A         0
                text4                              2964     2964      27E         0
                text3                              337C     337C      14E         0
                text2                              3F2E     3F2E       4E         0
                text1                              3D4A     3D4A       52         0
                text0                              2D96     2D96      18E         0
                cinit                              3BE4     3BE4       5C         0
                idataBANK1                         41B0     41B0        2         0
                idataCOMRAM                        41B6     41B6        1         0

        CLASS   CONST          

        CLASS   SMALLCONST     
                smallconst                          E00      E00       50         0

        CLASS   MEDIUMCONST    

        CLASS   COMRAM         
                temp                                 5F       5F        1         1
                cstackCOMRAM                          1        1       59         1
                dataCOMRAM                           5E       5E        1         1
                bssCOMRAM                            5A       5A        4         1

        CLASS   ABS1           

        CLASS   BIGRAM         

        CLASS   RAM            

        CLASS   BANK0          
                cstackBANK0                          60       60       86         1
                bssBANK0                             E6       E6       19         1

        CLASS   BANK1          
                dataBANK1                           190      190        2         1
                bssBANK1                            100      100       90         1

        CLASS   BANK2          

        CLASS   BANK3          

        CLASS   BANK4          

        CLASS   BANK5          

        CLASS   BANK6          

        CLASS   BANK7          

        CLASS   BANK8          

        CLASS   BANK9          

        CLASS   BANK10         

        CLASS   BANK11         

        CLASS   BANK12         

        CLASS   BANK13         

        CLASS   SFR            

        CLASS   BIGSFR         

        CLASS   CONFIG         
                config                           300000   300000        C         4

        CLASS   IDLOC          
                idloc                            200000   200000       10         5

        CLASS   EEDATA         

        CLASS   FARRAM         

        CLASS   HEAP           

        CLASS   STACK          



SEGMENTS        Name                           Load    Length   Top    Selector   Space  Class

                reset_vec                      000000  000004  000004         0       0  CODE    
                cstackCOMRAM                   000001  00005F  000060         1       1  COMRAM  
                intcode                        000008  00000A  000012         4       0  CODE    
                cstackBANK0                    000060  00009F  0000FF        60       1  BANK0   
                bssBANK1                       000100  000092  000192       100       1  BANK1   
                smallconst                     000E00  000050  000E50       700       0  SMALLCON
                text33                         000E50  003367  0041B7       728       0  CODE    


UNUSED ADDRESS RANGES

        Name                Unused          Largest block    Delta
        BANK0            0000FF-0000FF                1
        BANK1            000192-0001FF               6E
        BANK10           000A00-000AFF              100
        BANK11           000B00-000BFF              100
        BANK12           000C00-000CFF              100
        BANK13           000D00-000DE9               EA
        BANK2            000200-0002FF              100
        BANK3            000300-0003FF              100
        BANK4            000400-0004FF              100
        BANK5            000500-0005FF              100
        BANK6            000600-0006FF              100
        BANK7            000700-0007FF              100
        BANK8            000800-0008FF              100
        BANK9            000900-0009FF              100
        BIGRAM           0000FF-0000FF                1
                         000192-000DE9              C58
        BIGSFR           000DEF-000FFF              211
        CODE             000004-000007                4
                         000012-000DFF              DEE
                         0041B7-01FFFF            1BE49
        CONST            000004-000007                4
                         000012-000DFF              DEE
                         0041B7-01FFFF            1BE49
        EEDATA           310000-3103FF              400
        MEDIUMCONST      0041B7-00FFFF             BE49
                         010E00-01FFFF             F200
        RAM              0000FF-0000FF                1
                         000192-000DE9              100
        SFR              000DEF-000FFF              100
        SMALLCONST       0041B7-01FFFF              100

                                  Symbol Table

?_Colour_decider               cstackCOMRAM 00004B
?___aodiv                      cstackCOMRAM 000001
?___aomod                      cstackCOMRAM 000001
?___fladd                      cstackCOMRAM 000001
?___fldiv                      cstackCOMRAM 000019
?___flmul                      cstackCOMRAM 000032
?___flsub                      cstackCOMRAM 000011
?___lwdiv                      cstackCOMRAM 000007
?___wmul                       cstackCOMRAM 000001
?___xxtofl                     cstackCOMRAM 000001
?_abs                          cstackCOMRAM 000013
?_color_read_Blue              cstackCOMRAM 000005
?_color_read_Green             cstackCOMRAM 000005
?_color_read_Red               cstackCOMRAM 000005
?_color_read_lum               cstackCOMRAM 000005
?_sprintf                      cstackBANK0  000060
?_vfprintf                     cstackCOMRAM 000051
Colour_decider@Cmax            cstackBANK0  000072
Colour_decider@Cmax_i          cstackBANK0  000064
Colour_decider@Cmin            cstackBANK0  000076
Colour_decider@Hue             cstackBANK0  00007C
Colour_decider@RGB_col         cstackBANK0  000066
Colour_decider@i               cstackBANK0  00007A
Colour_decider@rel             cstackCOMRAM 00004D
Colour_decider@vals            cstackCOMRAM 00004B
I2C_2_Master_Read@ack          cstackCOMRAM 000003
I2C_2_Master_Read@tmp          cstackCOMRAM 000004
I2C_2_Master_Write@data_byte   cstackCOMRAM 000002
_ANSELDbits                    (abs)        000EA7
_BAUD4CONbits                  (abs)        000EE9
_CCP1CONbits                   (abs)        000FAB
_CCP2CONbits                   (abs)        000FA7
_CCP3CONbits                   (abs)        000F26
_CCP4CONbits                   (abs)        000F22
_CCPR1H                        (abs)        000FAA
_CCPR2H                        (abs)        000FA6
_CCPR3H                        (abs)        000F25
_CCPR4H                        (abs)        000F21
_CCPTMRS0bits                  (abs)        000FAD
_Colour_decider                text33       000E50
_Colour_decider$2473           cstackBANK0  000060
_DataFlag                      dataCOMRAM   00005E
_EUSART4RXbuf                  bssBANK1     00013C
_EUSART4TXbuf                  bssBANK1     000100
_HighISR                       intcode      000008
_I2C_2_Master_Idle             text30       0040E2
_I2C_2_Master_Init             text31       0040B8
_I2C_2_Master_Read             text20       004006
_I2C_2_Master_RepStart         text19       004192
_I2C_2_Master_Start            text29       0041A6
_I2C_2_Master_Stop             text28       00419C
_I2C_2_Master_Write            text27       004186
_Interrupts_init               text32       0041B4
_LATAbits                      (abs)        000F79
_LATDbits                      (abs)        000F7C
_LATFbits                      (abs)        000F7E
_LATGbits                      (abs)        000F7F
_PIE4bits                      (abs)        000E2D
_PIR4bits                      (abs)        000E37
_RC0PPS                        (abs)        000E62
_RC4REG                        (abs)        000EE3
_RC4STAbits                    (abs)        000EE7
_RC7PPS                        (abs)        000E69
_RD5PPS                        (abs)        000E6F
_RD6PPS                        (abs)        000E70
_RE2PPS                        (abs)        000E74
_RE4PPS                        (abs)        000E76
_RG6PPS                        (abs)        000E88
_RX4PPS                        (abs)        000E15
_RxBufReadCnt                  bssCOMRAM    00005C
_RxBufWriteCnt                 bssCOMRAM    00005D
_SP4BRGH                       (abs)        000EE6
_SP4BRGL                       (abs)        000EE5
_SSP2ADD                       (abs)        000ED6
_SSP2BUF                       (abs)        000ED5
_SSP2CLKPPS                    (abs)        000E1C
_SSP2CON1bits                  (abs)        000ED9
_SSP2CON2                      (abs)        000EDA
_SSP2CON2bits                  (abs)        000EDA
_SSP2DATPPS                    (abs)        000E1D
_SSP2STAT                      (abs)        000ED8
_T2CLKCONbits                  (abs)        000FBF
_T2CONbits                     (abs)        000FBD
_T2HLTbits                     (abs)        000FBE
_T2PR                          (abs)        000FBC
_TRISAbits                     (abs)        000F81
_TRISCbits                     (abs)        000F83
_TRISDbits                     (abs)        000F84
_TRISEbits                     (abs)        000F85
_TRISFbits                     (abs)        000F86
_TRISGbits                     (abs)        000F87
_TX4REG                        (abs)        000EE4
_TX4STAbits                    (abs)        000EE8
_TxBufReadCnt                  bssCOMRAM    00005A
_TxBufWriteCnt                 bssCOMRAM    00005B
__HRAM                         (abs)        000000
__Habs1                        abs1         000000
__Hbank0                       bank0        000000
__Hbank1                       bank1        000000
__Hbank10                      bank10       000000
__Hbank11                      bank11       000000
__Hbank12                      bank12       000000
__Hbank13                      bank13       000000
__Hbank2                       bank2        000000
__Hbank3                       bank3        000000
__Hbank4                       bank4        000000
__Hbank5                       bank5        000000
__Hbank6                       bank6        000000
__Hbank7                       bank7        000000
__Hbank8                       bank8        000000
__Hbank9                       bank9        000000
__Hbigbss                      bigbss       000000
__Hbigdata                     bigdata      000000
__Hbigram                      bigram       000000
__Hbigsfr                      bigsfr       000000
__Hbss                         bss          000000
__HbssBANK0                    bssBANK0     000000
__HbssBANK1                    bssBANK1     000000
__HbssCOMRAM                   bssCOMRAM    000000
__Hcinit                       cinit        000000
__Hclrtext                     clrtext      000000
__Hcomram                      comram       000000
__Hconfig                      config       30000C
__Hconst                       const        000000
__HcstackBANK0                 cstackBANK0  000000
__HcstackCOMRAM                cstackCOMRAM 000000
__Hdata                        data         000000
__HdataBANK1                   dataBANK1    000000
__HdataCOMRAM                  dataCOMRAM   000000
__Heeprom_data                 eeprom_data  000000
__Hfarbss                      farbss       000000
__Hfardata                     fardata      000000
__Hheap                        heap         000000
__Hibigdata                    ibigdata     000000
__Hidata                       idata        000000
__HidataBANK1                  idataBANK1   000000
__HidataCOMRAM                 idataCOMRAM  000000
__Hidloc                       idloc        200010
__Hifardata                    ifardata     000000
__Hinit                        init         000012
__Hintcode                     intcode      00000E
__Hintcode_body                intcode_body 000000
__Hintcodelo                   intcodelo    00000E
__Hintentry                    intentry     000000
__Hintret                      intret       000000
__Hintsave_regs                intsave_regs 000000
__Hirdata                      irdata       000000
__Hmediumconst                 mediumconst  000000
__HnvFARRAM                    nvFARRAM     000000
__Hnvbit                       nvbit        000000
__Hnvrram                      nvrram       000000
__Hparam                       rparam       000000
__Hpowerup                     powerup      00000E
__Hram                         ram          000000
__Hramtop                      ramtop       000E00
__Hrbit                        rbit         000000
__Hrbss                        rbss         000000
__Hrdata                       rdata        000000
__Hreset_vec                   reset_vec    000004
__Hrparam                      rparam       000000
__Hsfr                         sfr          000000
__Hsmallconst                  smallconst   000E50
__Hspace_0                     (abs)        0041B7
__Hspace_1                     (abs)        000192
__Hspace_2                     (abs)        000000
__Hspace_4                     (abs)        60000C
__Hstack                       stack        000000
__Hstruct                      struct       000000
__Htemp                        temp         000060
__Htext                        text         000000
__Htext0                       text0        000000
__Htext1                       text1        000000
__Htext10                      text10       000000
__Htext11                      text11       000000
__Htext12                      text12       000000
__Htext13                      text13       000000
__Htext14                      text14       000000
__Htext15                      text15       000000
__Htext16                      text16       000000
__Htext17                      text17       000000
__Htext18                      text18       000000
__Htext19                      text19       000000
__Htext2                       text2        000000
__Htext20                      text20       000000
__Htext21                      text21       000000
__Htext22                      text22       000000
__Htext23                      text23       000000
__Htext24                      text24       000000
__Htext25                      text25       000000
__Htext26                      text26       000000
__Htext27                      text27       000000
__Htext28                      text28       000000
__Htext29                      text29       000000
__Htext3                       text3        000000
__Htext30                      text30       000000
__Htext31                      text31       000000
__Htext32                      text32       000000
__Htext33                      text33       000000
__Htext34                      text34       000000
__Htext35                      text35       000000
__Htext36                      text36       000000
__Htext37                      text37       000000
__Htext38                      text38       000000
__Htext39                      text39       000000
__Htext4                       text4        000000
__Htext40                      text40       000000
__Htext41                      text41       000000
__Htext42                      text42       000000
__Htext43                      text43       000000
__Htext44                      text44       000000
__Htext45                      text45       000000
__Htext46                      text46       000000
__Htext47                      text47       000000
__Htext48                      text48       000000
__Htext49                      text49       000000
__Htext5                       text5        000000
__Htext50                      text50       000000
__Htext6                       text6        000000
__Htext7                       text7        000000
__Htext8                       text8        000000
__Htext9                       text9        000000
__LRAM                         (abs)        000001
__Labs1                        abs1         000000
__Lbank0                       bank0        000000
__Lbank1                       bank1        000000
__Lbank10                      bank10       000000
__Lbank11                      bank11       000000
__Lbank12                      bank12       000000
__Lbank13                      bank13       000000
__Lbank2                       bank2        000000
__Lbank3                       bank3        000000
__Lbank4                       bank4        000000
__Lbank5                       bank5        000000
__Lbank6                       bank6        000000
__Lbank7                       bank7        000000
__Lbank8                       bank8        000000
__Lbank9                       bank9        000000
__Lbigbss                      bigbss       000000
__Lbigdata                     bigdata      000000
__Lbigram                      bigram       000000
__Lbigsfr                      bigsfr       000000
__Lbss                         bss          000000
__LbssBANK0                    bssBANK0     000000
__LbssBANK1                    bssBANK1     000000
__LbssCOMRAM                   bssCOMRAM    000000
__Lcinit                       cinit        000000
__Lclrtext                     clrtext      000000
__Lcomram                      comram       000000
__Lconfig                      config       000000
__Lconst                       const        000000
__LcstackBANK0                 cstackBANK0  000000
__LcstackCOMRAM                cstackCOMRAM 000000
__Ldata                        data         000000
__LdataBANK1                   dataBANK1    000000
__LdataCOMRAM                  dataCOMRAM   000000
__Leeprom_data                 eeprom_data  000000
__Lfarbss                      farbss       000000
__Lfardata                     fardata      000000
__Lheap                        heap         000000
__Libigdata                    ibigdata     000000
__Lidata                       idata        000000
__LidataBANK1                  idataBANK1   000000
__LidataCOMRAM                 idataCOMRAM  000000
__Lidloc                       idloc        000000
__Lifardata                    ifardata     000000
__Linit                        init         00000E
__Lintcode                     intcode      000008
__Lintcode_body                intcode_body 000000
__Lintcodelo                   intcodelo    00000E
__Lintentry                    intentry     000000
__Lintret                      intret       000000
__Lintsave_regs                intsave_regs 000000
__Lirdata                      irdata       000000
__Lmediumconst                 mediumconst  000000
__LnvFARRAM                    nvFARRAM     000000
__Lnvbit                       nvbit        000000
__Lnvrram                      nvrram       000000
__Lparam                       rparam       000000
__Lpowerup                     powerup      00000E
__Lram                         ram          000000
__Lramtop                      ramtop       000E00
__Lrbit                        rbit         000000
__Lrbss                        rbss         000000
__Lrdata                       rdata        000000
__Lreset_vec                   reset_vec    000000
__Lrparam                      rparam       000000
__Lsfr                         sfr          000000
__Lsmallconst                  smallconst   000E00
__Lspace_0                     (abs)        000000
__Lspace_1                     (abs)        000000
__Lspace_2                     (abs)        000000
__Lspace_4                     (abs)        000000
__Lstack                       stack        000000
__Lstruct                      struct       000000
__Ltemp                        temp         00005F
__Ltext                        text         000000
__Ltext0                       text0        000000
__Ltext1                       text1        000000
__Ltext10                      text10       000000
__Ltext11                      text11       000000
__Ltext12                      text12       000000
__Ltext13                      text13       000000
__Ltext14                      text14       000000
__Ltext15                      text15       000000
__Ltext16                      text16       000000
__Ltext17                      text17       000000
__Ltext18                      text18       000000
__Ltext19                      text19       000000
__Ltext2                       text2        000000
__Ltext20                      text20       000000
__Ltext21                      text21       000000
__Ltext22                      text22       000000
__Ltext23                      text23       000000
__Ltext24                      text24       000000
__Ltext25                      text25       000000
__Ltext26                      text26       000000
__Ltext27                      text27       000000
__Ltext28                      text28       000000
__Ltext29                      text29       000000
__Ltext3                       text3        000000
__Ltext30                      text30       000000
__Ltext31                      text31       000000
__Ltext32                      text32       000000
__Ltext33                      text33       000000
__Ltext34                      text34       000000
__Ltext35                      text35       000000
__Ltext36                      text36       000000
__Ltext37                      text37       000000
__Ltext38                      text38       000000
__Ltext39                      text39       000000
__Ltext4                       text4        000000
__Ltext40                      text40       000000
__Ltext41                      text41       000000
__Ltext42                      text42       000000
__Ltext43                      text43       000000
__Ltext44                      text44       000000
__Ltext45                      text45       000000
__Ltext46                      text46       000000
__Ltext47                      text47       000000
__Ltext48                      text48       000000
__Ltext49                      text49       000000
__Ltext5                       text5        000000
__Ltext50                      text50       000000
__Ltext6                       text6        000000
__Ltext7                       text7        000000
__Ltext8                       text8        000000
__Ltext9                       text9        000000
__S0                           (abs)        0041B7
__S1                           (abs)        000192
__S4                           (abs)        000000
__S5                           (abs)        000000
___aodiv                       text11       002F24
___aodiv@counter               cstackCOMRAM 000011
___aodiv@dividend              cstackCOMRAM 000001
___aodiv@divisor               cstackCOMRAM 000009
___aodiv@quotient              cstackCOMRAM 000013
___aodiv@sign                  cstackCOMRAM 000012
___aomod                       text10       003218
___aomod@counter               cstackCOMRAM 000011
___aomod@dividend              cstackCOMRAM 000001
___aomod@divisor               cstackCOMRAM 000009
___aomod@sign                  cstackCOMRAM 000012
___fladd                       text46       0019B2
___fladd@a                     cstackCOMRAM 000005
___fladd@aexp                  cstackCOMRAM 00000E
___fladd@b                     cstackCOMRAM 000001
___fladd@bexp                  cstackCOMRAM 00000F
___fladd@grs                   cstackCOMRAM 000010
___fladd@signs                 cstackCOMRAM 00000D
___fldiv                       text50       00229C
___fldiv@a                     cstackCOMRAM 00001D
___fldiv@aexp                  cstackCOMRAM 000031
___fldiv@b                     cstackCOMRAM 000019
___fldiv@bexp                  cstackCOMRAM 000030
___fldiv@grs                   cstackCOMRAM 00002C
___fldiv@new_exp               cstackCOMRAM 00002A
___fldiv@rem                   cstackCOMRAM 000025
___fldiv@sign                  cstackCOMRAM 000029
___fleq                        text49       003698
___fleq@ff1                    cstackCOMRAM 000019
___fleq@ff2                    cstackCOMRAM 00001D
___flge                        text48       0034CA
___flge@ff1                    cstackCOMRAM 000001
___flge@ff2                    cstackCOMRAM 000005
___flmul                       text47       001E72
___flmul@a                     cstackCOMRAM 000036
___flmul@aexp                  cstackCOMRAM 000043
___flmul@b                     cstackCOMRAM 000032
___flmul@bexp                  cstackCOMRAM 000044
___flmul@grs                   cstackCOMRAM 00003F
___flmul@prod                  cstackCOMRAM 000045
___flmul@sign                  cstackCOMRAM 00003E
___flmul@temp                  cstackCOMRAM 000049
___flsub                       text45       003F7C
___flsub@a                     cstackCOMRAM 000015
___flsub@b                     cstackCOMRAM 000011
___heap_hi                     (abs)        000000
___heap_lo                     (abs)        000000
___inthi_sp                    stack        000000
___intlo_sp                    stack        000000
___lwdiv                       text43       003B12
___lwdiv@counter               cstackCOMRAM 00000D
___lwdiv@dividend              cstackCOMRAM 000007
___lwdiv@divisor               cstackCOMRAM 000009
___lwdiv@quotient              cstackCOMRAM 00000B
___param_bank                  (abs)        000000
___rparam_used                 (abs)        000001
___sp                          stack        000000
___wmul                        text42       00410A
___wmul@multiplicand           cstackCOMRAM 000003
___wmul@multiplier             cstackCOMRAM 000001
___wmul@product                cstackCOMRAM 000005
___xxtofl                      text44       002BE2
___xxtofl@arg                  cstackCOMRAM 00000B
___xxtofl@exp                  cstackCOMRAM 00000A
___xxtofl@sign                 cstackCOMRAM 000009
___xxtofl@val                  cstackCOMRAM 000001
__accesstop                    (abs)        000060
__activetblptr                 (abs)        000001
__end_of_Colour_decider        text33       0019B2
__end_of_HighISR               intcode      00000E
__end_of_I2C_2_Master_Idle     text30       00410A
__end_of_I2C_2_Master_Init     text31       0040E2
__end_of_I2C_2_Master_Read     text20       004048
__end_of_I2C_2_Master_RepStart text19       00419C
__end_of_I2C_2_Master_Start    text29       0041B0
__end_of_I2C_2_Master_Stop     text28       0041A6
__end_of_I2C_2_Master_Write    text27       004192
__end_of_Interrupts_init       text32       0041B6
__end_of___aodiv               text11       0030AC
__end_of___aomod               text10       00337C
__end_of___fladd               text46       001E72
__end_of___fldiv               text50       002636
__end_of___fleq                text49       003742
__end_of___flge                text48       0035CE
__end_of___flmul               text47       00229C
__end_of___flsub               text45       003FC2
__end_of___lwdiv               text43       003B86
__end_of___wmul                text42       004130
__end_of___xxtofl              text44       002D96
__end_of__initialization       cinit        003C2E
__end_of_abs                   text9        004088
__end_of_color_click_init      text25       003DEE
__end_of_color_read_Blue       text18       003F2E
__end_of_color_read_Green      text17       003EDE
__end_of_color_read_Red        text16       003E8E
__end_of_color_read_lum        text15       003E3E
__end_of_color_writetoaddr     text26       004150
__end_of_colour_rel            text24       002964
__end_of_dtoa                  text4        002BE2
__end_of_fputc                 text7        003698
__end_of_fputs                 text6        004006
__end_of_fullSpeedAhead        text23       0037D8
__end_of_fullSpeedBack         text40       00399A
__end_of_initDCmotorsPWM       text22       003A22
__end_of_initUSART4            text21       00416E
__end_of_main                  text0        002F24
__end_of_pad                   text5        003A9C
__end_of_putch                 text8        0041B4
__end_of_readColours           text14       003BE4
__end_of_reverseDetect         text38       003C9A
__end_of_sendCharSerial4       text13       004186
__end_of_sendStringSerial4     text12       0040B8
__end_of_setMotorPWM           text41       003218
__end_of_sprintf               text1        003D9C
__end_of_stop                  text39       003B12
__end_of_turnLeft              text37       003904
__end_of_turnLeft45            text36       003D4A
__end_of_turnRight             text35       00386E
__end_of_turnRight45           text34       003CF2
__end_of_vfpfcnvrt             text3        0034CA
__end_of_vfprintf              text2        003F7C
__initialization               cinit        003BE4
__mediumconst                  mediumconst  000000
__pbssBANK0                    bssBANK0     0000E6
__pbssBANK1                    bssBANK1     000100
__pbssCOMRAM                   bssCOMRAM    00005A
__pcinit                       cinit        003BE4
__pcstackBANK0                 cstackBANK0  000060
__pcstackCOMRAM                cstackCOMRAM 000001
__pdataBANK1                   dataBANK1    000190
__pdataCOMRAM                  dataCOMRAM   00005E
__pidataBANK1                  idataBANK1   0041B0
__pidataCOMRAM                 idataCOMRAM  0041B6
__pintcode                     intcode      000008
__psmallconst                  smallconst   000E00
__ptext0                       text0        002D96
__ptext1                       text1        003D4A
__ptext10                      text10       003218
__ptext11                      text11       002F24
__ptext12                      text12       004088
__ptext13                      text13       00416E
__ptext14                      text14       003B86
__ptext15                      text15       003DEE
__ptext16                      text16       003E3E
__ptext17                      text17       003E8E
__ptext18                      text18       003EDE
__ptext19                      text19       004192
__ptext2                       text2        003F2E
__ptext20                      text20       004006
__ptext21                      text21       004150
__ptext22                      text22       00399A
__ptext23                      text23       003742
__ptext24                      text24       002636
__ptext25                      text25       003D9C
__ptext26                      text26       004130
__ptext27                      text27       004186
__ptext28                      text28       00419C
__ptext29                      text29       0041A6
__ptext3                       text3        00337C
__ptext30                      text30       0040E2
__ptext31                      text31       0040B8
__ptext32                      text32       0041B4
__ptext33                      text33       000E50
__ptext34                      text34       003C9A
__ptext35                      text35       0037D8
__ptext36                      text36       003CF2
__ptext37                      text37       00386E
__ptext38                      text38       003C40
__ptext39                      text39       003A9C
__ptext4                       text4        002964
__ptext40                      text40       003904
__ptext41                      text41       0030AC
__ptext42                      text42       00410A
__ptext43                      text43       003B12
__ptext44                      text44       002BE2
__ptext45                      text45       003F7C
__ptext46                      text46       0019B2
__ptext47                      text47       001E72
__ptext48                      text48       0034CA
__ptext49                      text49       003698
__ptext5                       text5        003A22
__ptext50                      text50       00229C
__ptext6                       text6        003FC2
__ptext7                       text7        0035CE
__ptext8                       text8        0041B2
__ptext9                       text9        004048
__ramtop                       ramtop       000E00
__smallconst                   smallconst   000E00
_abs                           text9        004048
_color_click_init              text25       003D9C
_color_read_Blue               text18       003EDE
_color_read_Green              text17       003E8E
_color_read_Red                text16       003E3E
_color_read_lum                text15       003DEE
_color_writetoaddr             text26       004130
_colour_rel                    text24       002636
_colour_rel$2471               cstackCOMRAM 00003A
_colour_rel$2472               cstackCOMRAM 00003E
_dbuf                          bssBANK1     00015C
_dtoa                          text4        002964
_dtoa$2168                     cstackCOMRAM 00002E
_flags                         bssBANK0     0000EC
_fputc                         text7        0035CE
_fputs                         text6        003FC2
_fullSpeedAhead                text23       003742
_fullSpeedBack                 text40       003904
_high_threshold                dataBANK1    000190
_initDCmotorsPWM               text22       00399A
_initUSART4                    text21       004150
_low_threshold                 bssBANK0     0000EA
_main                          text0        002D96
_motorL                        bssBANK0     0000F6
_motorR                        bssBANK0     0000ED
_pad                           text5        003A22
_prec                          bssBANK0     0000E8
_putch                         text8        0041B2
_readColours                   text14       003B86
_rel                           bssBANK1     00017C
_reverseDetect                 text38       003C40
_sendCharSerial4               text13       00416E
_sendStringSerial4             text12       004088
_setMotorPWM                   text41       0030AC
_sprintf                       text1        003D4A
_stop                          text39       003A9C
_turnLeft                      text37       00386E
_turnLeft45                    text36       003CF2
_turnRight                     text35       0037D8
_turnRight45                   text34       003C9A
_vals                          bssBANK1     000188
_vfpfcnvrt                     text3        00337C
_vfprintf                      text2        003F2E
_width                         bssBANK0     0000E6
abs@a                          cstackCOMRAM 000013
btemp                          temp         00005F
color_read_Blue@tmp            cstackCOMRAM 00000A
color_read_Green@tmp           cstackCOMRAM 00000A
color_read_Red@tmp             cstackCOMRAM 00000A
color_read_lum@tmp             cstackCOMRAM 00000A
color_writetoaddr@address      cstackCOMRAM 000004
color_writetoaddr@value        cstackCOMRAM 000003
colour_rel@B                   cstackCOMRAM 00004A
colour_rel@G                   cstackCOMRAM 000046
colour_rel@L                   cstackCOMRAM 000036
colour_rel@R                   cstackCOMRAM 000042
colour_rel@rel                 cstackCOMRAM 000034
colour_rel@vals                cstackCOMRAM 000032
dtoa@d                         cstackCOMRAM 00001E
dtoa@fp                        cstackCOMRAM 00001C
dtoa@i                         cstackCOMRAM 00003C
dtoa@n                         cstackCOMRAM 000034
dtoa@p                         cstackCOMRAM 000030
dtoa@s                         cstackCOMRAM 00003E
dtoa@w                         cstackCOMRAM 000032
end_of_initialization          cinit        003C2E
fputc@c                        cstackCOMRAM 000001
fputc@fp                       cstackCOMRAM 000003
fputs@c                        cstackCOMRAM 00000E
fputs@fp                       cstackCOMRAM 00000C
fputs@i                        cstackCOMRAM 00000F
fputs@s                        cstackCOMRAM 00000A
fullSpeedAhead@mL              cstackCOMRAM 000014
fullSpeedAhead@mR              cstackCOMRAM 000016
fullSpeedBack@mL               cstackCOMRAM 000014
fullSpeedBack@mR               cstackCOMRAM 000016
initDCmotorsPWM@PWMperiod      cstackCOMRAM 000001
int$flags                      temp         00005F
intlevel0                      text         000000
intlevel1                      text         000000
intlevel2                      text         000000
intlevel3                      text         000000
isa$std                        (abs)        000001
isa$xinst                      (abs)        000000
main@buf                       cstackBANK0  000080
main@colour                    cstackBANK0  0000E4
pad@buf                        cstackCOMRAM 000013
pad@fp                         cstackCOMRAM 000011
pad@i                          cstackCOMRAM 000018
pad@p                          cstackCOMRAM 000015
pad@w                          cstackCOMRAM 00001A
readColours@vals               cstackCOMRAM 00000C
reverseDetect@mL               cstackCOMRAM 000019
reverseDetect@mR               cstackCOMRAM 00001B
sendCharSerial4@charToSend     cstackCOMRAM 000001
sendStringSerial4@string       cstackCOMRAM 000002
setMotorPWM@m                  cstackCOMRAM 00000E
setMotorPWM@negDuty            cstackCOMRAM 000013
setMotorPWM@posDuty            cstackCOMRAM 000012
sprintf@ap                     cstackBANK0  00006E
sprintf@f                      cstackBANK0  000070
sprintf@fmt                    cstackBANK0  000062
sprintf@s                      cstackBANK0  000060
stackhi                        (abs)        000000
stacklo                        (abs)        000000
start                          init         00000E
start_initialization           cinit        003BE4
stop@mL                        cstackCOMRAM 000014
stop@mR                        cstackCOMRAM 000016
ttemp5                         temp         000060
ttemp6                         temp         000063
ttemp7                         temp         000067
turnLeft45@mL                  cstackCOMRAM 000019
turnLeft45@mR                  cstackCOMRAM 00001B
turnLeft@mL                    cstackCOMRAM 000014
turnLeft@mR                    cstackCOMRAM 000016
turnRight45@mL                 cstackCOMRAM 000019
turnRight45@mR                 cstackCOMRAM 00001B
turnRight@mL                   cstackCOMRAM 000014
turnRight@mR                   cstackCOMRAM 000016
vfpfcnvrt@ap                   cstackCOMRAM 000043
vfpfcnvrt@convarg              cstackCOMRAM 000047
vfpfcnvrt@cp                   cstackCOMRAM 00004F
vfpfcnvrt@fmt                  cstackCOMRAM 000041
vfpfcnvrt@fp                   cstackCOMRAM 00003F
vfprintf@ap                    cstackCOMRAM 000055
vfprintf@cfmt                  cstackCOMRAM 000057
vfprintf@fmt                   cstackCOMRAM 000053
vfprintf@fp                    cstackCOMRAM 000051
wtemp8                         temp         000060


MODULE INFORMATION

Module		Function		Class		Link	Load	Size
C:\Program Files\Microchip\xc8\v2.40\pic\sources\c99\common\sprcmul.c
		___flmul       		CODE           	1E72	0000	1066

C:\Program Files\Microchip\xc8\v2.40\pic\sources\c99\common\sprcmul.c estimated size: 1066

C:\Program Files\Microchip\xc8\v2.40\pic\sources\c99\common\nf_fputc.c
		_fputc         		CODE           	35CE	0000	202

C:\Program Files\Microchip\xc8\v2.40\pic\sources\c99\common\nf_fputc.c estimated size: 202

serial.c
		_sendStringSerial4		CODE           	4088	0000	48
		_sendCharSerial4		CODE           	416E	0000	24
		_initUSART4    		CODE           	4150	0000	30

serial.c estimated size: 102

C:\Program Files\Microchip\xc8\v2.40\pic\sources\c99\common\sprcdiv.c
		___fldiv       		CODE           	229C	0000	922

C:\Program Files\Microchip\xc8\v2.40\pic\sources\c99\common\sprcdiv.c estimated size: 922

C:\Program Files\Microchip\xc8\v2.40\pic\sources\c99\common\nf_sprintf.c
		_sprintf       		CODE           	3D4A	0000	82

C:\Program Files\Microchip\xc8\v2.40\pic\sources\c99\common\nf_sprintf.c estimated size: 82

C:\Program Files\Microchip\xc8\v2.40\pic\sources\c99\common\lwdiv.c
		___lwdiv       		CODE           	3B12	0000	116

C:\Program Files\Microchip\xc8\v2.40\pic\sources\c99\common\lwdiv.c estimated size: 116

color.c
		_color_writetoaddr		CODE           	4130	0000	32
		_readColours   		CODE           	3B86	0000	94
		_color_click_init		CODE           	3D9C	0000	82
		_Colour_decider		CODE           	0E50	0000	2914
		_colour_rel    		CODE           	2636	0000	814
		_color_read_Green		CODE           	3E8E	0000	80
		_color_read_Red		CODE           	3E3E	0000	80
		_color_read_lum		CODE           	3DEE	0000	80
		_color_read_Blue		CODE           	3EDE	0000	80

color.c estimated size: 4256

C:\Program Files\Microchip\xc8\v2.40\pic\sources\c99\common\Umul16.c
		___wmul        		CODE           	410A	0000	38

C:\Program Files\Microchip\xc8\v2.40\pic\sources\c99\common\Umul16.c estimated size: 38

C:\Program Files\Microchip\xc8\v2.40\pic\sources\c99\common\fleq.c
		___fleq        		CODE           	3698	0000	170

C:\Program Files\Microchip\xc8\v2.40\pic\sources\c99\common\fleq.c estimated size: 170

dc_motor.c
		_reverseDetect 		CODE           	3C40	0000	90
		_fullSpeedBack 		CODE           	3904	0000	150
		_fullSpeedAhead		CODE           	3742	0000	150
		_turnLeft      		CODE           	386E	0000	150
		_turnLeft45    		CODE           	3CF2	0000	88
		_stop          		CODE           	3A9C	0000	118
		_initDCmotorsPWM		CODE           	399A	0000	136
		_turnRight     		CODE           	37D8	0000	150
		_turnRight45   		CODE           	3C9A	0000	88
		_setMotorPWM   		CODE           	30AC	0000	364

dc_motor.c estimated size: 1484

interrupts.c
		_Interrupts_init		CODE           	41B4	0000	2
		_HighISR       		CODE           	0008	0000	6

interrupts.c estimated size: 8

C:\Program Files\Microchip\xc8\v2.40\pic\sources\c99\common\abs.c
		_abs           		CODE           	4048	0000	64

C:\Program Files\Microchip\xc8\v2.40\pic\sources\c99\common\abs.c estimated size: 64

i2c.c
		_I2C_2_Master_Start		CODE           	41A6	0000	10
		_I2C_2_Master_Read		CODE           	4006	0000	66
		_I2C_2_Master_Idle		CODE           	40E2	0000	40
		_I2C_2_Master_Init		CODE           	40B8	0000	42
		_I2C_2_Master_Stop		CODE           	419C	0000	10
		_I2C_2_Master_RepStart		CODE           	4192	0000	10
		_I2C_2_Master_Write		CODE           	4186	0000	12

i2c.c estimated size: 190

C:\Program Files\Microchip\xc8\v2.40\pic\sources\c99\common\sprcadd.c
		___flsub       		CODE           	3F7C	0000	70
		___fladd       		CODE           	19B2	0000	1216

C:\Program Files\Microchip\xc8\v2.40\pic\sources\c99\common\sprcadd.c estimated size: 1286

C:\Program Files\Microchip\xc8\v2.40\pic\sources\c99\common\xxtofl.c
		___xxtofl      		CODE           	2BE2	0000	436

C:\Program Files\Microchip\xc8\v2.40\pic\sources\c99\common\xxtofl.c estimated size: 436

C:\Program Files\Microchip\xc8\v2.40\pic\sources\c99\common\nf_fputs.c
		_fputs         		CODE           	3FC2	0000	68

C:\Program Files\Microchip\xc8\v2.40\pic\sources\c99\common\nf_fputs.c estimated size: 68

C:\Program Files\Microchip\xc8\v2.40\pic\sources\c99\common\aomod.c
		___aomod       		CODE           	3218	0000	356

C:\Program Files\Microchip\xc8\v2.40\pic\sources\c99\common\aomod.c estimated size: 356

shared
		__initialization		CODE           	3BE4	0000	74

shared estimated size: 74

C:\Program Files\Microchip\xc8\v2.40\pic\sources\c99\common\flge.c
		___flge        		CODE           	34CA	0000	260

C:\Program Files\Microchip\xc8\v2.40\pic\sources\c99\common\flge.c estimated size: 260

C:\Program Files\Microchip\xc8\v2.40\pic\sources\c99\common\putch.c
		_putch         		CODE           	41B2	0000	2

C:\Program Files\Microchip\xc8\v2.40\pic\sources\c99\common\putch.c estimated size: 2

C:\Program Files\Microchip\xc8\v2.40\pic\sources\c99\common\doprnt.c
		_vfpfcnvrt     		CODE           	337C	0000	334
		_pad           		CODE           	3A22	0000	122
		_dtoa          		CODE           	2964	0000	638
		_vfprintf      		CODE           	3F2E	0000	78

C:\Program Files\Microchip\xc8\v2.40\pic\sources\c99\common\doprnt.c estimated size: 1172

main.c
		_main          		CODE           	2D96	0000	398

main.c estimated size: 398

C:\Program Files\Microchip\xc8\v2.40\pic\sources\c99\common\aodiv.c
		___aodiv       		CODE           	2F24	0000	392

C:\Program Files\Microchip\xc8\v2.40\pic\sources\c99\common\aodiv.c estimated size: 392

