Microchip MPLAB XC8 Compiler V2.40

Linker command line:

-W-3 \
  --edf=C:\Program Files\Microchip\xc8\v2.40\pic\dat\20220703182018_en.msgs \
  -cn \
  -h+dist/default/production\final-project-josh-and-edward.X.production.sym \
  --cmf=dist/default/production\final-project-josh-and-edward.X.production.cmf \
  -z -Q18F67K40 -oC:\Users\EDWARD~1\AppData\Local\Temp\xcAs1gik.4 \
  --defsym=__MPLAB_BUILD=1 --fixupoverflow=error \
  -Mdist/default/production/final-project-josh-and-edward.X.production.map \
  --md=C:\Users\EDWARD~1\AppData\Local\Temp\xcAs1gik.dat -E1 \
  -ver=XC8 Compiler --acfsm=1493 -ACODE=00h-01FFFFh -ACONST=00h-01FFFFh \
  -ASMALLCONST=0E00h-0EFFhx498 -AMEDIUMCONST=0E00h-0FFFFh,010E00h-01FFFFh \
  -ACOMRAM=01h-05Fh -AABS1=00h-0DE9h -ABIGRAM=01h-0DE9h \
  -ARAM=060h-0FFh,0100h-01FFhx12,0D00h-0DE9h -ABANK0=060h-0FFh \
  -ABANK1=0100h-01FFh -ABANK2=0200h-02FFh -ABANK3=0300h-03FFh \
  -ABANK4=0400h-04FFh -ABANK5=0500h-05FFh -ABANK6=0600h-06FFh \
  -ABANK7=0700h-07FFh -ABANK8=0800h-08FFh -ABANK9=0900h-09FFh \
  -ABANK10=0A00h-0AFFh -ABANK11=0B00h-0BFFh -ABANK12=0C00h-0CFFh \
  -ABANK13=0D00h-0DE9h \
  -ASFR=0DEFh-0DFFh,0E00h-0EFFh,0F00h-0F5Fh,0F60h-0FFFh \
  -ABIGSFR=0DEFh-0FFFh -ACONFIG=0300000h-030000Bh -AIDLOC=0200000h-020000Fh \
  -AEEDATA=0310000h-03103FFh -peeprom_data=EEDATA \
  -preset_vec=00h,intcode=08h,intcodelo,powerup,init -pramtop=0E00h \
  -psmallconst=SMALLCONST -pmediumconst=MEDIUMCONST -pconst=CONST \
  -AFARRAM=00h-00h \
  -prdata=COMRAM,nvrram=COMRAM,nvbit=COMRAM,rbss=COMRAM,rbit=COMRAM \
  -pfarbss=FARRAM,fardata=FARRAM,nvFARRAM=FARRAM \
  -pintsave_regs=BIGRAM,bigbss=BIGRAM,bigdata=BIGRAM -pbss=RAM \
  -pidata=CODE,irdata=CODE,ibigdata=CODE,ifardata=CODE -prparam=COMRAM \
  C:\Users\EDWARD~1\AppData\Local\Temp\xcAs1gik.o \
  dist/default/production\final-project-josh-and-edward.X.production.o 

Object code version is 3.11

Machine type is 18F67K40



                Name                               Link     Load   Length Selector   Space Scale
C:\Users\EDWARD~1\AppData\Local\Temp\xcAs1gik.o
                idloc                            200000   200000       10        0       5
                config                           300000   300000        C        0       4
                init                                 34       34        4        4       0
                reset_vec                             0        0        4        0       0
dist/default/production\final-project-josh-and-edward.X.production.o
                intcode                               8        8       2C        4       0
                idloc                            200000   200000       10        0       5
                config                           300000   300000        C        0       4
                temp                                 5F       5F        1        1       1
                smallconst                          E00      E00       3E      700       0
                text82                             60E0     60E0        C      71F       0
                text81                             5468     5468       74      71F       0
                text80                             602C     602C       26      71F       0
                text79                             465C     465C      16C      71F       0
                text78                             524A     524A       9E      71F       0
                text77                             5370     5370       7E      71F       0
                text76                             579A     579A       5A      71F       0
                text75                             60D4     60D4        C      71F       0
                text74                             6006     6006       26      71F       0
                text73                             6072     6072       20      71F       0
                text72                             5FB4     5FB4       2A      71F       0
                text71                             5FDE     5FDE       28      71F       0
                text70                             6100     6100        A      71F       0
                text69                             60F6     60F6        A      71F       0
                text68                             60C8     60C8        C      71F       0
                text67                             6052     6052       20      71F       0
                text66                             5A94     5A94       52      71F       0
                text65                             51AC     51AC       9E      71F       0
                text64                             5740     5740       5A      71F       0
                text63                             584C     584C       58      71F       0
                text62                             5F4E     5F4E       36      71F       0
                text61                             510E     510E       9E      71F       0
                text60                             5CC4     5CC4       4E      71F       0
                text59                             5A42     5A42       52      71F       0
                text58                             554A     554A       6A      71F       0
                text57                             5070     5070       9E      71F       0
                text56                             5C76     5C76       4E      71F       0
                text55                             59F0     59F0       52      71F       0
                text54                             561A     561A       66      71F       0
                text53                             5EA0     5EA0       3E      71F       0
                text52                             599E     599E       52      71F       0
                text51                             594C     594C       52      71F       0
                text50                             5E62     5E62       3E      71F       0
                text49                             57F4     57F4       58      71F       0
                text48                             4DB4     4DB4       B6      71F       0
                text47                             4CFE     4CFE       B6      71F       0
                text46                             5F16     5F16       38      71F       0
                text45                             4FC6     4FC6       AA      71F       0
                text44                             3550     3550      2E0      71F       0
                text43                             3AAE     3AAE      278      71F       0
                text42                             2B82     2B82      39A      71F       0
                text41                             4F1C     4F1C       AA      71F       0
                text40                             4A32     4A32      104      71F       0
                text39                             2758     2758      42A      71F       0
                text38                             2298     2298      4C0      71F       0
                text37                             5D12     5D12       46      71F       0
                text36                             4174     4174      1B4      71F       0
                text35                              E3E      E3E      A60      71F       0
                text34                             2F1C     2F1C      32E      71F       0
                text33                             5DE0     5DE0       42      71F       0
                text32                             60EC     60EC        A      71F       0
                text31                             5C26     5C26       50      71F       0
                text30                             5BD6     5BD6       50      71F       0
                text29                             5B86     5B86       50      71F       0
                text28                             5B36     5B36       50      71F       0
                text27                             56E2     56E2       5E      71F       0
                text26                             4E6A     4E6A       B2      71F       0
                text25                             5680     5680       62      71F       0
                text24                             52E8     52E8       88      71F       0
                text23                             6092     6092       1E      71F       0
                text22                             60B0     60B0       18      71F       0
                text21                             5F84     5F84       30      71F       0
                text20                             44D4     44D4      188      71F       0
                text19                             47C8     47C8      164      71F       0
                text18                             5E22     5E22       40      71F       0
                text17                             6114     6114        2      71F       0
                text16                             4C34     4C34       CA      71F       0
                text15                             5D9C     5D9C       44      71F       0
                text14                             53EE     53EE       7A      71F       0
                text13                             3830     3830      27E      71F       0
                text12                             5EDE     5EDE       38      71F       0
                text11                             492C     492C      106      71F       0
                text10                             4B36     4B36       FE      71F       0
                text9                              3F62     3F62      212      71F       0
                text8                              55B4     55B4       66      71F       0
                text7                              5AE6     5AE6       50      71F       0
                text6                              5D58     5D58       44      71F       0
                text5                              189E     189E      9FA      71F       0
                text4                              324A     324A      306      71F       0
                text3                              58A4     58A4       56      71F       0
                text2                              58FA     58FA       52      71F       0
                text1                              4328     4328      1AC      71F       0
                text0                              3D26     3D26      23C      71F       0
                cstackCOMRAM                          1        1       5E        1       1
                cstackBANK0                          60       60       73       60       1
                cstackBANK1                         16E      16E       66      100       1
                bssBANK2                            200      200       F0      200       1
                dataBANK1                           1D4      1D4        4      100       1
                bssBANK1                            100      100       6E      100       1
                dataBANK0                            F6       F6        6       60       1
                bssBANK0                             D3       D3       23       60       1
                cinit                              54DC     54DC       6E      71F       0
                idataBANK1                         6110     6110        4      71F       0
                idataBANK0                         610A     610A        6      71F       0

TOTAL           Name                               Link     Load   Length     Space
        CLASS   CODE           
                intcode                               8        8       2C         0
                init                                 34       34        4         0
                reset_vec                             0        0        4         0
                text82                             60E0     60E0        C         0
                text81                             5468     5468       74         0
                text80                             602C     602C       26         0
                text79                             465C     465C      16C         0
                text78                             524A     524A       9E         0
                text77                             5370     5370       7E         0
                text76                             579A     579A       5A         0
                text75                             60D4     60D4        C         0
                text74                             6006     6006       26         0
                text73                             6072     6072       20         0
                text72                             5FB4     5FB4       2A         0
                text71                             5FDE     5FDE       28         0
                text70                             6100     6100        A         0
                text69                             60F6     60F6        A         0
                text68                             60C8     60C8        C         0
                text67                             6052     6052       20         0
                text66                             5A94     5A94       52         0
                text65                             51AC     51AC       9E         0
                text64                             5740     5740       5A         0
                text63                             584C     584C       58         0
                text62                             5F4E     5F4E       36         0
                text61                             510E     510E       9E         0
                text60                             5CC4     5CC4       4E         0
                text59                             5A42     5A42       52         0
                text58                             554A     554A       6A         0
                text57                             5070     5070       9E         0
                text56                             5C76     5C76       4E         0
                text55                             59F0     59F0       52         0
                text54                             561A     561A       66         0
                text53                             5EA0     5EA0       3E         0
                text52                             599E     599E       52         0
                text51                             594C     594C       52         0
                text50                             5E62     5E62       3E         0
                text49                             57F4     57F4       58         0
                text48                             4DB4     4DB4       B6         0
                text47                             4CFE     4CFE       B6         0
                text46                             5F16     5F16       38         0
                text45                             4FC6     4FC6       AA         0
                text44                             3550     3550      2E0         0
                text43                             3AAE     3AAE      278         0
                text42                             2B82     2B82      39A         0
                text41                             4F1C     4F1C       AA         0
                text40                             4A32     4A32      104         0
                text39                             2758     2758      42A         0
                text38                             2298     2298      4C0         0
                text37                             5D12     5D12       46         0
                text36                             4174     4174      1B4         0
                text35                              E3E      E3E      A60         0
                text34                             2F1C     2F1C      32E         0
                text33                             5DE0     5DE0       42         0
                text32                             60EC     60EC        A         0
                text31                             5C26     5C26       50         0
                text30                             5BD6     5BD6       50         0
                text29                             5B86     5B86       50         0
                text28                             5B36     5B36       50         0
                text27                             56E2     56E2       5E         0
                text26                             4E6A     4E6A       B2         0
                text25                             5680     5680       62         0
                text24                             52E8     52E8       88         0
                text23                             6092     6092       1E         0
                text22                             60B0     60B0       18         0
                text21                             5F84     5F84       30         0
                text20                             44D4     44D4      188         0
                text19                             47C8     47C8      164         0
                text18                             5E22     5E22       40         0
                text17                             6114     6114        2         0
                text16                             4C34     4C34       CA         0
                text15                             5D9C     5D9C       44         0
                text14                             53EE     53EE       7A         0
                text13                             3830     3830      27E         0
                text12                             5EDE     5EDE       38         0
                text11                             492C     492C      106         0
                text10                             4B36     4B36       FE         0
                text9                              3F62     3F62      212         0
                text8                              55B4     55B4       66         0
                text7                              5AE6     5AE6       50         0
                text6                              5D58     5D58       44         0
                text5                              189E     189E      9FA         0
                text4                              324A     324A      306         0
                text3                              58A4     58A4       56         0
                text2                              58FA     58FA       52         0
                text1                              4328     4328      1AC         0
                text0                              3D26     3D26      23C         0
                cinit                              54DC     54DC       6E         0
                idataBANK1                         6110     6110        4         0
                idataBANK0                         610A     610A        6         0

        CLASS   CONST          

        CLASS   SMALLCONST     
                smallconst                          E00      E00       3E         0

        CLASS   MEDIUMCONST    

        CLASS   COMRAM         
                temp                                 5F       5F        1         1
                cstackCOMRAM                          1        1       5E         1

        CLASS   ABS1           

        CLASS   BIGRAM         

        CLASS   RAM            

        CLASS   BANK0          
                cstackBANK0                          60       60       73         1
                dataBANK0                            F6       F6        6         1
                bssBANK0                             D3       D3       23         1

        CLASS   BANK1          
                cstackBANK1                         16E      16E       66         1
                dataBANK1                           1D4      1D4        4         1
                bssBANK1                            100      100       6E         1

        CLASS   BANK2          
                bssBANK2                            200      200       F0         1

        CLASS   BANK3          

        CLASS   BANK4          

        CLASS   BANK5          

        CLASS   BANK6          

        CLASS   BANK7          

        CLASS   BANK8          

        CLASS   BANK9          

        CLASS   BANK10         

        CLASS   BANK11         

        CLASS   BANK12         

        CLASS   BANK13         

        CLASS   SFR            

        CLASS   BIGSFR         

        CLASS   CONFIG         
                config                           300000   300000        C         4

        CLASS   IDLOC          
                idloc                            200000   200000       10         5

        CLASS   EEDATA         

        CLASS   FARRAM         

        CLASS   HEAP           

        CLASS   STACK          



SEGMENTS        Name                           Load    Length   Top    Selector   Space  Class

                reset_vec                      000000  000004  000004         0       0  CODE    
                cstackCOMRAM                   000001  00005F  000060         1       1  COMRAM  
                intcode                        000008  000030  000038         4       0  CODE    
                cstackBANK0                    000060  00009C  0000FC        60       1  BANK0   
                bssBANK1                       000100  0000D8  0001D8       100       1  BANK1   
                bssBANK2                       000200  0000F0  0002F0       200       1  BANK2   
                smallconst                     000E00  00003E  000E3E       700       0  SMALLCON
                text35                         000E3E  0052D8  006116       71F       0  CODE    


UNUSED ADDRESS RANGES

        Name                Unused          Largest block    Delta
        BANK0            0000FC-0000FF                4
        BANK1            0001D8-0001FF               28
        BANK10           000A00-000AFF              100
        BANK11           000B00-000BFF              100
        BANK12           000C00-000CFF              100
        BANK13           000D00-000DE9               EA
        BANK2            0002F0-0002FF               10
        BANK3            000300-0003FF              100
        BANK4            000400-0004FF              100
        BANK5            000500-0005FF              100
        BANK6            000600-0006FF              100
        BANK7            000700-0007FF              100
        BANK8            000800-0008FF              100
        BANK9            000900-0009FF              100
        BIGRAM           0000FC-0000FF                4
                         0001D8-0001FF               28
                         0002F0-000DE9              AFA
        BIGSFR           000DEF-000FFF              211
        CODE             000004-000007                4
                         000038-000DFF              DC8
                         006116-01FFFF            19EEA
        CONST            000004-000007                4
                         000038-000DFF              DC8
                         006116-01FFFF            19EEA
        EEDATA           310000-3103FF              400
        MEDIUMCONST      006116-00FFFF             9EEA
                         010E00-01FFFF             F200
        RAM              0000FC-0000FF                4
                         0001D8-0001FF               28
                         0002F0-000DE9              100
        SFR              000DEF-000FFF              100
        SMALLCONST       006116-01FFFF              100

                                  Symbol Table

?_Colour_decider               cstackCOMRAM 00004B
?___aodiv                      cstackCOMRAM 000001
?___aomod                      cstackCOMRAM 000001
?___fladd                      cstackCOMRAM 000001
?___fldiv                      cstackCOMRAM 000032
?___flmul                      cstackCOMRAM 000011
?___flneg                      cstackCOMRAM 000001
?___flsub                      cstackCOMRAM 00002A
?___fltol                      cstackCOMRAM 000001
?___fpclassifyf                cstackCOMRAM 000001
?___lwdiv                      cstackCOMRAM 000007
?___wmul                       cstackCOMRAM 000001
?___xxtofl                     cstackCOMRAM 000001
?_abs                          cstackCOMRAM 000013
?_color_read_Blue              cstackCOMRAM 000005
?_color_read_Green             cstackCOMRAM 000005
?_color_read_Red               cstackCOMRAM 000005
?_color_read_lum               cstackCOMRAM 000005
?_consecutive_read             cstackCOMRAM 000051
?_floorf                       cstackCOMRAM 00004B
?_labs                         cstackCOMRAM 000001
?_sprintf                      cstackBANK0  0000B0
?_vfprintf                     cstackBANK0  0000A8
BlueMove@mL                    cstackCOMRAM 000020
BlueMove@mR                    cstackCOMRAM 000022
Colour_decider@Cmax            cstackBANK0  000072
Colour_decider@Cmax_i          cstackBANK0  000064
Colour_decider@Cmin            cstackBANK0  000076
Colour_decider@Hue             cstackBANK0  00007C
Colour_decider@RGB_col         cstackBANK0  000066
Colour_decider@i               cstackBANK0  00007A
Colour_decider@rel             cstackCOMRAM 00004D
Colour_decider@vals            cstackCOMRAM 00004B
ForwardOneBlock@mL             cstackCOMRAM 00001A
ForwardOneBlock@mR             cstackCOMRAM 00001C
Forwardhalfblock@mL            cstackCOMRAM 00001A
Forwardhalfblock@mR            cstackCOMRAM 00001C
GreenMove@mL                   cstackCOMRAM 000020
GreenMove@mR                   cstackCOMRAM 000022
I2C_2_Master_Read@ack          cstackCOMRAM 000003
I2C_2_Master_Read@tmp          cstackCOMRAM 000004
I2C_2_Master_Write@data_byte   cstackCOMRAM 000002
LightBlueMove@mL               cstackCOMRAM 000020
LightBlueMove@mR               cstackCOMRAM 000022
OrangeMove@mL                  cstackCOMRAM 000020
OrangeMove@mR                  cstackCOMRAM 000022
PinkMove@mL                    cstackCOMRAM 000020
PinkMove@mR                    cstackCOMRAM 000022
RedMove@mL                     cstackCOMRAM 000020
RedMove@mR                     cstackCOMRAM 000022
RetryMove@mL                   cstackCOMRAM 000020
RetryMove@mR                   cstackCOMRAM 000022
ReversePink@mL                 cstackCOMRAM 000020
ReversePink@mR                 cstackCOMRAM 000022
ReverseYellow@mL               cstackCOMRAM 000020
ReverseYellow@mR               cstackCOMRAM 000022
TurnDelay@Turn45Delay          cstackCOMRAM 000001
YellowMove@mL                  cstackCOMRAM 000020
YellowMove@mR                  cstackCOMRAM 000022
_ANSELDbits                    (abs)        000EA7
_ANSELFbits                    (abs)        000EB4
_BAUD4CONbits                  (abs)        000EE9
_BlueMove                      text54       00561A
_Buttons_init                  text82       0060E0
_CCP1CONbits                   (abs)        000FAB
_CCP2CONbits                   (abs)        000FA7
_CCP3CONbits                   (abs)        000F26
_CCP4CONbits                   (abs)        000F22
_CCPR1H                        (abs)        000FAA
_CCPR2H                        (abs)        000FA6
_CCPR3H                        (abs)        000F25
_CCPR4H                        (abs)        000F21
_CCPTMRS0bits                  (abs)        000FAD
_Colour_decider                text35       000E3E
_Colour_decider$3265           cstackBANK0  000060
_EUSART4RXbuf                  bssBANK1     000100
_EUSART4TXbuf                  bssBANK2     000200
_ForwardOneBlock               text49       0057F4
_Forwardhalfblock              text76       00579A
_GreenMove                     text53       005EA0
_HighISR                       intcode      000008
_I2C_2_Master_Idle             text71       005FDE
_I2C_2_Master_Init             text72       005FB4
_I2C_2_Master_Read             text33       005DE0
_I2C_2_Master_RepStart         text32       0060EC
_I2C_2_Master_Start            text70       006100
_I2C_2_Master_Stop             text69       0060F6
_I2C_2_Master_Write            text68       0060C8
_INTCONbits                    (abs)        000FF2
_Interrupts_init               text75       0060D4
_LATAbits                      (abs)        000F79
_LATDbits                      (abs)        000F7C
_LATFbits                      (abs)        000F7E
_LATGbits                      (abs)        000F7F
_LATHbits                      (abs)        000F80
_LED_init                      text74       006006
_LightBlueMove                 text52       00599E
_OrangeMove                    text51       00594C
_PIE0bits                      (abs)        000E29
_PIR0bits                      (abs)        000E33
_PIR4bits                      (abs)        000E37
_PORTFbits                     (abs)        000F8E
_PinkMove                      text59       005A42
_RC0PPS                        (abs)        000E62
_RC4REG                        (abs)        000EE3
_RC4STAbits                    (abs)        000EE7
_RC7PPS                        (abs)        000E69
_RD5PPS                        (abs)        000E6F
_RD6PPS                        (abs)        000E70
_RE2PPS                        (abs)        000E74
_RE4PPS                        (abs)        000E76
_RG6PPS                        (abs)        000E88
_RX4PPS                        (abs)        000E15
_RedMove                       text50       005E62
_RetryMove                     text58       00554A
_ReversePink                   text48       004DB4
_ReverseYellow                 text47       004CFE
_RunOneBlockTime               dataBANK0    0000F6
_RxBufReadCnt                  bssBANK0     0000F4
_RxBufWriteCnt                 bssBANK0     0000F5
_SP4BRGH                       (abs)        000EE6
_SP4BRGL                       (abs)        000EE5
_SSP2ADD                       (abs)        000ED6
_SSP2BUF                       (abs)        000ED5
_SSP2CLKPPS                    (abs)        000E1C
_SSP2CON1bits                  (abs)        000ED9
_SSP2CON2                      (abs)        000EDA
_SSP2CON2bits                  (abs)        000EDA
_SSP2DATPPS                    (abs)        000E1D
_SSP2STAT                      (abs)        000ED8
_T0CON0bits                    (abs)        000FD5
_T0CON1bits                    (abs)        000FD6
_T2CLKCONbits                  (abs)        000FBF
_T2CONbits                     (abs)        000FBD
_T2HLTbits                     (abs)        000FBE
_T2PR                          (abs)        000FBC
_TMR0H                         (abs)        000FD4
_TMR0L                         (abs)        000FD3
_TRISAbits                     (abs)        000F81
_TRISCbits                     (abs)        000F83
_TRISDbits                     (abs)        000F84
_TRISEbits                     (abs)        000F85
_TRISFbits                     (abs)        000F86
_TRISGbits                     (abs)        000F87
_TRISHbits                     (abs)        000F88
_TX4REG                        (abs)        000EE4
_TX4STAbits                    (abs)        000EE8
_Time_forward                  bssBANK2     00023C
_Timer0_init                   text73       006072
_Turn45Delay                   dataBANK0    0000F8
_TurnDelay                     text62       005F4E
_TxBufReadCnt                  bssBANK0     0000F2
_TxBufWriteCnt                 bssBANK0     0000F3
_WayBack                       bssBANK1     000116
_YellowMove                    text55       0059F0
__HRAM                         (abs)        000000
__Habs1                        abs1         000000
__Hbank0                       bank0        000000
__Hbank1                       bank1        000000
__Hbank10                      bank10       000000
__Hbank11                      bank11       000000
__Hbank12                      bank12       000000
__Hbank13                      bank13       000000
__Hbank2                       bank2        000000
__Hbank3                       bank3        000000
__Hbank4                       bank4        000000
__Hbank5                       bank5        000000
__Hbank6                       bank6        000000
__Hbank7                       bank7        000000
__Hbank8                       bank8        000000
__Hbank9                       bank9        000000
__Hbigbss                      bigbss       000000
__Hbigdata                     bigdata      000000
__Hbigram                      bigram       000000
__Hbigsfr                      bigsfr       000000
__Hbss                         bss          000000
__HbssBANK0                    bssBANK0     000000
__HbssBANK1                    bssBANK1     000000
__HbssBANK2                    bssBANK2     000000
__Hcinit                       cinit        000000
__Hclrtext                     clrtext      000000
__Hcomram                      comram       000000
__Hconfig                      config       30000C
__Hconst                       const        000000
__HcstackBANK0                 cstackBANK0  000000
__HcstackBANK1                 cstackBANK1  000000
__HcstackCOMRAM                cstackCOMRAM 000000
__Hdata                        data         000000
__HdataBANK0                   dataBANK0    000000
__HdataBANK1                   dataBANK1    000000
__Heeprom_data                 eeprom_data  000000
__Hfarbss                      farbss       000000
__Hfardata                     fardata      000000
__Hheap                        heap         000000
__Hibigdata                    ibigdata     000000
__Hidata                       idata        000000
__HidataBANK0                  idataBANK0   000000
__HidataBANK1                  idataBANK1   000000
__Hidloc                       idloc        200010
__Hifardata                    ifardata     000000
__Hinit                        init         000038
__Hintcode                     intcode      000034
__Hintcode_body                intcode_body 000000
__Hintcodelo                   intcodelo    000034
__Hintentry                    intentry     000000
__Hintret                      intret       000000
__Hintsave_regs                intsave_regs 000000
__Hirdata                      irdata       000000
__Hmediumconst                 mediumconst  000000
__HnvFARRAM                    nvFARRAM     000000
__Hnvbit                       nvbit        000000
__Hnvrram                      nvrram       000000
__Hparam                       rparam       000000
__Hpowerup                     powerup      000034
__Hram                         ram          000000
__Hramtop                      ramtop       000E00
__Hrbit                        rbit         000000
__Hrbss                        rbss         000000
__Hrdata                       rdata        000000
__Hreset_vec                   reset_vec    000004
__Hrparam                      rparam       000000
__Hsfr                         sfr          000000
__Hsmallconst                  smallconst   000E3E
__Hspace_0                     (abs)        006116
__Hspace_1                     (abs)        0002F0
__Hspace_2                     (abs)        000000
__Hspace_4                     (abs)        60000C
__Hstack                       stack        000000
__Hstruct                      struct       000000
__Htemp                        temp         000060
__Htext                        text         000000
__Htext0                       text0        000000
__Htext1                       text1        000000
__Htext10                      text10       000000
__Htext11                      text11       000000
__Htext12                      text12       000000
__Htext13                      text13       000000
__Htext14                      text14       000000
__Htext15                      text15       000000
__Htext16                      text16       000000
__Htext17                      text17       000000
__Htext18                      text18       000000
__Htext19                      text19       000000
__Htext2                       text2        000000
__Htext20                      text20       000000
__Htext21                      text21       000000
__Htext22                      text22       000000
__Htext23                      text23       000000
__Htext24                      text24       000000
__Htext25                      text25       000000
__Htext26                      text26       000000
__Htext27                      text27       000000
__Htext28                      text28       000000
__Htext29                      text29       000000
__Htext3                       text3        000000
__Htext30                      text30       000000
__Htext31                      text31       000000
__Htext32                      text32       000000
__Htext33                      text33       000000
__Htext34                      text34       000000
__Htext35                      text35       000000
__Htext36                      text36       000000
__Htext37                      text37       000000
__Htext38                      text38       000000
__Htext39                      text39       000000
__Htext4                       text4        000000
__Htext40                      text40       000000
__Htext41                      text41       000000
__Htext42                      text42       000000
__Htext43                      text43       000000
__Htext44                      text44       000000
__Htext45                      text45       000000
__Htext46                      text46       000000
__Htext47                      text47       000000
__Htext48                      text48       000000
__Htext49                      text49       000000
__Htext5                       text5        000000
__Htext50                      text50       000000
__Htext51                      text51       000000
__Htext52                      text52       000000
__Htext53                      text53       000000
__Htext54                      text54       000000
__Htext55                      text55       000000
__Htext56                      text56       000000
__Htext57                      text57       000000
__Htext58                      text58       000000
__Htext59                      text59       000000
__Htext6                       text6        000000
__Htext60                      text60       000000
__Htext61                      text61       000000
__Htext62                      text62       000000
__Htext63                      text63       000000
__Htext64                      text64       000000
__Htext65                      text65       000000
__Htext66                      text66       000000
__Htext67                      text67       000000
__Htext68                      text68       000000
__Htext69                      text69       000000
__Htext7                       text7        000000
__Htext70                      text70       000000
__Htext71                      text71       000000
__Htext72                      text72       000000
__Htext73                      text73       000000
__Htext74                      text74       000000
__Htext75                      text75       000000
__Htext76                      text76       000000
__Htext77                      text77       000000
__Htext78                      text78       000000
__Htext79                      text79       000000
__Htext8                       text8        000000
__Htext80                      text80       000000
__Htext81                      text81       000000
__Htext82                      text82       000000
__Htext9                       text9        000000
__LRAM                         (abs)        000001
__Labs1                        abs1         000000
__Lbank0                       bank0        000000
__Lbank1                       bank1        000000
__Lbank10                      bank10       000000
__Lbank11                      bank11       000000
__Lbank12                      bank12       000000
__Lbank13                      bank13       000000
__Lbank2                       bank2        000000
__Lbank3                       bank3        000000
__Lbank4                       bank4        000000
__Lbank5                       bank5        000000
__Lbank6                       bank6        000000
__Lbank7                       bank7        000000
__Lbank8                       bank8        000000
__Lbank9                       bank9        000000
__Lbigbss                      bigbss       000000
__Lbigdata                     bigdata      000000
__Lbigram                      bigram       000000
__Lbigsfr                      bigsfr       000000
__Lbss                         bss          000000
__LbssBANK0                    bssBANK0     000000
__LbssBANK1                    bssBANK1     000000
__LbssBANK2                    bssBANK2     000000
__Lcinit                       cinit        000000
__Lclrtext                     clrtext      000000
__Lcomram                      comram       000000
__Lconfig                      config       000000
__Lconst                       const        000000
__LcstackBANK0                 cstackBANK0  000000
__LcstackBANK1                 cstackBANK1  000000
__LcstackCOMRAM                cstackCOMRAM 000000
__Ldata                        data         000000
__LdataBANK0                   dataBANK0    000000
__LdataBANK1                   dataBANK1    000000
__Leeprom_data                 eeprom_data  000000
__Lfarbss                      farbss       000000
__Lfardata                     fardata      000000
__Lheap                        heap         000000
__Libigdata                    ibigdata     000000
__Lidata                       idata        000000
__LidataBANK0                  idataBANK0   000000
__LidataBANK1                  idataBANK1   000000
__Lidloc                       idloc        000000
__Lifardata                    ifardata     000000
__Linit                        init         000034
__Lintcode                     intcode      000008
__Lintcode_body                intcode_body 000000
__Lintcodelo                   intcodelo    000034
__Lintentry                    intentry     000000
__Lintret                      intret       000000
__Lintsave_regs                intsave_regs 000000
__Lirdata                      irdata       000000
__Lmediumconst                 mediumconst  000000
__LnvFARRAM                    nvFARRAM     000000
__Lnvbit                       nvbit        000000
__Lnvrram                      nvrram       000000
__Lparam                       rparam       000000
__Lpowerup                     powerup      000034
__Lram                         ram          000000
__Lramtop                      ramtop       000E00
__Lrbit                        rbit         000000
__Lrbss                        rbss         000000
__Lrdata                       rdata        000000
__Lreset_vec                   reset_vec    000000
__Lrparam                      rparam       000000
__Lsfr                         sfr          000000
__Lsmallconst                  smallconst   000E00
__Lspace_0                     (abs)        000000
__Lspace_1                     (abs)        000000
__Lspace_2                     (abs)        000000
__Lspace_4                     (abs)        000000
__Lstack                       stack        000000
__Lstruct                      struct       000000
__Ltemp                        temp         00005F
__Ltext                        text         000000
__Ltext0                       text0        000000
__Ltext1                       text1        000000
__Ltext10                      text10       000000
__Ltext11                      text11       000000
__Ltext12                      text12       000000
__Ltext13                      text13       000000
__Ltext14                      text14       000000
__Ltext15                      text15       000000
__Ltext16                      text16       000000
__Ltext17                      text17       000000
__Ltext18                      text18       000000
__Ltext19                      text19       000000
__Ltext2                       text2        000000
__Ltext20                      text20       000000
__Ltext21                      text21       000000
__Ltext22                      text22       000000
__Ltext23                      text23       000000
__Ltext24                      text24       000000
__Ltext25                      text25       000000
__Ltext26                      text26       000000
__Ltext27                      text27       000000
__Ltext28                      text28       000000
__Ltext29                      text29       000000
__Ltext3                       text3        000000
__Ltext30                      text30       000000
__Ltext31                      text31       000000
__Ltext32                      text32       000000
__Ltext33                      text33       000000
__Ltext34                      text34       000000
__Ltext35                      text35       000000
__Ltext36                      text36       000000
__Ltext37                      text37       000000
__Ltext38                      text38       000000
__Ltext39                      text39       000000
__Ltext4                       text4        000000
__Ltext40                      text40       000000
__Ltext41                      text41       000000
__Ltext42                      text42       000000
__Ltext43                      text43       000000
__Ltext44                      text44       000000
__Ltext45                      text45       000000
__Ltext46                      text46       000000
__Ltext47                      text47       000000
__Ltext48                      text48       000000
__Ltext49                      text49       000000
__Ltext5                       text5        000000
__Ltext50                      text50       000000
__Ltext51                      text51       000000
__Ltext52                      text52       000000
__Ltext53                      text53       000000
__Ltext54                      text54       000000
__Ltext55                      text55       000000
__Ltext56                      text56       000000
__Ltext57                      text57       000000
__Ltext58                      text58       000000
__Ltext59                      text59       000000
__Ltext6                       text6        000000
__Ltext60                      text60       000000
__Ltext61                      text61       000000
__Ltext62                      text62       000000
__Ltext63                      text63       000000
__Ltext64                      text64       000000
__Ltext65                      text65       000000
__Ltext66                      text66       000000
__Ltext67                      text67       000000
__Ltext68                      text68       000000
__Ltext69                      text69       000000
__Ltext7                       text7        000000
__Ltext70                      text70       000000
__Ltext71                      text71       000000
__Ltext72                      text72       000000
__Ltext73                      text73       000000
__Ltext74                      text74       000000
__Ltext75                      text75       000000
__Ltext76                      text76       000000
__Ltext77                      text77       000000
__Ltext78                      text78       000000
__Ltext79                      text79       000000
__Ltext8                       text8        000000
__Ltext80                      text80       000000
__Ltext81                      text81       000000
__Ltext82                      text82       000000
__Ltext9                       text9        000000
__S0                           (abs)        006116
__S1                           (abs)        0002F0
__S4                           (abs)        000000
__S5                           (abs)        000000
___aodiv                       text20       0044D4
___aodiv@counter               cstackCOMRAM 000011
___aodiv@dividend              cstackCOMRAM 000001
___aodiv@divisor               cstackCOMRAM 000009
___aodiv@quotient              cstackCOMRAM 000013
___aodiv@sign                  cstackCOMRAM 000012
___aomod                       text19       0047C8
___aomod@counter               cstackCOMRAM 000011
___aomod@dividend              cstackCOMRAM 000001
___aomod@divisor               cstackCOMRAM 000009
___aomod@sign                  cstackCOMRAM 000012
___fladd                       text38       002298
___fladd@a                     cstackCOMRAM 000005
___fladd@aexp                  cstackCOMRAM 00000E
___fladd@b                     cstackCOMRAM 000001
___fladd@bexp                  cstackCOMRAM 00000F
___fladd@grs                   cstackCOMRAM 000010
___fladd@signs                 cstackCOMRAM 00000D
___fldiv                       text42       002B82
___fldiv@a                     cstackCOMRAM 000036
___fldiv@aexp                  cstackCOMRAM 00004A
___fldiv@b                     cstackCOMRAM 000032
___fldiv@bexp                  cstackCOMRAM 000049
___fldiv@grs                   cstackCOMRAM 000045
___fldiv@new_exp               cstackCOMRAM 000043
___fldiv@rem                   cstackCOMRAM 00003E
___fldiv@sign                  cstackCOMRAM 000042
___fleq                        text41       004F1C
___fleq@ff1                    cstackCOMRAM 000032
___fleq@ff2                    cstackCOMRAM 000036
___flge                        text40       004A32
___flge@ff1                    cstackCOMRAM 00002A
___flge@ff2                    cstackCOMRAM 00002E
___flmul                       text39       002758
___flmul@a                     cstackCOMRAM 000015
___flmul@aexp                  cstackCOMRAM 000022
___flmul@b                     cstackCOMRAM 000011
___flmul@bexp                  cstackCOMRAM 000023
___flmul@grs                   cstackCOMRAM 00001E
___flmul@prod                  cstackCOMRAM 000024
___flmul@sign                  cstackCOMRAM 00001D
___flmul@temp                  cstackCOMRAM 000028
___flneg                       text12       005EDE
___flneg@f1                    cstackCOMRAM 000001
___flsub                       text37       005D12
___flsub@a                     cstackCOMRAM 00002E
___flsub@b                     cstackCOMRAM 00002A
___fltol                       text11       00492C
___fltol@exp1                  cstackCOMRAM 00000A
___fltol@f1                    cstackCOMRAM 000001
___fltol@sign1                 cstackCOMRAM 000009
___fpclassifyf                 text10       004B36
___fpclassifyf@F465            bssBANK0     0000E3
___fpclassifyf@e               cstackCOMRAM 000009
___fpclassifyf@u               cstackCOMRAM 00000B
___fpclassifyf@x               cstackCOMRAM 000001
___heap_hi                     (abs)        000000
___heap_lo                     (abs)        000000
___inthi_sp                    stack        000000
___intlo_sp                    stack        000000
___lwdiv                       text81       005468
___lwdiv@counter               cstackCOMRAM 00000D
___lwdiv@dividend              cstackCOMRAM 000007
___lwdiv@divisor               cstackCOMRAM 000009
___lwdiv@quotient              cstackCOMRAM 00000B
___param_bank                  (abs)        000000
___rparam_used                 (abs)        000001
___sp                          stack        000000
___wmul                        text80       00602C
___wmul@multiplicand           cstackCOMRAM 000003
___wmul@multiplier             cstackCOMRAM 000001
___wmul@product                cstackCOMRAM 000005
___xxtofl                      text36       004174
___xxtofl@arg                  cstackCOMRAM 00000B
___xxtofl@exp                  cstackCOMRAM 00000A
___xxtofl@sign                 cstackCOMRAM 000009
___xxtofl@val                  cstackCOMRAM 000001
__accesstop                    (abs)        000060
__activetblptr                 (abs)        000003
__end_of_BlueMove              text54       005680
__end_of_Buttons_init          text82       0060EC
__end_of_Colour_decider        text35       00189E
__end_of_ForwardOneBlock       text49       00584C
__end_of_Forwardhalfblock      text76       0057F4
__end_of_GreenMove             text53       005EDE
__end_of_HighISR               intcode      000034
__end_of_I2C_2_Master_Idle     text71       006006
__end_of_I2C_2_Master_Init     text72       005FDE
__end_of_I2C_2_Master_Read     text33       005E22
__end_of_I2C_2_Master_RepStart text32       0060F6
__end_of_I2C_2_Master_Start    text70       00610A
__end_of_I2C_2_Master_Stop     text69       006100
__end_of_I2C_2_Master_Write    text68       0060D4
__end_of_Interrupts_init       text75       0060E0
__end_of_LED_init              text74       00602C
__end_of_LightBlueMove         text52       0059F0
__end_of_OrangeMove            text51       00599E
__end_of_PinkMove              text59       005A94
__end_of_RedMove               text50       005EA0
__end_of_RetryMove             text58       0055B4
__end_of_ReversePink           text48       004E6A
__end_of_ReverseYellow         text47       004DB4
__end_of_Timer0_init           text73       006092
__end_of_TurnDelay             text62       005F84
__end_of_YellowMove            text55       005A42
__end_of___aodiv               text20       00465C
__end_of___aomod               text19       00492C
__end_of___fladd               text38       002758
__end_of___fldiv               text42       002F1C
__end_of___fleq                text41       004FC6
__end_of___flge                text40       004B36
__end_of___flmul               text39       002B82
__end_of___flneg               text12       005F16
__end_of___flsub               text37       005D58
__end_of___fltol               text11       004A32
__end_of___fpclassifyf         text10       004C34
__end_of___lwdiv               text81       0054DC
__end_of___wmul                text80       006052
__end_of___xxtofl              text36       004328
__end_of__initialization       cinit        005540
__end_of_abs                   text18       005E62
__end_of_color_click_init      text66       005AE6
__end_of_color_read_Blue       text31       005C76
__end_of_color_read_Green      text30       005C26
__end_of_color_read_Red        text29       005BD6
__end_of_color_read_lum        text28       005B86
__end_of_color_writetoaddr     text67       006072
__end_of_colour_move           text43       003D26
__end_of_colour_rel            text34       00324A
__end_of_consecutive_read      text26       004F1C
__end_of_delayed_ms            text46       005F4E
__end_of_dtoa                  text13       003AAE
__end_of_efgtoa                text5        002298
__end_of_floorf                text9        004174
__end_of_fputc                 text16       004CFE
__end_of_fputs                 text15       005DE0
__end_of_fullSpeedAhead        text78       0052E8
__end_of_fullSpeedBack         text65       00524A
__end_of_getTMR0val            text25       0056E2
__end_of_go_Home               text44       003830
__end_of_initDCmotorsPWM       text24       005370
__end_of_initUSART4            text23       0060B0
__end_of_labs                  text8        00561A
__end_of_main                  text0        003F62
__end_of_memcpy                text7        005B36
__end_of_pad                   text14       005468
__end_of_putch                 text17       006116
__end_of_readColours           text27       005740
__end_of_reverseDetect         text64       00579A
__end_of_reverseOneBlock       text63       0058A4
__end_of_sendCharSerial4       text22       0060C8
__end_of_sendStringSerial4     text21       005FB4
__end_of_setMotorPWM           text79       0047C8
__end_of_sprintf               text2        00594C
__end_of_stop                  text77       0053EE
__end_of_strcpy                text6        005D9C
__end_of_timed_forward         text45       005070
__end_of_turnCalibration       text1        0044D4
__end_of_turnLeft              text61       0051AC
__end_of_turnLeft45            text60       005D12
__end_of_turnRight             text57       00510E
__end_of_turnRight45           text56       005CC4
__end_of_vfpfcnvrt             text4        003550
__end_of_vfprintf              text3        0058FA
__initialization               cinit        0054DC
__mediumconst                  mediumconst  000000
__pbssBANK0                    bssBANK0     0000D3
__pbssBANK1                    bssBANK1     000100
__pbssBANK2                    bssBANK2     000200
__pcinit                       cinit        0054DC
__pcstackBANK0                 cstackBANK0  000060
__pcstackBANK1                 cstackBANK1  00016E
__pcstackCOMRAM                cstackCOMRAM 000001
__pdataBANK0                   dataBANK0    0000F6
__pdataBANK1                   dataBANK1    0001D4
__pidataBANK0                  idataBANK0   00610A
__pidataBANK1                  idataBANK1   006110
__pintcode                     intcode      000008
__psmallconst                  smallconst   000E00
__ptext0                       text0        003D26
__ptext1                       text1        004328
__ptext10                      text10       004B36
__ptext11                      text11       00492C
__ptext12                      text12       005EDE
__ptext13                      text13       003830
__ptext14                      text14       0053EE
__ptext15                      text15       005D9C
__ptext16                      text16       004C34
__ptext17                      text17       006114
__ptext18                      text18       005E22
__ptext19                      text19       0047C8
__ptext2                       text2        0058FA
__ptext20                      text20       0044D4
__ptext21                      text21       005F84
__ptext22                      text22       0060B0
__ptext23                      text23       006092
__ptext24                      text24       0052E8
__ptext25                      text25       005680
__ptext26                      text26       004E6A
__ptext27                      text27       0056E2
__ptext28                      text28       005B36
__ptext29                      text29       005B86
__ptext3                       text3        0058A4
__ptext30                      text30       005BD6
__ptext31                      text31       005C26
__ptext32                      text32       0060EC
__ptext33                      text33       005DE0
__ptext34                      text34       002F1C
__ptext35                      text35       000E3E
__ptext36                      text36       004174
__ptext37                      text37       005D12
__ptext38                      text38       002298
__ptext39                      text39       002758
__ptext4                       text4        00324A
__ptext40                      text40       004A32
__ptext41                      text41       004F1C
__ptext42                      text42       002B82
__ptext43                      text43       003AAE
__ptext44                      text44       003550
__ptext45                      text45       004FC6
__ptext46                      text46       005F16
__ptext47                      text47       004CFE
__ptext48                      text48       004DB4
__ptext49                      text49       0057F4
__ptext5                       text5        00189E
__ptext50                      text50       005E62
__ptext51                      text51       00594C
__ptext52                      text52       00599E
__ptext53                      text53       005EA0
__ptext54                      text54       00561A
__ptext55                      text55       0059F0
__ptext56                      text56       005C76
__ptext57                      text57       005070
__ptext58                      text58       00554A
__ptext59                      text59       005A42
__ptext6                       text6        005D58
__ptext60                      text60       005CC4
__ptext61                      text61       00510E
__ptext62                      text62       005F4E
__ptext63                      text63       00584C
__ptext64                      text64       005740
__ptext65                      text65       0051AC
__ptext66                      text66       005A94
__ptext67                      text67       006052
__ptext68                      text68       0060C8
__ptext69                      text69       0060F6
__ptext7                       text7        005AE6
__ptext70                      text70       006100
__ptext71                      text71       005FDE
__ptext72                      text72       005FB4
__ptext73                      text73       006072
__ptext74                      text74       006006
__ptext75                      text75       0060D4
__ptext76                      text76       00579A
__ptext77                      text77       005370
__ptext78                      text78       00524A
__ptext79                      text79       00465C
__ptext8                       text8        0055B4
__ptext80                      text80       00602C
__ptext81                      text81       005468
__ptext82                      text82       0060E0
__ptext9                       text9        003F62
__ramtop                       ramtop       000E00
__smallconst                   smallconst   000E00
_abs                           text18       005E22
_color_click_init              text66       005A94
_color_read_Blue               text31       005C26
_color_read_Green              text30       005BD6
_color_read_Red                text29       005B86
_color_read_lum                text28       005B36
_color_writetoaddr             text67       006052
_colour_move                   text43       003AAE
_colour_rel                    text34       002F1C
_colour_rel$3263               cstackBANK0  000064
_colour_rel$3264               cstackBANK0  000068
_consecuitive                  bssBANK0     0000ED
_consecutive_read              text26       004E6A
_dbuf                          bssBANK2     0002A0
_delayed_ms                    text46       005F16
_dtoa                          text13       003830
_dtoa$2863                     cstackCOMRAM 00002E
_efgtoa                        text5        00189E
_efgtoa$2894                   cstackBANK0  00006F
_flags                         bssBANK0     0000F1
_floorf                        text9        003F62
_fputc                         text16       004C34
_fputs                         text15       005D9C
_fullSpeedAhead                text78       00524A
_fullSpeedBack                 text65       0051AC
_getTMR0val                    text25       005680
_go_Home                       text44       003550
_initDCmotorsPWM               text24       0052E8
_initUSART4                    text23       006092
_labs                          text8        0055B4
_lost_count                    bssBANK0     0000EB
_lost_flag                     bssBANK1     000114
_main                          text0        003D26
_memcpy                        text7        005AE6
_motorL                        bssBANK1     00015D
_motorR                        bssBANK1     000154
_move_count                    dataBANK1    0001D6
_pad                           text14       0053EE
_power                         dataBANK0    0000FA
_prec                          bssBANK0     0000E9
_prev_colour                   bssBANK0     0000EF
_putch                         text17       006114
_readColours                   text27       0056E2
_rel                           bssBANK1     000148
_reverseDetect                 text64       005740
_reverseOneBlock               text63       00584C
_run_flag                      dataBANK1    0001D4
_sendCharSerial4               text22       0060B0
_sendStringSerial4             text21       005F84
_setMotorPWM                   text79       00465C
_sprintf                       text2        0058FA
_stop                          text77       005370
_strcpy                        text6        005D58
_timed_forward                 text45       004FC6
_turnCalibration               text1        004328
_turnLeft                      text61       00510E
_turnLeft45                    text60       005CC4
_turnRight                     text57       005070
_turnRight45                   text56       005C76
_vals                          bssBANK1     000166
_vfpfcnvrt                     text4        00324A
_vfprintf                      text3        0058A4
_width                         bssBANK0     0000E7
abs@a                          cstackCOMRAM 000013
btemp                          temp         00005F
color_read_Blue@tmp            cstackCOMRAM 00000A
color_read_Green@tmp           cstackCOMRAM 00000A
color_read_Red@tmp             cstackCOMRAM 00000A
color_read_lum@tmp             cstackCOMRAM 00000A
color_writetoaddr@address      cstackCOMRAM 000004
color_writetoaddr@value        cstackCOMRAM 000003
colour_move@recognized_colour  cstackCOMRAM 00002D
colour_rel@B                   cstackBANK0  000074
colour_rel@G                   cstackBANK0  000070
colour_rel@L                   cstackBANK0  000060
colour_rel@R                   cstackBANK0  00006C
colour_rel@rel                 cstackCOMRAM 00004D
colour_rel@vals                cstackCOMRAM 00004B
consecutive_read@colour        cstackCOMRAM 000057
consecutive_read@rel           cstackCOMRAM 000053
consecutive_read@vals          cstackCOMRAM 000051
delayed_ms@i                   cstackCOMRAM 000004
delayed_ms@time                cstackCOMRAM 000001
dtoa@d                         cstackCOMRAM 00001E
dtoa@fp                        cstackCOMRAM 00001C
dtoa@i                         cstackCOMRAM 00003C
dtoa@n                         cstackCOMRAM 000034
dtoa@p                         cstackCOMRAM 000030
dtoa@s                         cstackCOMRAM 00003E
dtoa@w                         cstackCOMRAM 000032
efgtoa@c                       cstackBANK0  000066
efgtoa@d                       cstackBANK0  000074
efgtoa@e                       cstackBANK0  000078
efgtoa@f                       cstackBANK0  000062
efgtoa@fp                      cstackBANK0  000060
efgtoa@g                       cstackBANK0  00008D
efgtoa@h                       cstackBANK0  000082
efgtoa@i                       cstackBANK0  000080
efgtoa@l                       cstackBANK0  000086
efgtoa@m                       cstackBANK0  000076
efgtoa@mode                    cstackBANK0  000072
efgtoa@n                       cstackBANK0  00008B
efgtoa@ne                      cstackBANK0  000069
efgtoa@nmode                   cstackBANK0  000073
efgtoa@ou                      cstackBANK0  00007C
efgtoa@p                       cstackBANK0  00006B
efgtoa@pp                      cstackBANK0  000071
efgtoa@sign                    cstackBANK0  00008A
efgtoa@t                       cstackBANK0  00006D
efgtoa@u                       cstackBANK0  000091
efgtoa@w                       cstackBANK0  00007A
end_of_initialization          cinit        005540
floorf@F526                    bssBANK0     0000DF
floorf@e                       cstackCOMRAM 000059
floorf@m                       cstackCOMRAM 000055
floorf@u                       cstackCOMRAM 00005B
floorf@x                       cstackCOMRAM 00004B
fputc@c                        cstackCOMRAM 000001
fputc@fp                       cstackCOMRAM 000003
fputs@c                        cstackCOMRAM 00000E
fputs@fp                       cstackCOMRAM 00000C
fputs@i                        cstackCOMRAM 00000F
fputs@s                        cstackCOMRAM 00000A
fullSpeedAhead@mL              cstackCOMRAM 000014
fullSpeedAhead@mR              cstackCOMRAM 000016
fullSpeedBack@mL               cstackCOMRAM 000014
fullSpeedBack@mR               cstackCOMRAM 000016
getTMR0val@moving              cstackCOMRAM 000005
getTMR0val@temp                cstackCOMRAM 000003
go_Home@Time_forward           cstackCOMRAM 000026
go_Home@WayBack                cstackCOMRAM 000024
go_Home@i                      cstackCOMRAM 00002B
initDCmotorsPWM@PWMperiod      cstackCOMRAM 000001
int$flags                      temp         00005F
intlevel0                      text         000000
intlevel1                      text         000000
intlevel2                      text         000000
intlevel3                      text         000000
isa$std                        (abs)        000001
isa$xinst                      (abs)        000000
labs@a                         cstackCOMRAM 000001
main@buf                       cstackBANK1  00016E
main@recognized_colour         cstackBANK1  0001D2
memcpy@d                       cstackCOMRAM 000007
memcpy@d1                      cstackCOMRAM 000001
memcpy@n                       cstackCOMRAM 000005
memcpy@s                       cstackCOMRAM 000009
memcpy@s1                      cstackCOMRAM 000003
memcpy@tmp                     cstackCOMRAM 00000B
pad@buf                        cstackCOMRAM 000013
pad@fp                         cstackCOMRAM 000011
pad@i                          cstackCOMRAM 000018
pad@p                          cstackCOMRAM 000015
pad@w                          cstackCOMRAM 00001A
readColours@vals               cstackCOMRAM 00000C
reverseDetect@mL               cstackCOMRAM 00001A
reverseDetect@mR               cstackCOMRAM 00001C
reverseOneBlock@mL             cstackCOMRAM 00001A
reverseOneBlock@mR             cstackCOMRAM 00001C
sendCharSerial4@charToSend     cstackCOMRAM 000001
sendStringSerial4@string       cstackCOMRAM 000002
setMotorPWM@m                  cstackCOMRAM 00000E
setMotorPWM@negDuty            cstackCOMRAM 000013
setMotorPWM@posDuty            cstackCOMRAM 000012
sprintf@ap                     cstackBANK0  0000C4
sprintf@f                      cstackBANK0  0000C6
sprintf@fmt                    cstackBANK0  0000B2
sprintf@s                      cstackBANK0  0000B0
stackhi                        (abs)        000000
stacklo                        (abs)        000000
start                          init         000034
start_initialization           cinit        0054DC
stop@mL                        cstackCOMRAM 000014
stop@mR                        cstackCOMRAM 000016
strcpy@d                       cstackCOMRAM 000007
strcpy@dest                    cstackCOMRAM 000001
strcpy@s                       cstackCOMRAM 000005
strcpy@src                     cstackCOMRAM 000003
timed_forward@mL               cstackCOMRAM 000014
timed_forward@mR               cstackCOMRAM 000016
timed_forward@time             cstackCOMRAM 000018
ttemp5                         temp         000060
ttemp6                         temp         000063
ttemp7                         temp         000067
turnCalibration@mL             cstackCOMRAM 000020
turnCalibration@mR             cstackCOMRAM 000022
turnLeft45@mL                  cstackCOMRAM 00001A
turnLeft45@mR                  cstackCOMRAM 00001C
turnLeft@mL                    cstackCOMRAM 000014
turnLeft@mR                    cstackCOMRAM 000016
turnRight45@mL                 cstackCOMRAM 00001A
turnRight45@mR                 cstackCOMRAM 00001C
turnRight@mL                   cstackCOMRAM 000014
turnRight@mR                   cstackCOMRAM 000016
vfpfcnvrt@ap                   cstackBANK0  000099
vfpfcnvrt@c                    cstackBANK0  0000A5
vfpfcnvrt@convarg              cstackBANK0  00009D
vfpfcnvrt@cp                   cstackBANK0  0000A6
vfpfcnvrt@fmt                  cstackBANK0  000097
vfpfcnvrt@fp                   cstackBANK0  000095
vfprintf@ap                    cstackBANK0  0000AC
vfprintf@cfmt                  cstackBANK0  0000AE
vfprintf@fmt                   cstackBANK0  0000AA
vfprintf@fp                    cstackBANK0  0000A8
wtemp8                         temp         000060


MODULE INFORMATION

Module		Function		Class		Link	Load	Size
C:\Program Files\Microchip\xc8\v2.40\pic\sources\c99\common\sprcmul.c
		___flmul       		CODE           	2758	0000	1066

C:\Program Files\Microchip\xc8\v2.40\pic\sources\c99\common\sprcmul.c estimated size: 1066

C:\Program Files\Microchip\xc8\v2.40\pic\sources\c99\common\nf_fputc.c
		_fputc         		CODE           	4C34	0000	202

C:\Program Files\Microchip\xc8\v2.40\pic\sources\c99\common\nf_fputc.c estimated size: 202

serial.c
		_sendStringSerial4		CODE           	5F84	0000	48
		_sendCharSerial4		CODE           	60B0	0000	24
		_initUSART4    		CODE           	6092	0000	30

serial.c estimated size: 102

timers.c
		_getTMR0val    		CODE           	5680	0000	98
		_Timer0_init   		CODE           	6072	0000	32
		_delayed_ms    		CODE           	5F16	0000	56

timers.c estimated size: 186

C:\Program Files\Microchip\xc8\v2.40\pic\sources\c99\common\sprcdiv.c
		___fldiv       		CODE           	2B82	0000	922

C:\Program Files\Microchip\xc8\v2.40\pic\sources\c99\common\sprcdiv.c estimated size: 922

C:\Program Files\Microchip\xc8\v2.40\pic\sources\c99\common\nf_sprintf.c
		_sprintf       		CODE           	58FA	0000	82

C:\Program Files\Microchip\xc8\v2.40\pic\sources\c99\common\nf_sprintf.c estimated size: 82

C:\Program Files\Microchip\xc8\v2.40\pic\sources\c99\common\lwdiv.c
		___lwdiv       		CODE           	5468	0000	116

C:\Program Files\Microchip\xc8\v2.40\pic\sources\c99\common\lwdiv.c estimated size: 116

C:\Program Files\Microchip\xc8\v2.40\pic\sources\c99\common\memcpy.c
		_memcpy        		CODE           	5AE6	0000	80

C:\Program Files\Microchip\xc8\v2.40\pic\sources\c99\common\memcpy.c estimated size: 80

color.c
		_consecutive_read		CODE           	4E6A	0000	178
		_color_writetoaddr		CODE           	6052	0000	32
		_readColours   		CODE           	56E2	0000	94
		_color_click_init		CODE           	5A94	0000	82
		_Colour_decider		CODE           	0E3E	0000	2656
		_colour_rel    		CODE           	2F1C	0000	814
		_color_read_Green		CODE           	5BD6	0000	80
		_color_read_Red		CODE           	5B86	0000	80
		_color_read_lum		CODE           	5B36	0000	80
		_color_read_Blue		CODE           	5C26	0000	80

color.c estimated size: 4176

C:\Program Files\Microchip\xc8\v2.40\pic\sources\c99\common\fltol.c
		___fltol       		CODE           	492C	0000	262

C:\Program Files\Microchip\xc8\v2.40\pic\sources\c99\common\fltol.c estimated size: 262

C:\Program Files\Microchip\xc8\v2.40\pic\sources\c99\common\Umul16.c
		___wmul        		CODE           	602C	0000	38

C:\Program Files\Microchip\xc8\v2.40\pic\sources\c99\common\Umul16.c estimated size: 38

C:\Program Files\Microchip\xc8\v2.40\pic\sources\c99\common\fleq.c
		___fleq        		CODE           	4F1C	0000	170

C:\Program Files\Microchip\xc8\v2.40\pic\sources\c99\common\fleq.c estimated size: 170

dc_motor.c
		_reverseDetect 		CODE           	5740	0000	90
		_fullSpeedBack 		CODE           	51AC	0000	158
		_GreenMove     		CODE           	5EA0	0000	62
		_timed_forward 		CODE           	4FC6	0000	170
		_YellowMove    		CODE           	59F0	0000	82
		_fullSpeedAhead		CODE           	524A	0000	158
		_Forwardhalfblock		CODE           	579A	0000	90
		_turnLeft      		CODE           	510E	0000	158
		_turnLeft45    		CODE           	5CC4	0000	78
		_stop          		CODE           	5370	0000	126
		_RedMove       		CODE           	5E62	0000	62
		_initDCmotorsPWM		CODE           	52E8	0000	136
		_turnRight     		CODE           	5070	0000	158
		_turnRight45   		CODE           	5C76	0000	78
		_BlueMove      		CODE           	561A	0000	102
		_reverseOneBlock		CODE           	584C	0000	88
		_OrangeMove    		CODE           	594C	0000	82
		_setMotorPWM   		CODE           	465C	0000	364
		_ReversePink   		CODE           	4DB4	0000	182
		_RetryMove     		CODE           	554A	0000	106
		_TurnDelay     		CODE           	5F4E	0000	54
		_ForwardOneBlock		CODE           	57F4	0000	88
		_LightBlueMove 		CODE           	599E	0000	82
		_ReverseYellow 		CODE           	4CFE	0000	182
		_PinkMove      		CODE           	5A42	0000	82
		_turnCalibration		CODE           	4328	0000	428

dc_motor.c estimated size: 3446

interrupts.c
		_Interrupts_init		CODE           	60D4	0000	12
		_HighISR       		CODE           	0008	0000	44

interrupts.c estimated size: 56

LED_buttons.c
		_Buttons_init  		CODE           	60E0	0000	12
		_LED_init      		CODE           	6006	0000	38

LED_buttons.c estimated size: 50

C:\Program Files\Microchip\xc8\v2.40\pic\sources\c99\common\abs.c
		_abs           		CODE           	5E22	0000	64

C:\Program Files\Microchip\xc8\v2.40\pic\sources\c99\common\abs.c estimated size: 64

Memory.c
		_go_Home       		CODE           	3550	0000	736

Memory.c estimated size: 736

i2c.c
		_I2C_2_Master_Start		CODE           	6100	0000	10
		_I2C_2_Master_Read		CODE           	5DE0	0000	66
		_I2C_2_Master_Idle		CODE           	5FDE	0000	40
		_I2C_2_Master_Init		CODE           	5FB4	0000	42
		_I2C_2_Master_Stop		CODE           	60F6	0000	10
		_I2C_2_Master_RepStart		CODE           	60EC	0000	10
		_I2C_2_Master_Write		CODE           	60C8	0000	12

i2c.c estimated size: 190

C:\Program Files\Microchip\xc8\v2.40\pic\sources\c99\common\__fpclassifyf.c
		___fpclassifyf 		CODE           	4B36	0000	254

C:\Program Files\Microchip\xc8\v2.40\pic\sources\c99\common\__fpclassifyf.c estimated size: 254

C:\Program Files\Microchip\xc8\v2.40\pic\sources\c99\common\sprcadd.c
		___flsub       		CODE           	5D12	0000	70
		___fladd       		CODE           	2298	0000	1216

C:\Program Files\Microchip\xc8\v2.40\pic\sources\c99\common\sprcadd.c estimated size: 1286

C:\Program Files\Microchip\xc8\v2.40\pic\sources\c99\common\floorf.c
		_floorf        		CODE           	3F62	0000	530

C:\Program Files\Microchip\xc8\v2.40\pic\sources\c99\common\floorf.c estimated size: 530

C:\Program Files\Microchip\xc8\v2.40\pic\sources\c99\common\flneg.c
		___flneg       		CODE           	5EDE	0000	56

C:\Program Files\Microchip\xc8\v2.40\pic\sources\c99\common\flneg.c estimated size: 56

C:\Program Files\Microchip\xc8\v2.40\pic\sources\c99\common\labs.c
		_labs          		CODE           	55B4	0000	102

C:\Program Files\Microchip\xc8\v2.40\pic\sources\c99\common\labs.c estimated size: 102

C:\Program Files\Microchip\xc8\v2.40\pic\sources\c99\common\xxtofl.c
		___xxtofl      		CODE           	4174	0000	436

C:\Program Files\Microchip\xc8\v2.40\pic\sources\c99\common\xxtofl.c estimated size: 436

C:\Program Files\Microchip\xc8\v2.40\pic\sources\c99\common\nf_fputs.c
		_fputs         		CODE           	5D9C	0000	68

C:\Program Files\Microchip\xc8\v2.40\pic\sources\c99\common\nf_fputs.c estimated size: 68

colour_move.c
		_colour_move   		CODE           	3AAE	0000	632

colour_move.c estimated size: 632

C:\Program Files\Microchip\xc8\v2.40\pic\sources\c99\common\aomod.c
		___aomod       		CODE           	47C8	0000	356

C:\Program Files\Microchip\xc8\v2.40\pic\sources\c99\common\aomod.c estimated size: 356

shared
		__initialization		CODE           	54DC	0000	100

shared estimated size: 100

C:\Program Files\Microchip\xc8\v2.40\pic\sources\c99\common\strcpy.c
		_strcpy        		CODE           	5D58	0000	68

C:\Program Files\Microchip\xc8\v2.40\pic\sources\c99\common\strcpy.c estimated size: 68

C:\Program Files\Microchip\xc8\v2.40\pic\sources\c99\common\flge.c
		___flge        		CODE           	4A32	0000	260

C:\Program Files\Microchip\xc8\v2.40\pic\sources\c99\common\flge.c estimated size: 260

C:\Program Files\Microchip\xc8\v2.40\pic\sources\c99\common\putch.c
		_putch         		CODE           	6114	0000	2

C:\Program Files\Microchip\xc8\v2.40\pic\sources\c99\common\putch.c estimated size: 2

C:\Program Files\Microchip\xc8\v2.40\pic\sources\c99\common\doprnt.c
		_vfpfcnvrt     		CODE           	324A	0000	774
		_efgtoa        		CODE           	189E	0000	2554
		_pad           		CODE           	53EE	0000	122
		_dtoa          		CODE           	3830	0000	638
		_vfprintf      		CODE           	58A4	0000	86

C:\Program Files\Microchip\xc8\v2.40\pic\sources\c99\common\doprnt.c estimated size: 4174

main.c
		_main          		CODE           	3D26	0000	572

main.c estimated size: 572

C:\Program Files\Microchip\xc8\v2.40\pic\sources\c99\common\aodiv.c
		___aodiv       		CODE           	44D4	0000	392

C:\Program Files\Microchip\xc8\v2.40\pic\sources\c99\common\aodiv.c estimated size: 392

