Microchip MPLAB XC8 Compiler V2.40

Linker command line:

-W-3 \
  --edf=C:\Program Files\Microchip\xc8\v2.40\pic\dat\20220703182018_en.msgs \
  -cn \
  -h+dist/default/production\final-project-josh-and-edward.X.production.sym \
  --cmf=dist/default/production\final-project-josh-and-edward.X.production.cmf \
  -z -Q18F67K40 -oC:\Users\jford\AppData\Local\Temp\xcAshd0.4 \
  --defsym=__MPLAB_BUILD=1 --fixupoverflow=error \
  -Mdist/default/production/final-project-josh-and-edward.X.production.map \
  --md=C:\Users\jford\AppData\Local\Temp\xcAshd0.dat -E1 -ver=XC8 Compiler \
  --acfsm=1493 -ACODE=00h-01FFFFh -ACONST=00h-01FFFFh \
  -ASMALLCONST=0E00h-0EFFhx498 -AMEDIUMCONST=0E00h-0FFFFh,010E00h-01FFFFh \
  -ACOMRAM=01h-05Fh -AABS1=00h-0DE9h -ABIGRAM=01h-0DE9h \
  -ARAM=060h-0FFh,0100h-01FFhx12,0D00h-0DE9h -ABANK0=060h-0FFh \
  -ABANK1=0100h-01FFh -ABANK2=0200h-02FFh -ABANK3=0300h-03FFh \
  -ABANK4=0400h-04FFh -ABANK5=0500h-05FFh -ABANK6=0600h-06FFh \
  -ABANK7=0700h-07FFh -ABANK8=0800h-08FFh -ABANK9=0900h-09FFh \
  -ABANK10=0A00h-0AFFh -ABANK11=0B00h-0BFFh -ABANK12=0C00h-0CFFh \
  -ABANK13=0D00h-0DE9h \
  -ASFR=0DEFh-0DFFh,0E00h-0EFFh,0F00h-0F5Fh,0F60h-0FFFh \
  -ABIGSFR=0DEFh-0FFFh -ACONFIG=0300000h-030000Bh -AIDLOC=0200000h-020000Fh \
  -AEEDATA=0310000h-03103FFh -peeprom_data=EEDATA \
  -preset_vec=00h,intcode,intcodelo,powerup,init -pramtop=0E00h \
  -psmallconst=SMALLCONST -pmediumconst=MEDIUMCONST -pconst=CONST \
  -AFARRAM=00h-00h \
  -prdata=COMRAM,nvrram=COMRAM,nvbit=COMRAM,rbss=COMRAM,rbit=COMRAM \
  -pfarbss=FARRAM,fardata=FARRAM,nvFARRAM=FARRAM \
  -pintsave_regs=BIGRAM,bigbss=BIGRAM,bigdata=BIGRAM -pbss=RAM \
  -pidata=CODE,irdata=CODE,ibigdata=CODE,ifardata=CODE -prparam=COMRAM \
  C:\Users\jford\AppData\Local\Temp\xcAshd0.o \
  dist/default/production\final-project-josh-and-edward.X.production.o 

Object code version is 3.11

Machine type is 18F67K40



                Name                               Link     Load   Length Selector   Space Scale
C:\Users\jford\AppData\Local\Temp\xcAshd0.o
                idloc                            200000   200000       10        0       5
                config                           300000   300000        C        0       4
                init                                  0        0        4        0       0
dist/default/production\final-project-josh-and-edward.X.production.o
                idloc                            200000   200000       10        0       5
                config                           300000   300000        C        0       4
                smallconst                          E00      E00       5A      700       0
                text57                             2684     2684      39A      72D       0
                text56                             4314     4314       AA      72D       0
                text55                             4048     4048      104      72D       0
                text54                             225A     225A      42A      72D       0
                text53                             1D9A     1D9A      4C0      72D       0
                text52                             4A38     4A38       46      72D       0
                text51                             3F42     3F42      106      72D       0
                text50                             3936     3936      1B4      72D       0
                text49                             1854     1854      546      72D       0
                text48                             4D6E     4D6E        2     26B6       0
                text47                             4CE4     4CE4       20      72D       0
                text46                             4C26     4C26       2A      72D       0
                text45                             4C50     4C50       28      72D       0
                text44                             4D5A     4D5A        A      72D       0
                text43                             4D50     4D50        A      72D       0
                text42                             4D3A     4D3A        C      72D       0
                text41                             4CC4     4CC4       20      72D       0
                text40                             47BC     47BC       52      72D       0
                text39                             2A1E     2A1E      32E      72D       0
                text38                             4C9E     4C9E       26      72D       0
                text37                             445C     445C       88      72D       0
                text36                             4D04     4D04       1E      72D       0
                text35                             4B06     4B06       42      72D       0
                text34                             4D46     4D46        A      72D       0
                text33                             494E     494E       50      72D       0
                text32                             48FE     48FE       50      72D       0
                text31                             48AE     48AE       50      72D       0
                text30                             485E     485E       50      72D       0
                text29                             46B6     46B6       5E      72D       0
                text28                             4D22     4D22       18      72D       0
                text27                             4BF6     4BF6       30      72D       0
                text26                             3AEA     3AEA      188      72D       0
                text25                             3DDE     3DDE      164      72D       0
                text24                             4B48     4B48       40      72D       0
                text23                             4D6C     4D6C        2     26B6       0
                text22                             424A     424A       CA      72D       0
                text21                             4AC2     4AC2       44      72D       0
                text20                             4562     4562       7A      72D       0
                text19                             3052     3052      27E      72D       0
                text18                             4B88     4B88       38      72D       0
                text17                             414C     414C       FE      72D       0
                text16                             3544     3544      212      72D       0
                text15                             4650     4650       66      72D       0
                text14                             480E     480E       50      72D       0
                text13                             4A7E     4A7E       44      72D       0
                text12                              E5A      E5A      9FA      72D       0
                text11                             2D4C     2D4C      306      72D       0
                text10                             4714     4714       56      72D       0
                text9                              476A     476A       52      72D       0
                text8                              4BC0     4BC0       36      72D       0
                text7                              45DC     45DC       74      72D       0
                text6                              4C78     4C78       26      72D       0
                text5                              3C72     3C72      16C      72D       0
                text4                              44E4     44E4       7E      72D       0
                text3                              43BE     43BE       9E      72D       0
                text2                              499E     499E       4E      72D       0
                text1                              3756     3756      1E0      72D       0
                text0                              32D0     32D0      274      72D       0
                cstackCOMRAM                          1        1       5E        1       1
                cstackBANK0                          60       60       73       60       1
                cstackBANK1                         186      186       66      100       1
                bssBANK2                            200      200       D2      200       1
                bssBANK1                            100      100       86      100       1
                dataBANK0                            F9       F9        7       60       1
                bssBANK0                             D3       D3       26       60       1
                bssCOMRAM                            5F       5F        1        1       1
                cinit                              49EC     49EC       4C      72D       0
                idataBANK0                         4D64     4D64        7      72D       0

TOTAL           Name                               Link     Load   Length     Space
        CLASS   CODE           
                init                                  0        0        4         0
                text57                             2684     2684      39A         0
                text56                             4314     4314       AA         0
                text55                             4048     4048      104         0
                text54                             225A     225A      42A         0
                text53                             1D9A     1D9A      4C0         0
                text52                             4A38     4A38       46         0
                text51                             3F42     3F42      106         0
                text50                             3936     3936      1B4         0
                text49                             1854     1854      546         0
                text48                             4D6E     4D6E        2         0
                text47                             4CE4     4CE4       20         0
                text46                             4C26     4C26       2A         0
                text45                             4C50     4C50       28         0
                text44                             4D5A     4D5A        A         0
                text43                             4D50     4D50        A         0
                text42                             4D3A     4D3A        C         0
                text41                             4CC4     4CC4       20         0
                text40                             47BC     47BC       52         0
                text39                             2A1E     2A1E      32E         0
                text38                             4C9E     4C9E       26         0
                text37                             445C     445C       88         0
                text36                             4D04     4D04       1E         0
                text35                             4B06     4B06       42         0
                text34                             4D46     4D46        A         0
                text33                             494E     494E       50         0
                text32                             48FE     48FE       50         0
                text31                             48AE     48AE       50         0
                text30                             485E     485E       50         0
                text29                             46B6     46B6       5E         0
                text28                             4D22     4D22       18         0
                text27                             4BF6     4BF6       30         0
                text26                             3AEA     3AEA      188         0
                text25                             3DDE     3DDE      164         0
                text24                             4B48     4B48       40         0
                text23                             4D6C     4D6C        2         0
                text22                             424A     424A       CA         0
                text21                             4AC2     4AC2       44         0
                text20                             4562     4562       7A         0
                text19                             3052     3052      27E         0
                text18                             4B88     4B88       38         0
                text17                             414C     414C       FE         0
                text16                             3544     3544      212         0
                text15                             4650     4650       66         0
                text14                             480E     480E       50         0
                text13                             4A7E     4A7E       44         0
                text12                              E5A      E5A      9FA         0
                text11                             2D4C     2D4C      306         0
                text10                             4714     4714       56         0
                text9                              476A     476A       52         0
                text8                              4BC0     4BC0       36         0
                text7                              45DC     45DC       74         0
                text6                              4C78     4C78       26         0
                text5                              3C72     3C72      16C         0
                text4                              44E4     44E4       7E         0
                text3                              43BE     43BE       9E         0
                text2                              499E     499E       4E         0
                text1                              3756     3756      1E0         0
                text0                              32D0     32D0      274         0
                cinit                              49EC     49EC       4C         0
                idataBANK0                         4D64     4D64        7         0

        CLASS   CONST          

        CLASS   SMALLCONST     
                smallconst                          E00      E00       5A         0

        CLASS   MEDIUMCONST    

        CLASS   COMRAM         
                cstackCOMRAM                          1        1       5E         1
                bssCOMRAM                            5F       5F        1         1

        CLASS   ABS1           

        CLASS   BIGRAM         

        CLASS   RAM            

        CLASS   BANK0          
                cstackBANK0                          60       60       73         1
                dataBANK0                            F9       F9        7         1
                bssBANK0                             D3       D3       26         1

        CLASS   BANK1          
                cstackBANK1                         186      186       66         1
                bssBANK1                            100      100       86         1

        CLASS   BANK2          
                bssBANK2                            200      200       D2         1

        CLASS   BANK3          

        CLASS   BANK4          

        CLASS   BANK5          

        CLASS   BANK6          

        CLASS   BANK7          

        CLASS   BANK8          

        CLASS   BANK9          

        CLASS   BANK10         

        CLASS   BANK11         

        CLASS   BANK12         

        CLASS   BANK13         

        CLASS   SFR            

        CLASS   BIGSFR         

        CLASS   CONFIG         
                config                           300000   300000        C         4

        CLASS   IDLOC          
                idloc                            200000   200000       10         5

        CLASS   EEDATA         

        CLASS   FARRAM         

        CLASS   HEAP           

        CLASS   STACK          



SEGMENTS        Name                           Load    Length   Top    Selector   Space  Class

                reset_vec                      000000  000004  000004         0       0  CODE    
                cstackCOMRAM                   000001  00005F  000060         1       1  COMRAM  
                cstackBANK0                    000060  0000A0  000100        60       1  BANK0   
                bssBANK1                       000100  0000EC  0001EC       100       1  BANK1   
                bssBANK2                       000200  0000D2  0002D2       200       1  BANK2   
                smallconst                     000E00  00005A  000E5A       700       0  SMALLCON
                text12                         000E5A  003F11  004D6B       72D       0  CODE    
                text23                         004D6C  000004  004D70      26B6       0  CODE    


UNUSED ADDRESS RANGES

        Name                Unused          Largest block    Delta
        BANK1            0001EC-0001FF               14
        BANK10           000A00-000AFF              100
        BANK11           000B00-000BFF              100
        BANK12           000C00-000CFF              100
        BANK13           000D00-000DE9               EA
        BANK2            0002D2-0002FF               2E
        BANK3            000300-0003FF              100
        BANK4            000400-0004FF              100
        BANK5            000500-0005FF              100
        BANK6            000600-0006FF              100
        BANK7            000700-0007FF              100
        BANK8            000800-0008FF              100
        BANK9            000900-0009FF              100
        BIGRAM           0001EC-0001FF               14
                         0002D2-000DE9              B18
        BIGSFR           000DEF-000FFF              211
        CODE             000004-000DFF              DFC
                         004D6B-004D6B                1
                         004D70-01FFFF            1B290
        CONST            000004-000DFF              DFC
                         004D6B-004D6B                1
                         004D70-01FFFF            1B290
        EEDATA           310000-3103FF              400
        MEDIUMCONST      004D6B-004D6B                1
                         004D70-00FFFF             B290
                         010E00-01FFFF             F200
        RAM              0001EC-0001FF               14
                         0002D2-000DE9              100
        SFR              000DEF-000FFF              100
        SMALLCONST       004D6B-004D6B                1
                         004D70-01FFFF              100

                                  Symbol Table

?_Colour_decider               cstackCOMRAM 00004B
?___aodiv                      cstackCOMRAM 000001
?___aomod                      cstackCOMRAM 000001
?___fladd                      cstackCOMRAM 000001
?___fldiv                      cstackCOMRAM 000032
?___flmul                      cstackCOMRAM 000011
?___flneg                      cstackCOMRAM 000001
?___flsub                      cstackCOMRAM 00002A
?___fltol                      cstackCOMRAM 000001
?___fpclassifyf                cstackCOMRAM 000001
?___lwdiv                      cstackCOMRAM 000007
?___wmul                       cstackCOMRAM 000001
?___xxtofl                     cstackCOMRAM 000001
?_abs                          cstackCOMRAM 000013
?_color_read_Blue              cstackCOMRAM 000005
?_color_read_Green             cstackCOMRAM 000005
?_color_read_Red               cstackCOMRAM 000005
?_color_read_lum               cstackCOMRAM 000005
?_floorf                       cstackCOMRAM 00004B
?_labs                         cstackCOMRAM 000001
?_sprintf                      cstackBANK0  0000B0
?_vfprintf                     cstackBANK0  0000A8
Colour_decider@Cmax            cstackBANK0  000072
Colour_decider@Cmax_i          cstackBANK0  000064
Colour_decider@Cmin            cstackBANK0  000076
Colour_decider@Hue             cstackBANK0  00007C
Colour_decider@RGB_col         cstackBANK0  000066
Colour_decider@i               cstackBANK0  00007A
Colour_decider@rel             cstackCOMRAM 00004D
Colour_decider@vals            cstackCOMRAM 00004B
I2C_2_Master_Read@ack          cstackCOMRAM 000003
I2C_2_Master_Read@tmp          cstackCOMRAM 000004
I2C_2_Master_Write@data_byte   cstackCOMRAM 000002
TurnDelay@Turn45Delay          cstackCOMRAM 000001
_ANSELDbits                    (abs)        000EA7
_ANSELFbits                    (abs)        000EB4
_BAUD4CONbits                  (abs)        000EE9
_CCP1CONbits                   (abs)        000FAB
_CCP2CONbits                   (abs)        000FA7
_CCP3CONbits                   (abs)        000F26
_CCP4CONbits                   (abs)        000F22
_CCPR1H                        (abs)        000FAA
_CCPR2H                        (abs)        000FA6
_CCPR3H                        (abs)        000F25
_CCPR4H                        (abs)        000F21
_CCPTMRS0bits                  (abs)        000FAD
_Colour_decider                text49       001854
_Colour_decider$3126           cstackBANK0  000060
_DataFlag                      dataBANK0    0000FF
_EUSART4RXbuf                  bssBANK0     0000D3
_EUSART4TXbuf                  bssBANK2     000264
_I2C_2_Master_Idle             text45       004C50
_I2C_2_Master_Init             text46       004C26
_I2C_2_Master_Read             text35       004B06
_I2C_2_Master_RepStart         text34       004D46
_I2C_2_Master_Start            text44       004D5A
_I2C_2_Master_Stop             text43       004D50
_I2C_2_Master_Write            text42       004D3A
_Interrupts_init               text48       004D6E
_LATAbits                      (abs)        000F79
_LATDbits                      (abs)        000F7C
_LATFbits                      (abs)        000F7E
_LATGbits                      (abs)        000F7F
_LATHbits                      (abs)        000F80
_PIE4bits                      (abs)        000E2D
_PIR4bits                      (abs)        000E37
_PORTFbits                     (abs)        000F8E
_RC0PPS                        (abs)        000E62
_RC4REG                        (abs)        000EE3
_RC4STAbits                    (abs)        000EE7
_RC7PPS                        (abs)        000E69
_RD5PPS                        (abs)        000E6F
_RD6PPS                        (abs)        000E70
_RE2PPS                        (abs)        000E74
_RE4PPS                        (abs)        000E76
_RG6PPS                        (abs)        000E88
_RX4PPS                        (abs)        000E15
_RunOneBlockTime               dataBANK0    0000F9
_RxBufReadCnt                  bssBANK0     0000F7
_RxBufWriteCnt                 bssBANK0     0000F8
_SP4BRGH                       (abs)        000EE6
_SP4BRGL                       (abs)        000EE5
_SSP2ADD                       (abs)        000ED6
_SSP2BUF                       (abs)        000ED5
_SSP2CLKPPS                    (abs)        000E1C
_SSP2CON1bits                  (abs)        000ED9
_SSP2CON2                      (abs)        000EDA
_SSP2CON2bits                  (abs)        000EDA
_SSP2DATPPS                    (abs)        000E1D
_SSP2STAT                      (abs)        000ED8
_T0CON0bits                    (abs)        000FD5
_T0CON1bits                    (abs)        000FD6
_T2CLKCONbits                  (abs)        000FBF
_T2CONbits                     (abs)        000FBD
_T2HLTbits                     (abs)        000FBE
_T2PR                          (abs)        000FBC
_TMR0H                         (abs)        000FD4
_TMR0L                         (abs)        000FD3
_TRISAbits                     (abs)        000F81
_TRISCbits                     (abs)        000F83
_TRISDbits                     (abs)        000F84
_TRISEbits                     (abs)        000F85
_TRISFbits                     (abs)        000F86
_TRISGbits                     (abs)        000F87
_TRISHbits                     (abs)        000F88
_TX4REG                        (abs)        000EE4
_TX4STAbits                    (abs)        000EE8
_Time_forward                  bssBANK2     000200
_Timer0_init                   text47       004CE4
_Turn45Delay                   dataBANK0    0000FB
_TurnDelay                     text8        004BC0
_TxBufReadCnt                  bssBANK0     0000F6
_TxBufWriteCnt                 bssCOMRAM    00005F
_WayBack                       bssBANK2     0002A0
__HRAM                         (abs)        000000
__Habs1                        abs1         000000
__Hbank0                       bank0        000000
__Hbank1                       bank1        000000
__Hbank10                      bank10       000000
__Hbank11                      bank11       000000
__Hbank12                      bank12       000000
__Hbank13                      bank13       000000
__Hbank2                       bank2        000000
__Hbank3                       bank3        000000
__Hbank4                       bank4        000000
__Hbank5                       bank5        000000
__Hbank6                       bank6        000000
__Hbank7                       bank7        000000
__Hbank8                       bank8        000000
__Hbank9                       bank9        000000
__Hbigbss                      bigbss       000000
__Hbigdata                     bigdata      000000
__Hbigram                      bigram       000000
__Hbigsfr                      bigsfr       000000
__Hbss                         bss          000000
__HbssBANK0                    bssBANK0     000000
__HbssBANK1                    bssBANK1     000000
__HbssBANK2                    bssBANK2     000000
__HbssCOMRAM                   bssCOMRAM    000000
__Hcinit                       cinit        000000
__Hclrtext                     clrtext      000000
__Hcomram                      comram       000000
__Hconfig                      config       30000C
__Hconst                       const        000000
__HcstackBANK0                 cstackBANK0  000000
__HcstackBANK1                 cstackBANK1  000000
__HcstackCOMRAM                cstackCOMRAM 000000
__Hdata                        data         000000
__HdataBANK0                   dataBANK0    000000
__Heeprom_data                 eeprom_data  000000
__Hfarbss                      farbss       000000
__Hfardata                     fardata      000000
__Hheap                        heap         000000
__Hibigdata                    ibigdata     000000
__Hidata                       idata        000000
__HidataBANK0                  idataBANK0   000000
__Hidloc                       idloc        200010
__Hifardata                    ifardata     000000
__Hinit                        init         000004
__Hintcode                     intcode      000000
__Hintcode_body                intcode_body 000000
__Hintcodelo                   intcodelo    000000
__Hintentry                    intentry     000000
__Hintret                      intret       000000
__Hintsave_regs                intsave_regs 000000
__Hirdata                      irdata       000000
__Hmediumconst                 mediumconst  000000
__HnvFARRAM                    nvFARRAM     000000
__Hnvbit                       nvbit        000000
__Hnvrram                      nvrram       000000
__Hparam                       rparam       000000
__Hpowerup                     powerup      000000
__Hram                         ram          000000
__Hramtop                      ramtop       000E00
__Hrbit                        rbit         000000
__Hrbss                        rbss         000000
__Hrdata                       rdata        000000
__Hreset_vec                   reset_vec    000000
__Hrparam                      rparam       000000
__Hsfr                         sfr          000000
__Hsmallconst                  smallconst   000E5A
__Hspace_0                     (abs)        004D70
__Hspace_1                     (abs)        0002D2
__Hspace_2                     (abs)        000000
__Hspace_4                     (abs)        60000C
__Hstack                       stack        000000
__Hstruct                      struct       000000
__Htemp                        temp         000000
__Htext                        text         000000
__Htext0                       text0        000000
__Htext1                       text1        000000
__Htext10                      text10       000000
__Htext11                      text11       000000
__Htext12                      text12       000000
__Htext13                      text13       000000
__Htext14                      text14       000000
__Htext15                      text15       000000
__Htext16                      text16       000000
__Htext17                      text17       000000
__Htext18                      text18       000000
__Htext19                      text19       000000
__Htext2                       text2        000000
__Htext20                      text20       000000
__Htext21                      text21       000000
__Htext22                      text22       000000
__Htext23                      text23       000000
__Htext24                      text24       000000
__Htext25                      text25       000000
__Htext26                      text26       000000
__Htext27                      text27       000000
__Htext28                      text28       000000
__Htext29                      text29       000000
__Htext3                       text3        000000
__Htext30                      text30       000000
__Htext31                      text31       000000
__Htext32                      text32       000000
__Htext33                      text33       000000
__Htext34                      text34       000000
__Htext35                      text35       000000
__Htext36                      text36       000000
__Htext37                      text37       000000
__Htext38                      text38       000000
__Htext39                      text39       000000
__Htext4                       text4        000000
__Htext40                      text40       000000
__Htext41                      text41       000000
__Htext42                      text42       000000
__Htext43                      text43       000000
__Htext44                      text44       000000
__Htext45                      text45       000000
__Htext46                      text46       000000
__Htext47                      text47       000000
__Htext48                      text48       000000
__Htext49                      text49       000000
__Htext5                       text5        000000
__Htext50                      text50       000000
__Htext51                      text51       000000
__Htext52                      text52       000000
__Htext53                      text53       000000
__Htext54                      text54       000000
__Htext55                      text55       000000
__Htext56                      text56       000000
__Htext57                      text57       000000
__Htext6                       text6        000000
__Htext7                       text7        000000
__Htext8                       text8        000000
__Htext9                       text9        000000
__LRAM                         (abs)        000001
__Labs1                        abs1         000000
__Lbank0                       bank0        000000
__Lbank1                       bank1        000000
__Lbank10                      bank10       000000
__Lbank11                      bank11       000000
__Lbank12                      bank12       000000
__Lbank13                      bank13       000000
__Lbank2                       bank2        000000
__Lbank3                       bank3        000000
__Lbank4                       bank4        000000
__Lbank5                       bank5        000000
__Lbank6                       bank6        000000
__Lbank7                       bank7        000000
__Lbank8                       bank8        000000
__Lbank9                       bank9        000000
__Lbigbss                      bigbss       000000
__Lbigdata                     bigdata      000000
__Lbigram                      bigram       000000
__Lbigsfr                      bigsfr       000000
__Lbss                         bss          000000
__LbssBANK0                    bssBANK0     000000
__LbssBANK1                    bssBANK1     000000
__LbssBANK2                    bssBANK2     000000
__LbssCOMRAM                   bssCOMRAM    000000
__Lcinit                       cinit        000000
__Lclrtext                     clrtext      000000
__Lcomram                      comram       000000
__Lconfig                      config       000000
__Lconst                       const        000000
__LcstackBANK0                 cstackBANK0  000000
__LcstackBANK1                 cstackBANK1  000000
__LcstackCOMRAM                cstackCOMRAM 000000
__Ldata                        data         000000
__LdataBANK0                   dataBANK0    000000
__Leeprom_data                 eeprom_data  000000
__Lfarbss                      farbss       000000
__Lfardata                     fardata      000000
__Lheap                        heap         000000
__Libigdata                    ibigdata     000000
__Lidata                       idata        000000
__LidataBANK0                  idataBANK0   000000
__Lidloc                       idloc        000000
__Lifardata                    ifardata     000000
__Linit                        init         000000
__Lintcode                     intcode      000000
__Lintcode_body                intcode_body 000000
__Lintcodelo                   intcodelo    000000
__Lintentry                    intentry     000000
__Lintret                      intret       000000
__Lintsave_regs                intsave_regs 000000
__Lirdata                      irdata       000000
__Lmediumconst                 mediumconst  000000
__LnvFARRAM                    nvFARRAM     000000
__Lnvbit                       nvbit        000000
__Lnvrram                      nvrram       000000
__Lparam                       rparam       000000
__Lpowerup                     powerup      000000
__Lram                         ram          000000
__Lramtop                      ramtop       000E00
__Lrbit                        rbit         000000
__Lrbss                        rbss         000000
__Lrdata                       rdata        000000
__Lreset_vec                   reset_vec    000000
__Lrparam                      rparam       000000
__Lsfr                         sfr          000000
__Lsmallconst                  smallconst   000E00
__Lspace_0                     (abs)        000000
__Lspace_1                     (abs)        000000
__Lspace_2                     (abs)        000000
__Lspace_4                     (abs)        000000
__Lstack                       stack        000000
__Lstruct                      struct       000000
__Ltemp                        temp         000000
__Ltext                        text         000000
__Ltext0                       text0        000000
__Ltext1                       text1        000000
__Ltext10                      text10       000000
__Ltext11                      text11       000000
__Ltext12                      text12       000000
__Ltext13                      text13       000000
__Ltext14                      text14       000000
__Ltext15                      text15       000000
__Ltext16                      text16       000000
__Ltext17                      text17       000000
__Ltext18                      text18       000000
__Ltext19                      text19       000000
__Ltext2                       text2        000000
__Ltext20                      text20       000000
__Ltext21                      text21       000000
__Ltext22                      text22       000000
__Ltext23                      text23       000000
__Ltext24                      text24       000000
__Ltext25                      text25       000000
__Ltext26                      text26       000000
__Ltext27                      text27       000000
__Ltext28                      text28       000000
__Ltext29                      text29       000000
__Ltext3                       text3        000000
__Ltext30                      text30       000000
__Ltext31                      text31       000000
__Ltext32                      text32       000000
__Ltext33                      text33       000000
__Ltext34                      text34       000000
__Ltext35                      text35       000000
__Ltext36                      text36       000000
__Ltext37                      text37       000000
__Ltext38                      text38       000000
__Ltext39                      text39       000000
__Ltext4                       text4        000000
__Ltext40                      text40       000000
__Ltext41                      text41       000000
__Ltext42                      text42       000000
__Ltext43                      text43       000000
__Ltext44                      text44       000000
__Ltext45                      text45       000000
__Ltext46                      text46       000000
__Ltext47                      text47       000000
__Ltext48                      text48       000000
__Ltext49                      text49       000000
__Ltext5                       text5        000000
__Ltext50                      text50       000000
__Ltext51                      text51       000000
__Ltext52                      text52       000000
__Ltext53                      text53       000000
__Ltext54                      text54       000000
__Ltext55                      text55       000000
__Ltext56                      text56       000000
__Ltext57                      text57       000000
__Ltext6                       text6        000000
__Ltext7                       text7        000000
__Ltext8                       text8        000000
__Ltext9                       text9        000000
__S0                           (abs)        004D70
__S1                           (abs)        0002D2
__S4                           (abs)        000000
__S5                           (abs)        000000
___aodiv                       text26       003AEA
___aodiv@counter               cstackCOMRAM 000011
___aodiv@dividend              cstackCOMRAM 000001
___aodiv@divisor               cstackCOMRAM 000009
___aodiv@quotient              cstackCOMRAM 000013
___aodiv@sign                  cstackCOMRAM 000012
___aomod                       text25       003DDE
___aomod@counter               cstackCOMRAM 000011
___aomod@dividend              cstackCOMRAM 000001
___aomod@divisor               cstackCOMRAM 000009
___aomod@sign                  cstackCOMRAM 000012
___fladd                       text53       001D9A
___fladd@a                     cstackCOMRAM 000005
___fladd@aexp                  cstackCOMRAM 00000E
___fladd@b                     cstackCOMRAM 000001
___fladd@bexp                  cstackCOMRAM 00000F
___fladd@grs                   cstackCOMRAM 000010
___fladd@signs                 cstackCOMRAM 00000D
___fldiv                       text57       002684
___fldiv@a                     cstackCOMRAM 000036
___fldiv@aexp                  cstackCOMRAM 00004A
___fldiv@b                     cstackCOMRAM 000032
___fldiv@bexp                  cstackCOMRAM 000049
___fldiv@grs                   cstackCOMRAM 000045
___fldiv@new_exp               cstackCOMRAM 000043
___fldiv@rem                   cstackCOMRAM 00003E
___fldiv@sign                  cstackCOMRAM 000042
___fleq                        text56       004314
___fleq@ff1                    cstackCOMRAM 000032
___fleq@ff2                    cstackCOMRAM 000036
___flge                        text55       004048
___flge@ff1                    cstackCOMRAM 00002A
___flge@ff2                    cstackCOMRAM 00002E
___flmul                       text54       00225A
___flmul@a                     cstackCOMRAM 000015
___flmul@aexp                  cstackCOMRAM 000022
___flmul@b                     cstackCOMRAM 000011
___flmul@bexp                  cstackCOMRAM 000023
___flmul@grs                   cstackCOMRAM 00001E
___flmul@prod                  cstackCOMRAM 000024
___flmul@sign                  cstackCOMRAM 00001D
___flmul@temp                  cstackCOMRAM 000028
___flneg                       text18       004B88
___flneg@f1                    cstackCOMRAM 000001
___flsub                       text52       004A38
___flsub@a                     cstackCOMRAM 00002E
___flsub@b                     cstackCOMRAM 00002A
___fltol                       text51       003F42
___fltol@exp1                  cstackCOMRAM 00000A
___fltol@f1                    cstackCOMRAM 000001
___fltol@sign1                 cstackCOMRAM 000009
___fpclassifyf                 text17       00414C
___fpclassifyf@F465            bssBANK0     0000EB
___fpclassifyf@e               cstackCOMRAM 000009
___fpclassifyf@u               cstackCOMRAM 00000B
___fpclassifyf@x               cstackCOMRAM 000001
___heap_hi                     (abs)        000000
___heap_lo                     (abs)        000000
___inthi_sp                    stack        000000
___intlo_sp                    stack        000000
___lwdiv                       text7        0045DC
___lwdiv@counter               cstackCOMRAM 00000D
___lwdiv@dividend              cstackCOMRAM 000007
___lwdiv@divisor               cstackCOMRAM 000009
___lwdiv@quotient              cstackCOMRAM 00000B
___param_bank                  (abs)        000000
___rparam_used                 (abs)        000001
___sp                          stack        000000
___wmul                        text6        004C78
___wmul@multiplicand           cstackCOMRAM 000003
___wmul@multiplier             cstackCOMRAM 000001
___wmul@product                cstackCOMRAM 000005
___xxtofl                      text50       003936
___xxtofl@arg                  cstackCOMRAM 00000B
___xxtofl@exp                  cstackCOMRAM 00000A
___xxtofl@sign                 cstackCOMRAM 000009
___xxtofl@val                  cstackCOMRAM 000001
__accesstop                    (abs)        000060
__activetblptr                 (abs)        000003
__end_of_Colour_decider        text49       001D9A
__end_of_I2C_2_Master_Idle     text45       004C78
__end_of_I2C_2_Master_Init     text46       004C50
__end_of_I2C_2_Master_Read     text35       004B48
__end_of_I2C_2_Master_RepStart text34       004D50
__end_of_I2C_2_Master_Start    text44       004D64
__end_of_I2C_2_Master_Stop     text43       004D5A
__end_of_I2C_2_Master_Write    text42       004D46
__end_of_Interrupts_init       text48       004D70
__end_of_Timer0_init           text47       004D04
__end_of_TurnDelay             text8        004BF6
__end_of___aodiv               text26       003C72
__end_of___aomod               text25       003F42
__end_of___fladd               text53       00225A
__end_of___fldiv               text57       002A1E
__end_of___fleq                text56       0043BE
__end_of___flge                text55       00414C
__end_of___flmul               text54       002684
__end_of___flneg               text18       004BC0
__end_of___flsub               text52       004A7E
__end_of___fltol               text51       004048
__end_of___fpclassifyf         text17       00424A
__end_of___lwdiv               text7        004650
__end_of___wmul                text6        004C9E
__end_of___xxtofl              text50       003AEA
__end_of__initialization       cinit        004A32
__end_of_abs                   text24       004B88
__end_of_color_click_init      text40       00480E
__end_of_color_read_Blue       text33       00499E
__end_of_color_read_Green      text32       00494E
__end_of_color_read_Red        text31       0048FE
__end_of_color_read_lum        text30       0048AE
__end_of_color_writetoaddr     text41       004CE4
__end_of_colour_rel            text39       002D4C
__end_of_dtoa                  text19       0032D0
__end_of_efgtoa                text12       001854
__end_of_floorf                text16       003756
__end_of_fputc                 text22       004314
__end_of_fputs                 text21       004B06
__end_of_getTMR0val            text38       004CC4
__end_of_initDCmotorsPWM       text37       0044E4
__end_of_initUSART4            text36       004D22
__end_of_labs                  text15       0046B6
__end_of_main                  text0        003544
__end_of_memcpy                text14       00485E
__end_of_pad                   text20       0045DC
__end_of_putch                 text23       004D6E
__end_of_readColours           text29       004714
__end_of_sendCharSerial4       text28       004D3A
__end_of_sendStringSerial4     text27       004C26
__end_of_setMotorPWM           text5        003DDE
__end_of_sprintf               text9        0047BC
__end_of_stop                  text4        004562
__end_of_strcpy                text13       004AC2
__end_of_turnCalibration       text1        003936
__end_of_turnLeft              text3        00445C
__end_of_turnLeft45            text2        0049EC
__end_of_vfpfcnvrt             text11       003052
__end_of_vfprintf              text10       00476A
__initialization               cinit        0049EC
__mediumconst                  mediumconst  000000
__pbssBANK0                    bssBANK0     0000D3
__pbssBANK1                    bssBANK1     000100
__pbssBANK2                    bssBANK2     000200
__pbssCOMRAM                   bssCOMRAM    00005F
__pcinit                       cinit        0049EC
__pcstackBANK0                 cstackBANK0  000060
__pcstackBANK1                 cstackBANK1  000186
__pcstackCOMRAM                cstackCOMRAM 000001
__pdataBANK0                   dataBANK0    0000F9
__pidataBANK0                  idataBANK0   004D64
__psmallconst                  smallconst   000E00
__ptext0                       text0        0032D0
__ptext1                       text1        003756
__ptext10                      text10       004714
__ptext11                      text11       002D4C
__ptext12                      text12       000E5A
__ptext13                      text13       004A7E
__ptext14                      text14       00480E
__ptext15                      text15       004650
__ptext16                      text16       003544
__ptext17                      text17       00414C
__ptext18                      text18       004B88
__ptext19                      text19       003052
__ptext2                       text2        00499E
__ptext20                      text20       004562
__ptext21                      text21       004AC2
__ptext22                      text22       00424A
__ptext23                      text23       004D6C
__ptext24                      text24       004B48
__ptext25                      text25       003DDE
__ptext26                      text26       003AEA
__ptext27                      text27       004BF6
__ptext28                      text28       004D22
__ptext29                      text29       0046B6
__ptext3                       text3        0043BE
__ptext30                      text30       00485E
__ptext31                      text31       0048AE
__ptext32                      text32       0048FE
__ptext33                      text33       00494E
__ptext34                      text34       004D46
__ptext35                      text35       004B06
__ptext36                      text36       004D04
__ptext37                      text37       00445C
__ptext38                      text38       004C9E
__ptext39                      text39       002A1E
__ptext4                       text4        0044E4
__ptext40                      text40       0047BC
__ptext41                      text41       004CC4
__ptext42                      text42       004D3A
__ptext43                      text43       004D50
__ptext44                      text44       004D5A
__ptext45                      text45       004C50
__ptext46                      text46       004C26
__ptext47                      text47       004CE4
__ptext48                      text48       004D6E
__ptext49                      text49       001854
__ptext5                       text5        003C72
__ptext50                      text50       003936
__ptext51                      text51       003F42
__ptext52                      text52       004A38
__ptext53                      text53       001D9A
__ptext54                      text54       00225A
__ptext55                      text55       004048
__ptext56                      text56       004314
__ptext57                      text57       002684
__ptext6                       text6        004C78
__ptext7                       text7        0045DC
__ptext8                       text8        004BC0
__ptext9                       text9        00476A
__ramtop                       ramtop       000E00
__smallconst                   smallconst   000E00
_abs                           text24       004B48
_color_click_init              text40       0047BC
_color_read_Blue               text33       00494E
_color_read_Green              text32       0048FE
_color_read_Red                text31       0048AE
_color_read_lum                text30       00485E
_color_writetoaddr             text41       004CC4
_colour_rel                    text39       002A1E
_colour_rel$3124               cstackBANK0  000064
_colour_rel$3125               cstackBANK0  000068
_dbuf                          bssBANK1     000110
_dtoa                          text19       003052
_dtoa$2696                     cstackCOMRAM 00002E
_efgtoa                        text12       000E5A
_efgtoa$2727                   cstackBANK0  00006F
_flags                         bssBANK0     0000F5
_floorf                        text16       003544
_fputc                         text22       00424A
_fputs                         text21       004AC2
_getTMR0val                    text38       004C9E
_initDCmotorsPWM               text37       00445C
_initUSART4                    text36       004D04
_labs                          text15       004650
_lost_flag                     bssBANK0     0000F3
_main                          text0        0032D0
_memcpy                        text14       00480E
_motorL                        bssBANK1     000175
_motorR                        bssBANK1     00016C
_move_count                    bssBANK1     00010C
_pad                           text20       004562
_power                         dataBANK0    0000FD
_prec                          bssBANK0     0000F1
_putch                         text23       004D6C
_readColours                   text29       0046B6
_rel                           bssBANK1     000160
_run_flag                      bssBANK1     00010E
_sendCharSerial4               text28       004D22
_sendStringSerial4             text27       004BF6
_setMotorPWM                   text5        003C72
_sprintf                       text9        00476A
_stop                          text4        0044E4
_strcpy                        text13       004A7E
_turnCalibration               text1        003756
_turnLeft                      text3        0043BE
_turnLeft45                    text2        00499E
_vals                          bssBANK1     00017E
_vfpfcnvrt                     text11       002D4C
_vfprintf                      text10       004714
_width                         bssBANK0     0000EF
abs@a                          cstackCOMRAM 000013
color_read_Blue@tmp            cstackCOMRAM 00000A
color_read_Green@tmp           cstackCOMRAM 00000A
color_read_Red@tmp             cstackCOMRAM 00000A
color_read_lum@tmp             cstackCOMRAM 00000A
color_writetoaddr@address      cstackCOMRAM 000004
color_writetoaddr@value        cstackCOMRAM 000003
colour_rel@B                   cstackBANK0  000074
colour_rel@G                   cstackBANK0  000070
colour_rel@L                   cstackBANK0  000060
colour_rel@R                   cstackBANK0  00006C
colour_rel@rel                 cstackCOMRAM 00004D
colour_rel@vals                cstackCOMRAM 00004B
dtoa@d                         cstackCOMRAM 00001E
dtoa@fp                        cstackCOMRAM 00001C
dtoa@i                         cstackCOMRAM 00003C
dtoa@n                         cstackCOMRAM 000034
dtoa@p                         cstackCOMRAM 000030
dtoa@s                         cstackCOMRAM 00003E
dtoa@w                         cstackCOMRAM 000032
efgtoa@c                       cstackBANK0  000066
efgtoa@d                       cstackBANK0  000074
efgtoa@e                       cstackBANK0  000078
efgtoa@f                       cstackBANK0  000062
efgtoa@fp                      cstackBANK0  000060
efgtoa@g                       cstackBANK0  00008D
efgtoa@h                       cstackBANK0  000082
efgtoa@i                       cstackBANK0  000080
efgtoa@l                       cstackBANK0  000086
efgtoa@m                       cstackBANK0  000076
efgtoa@mode                    cstackBANK0  000072
efgtoa@n                       cstackBANK0  00008B
efgtoa@ne                      cstackBANK0  000069
efgtoa@nmode                   cstackBANK0  000073
efgtoa@ou                      cstackBANK0  00007C
efgtoa@p                       cstackBANK0  00006B
efgtoa@pp                      cstackBANK0  000071
efgtoa@sign                    cstackBANK0  00008A
efgtoa@t                       cstackBANK0  00006D
efgtoa@u                       cstackBANK0  000091
efgtoa@w                       cstackBANK0  00007A
end_of_initialization          cinit        004A32
floorf@F526                    bssBANK0     0000E7
floorf@e                       cstackCOMRAM 000059
floorf@m                       cstackCOMRAM 000055
floorf@u                       cstackCOMRAM 00005B
floorf@x                       cstackCOMRAM 00004B
fputc@c                        cstackCOMRAM 000001
fputc@fp                       cstackCOMRAM 000003
fputs@c                        cstackCOMRAM 00000E
fputs@fp                       cstackCOMRAM 00000C
fputs@i                        cstackCOMRAM 00000F
fputs@s                        cstackCOMRAM 00000A
getTMR0val@moving              cstackCOMRAM 000001
initDCmotorsPWM@PWMperiod      cstackCOMRAM 000001
intlevel0                      text         000000
intlevel1                      text         000000
intlevel2                      text         000000
intlevel3                      text         000000
isa$std                        (abs)        000001
isa$xinst                      (abs)        000000
labs@a                         cstackCOMRAM 000001
main@buf                       cstackBANK1  000186
main@colour                    cstackBANK1  0001EA
memcpy@d                       cstackCOMRAM 000007
memcpy@d1                      cstackCOMRAM 000001
memcpy@n                       cstackCOMRAM 000005
memcpy@s                       cstackCOMRAM 000009
memcpy@s1                      cstackCOMRAM 000003
memcpy@tmp                     cstackCOMRAM 00000B
pad@buf                        cstackCOMRAM 000013
pad@fp                         cstackCOMRAM 000011
pad@i                          cstackCOMRAM 000018
pad@p                          cstackCOMRAM 000015
pad@w                          cstackCOMRAM 00001A
readColours@vals               cstackCOMRAM 00000C
sendCharSerial4@charToSend     cstackCOMRAM 000001
sendStringSerial4@string       cstackCOMRAM 000002
setMotorPWM@m                  cstackCOMRAM 00000E
setMotorPWM@negDuty            cstackCOMRAM 000013
setMotorPWM@posDuty            cstackCOMRAM 000012
sprintf@ap                     cstackBANK0  0000C4
sprintf@f                      cstackBANK0  0000C6
sprintf@fmt                    cstackBANK0  0000B2
sprintf@s                      cstackBANK0  0000B0
stackhi                        (abs)        000000
stacklo                        (abs)        000000
start                          init         000000
start_initialization           cinit        0049EC
stop@mL                        cstackCOMRAM 000014
stop@mR                        cstackCOMRAM 000016
strcpy@d                       cstackCOMRAM 000007
strcpy@dest                    cstackCOMRAM 000001
strcpy@s                       cstackCOMRAM 000005
strcpy@src                     cstackCOMRAM 000003
turnCalibration@mL             cstackCOMRAM 000020
turnCalibration@mR             cstackCOMRAM 000022
turnLeft45@mL                  cstackCOMRAM 00001A
turnLeft45@mR                  cstackCOMRAM 00001C
turnLeft@mL                    cstackCOMRAM 000014
turnLeft@mR                    cstackCOMRAM 000016
vfpfcnvrt@ap                   cstackBANK0  000099
vfpfcnvrt@c                    cstackBANK0  0000A5
vfpfcnvrt@convarg              cstackBANK0  00009D
vfpfcnvrt@cp                   cstackBANK0  0000A6
vfpfcnvrt@fmt                  cstackBANK0  000097
vfpfcnvrt@fp                   cstackBANK0  000095
vfprintf@ap                    cstackBANK0  0000AC
vfprintf@cfmt                  cstackBANK0  0000AE
vfprintf@fmt                   cstackBANK0  0000AA
vfprintf@fp                    cstackBANK0  0000A8


MODULE INFORMATION

Module		Function		Class		Link	Load	Size
C:\Program Files\Microchip\xc8\v2.40\pic\sources\c99\common\sprcmul.c
		___flmul       		CODE           	225A	0000	1066

C:\Program Files\Microchip\xc8\v2.40\pic\sources\c99\common\sprcmul.c estimated size: 1066

C:\Program Files\Microchip\xc8\v2.40\pic\sources\c99\common\nf_fputc.c
		_fputc         		CODE           	424A	0000	202

C:\Program Files\Microchip\xc8\v2.40\pic\sources\c99\common\nf_fputc.c estimated size: 202

serial.c
		_sendStringSerial4		CODE           	4BF6	0000	48
		_sendCharSerial4		CODE           	4D22	0000	24
		_initUSART4    		CODE           	4D04	0000	30

serial.c estimated size: 102

timers.c
		_getTMR0val    		CODE           	4C9E	0000	38
		_Timer0_init   		CODE           	4CE4	0000	32

timers.c estimated size: 70

C:\Program Files\Microchip\xc8\v2.40\pic\sources\c99\common\sprcdiv.c
		___fldiv       		CODE           	2684	0000	922

C:\Program Files\Microchip\xc8\v2.40\pic\sources\c99\common\sprcdiv.c estimated size: 922

C:\Program Files\Microchip\xc8\v2.40\pic\sources\c99\common\lwdiv.c
		___lwdiv       		CODE           	45DC	0000	116

C:\Program Files\Microchip\xc8\v2.40\pic\sources\c99\common\lwdiv.c estimated size: 116

C:\Program Files\Microchip\xc8\v2.40\pic\sources\c99\common\nf_sprintf.c
		_sprintf       		CODE           	476A	0000	82

C:\Program Files\Microchip\xc8\v2.40\pic\sources\c99\common\nf_sprintf.c estimated size: 82

C:\Program Files\Microchip\xc8\v2.40\pic\sources\c99\common\memcpy.c
		_memcpy        		CODE           	480E	0000	80

C:\Program Files\Microchip\xc8\v2.40\pic\sources\c99\common\memcpy.c estimated size: 80

color.c
		_color_writetoaddr		CODE           	4CC4	0000	32
		_readColours   		CODE           	46B6	0000	94
		_color_click_init		CODE           	47BC	0000	82
		_Colour_decider		CODE           	1854	0000	1350
		_colour_rel    		CODE           	2A1E	0000	814
		_color_read_Green		CODE           	48FE	0000	80
		_color_read_Red		CODE           	48AE	0000	80
		_color_read_lum		CODE           	485E	0000	80
		_color_read_Blue		CODE           	494E	0000	80

color.c estimated size: 2692

C:\Program Files\Microchip\xc8\v2.40\pic\sources\c99\common\fltol.c
		___fltol       		CODE           	3F42	0000	262

C:\Program Files\Microchip\xc8\v2.40\pic\sources\c99\common\fltol.c estimated size: 262

C:\Program Files\Microchip\xc8\v2.40\pic\sources\c99\common\Umul16.c
		___wmul        		CODE           	4C78	0000	38

C:\Program Files\Microchip\xc8\v2.40\pic\sources\c99\common\Umul16.c estimated size: 38

C:\Program Files\Microchip\xc8\v2.40\pic\sources\c99\common\fleq.c
		___fleq        		CODE           	4314	0000	170

C:\Program Files\Microchip\xc8\v2.40\pic\sources\c99\common\fleq.c estimated size: 170

dc_motor.c
		_turnLeft      		CODE           	43BE	0000	158
		_turnLeft45    		CODE           	499E	0000	78
		_stop          		CODE           	44E4	0000	126
		_initDCmotorsPWM		CODE           	445C	0000	136
		_setMotorPWM   		CODE           	3C72	0000	364
		_TurnDelay     		CODE           	4BC0	0000	54
		_turnCalibration		CODE           	3756	0000	480

dc_motor.c estimated size: 1396

interrupts.c
		_Interrupts_init		CODE           	4D6E	0000	2

interrupts.c estimated size: 2

C:\Program Files\Microchip\xc8\v2.40\pic\sources\c99\common\abs.c
		_abs           		CODE           	4B48	0000	64

C:\Program Files\Microchip\xc8\v2.40\pic\sources\c99\common\abs.c estimated size: 64

i2c.c
		_I2C_2_Master_Start		CODE           	4D5A	0000	10
		_I2C_2_Master_Read		CODE           	4B06	0000	66
		_I2C_2_Master_Idle		CODE           	4C50	0000	40
		_I2C_2_Master_Init		CODE           	4C26	0000	42
		_I2C_2_Master_Stop		CODE           	4D50	0000	10
		_I2C_2_Master_RepStart		CODE           	4D46	0000	10
		_I2C_2_Master_Write		CODE           	4D3A	0000	12

i2c.c estimated size: 190

C:\Program Files\Microchip\xc8\v2.40\pic\sources\c99\common\__fpclassifyf.c
		___fpclassifyf 		CODE           	414C	0000	254

C:\Program Files\Microchip\xc8\v2.40\pic\sources\c99\common\__fpclassifyf.c estimated size: 254

C:\Program Files\Microchip\xc8\v2.40\pic\sources\c99\common\sprcadd.c
		___flsub       		CODE           	4A38	0000	70
		___fladd       		CODE           	1D9A	0000	1216

C:\Program Files\Microchip\xc8\v2.40\pic\sources\c99\common\sprcadd.c estimated size: 1286

C:\Program Files\Microchip\xc8\v2.40\pic\sources\c99\common\floorf.c
		_floorf        		CODE           	3544	0000	530

C:\Program Files\Microchip\xc8\v2.40\pic\sources\c99\common\floorf.c estimated size: 530

C:\Program Files\Microchip\xc8\v2.40\pic\sources\c99\common\flneg.c
		___flneg       		CODE           	4B88	0000	56

C:\Program Files\Microchip\xc8\v2.40\pic\sources\c99\common\flneg.c estimated size: 56

C:\Program Files\Microchip\xc8\v2.40\pic\sources\c99\common\labs.c
		_labs          		CODE           	4650	0000	102

C:\Program Files\Microchip\xc8\v2.40\pic\sources\c99\common\labs.c estimated size: 102

C:\Program Files\Microchip\xc8\v2.40\pic\sources\c99\common\xxtofl.c
		___xxtofl      		CODE           	3936	0000	436

C:\Program Files\Microchip\xc8\v2.40\pic\sources\c99\common\xxtofl.c estimated size: 436

C:\Program Files\Microchip\xc8\v2.40\pic\sources\c99\common\nf_fputs.c
		_fputs         		CODE           	4AC2	0000	68

C:\Program Files\Microchip\xc8\v2.40\pic\sources\c99\common\nf_fputs.c estimated size: 68

C:\Program Files\Microchip\xc8\v2.40\pic\sources\c99\common\aomod.c
		___aomod       		CODE           	3DDE	0000	356

C:\Program Files\Microchip\xc8\v2.40\pic\sources\c99\common\aomod.c estimated size: 356

shared
		__initialization		CODE           	49EC	0000	70

shared estimated size: 70

C:\Program Files\Microchip\xc8\v2.40\pic\sources\c99\common\strcpy.c
		_strcpy        		CODE           	4A7E	0000	68

C:\Program Files\Microchip\xc8\v2.40\pic\sources\c99\common\strcpy.c estimated size: 68

C:\Program Files\Microchip\xc8\v2.40\pic\sources\c99\common\flge.c
		___flge        		CODE           	4048	0000	260

C:\Program Files\Microchip\xc8\v2.40\pic\sources\c99\common\flge.c estimated size: 260

C:\Program Files\Microchip\xc8\v2.40\pic\sources\c99\common\putch.c
		_putch         		CODE           	4D6C	0000	2

C:\Program Files\Microchip\xc8\v2.40\pic\sources\c99\common\putch.c estimated size: 2

C:\Program Files\Microchip\xc8\v2.40\pic\sources\c99\common\doprnt.c
		_vfpfcnvrt     		CODE           	2D4C	0000	774
		_efgtoa        		CODE           	0E5A	0000	2554
		_pad           		CODE           	4562	0000	122
		_dtoa          		CODE           	3052	0000	638
		_vfprintf      		CODE           	4714	0000	86

C:\Program Files\Microchip\xc8\v2.40\pic\sources\c99\common\doprnt.c estimated size: 4174

main.c
		_main          		CODE           	32D0	0000	628

main.c estimated size: 628

C:\Program Files\Microchip\xc8\v2.40\pic\sources\c99\common\aodiv.c
		___aodiv       		CODE           	3AEA	0000	392

C:\Program Files\Microchip\xc8\v2.40\pic\sources\c99\common\aodiv.c estimated size: 392

