Microchip MPLAB XC8 Compiler V2.40

Linker command line:

-W-3 \
  --edf=C:\Program Files\Microchip\xc8\v2.40\pic\dat\20220703182018_en.msgs \
  -cn \
  -h+dist/default/production\final-project-josh-and-edward.X.production.sym \
  --cmf=dist/default/production\final-project-josh-and-edward.X.production.cmf \
  -z -Q18F67K40 -oC:\Users\jford\AppData\Local\Temp\xcAs1jk.4 \
  --defsym=__MPLAB_BUILD=1 --fixupoverflow=error \
  -Mdist/default/production/final-project-josh-and-edward.X.production.map \
  --md=C:\Users\jford\AppData\Local\Temp\xcAs1jk.dat -E1 -ver=XC8 Compiler \
  --acfsm=1493 -ACODE=00h-01FFFFh -ACONST=00h-01FFFFh \
  -ASMALLCONST=0E00h-0EFFhx498 -AMEDIUMCONST=0E00h-0FFFFh,010E00h-01FFFFh \
  -ACOMRAM=01h-05Fh -AABS1=00h-0DE9h -ABIGRAM=01h-0DE9h \
  -ARAM=060h-0FFh,0100h-01FFhx12,0D00h-0DE9h -ABANK0=060h-0FFh \
  -ABANK1=0100h-01FFh -ABANK2=0200h-02FFh -ABANK3=0300h-03FFh \
  -ABANK4=0400h-04FFh -ABANK5=0500h-05FFh -ABANK6=0600h-06FFh \
  -ABANK7=0700h-07FFh -ABANK8=0800h-08FFh -ABANK9=0900h-09FFh \
  -ABANK10=0A00h-0AFFh -ABANK11=0B00h-0BFFh -ABANK12=0C00h-0CFFh \
  -ABANK13=0D00h-0DE9h \
  -ASFR=0DEFh-0DFFh,0E00h-0EFFh,0F00h-0F5Fh,0F60h-0FFFh \
  -ABIGSFR=0DEFh-0FFFh -ACONFIG=0300000h-030000Bh -AIDLOC=0200000h-020000Fh \
  -AEEDATA=0310000h-03103FFh -peeprom_data=EEDATA \
  -preset_vec=00h,intcode=08h,intcodelo,powerup,init -pramtop=0E00h \
  -psmallconst=SMALLCONST -pmediumconst=MEDIUMCONST -pconst=CONST \
  -AFARRAM=00h-00h \
  -prdata=COMRAM,nvrram=COMRAM,nvbit=COMRAM,rbss=COMRAM,rbit=COMRAM \
  -pfarbss=FARRAM,fardata=FARRAM,nvFARRAM=FARRAM \
  -pintsave_regs=BIGRAM,bigbss=BIGRAM,bigdata=BIGRAM -pbss=RAM \
  -pidata=CODE,irdata=CODE,ibigdata=CODE,ifardata=CODE -prparam=COMRAM \
  C:\Users\jford\AppData\Local\Temp\xcAs1jk.o \
  dist/default/production\final-project-josh-and-edward.X.production.o 

Object code version is 3.11

Machine type is 18F67K40



                Name                               Link     Load   Length Selector   Space Scale
C:\Users\jford\AppData\Local\Temp\xcAs1jk.o
                idloc                            200000   200000       10        0       5
                config                           300000   300000        C        0       4
                init                                  E        E        4        4       0
                reset_vec                             0        0        4        0       0
dist/default/production\final-project-josh-and-edward.X.production.o
                intcode                               8        8        6        4       0
                idloc                            200000   200000       10        0       5
                config                           300000   300000        C        0       4
                temp                                 5F       5F        1        1       1
                smallconst                          E00      E00       52      700       0
                text77                             3154     3154      39A      729       0
                text76                             4E52     4E52       AA      729       0
                text75                             4970     4970      104      729       0
                text74                             2D2A     2D2A      42A      729       0
                text73                             286A     286A      4C0      729       0
                text72                             5B24     5B24       46      729       0
                text71                             425E     425E      1B4      729       0
                text70                              E52      E52      ADC      729       0
                text69                             5F04     5F04        2     2F81       0
                text68                             52F4     52F4       74      729       0
                text67                             5E32     5E32       26      729       0
                text66                             459A     459A      16C      729       0
                text65                             50D6     50D6       9E      729       0
                text64                             51FC     51FC       7E      729       0
                text63                             55FA     55FA       5A      729       0
                text62                             55A0     55A0       5A      729       0
                text61                             5038     5038       9E      729       0
                text60                             56AC     56AC       58      729       0
                text59                             58F4     58F4       52      729       0
                text58                             5546     5546       5A      729       0
                text57                             4F9A     4F9A       9E      729       0
                text56                             54EC     54EC       5A      729       0
                text55                             5DBA     5DBA       2A      729       0
                text54                             5E78     5E78       20      729       0
                text53                             4EFC     4EFC       9E      729       0
                text52                             5654     5654       58      729       0
                text51                             58A2     58A2       52      729       0
                text50                             5D90     5D90       2A      729       0
                text49                             5DE4     5DE4       28      729       0
                text48                             5EEE     5EEE        A      729       0
                text47                             5EE4     5EE4        A      729       0
                text46                             5ECE     5ECE        C      729       0
                text45                             5E58     5E58       20      729       0
                text44                             5850     5850       52      729       0
                text43                             34EE     34EE      32E      729       0
                text42                             5E0C     5E0C       26      729       0
                text41                             53CE     53CE       66      729       0
                text40                             5CB2     5CB2       3E      729       0
                text39                             57FE     57FE       52      729       0
                text38                             57AC     57AC       52      729       0
                text37                             5C74     5C74       3E      729       0
                text36                             5492     5492       5A      729       0
                text35                             4CF2     4CF2       B6      729       0
                text34                             4C3C     4C3C       B6      729       0
                text33                             5D28     5D28       38      729       0
                text32                             4DA8     4DA8       AA      729       0
                text31                             3B22     3B22      2AC      729       0
                text30                             5174     5174       88      729       0
                text29                             5E98     5E98       1E      729       0
                text28                             5BF2     5BF2       42      729       0
                text27                             5EDA     5EDA        A      729       0
                text26                             5A86     5A86       50      729       0
                text25                             5A36     5A36       50      729       0
                text24                             59E6     59E6       50      729       0
                text23                             5996     5996       50      729       0
                text22                             5434     5434       5E      729       0
                text21                             5EB6     5EB6       18      729       0
                text20                             5D60     5D60       30      729       0
                text19                             4412     4412      188      729       0
                text18                             4706     4706      164      729       0
                text17                             5C34     5C34       40      729       0
                text16                             5F02     5F02        2     2F81       0
                text15                             4B72     4B72       CA      729       0
                text14                             5BAE     5BAE       44      729       0
                text13                             527A     527A       7A      729       0
                text12                             3DCE     3DCE      27E      729       0
                text11                             5CF0     5CF0       38      729       0
                text10                             486A     486A      106      729       0
                text9                              4A74     4A74       FE      729       0
                text8                              404C     404C      212      729       0
                text7                              5368     5368       66      729       0
                text6                              5946     5946       50      729       0
                text5                              5B6A     5B6A       44      729       0
                text4                              192E     192E      9FA      729       0
                text3                              381C     381C      306      729       0
                text2                              5704     5704       56      729       0
                text1                              575A     575A       52      729       0
                text0                              2328     2328      542      729       0
                cstackCOMRAM                          1        1       5E        1       1
                cstackBANK0                          60       60       71       60       1
                cstackBANK1                         18C      18C       70      100       1
                bssBANK2                            200      200       D2      200       1
                bssBANK1                            100      100       8C      100       1
                dataBANK0                            F0       F0        9       60       1
                bssBANK0                             D1       D1       1F       60       1
                cinit                              5AD6     5AD6       4E      729       0
                idataBANK0                         5EF8     5EF8        9      729       0

TOTAL           Name                               Link     Load   Length     Space
        CLASS   CODE           
                intcode                               8        8        6         0
                init                                  E        E        4         0
                reset_vec                             0        0        4         0
                text77                             3154     3154      39A         0
                text76                             4E52     4E52       AA         0
                text75                             4970     4970      104         0
                text74                             2D2A     2D2A      42A         0
                text73                             286A     286A      4C0         0
                text72                             5B24     5B24       46         0
                text71                             425E     425E      1B4         0
                text70                              E52      E52      ADC         0
                text69                             5F04     5F04        2         0
                text68                             52F4     52F4       74         0
                text67                             5E32     5E32       26         0
                text66                             459A     459A      16C         0
                text65                             50D6     50D6       9E         0
                text64                             51FC     51FC       7E         0
                text63                             55FA     55FA       5A         0
                text62                             55A0     55A0       5A         0
                text61                             5038     5038       9E         0
                text60                             56AC     56AC       58         0
                text59                             58F4     58F4       52         0
                text58                             5546     5546       5A         0
                text57                             4F9A     4F9A       9E         0
                text56                             54EC     54EC       5A         0
                text55                             5DBA     5DBA       2A         0
                text54                             5E78     5E78       20         0
                text53                             4EFC     4EFC       9E         0
                text52                             5654     5654       58         0
                text51                             58A2     58A2       52         0
                text50                             5D90     5D90       2A         0
                text49                             5DE4     5DE4       28         0
                text48                             5EEE     5EEE        A         0
                text47                             5EE4     5EE4        A         0
                text46                             5ECE     5ECE        C         0
                text45                             5E58     5E58       20         0
                text44                             5850     5850       52         0
                text43                             34EE     34EE      32E         0
                text42                             5E0C     5E0C       26         0
                text41                             53CE     53CE       66         0
                text40                             5CB2     5CB2       3E         0
                text39                             57FE     57FE       52         0
                text38                             57AC     57AC       52         0
                text37                             5C74     5C74       3E         0
                text36                             5492     5492       5A         0
                text35                             4CF2     4CF2       B6         0
                text34                             4C3C     4C3C       B6         0
                text33                             5D28     5D28       38         0
                text32                             4DA8     4DA8       AA         0
                text31                             3B22     3B22      2AC         0
                text30                             5174     5174       88         0
                text29                             5E98     5E98       1E         0
                text28                             5BF2     5BF2       42         0
                text27                             5EDA     5EDA        A         0
                text26                             5A86     5A86       50         0
                text25                             5A36     5A36       50         0
                text24                             59E6     59E6       50         0
                text23                             5996     5996       50         0
                text22                             5434     5434       5E         0
                text21                             5EB6     5EB6       18         0
                text20                             5D60     5D60       30         0
                text19                             4412     4412      188         0
                text18                             4706     4706      164         0
                text17                             5C34     5C34       40         0
                text16                             5F02     5F02        2         0
                text15                             4B72     4B72       CA         0
                text14                             5BAE     5BAE       44         0
                text13                             527A     527A       7A         0
                text12                             3DCE     3DCE      27E         0
                text11                             5CF0     5CF0       38         0
                text10                             486A     486A      106         0
                text9                              4A74     4A74       FE         0
                text8                              404C     404C      212         0
                text7                              5368     5368       66         0
                text6                              5946     5946       50         0
                text5                              5B6A     5B6A       44         0
                text4                              192E     192E      9FA         0
                text3                              381C     381C      306         0
                text2                              5704     5704       56         0
                text1                              575A     575A       52         0
                text0                              2328     2328      542         0
                cinit                              5AD6     5AD6       4E         0
                idataBANK0                         5EF8     5EF8        9         0

        CLASS   CONST          

        CLASS   SMALLCONST     
                smallconst                          E00      E00       52         0

        CLASS   MEDIUMCONST    

        CLASS   COMRAM         
                temp                                 5F       5F        1         1
                cstackCOMRAM                          1        1       5E         1

        CLASS   ABS1           

        CLASS   BIGRAM         

        CLASS   RAM            

        CLASS   BANK0          
                cstackBANK0                          60       60       71         1
                dataBANK0                            F0       F0        9         1
                bssBANK0                             D1       D1       1F         1

        CLASS   BANK1          
                cstackBANK1                         18C      18C       70         1
                bssBANK1                            100      100       8C         1

        CLASS   BANK2          
                bssBANK2                            200      200       D2         1

        CLASS   BANK3          

        CLASS   BANK4          

        CLASS   BANK5          

        CLASS   BANK6          

        CLASS   BANK7          

        CLASS   BANK8          

        CLASS   BANK9          

        CLASS   BANK10         

        CLASS   BANK11         

        CLASS   BANK12         

        CLASS   BANK13         

        CLASS   SFR            

        CLASS   BIGSFR         

        CLASS   CONFIG         
                config                           300000   300000        C         4

        CLASS   IDLOC          
                idloc                            200000   200000       10         5

        CLASS   EEDATA         

        CLASS   FARRAM         

        CLASS   HEAP           

        CLASS   STACK          



SEGMENTS        Name                           Load    Length   Top    Selector   Space  Class

                reset_vec                      000000  000004  000004         0       0  CODE    
                cstackCOMRAM                   000001  00005F  000060         1       1  COMRAM  
                intcode                        000008  00000A  000012         4       0  CODE    
                cstackBANK0                    000060  000099  0000F9        60       1  BANK0   
                bssBANK1                       000100  0000FC  0001FC       100       1  BANK1   
                bssBANK2                       000200  0000D2  0002D2       200       1  BANK2   
                smallconst                     000E00  000052  000E52       700       0  SMALLCON
                text70                         000E52  0050AF  005F01       729       0  CODE    
                text16                         005F02  000004  005F06      2F81       0  CODE    


UNUSED ADDRESS RANGES

        Name                Unused          Largest block    Delta
        BANK0            0000F9-0000FF                7
        BANK1            0001FC-0001FF                4
        BANK10           000A00-000AFF              100
        BANK11           000B00-000BFF              100
        BANK12           000C00-000CFF              100
        BANK13           000D00-000DE9               EA
        BANK2            0002D2-0002FF               2E
        BANK3            000300-0003FF              100
        BANK4            000400-0004FF              100
        BANK5            000500-0005FF              100
        BANK6            000600-0006FF              100
        BANK7            000700-0007FF              100
        BANK8            000800-0008FF              100
        BANK9            000900-0009FF              100
        BIGRAM           0000F9-0000FF                7
                         0001FC-0001FF                4
                         0002D2-000DE9              B18
        BIGSFR           000DEF-000FFF              211
        CODE             000004-000007                4
                         000012-000DFF              DEE
                         005F01-005F01                1
                         005F06-01FFFF            1A0FA
        CONST            000004-000007                4
                         000012-000DFF              DEE
                         005F01-005F01                1
                         005F06-01FFFF            1A0FA
        EEDATA           310000-3103FF              400
        MEDIUMCONST      005F01-005F01                1
                         005F06-00FFFF             A0FA
                         010E00-01FFFF             F200
        RAM              0000F9-0000FF                7
                         0001FC-0001FF                4
                         0002D2-000DE9              100
        SFR              000DEF-000FFF              100
        SMALLCONST       005F01-005F01                1
                         005F06-01FFFF              100

                                  Symbol Table

?_Colour_decider               cstackCOMRAM 00004B
?___aodiv                      cstackCOMRAM 000001
?___aomod                      cstackCOMRAM 000001
?___fladd                      cstackCOMRAM 000001
?___fldiv                      cstackCOMRAM 000032
?___flmul                      cstackCOMRAM 000011
?___flneg                      cstackCOMRAM 000001
?___flsub                      cstackCOMRAM 00002A
?___fltol                      cstackCOMRAM 000001
?___fpclassifyf                cstackCOMRAM 000001
?___lwdiv                      cstackCOMRAM 000007
?___wmul                       cstackCOMRAM 000001
?___xxtofl                     cstackCOMRAM 000001
?_abs                          cstackCOMRAM 000013
?_color_read_Blue              cstackCOMRAM 000005
?_color_read_Green             cstackCOMRAM 000005
?_color_read_Red               cstackCOMRAM 000005
?_color_read_lum               cstackCOMRAM 000005
?_floorf                       cstackCOMRAM 00004B
?_labs                         cstackCOMRAM 000001
?_sprintf                      cstackBANK0  0000B0
?_vfprintf                     cstackBANK0  0000A8
Backhalfblock@mL               cstackCOMRAM 00001A
Backhalfblock@mR               cstackCOMRAM 00001C
BlueMove@mL                    cstackCOMRAM 000020
BlueMove@mR                    cstackCOMRAM 000022
Colour_decider@Cmax            cstackBANK0  000072
Colour_decider@Cmax_i          cstackBANK0  000064
Colour_decider@Cmin            cstackBANK0  000076
Colour_decider@Hue             cstackBANK0  00007C
Colour_decider@RGB_col         cstackBANK0  000066
Colour_decider@i               cstackBANK0  00007A
Colour_decider@rel             cstackCOMRAM 00004D
Colour_decider@vals            cstackCOMRAM 00004B
ForwardOneBlock@mL             cstackCOMRAM 00001A
ForwardOneBlock@mR             cstackCOMRAM 00001C
Forwardhalfblock@mL            cstackCOMRAM 00001A
Forwardhalfblock@mR            cstackCOMRAM 00001C
GreenMove@mL                   cstackCOMRAM 000020
GreenMove@mR                   cstackCOMRAM 000022
I2C_2_Master_Read@ack          cstackCOMRAM 000003
I2C_2_Master_Read@tmp          cstackCOMRAM 000004
I2C_2_Master_Write@data_byte   cstackCOMRAM 000002
LightBlueMove@mL               cstackCOMRAM 000020
LightBlueMove@mR               cstackCOMRAM 000022
OrangeMove@mL                  cstackCOMRAM 000020
OrangeMove@mR                  cstackCOMRAM 000022
PinkMove@mL                    cstackCOMRAM 000020
PinkMove@mR                    cstackCOMRAM 000022
RedMove@mL                     cstackCOMRAM 000020
RedMove@mR                     cstackCOMRAM 000022
RetryMove@mL                   cstackCOMRAM 000020
RetryMove@mR                   cstackCOMRAM 000022
ReversePink@mL                 cstackCOMRAM 000020
ReversePink@mR                 cstackCOMRAM 000022
ReverseYellow@mL               cstackCOMRAM 000020
ReverseYellow@mR               cstackCOMRAM 000022
YellowMove@mL                  cstackCOMRAM 000020
YellowMove@mR                  cstackCOMRAM 000022
_ANSELDbits                    (abs)        000EA7
_ANSELFbits                    (abs)        000EB4
_BAUD4CONbits                  (abs)        000EE9
_Backhalfblock                 text58       005546
_BlueMove                      text41       0053CE
_CCP1CONbits                   (abs)        000FAB
_CCP2CONbits                   (abs)        000FA7
_CCP3CONbits                   (abs)        000F26
_CCP4CONbits                   (abs)        000F22
_CCPR1H                        (abs)        000FAA
_CCPR2H                        (abs)        000FA6
_CCPR3H                        (abs)        000F25
_CCPR4H                        (abs)        000F21
_CCPTMRS0bits                  (abs)        000FAD
_Colour_decider                text70       000E52
_Colour_decider$2949           cstackBANK0  000060
_DataFlag                      dataBANK0    0000F8
_EUSART4RXbuf                  bssBANK1     000100
_EUSART4TXbuf                  bssBANK2     000200
_ForwardOneBlock               text36       005492
_Forwardhalfblock              text56       0054EC
_GreenMove                     text40       005CB2
_HighISR                       intcode      000008
_I2C_2_Master_Idle             text49       005DE4
_I2C_2_Master_Init             text50       005D90
_I2C_2_Master_Read             text28       005BF2
_I2C_2_Master_RepStart         text27       005EDA
_I2C_2_Master_Start            text48       005EEE
_I2C_2_Master_Stop             text47       005EE4
_I2C_2_Master_Write            text46       005ECE
_Interrupts_init               text69       005F04
_LATAbits                      (abs)        000F79
_LATDbits                      (abs)        000F7C
_LATFbits                      (abs)        000F7E
_LATGbits                      (abs)        000F7F
_LightBlueMove                 text39       0057FE
_OrangeMove                    text38       0057AC
_PIE4bits                      (abs)        000E2D
_PIR4bits                      (abs)        000E37
_PORTFbits                     (abs)        000F8E
_PinkMove                      text59       0058F4
_RC0PPS                        (abs)        000E62
_RC4REG                        (abs)        000EE3
_RC4STAbits                    (abs)        000EE7
_RC7PPS                        (abs)        000E69
_RD5PPS                        (abs)        000E6F
_RD6PPS                        (abs)        000E70
_RE2PPS                        (abs)        000E74
_RE4PPS                        (abs)        000E76
_RG6PPS                        (abs)        000E88
_RX4PPS                        (abs)        000E15
_RedMove                       text37       005C74
_RetryMove                     text55       005DBA
_ReversePink                   text35       004CF2
_ReverseYellow                 text34       004C3C
_RunOneBlockTime               dataBANK0    0000F2
_RxBufReadCnt                  bssBANK0     0000EE
_RxBufWriteCnt                 bssBANK0     0000EF
_SP4BRGH                       (abs)        000EE6
_SP4BRGL                       (abs)        000EE5
_SSP2ADD                       (abs)        000ED6
_SSP2BUF                       (abs)        000ED5
_SSP2CLKPPS                    (abs)        000E1C
_SSP2CON1bits                  (abs)        000ED9
_SSP2CON2                      (abs)        000EDA
_SSP2CON2bits                  (abs)        000EDA
_SSP2DATPPS                    (abs)        000E1D
_SSP2STAT                      (abs)        000ED8
_T0CON0bits                    (abs)        000FD5
_T0CON1bits                    (abs)        000FD6
_T2CLKCONbits                  (abs)        000FBF
_T2CONbits                     (abs)        000FBD
_T2HLTbits                     (abs)        000FBE
_T2PR                          (abs)        000FBC
_TMR0H                         (abs)        000FD4
_TMR0L                         (abs)        000FD3
_TRISAbits                     (abs)        000F81
_TRISCbits                     (abs)        000F83
_TRISDbits                     (abs)        000F84
_TRISEbits                     (abs)        000F85
_TRISFbits                     (abs)        000F86
_TRISGbits                     (abs)        000F87
_TX4REG                        (abs)        000EE4
_TX4STAbits                    (abs)        000EE8
_Time_forward                  bssBANK2     00023C
_Timer0_init                   text54       005E78
_Turn45Delay                   dataBANK0    0000F4
_TxBufReadCnt                  bssBANK0     0000EC
_TxBufWriteCnt                 bssBANK0     0000ED
_WayBack                       bssBANK2     0002A0
_YellowMove                    text51       0058A2
__HRAM                         (abs)        000000
__Habs1                        abs1         000000
__Hbank0                       bank0        000000
__Hbank1                       bank1        000000
__Hbank10                      bank10       000000
__Hbank11                      bank11       000000
__Hbank12                      bank12       000000
__Hbank13                      bank13       000000
__Hbank2                       bank2        000000
__Hbank3                       bank3        000000
__Hbank4                       bank4        000000
__Hbank5                       bank5        000000
__Hbank6                       bank6        000000
__Hbank7                       bank7        000000
__Hbank8                       bank8        000000
__Hbank9                       bank9        000000
__Hbigbss                      bigbss       000000
__Hbigdata                     bigdata      000000
__Hbigram                      bigram       000000
__Hbigsfr                      bigsfr       000000
__Hbss                         bss          000000
__HbssBANK0                    bssBANK0     000000
__HbssBANK1                    bssBANK1     000000
__HbssBANK2                    bssBANK2     000000
__Hcinit                       cinit        000000
__Hclrtext                     clrtext      000000
__Hcomram                      comram       000000
__Hconfig                      config       30000C
__Hconst                       const        000000
__HcstackBANK0                 cstackBANK0  000000
__HcstackBANK1                 cstackBANK1  000000
__HcstackCOMRAM                cstackCOMRAM 000000
__Hdata                        data         000000
__HdataBANK0                   dataBANK0    000000
__Heeprom_data                 eeprom_data  000000
__Hfarbss                      farbss       000000
__Hfardata                     fardata      000000
__Hheap                        heap         000000
__Hibigdata                    ibigdata     000000
__Hidata                       idata        000000
__HidataBANK0                  idataBANK0   000000
__Hidloc                       idloc        200010
__Hifardata                    ifardata     000000
__Hinit                        init         000012
__Hintcode                     intcode      00000E
__Hintcode_body                intcode_body 000000
__Hintcodelo                   intcodelo    00000E
__Hintentry                    intentry     000000
__Hintret                      intret       000000
__Hintsave_regs                intsave_regs 000000
__Hirdata                      irdata       000000
__Hmediumconst                 mediumconst  000000
__HnvFARRAM                    nvFARRAM     000000
__Hnvbit                       nvbit        000000
__Hnvrram                      nvrram       000000
__Hparam                       rparam       000000
__Hpowerup                     powerup      00000E
__Hram                         ram          000000
__Hramtop                      ramtop       000E00
__Hrbit                        rbit         000000
__Hrbss                        rbss         000000
__Hrdata                       rdata        000000
__Hreset_vec                   reset_vec    000004
__Hrparam                      rparam       000000
__Hsfr                         sfr          000000
__Hsmallconst                  smallconst   000E52
__Hspace_0                     (abs)        005F06
__Hspace_1                     (abs)        0002D2
__Hspace_2                     (abs)        000000
__Hspace_4                     (abs)        60000C
__Hstack                       stack        000000
__Hstruct                      struct       000000
__Htemp                        temp         000060
__Htext                        text         000000
__Htext0                       text0        000000
__Htext1                       text1        000000
__Htext10                      text10       000000
__Htext11                      text11       000000
__Htext12                      text12       000000
__Htext13                      text13       000000
__Htext14                      text14       000000
__Htext15                      text15       000000
__Htext16                      text16       000000
__Htext17                      text17       000000
__Htext18                      text18       000000
__Htext19                      text19       000000
__Htext2                       text2        000000
__Htext20                      text20       000000
__Htext21                      text21       000000
__Htext22                      text22       000000
__Htext23                      text23       000000
__Htext24                      text24       000000
__Htext25                      text25       000000
__Htext26                      text26       000000
__Htext27                      text27       000000
__Htext28                      text28       000000
__Htext29                      text29       000000
__Htext3                       text3        000000
__Htext30                      text30       000000
__Htext31                      text31       000000
__Htext32                      text32       000000
__Htext33                      text33       000000
__Htext34                      text34       000000
__Htext35                      text35       000000
__Htext36                      text36       000000
__Htext37                      text37       000000
__Htext38                      text38       000000
__Htext39                      text39       000000
__Htext4                       text4        000000
__Htext40                      text40       000000
__Htext41                      text41       000000
__Htext42                      text42       000000
__Htext43                      text43       000000
__Htext44                      text44       000000
__Htext45                      text45       000000
__Htext46                      text46       000000
__Htext47                      text47       000000
__Htext48                      text48       000000
__Htext49                      text49       000000
__Htext5                       text5        000000
__Htext50                      text50       000000
__Htext51                      text51       000000
__Htext52                      text52       000000
__Htext53                      text53       000000
__Htext54                      text54       000000
__Htext55                      text55       000000
__Htext56                      text56       000000
__Htext57                      text57       000000
__Htext58                      text58       000000
__Htext59                      text59       000000
__Htext6                       text6        000000
__Htext60                      text60       000000
__Htext61                      text61       000000
__Htext62                      text62       000000
__Htext63                      text63       000000
__Htext64                      text64       000000
__Htext65                      text65       000000
__Htext66                      text66       000000
__Htext67                      text67       000000
__Htext68                      text68       000000
__Htext69                      text69       000000
__Htext7                       text7        000000
__Htext70                      text70       000000
__Htext71                      text71       000000
__Htext72                      text72       000000
__Htext73                      text73       000000
__Htext74                      text74       000000
__Htext75                      text75       000000
__Htext76                      text76       000000
__Htext77                      text77       000000
__Htext8                       text8        000000
__Htext9                       text9        000000
__LRAM                         (abs)        000001
__Labs1                        abs1         000000
__Lbank0                       bank0        000000
__Lbank1                       bank1        000000
__Lbank10                      bank10       000000
__Lbank11                      bank11       000000
__Lbank12                      bank12       000000
__Lbank13                      bank13       000000
__Lbank2                       bank2        000000
__Lbank3                       bank3        000000
__Lbank4                       bank4        000000
__Lbank5                       bank5        000000
__Lbank6                       bank6        000000
__Lbank7                       bank7        000000
__Lbank8                       bank8        000000
__Lbank9                       bank9        000000
__Lbigbss                      bigbss       000000
__Lbigdata                     bigdata      000000
__Lbigram                      bigram       000000
__Lbigsfr                      bigsfr       000000
__Lbss                         bss          000000
__LbssBANK0                    bssBANK0     000000
__LbssBANK1                    bssBANK1     000000
__LbssBANK2                    bssBANK2     000000
__Lcinit                       cinit        000000
__Lclrtext                     clrtext      000000
__Lcomram                      comram       000000
__Lconfig                      config       000000
__Lconst                       const        000000
__LcstackBANK0                 cstackBANK0  000000
__LcstackBANK1                 cstackBANK1  000000
__LcstackCOMRAM                cstackCOMRAM 000000
__Ldata                        data         000000
__LdataBANK0                   dataBANK0    000000
__Leeprom_data                 eeprom_data  000000
__Lfarbss                      farbss       000000
__Lfardata                     fardata      000000
__Lheap                        heap         000000
__Libigdata                    ibigdata     000000
__Lidata                       idata        000000
__LidataBANK0                  idataBANK0   000000
__Lidloc                       idloc        000000
__Lifardata                    ifardata     000000
__Linit                        init         00000E
__Lintcode                     intcode      000008
__Lintcode_body                intcode_body 000000
__Lintcodelo                   intcodelo    00000E
__Lintentry                    intentry     000000
__Lintret                      intret       000000
__Lintsave_regs                intsave_regs 000000
__Lirdata                      irdata       000000
__Lmediumconst                 mediumconst  000000
__LnvFARRAM                    nvFARRAM     000000
__Lnvbit                       nvbit        000000
__Lnvrram                      nvrram       000000
__Lparam                       rparam       000000
__Lpowerup                     powerup      00000E
__Lram                         ram          000000
__Lramtop                      ramtop       000E00
__Lrbit                        rbit         000000
__Lrbss                        rbss         000000
__Lrdata                       rdata        000000
__Lreset_vec                   reset_vec    000000
__Lrparam                      rparam       000000
__Lsfr                         sfr          000000
__Lsmallconst                  smallconst   000E00
__Lspace_0                     (abs)        000000
__Lspace_1                     (abs)        000000
__Lspace_2                     (abs)        000000
__Lspace_4                     (abs)        000000
__Lstack                       stack        000000
__Lstruct                      struct       000000
__Ltemp                        temp         00005F
__Ltext                        text         000000
__Ltext0                       text0        000000
__Ltext1                       text1        000000
__Ltext10                      text10       000000
__Ltext11                      text11       000000
__Ltext12                      text12       000000
__Ltext13                      text13       000000
__Ltext14                      text14       000000
__Ltext15                      text15       000000
__Ltext16                      text16       000000
__Ltext17                      text17       000000
__Ltext18                      text18       000000
__Ltext19                      text19       000000
__Ltext2                       text2        000000
__Ltext20                      text20       000000
__Ltext21                      text21       000000
__Ltext22                      text22       000000
__Ltext23                      text23       000000
__Ltext24                      text24       000000
__Ltext25                      text25       000000
__Ltext26                      text26       000000
__Ltext27                      text27       000000
__Ltext28                      text28       000000
__Ltext29                      text29       000000
__Ltext3                       text3        000000
__Ltext30                      text30       000000
__Ltext31                      text31       000000
__Ltext32                      text32       000000
__Ltext33                      text33       000000
__Ltext34                      text34       000000
__Ltext35                      text35       000000
__Ltext36                      text36       000000
__Ltext37                      text37       000000
__Ltext38                      text38       000000
__Ltext39                      text39       000000
__Ltext4                       text4        000000
__Ltext40                      text40       000000
__Ltext41                      text41       000000
__Ltext42                      text42       000000
__Ltext43                      text43       000000
__Ltext44                      text44       000000
__Ltext45                      text45       000000
__Ltext46                      text46       000000
__Ltext47                      text47       000000
__Ltext48                      text48       000000
__Ltext49                      text49       000000
__Ltext5                       text5        000000
__Ltext50                      text50       000000
__Ltext51                      text51       000000
__Ltext52                      text52       000000
__Ltext53                      text53       000000
__Ltext54                      text54       000000
__Ltext55                      text55       000000
__Ltext56                      text56       000000
__Ltext57                      text57       000000
__Ltext58                      text58       000000
__Ltext59                      text59       000000
__Ltext6                       text6        000000
__Ltext60                      text60       000000
__Ltext61                      text61       000000
__Ltext62                      text62       000000
__Ltext63                      text63       000000
__Ltext64                      text64       000000
__Ltext65                      text65       000000
__Ltext66                      text66       000000
__Ltext67                      text67       000000
__Ltext68                      text68       000000
__Ltext69                      text69       000000
__Ltext7                       text7        000000
__Ltext70                      text70       000000
__Ltext71                      text71       000000
__Ltext72                      text72       000000
__Ltext73                      text73       000000
__Ltext74                      text74       000000
__Ltext75                      text75       000000
__Ltext76                      text76       000000
__Ltext77                      text77       000000
__Ltext8                       text8        000000
__Ltext9                       text9        000000
__S0                           (abs)        005F06
__S1                           (abs)        0002D2
__S4                           (abs)        000000
__S5                           (abs)        000000
___aodiv                       text19       004412
___aodiv@counter               cstackCOMRAM 000011
___aodiv@dividend              cstackCOMRAM 000001
___aodiv@divisor               cstackCOMRAM 000009
___aodiv@quotient              cstackCOMRAM 000013
___aodiv@sign                  cstackCOMRAM 000012
___aomod                       text18       004706
___aomod@counter               cstackCOMRAM 000011
___aomod@dividend              cstackCOMRAM 000001
___aomod@divisor               cstackCOMRAM 000009
___aomod@sign                  cstackCOMRAM 000012
___fladd                       text73       00286A
___fladd@a                     cstackCOMRAM 000005
___fladd@aexp                  cstackCOMRAM 00000E
___fladd@b                     cstackCOMRAM 000001
___fladd@bexp                  cstackCOMRAM 00000F
___fladd@grs                   cstackCOMRAM 000010
___fladd@signs                 cstackCOMRAM 00000D
___fldiv                       text77       003154
___fldiv@a                     cstackCOMRAM 000036
___fldiv@aexp                  cstackCOMRAM 00004A
___fldiv@b                     cstackCOMRAM 000032
___fldiv@bexp                  cstackCOMRAM 000049
___fldiv@grs                   cstackCOMRAM 000045
___fldiv@new_exp               cstackCOMRAM 000043
___fldiv@rem                   cstackCOMRAM 00003E
___fldiv@sign                  cstackCOMRAM 000042
___fleq                        text76       004E52
___fleq@ff1                    cstackCOMRAM 000032
___fleq@ff2                    cstackCOMRAM 000036
___flge                        text75       004970
___flge@ff1                    cstackCOMRAM 00002A
___flge@ff2                    cstackCOMRAM 00002E
___flmul                       text74       002D2A
___flmul@a                     cstackCOMRAM 000015
___flmul@aexp                  cstackCOMRAM 000022
___flmul@b                     cstackCOMRAM 000011
___flmul@bexp                  cstackCOMRAM 000023
___flmul@grs                   cstackCOMRAM 00001E
___flmul@prod                  cstackCOMRAM 000024
___flmul@sign                  cstackCOMRAM 00001D
___flmul@temp                  cstackCOMRAM 000028
___flneg                       text11       005CF0
___flneg@f1                    cstackCOMRAM 000001
___flsub                       text72       005B24
___flsub@a                     cstackCOMRAM 00002E
___flsub@b                     cstackCOMRAM 00002A
___fltol                       text10       00486A
___fltol@exp1                  cstackCOMRAM 00000A
___fltol@f1                    cstackCOMRAM 000001
___fltol@sign1                 cstackCOMRAM 000009
___fpclassifyf                 text9        004A74
___fpclassifyf@F465            bssBANK0     0000E1
___fpclassifyf@e               cstackCOMRAM 000009
___fpclassifyf@u               cstackCOMRAM 00000B
___fpclassifyf@x               cstackCOMRAM 000001
___heap_hi                     (abs)        000000
___heap_lo                     (abs)        000000
___inthi_sp                    stack        000000
___intlo_sp                    stack        000000
___lwdiv                       text68       0052F4
___lwdiv@counter               cstackCOMRAM 00000D
___lwdiv@dividend              cstackCOMRAM 000007
___lwdiv@divisor               cstackCOMRAM 000009
___lwdiv@quotient              cstackCOMRAM 00000B
___param_bank                  (abs)        000000
___rparam_used                 (abs)        000001
___sp                          stack        000000
___wmul                        text67       005E32
___wmul@multiplicand           cstackCOMRAM 000003
___wmul@multiplier             cstackCOMRAM 000001
___wmul@product                cstackCOMRAM 000005
___xxtofl                      text71       00425E
___xxtofl@arg                  cstackCOMRAM 00000B
___xxtofl@exp                  cstackCOMRAM 00000A
___xxtofl@sign                 cstackCOMRAM 000009
___xxtofl@val                  cstackCOMRAM 000001
__accesstop                    (abs)        000060
__activetblptr                 (abs)        000003
__end_of_Backhalfblock         text58       0055A0
__end_of_BlueMove              text41       005434
__end_of_Colour_decider        text70       00192E
__end_of_ForwardOneBlock       text36       0054EC
__end_of_Forwardhalfblock      text56       005546
__end_of_GreenMove             text40       005CF0
__end_of_HighISR               intcode      00000E
__end_of_I2C_2_Master_Idle     text49       005E0C
__end_of_I2C_2_Master_Init     text50       005DBA
__end_of_I2C_2_Master_Read     text28       005C34
__end_of_I2C_2_Master_RepStart text27       005EE4
__end_of_I2C_2_Master_Start    text48       005EF8
__end_of_I2C_2_Master_Stop     text47       005EEE
__end_of_I2C_2_Master_Write    text46       005EDA
__end_of_Interrupts_init       text69       005F06
__end_of_LightBlueMove         text39       005850
__end_of_OrangeMove            text38       0057FE
__end_of_PinkMove              text59       005946
__end_of_RedMove               text37       005CB2
__end_of_RetryMove             text55       005DE4
__end_of_ReversePink           text35       004DA8
__end_of_ReverseYellow         text34       004CF2
__end_of_Timer0_init           text54       005E98
__end_of_YellowMove            text51       0058F4
__end_of___aodiv               text19       00459A
__end_of___aomod               text18       00486A
__end_of___fladd               text73       002D2A
__end_of___fldiv               text77       0034EE
__end_of___fleq                text76       004EFC
__end_of___flge                text75       004A74
__end_of___flmul               text74       003154
__end_of___flneg               text11       005D28
__end_of___flsub               text72       005B6A
__end_of___fltol               text10       004970
__end_of___fpclassifyf         text9        004B72
__end_of___lwdiv               text68       005368
__end_of___wmul                text67       005E58
__end_of___xxtofl              text71       004412
__end_of__initialization       cinit        005B1A
__end_of_abs                   text17       005C74
__end_of_color_click_init      text44       0058A2
__end_of_color_read_Blue       text26       005AD6
__end_of_color_read_Green      text25       005A86
__end_of_color_read_Red        text24       005A36
__end_of_color_read_lum        text23       0059E6
__end_of_color_writetoaddr     text45       005E78
__end_of_colour_rel            text43       00381C
__end_of_delayed_ms            text33       005D60
__end_of_dtoa                  text12       00404C
__end_of_efgtoa                text4        002328
__end_of_floorf                text8        00425E
__end_of_fputc                 text15       004C3C
__end_of_fputs                 text14       005BF2
__end_of_fullSpeedAhead        text57       005038
__end_of_fullSpeedBack         text65       005174
__end_of_getTMR0val            text42       005E32
__end_of_go_Home               text31       003DCE
__end_of_initDCmotorsPWM       text30       0051FC
__end_of_initUSART4            text29       005EB6
__end_of_labs                  text7        0053CE
__end_of_main                  text0        00286A
__end_of_memcpy                text6        005996
__end_of_pad                   text13       0052F4
__end_of_putch                 text16       005F04
__end_of_readColours           text22       005492
__end_of_reverseDetect         text63       005654
__end_of_reverseOneBlock       text62       0055FA
__end_of_sendCharSerial4       text21       005ECE
__end_of_sendStringSerial4     text20       005D90
__end_of_setMotorPWM           text66       004706
__end_of_sprintf               text1        0057AC
__end_of_stop                  text64       00527A
__end_of_strcpy                text5        005BAE
__end_of_timed_forward         text32       004E52
__end_of_turnLeft              text61       0050D6
__end_of_turnLeft45            text60       005704
__end_of_turnRight             text53       004F9A
__end_of_turnRight45           text52       0056AC
__end_of_vfpfcnvrt             text3        003B22
__end_of_vfprintf              text2        00575A
__initialization               cinit        005AD6
__mediumconst                  mediumconst  000000
__pbssBANK0                    bssBANK0     0000D1
__pbssBANK1                    bssBANK1     000100
__pbssBANK2                    bssBANK2     000200
__pcinit                       cinit        005AD6
__pcstackBANK0                 cstackBANK0  000060
__pcstackBANK1                 cstackBANK1  00018C
__pcstackCOMRAM                cstackCOMRAM 000001
__pdataBANK0                   dataBANK0    0000F0
__pidataBANK0                  idataBANK0   005EF8
__pintcode                     intcode      000008
__psmallconst                  smallconst   000E00
__ptext0                       text0        002328
__ptext1                       text1        00575A
__ptext10                      text10       00486A
__ptext11                      text11       005CF0
__ptext12                      text12       003DCE
__ptext13                      text13       00527A
__ptext14                      text14       005BAE
__ptext15                      text15       004B72
__ptext16                      text16       005F02
__ptext17                      text17       005C34
__ptext18                      text18       004706
__ptext19                      text19       004412
__ptext2                       text2        005704
__ptext20                      text20       005D60
__ptext21                      text21       005EB6
__ptext22                      text22       005434
__ptext23                      text23       005996
__ptext24                      text24       0059E6
__ptext25                      text25       005A36
__ptext26                      text26       005A86
__ptext27                      text27       005EDA
__ptext28                      text28       005BF2
__ptext29                      text29       005E98
__ptext3                       text3        00381C
__ptext30                      text30       005174
__ptext31                      text31       003B22
__ptext32                      text32       004DA8
__ptext33                      text33       005D28
__ptext34                      text34       004C3C
__ptext35                      text35       004CF2
__ptext36                      text36       005492
__ptext37                      text37       005C74
__ptext38                      text38       0057AC
__ptext39                      text39       0057FE
__ptext4                       text4        00192E
__ptext40                      text40       005CB2
__ptext41                      text41       0053CE
__ptext42                      text42       005E0C
__ptext43                      text43       0034EE
__ptext44                      text44       005850
__ptext45                      text45       005E58
__ptext46                      text46       005ECE
__ptext47                      text47       005EE4
__ptext48                      text48       005EEE
__ptext49                      text49       005DE4
__ptext5                       text5        005B6A
__ptext50                      text50       005D90
__ptext51                      text51       0058A2
__ptext52                      text52       005654
__ptext53                      text53       004EFC
__ptext54                      text54       005E78
__ptext55                      text55       005DBA
__ptext56                      text56       0054EC
__ptext57                      text57       004F9A
__ptext58                      text58       005546
__ptext59                      text59       0058F4
__ptext6                       text6        005946
__ptext60                      text60       0056AC
__ptext61                      text61       005038
__ptext62                      text62       0055A0
__ptext63                      text63       0055FA
__ptext64                      text64       0051FC
__ptext65                      text65       0050D6
__ptext66                      text66       00459A
__ptext67                      text67       005E32
__ptext68                      text68       0052F4
__ptext69                      text69       005F04
__ptext7                       text7        005368
__ptext70                      text70       000E52
__ptext71                      text71       00425E
__ptext72                      text72       005B24
__ptext73                      text73       00286A
__ptext74                      text74       002D2A
__ptext75                      text75       004970
__ptext76                      text76       004E52
__ptext77                      text77       003154
__ptext8                       text8        00404C
__ptext9                       text9        004A74
__ramtop                       ramtop       000E00
__smallconst                   smallconst   000E00
_abs                           text17       005C34
_color_click_init              text44       005850
_color_read_Blue               text26       005A86
_color_read_Green              text25       005A36
_color_read_Red                text24       0059E6
_color_read_lum                text23       005996
_color_writetoaddr             text45       005E58
_colour_rel                    text43       0034EE
_colour_rel$2947               cstackBANK0  000064
_colour_rel$2948               cstackBANK0  000068
_dbuf                          bssBANK1     000116
_delayed_ms                    text33       005D28
_dtoa                          text12       003DCE
_dtoa$2546                     cstackCOMRAM 00002E
_efgtoa                        text4        00192E
_efgtoa$2577                   cstackBANK0  00006F
_flags                         bssBANK0     0000EB
_floorf                        text8        00404C
_fputc                         text15       004B72
_fputs                         text14       005BAE
_fullSpeedAhead                text57       004F9A
_fullSpeedBack                 text65       0050D6
_getTMR0val                    text42       005E0C
_go_Home                       text31       003B22
_high_threshold                dataBANK0    0000F0
_initDCmotorsPWM               text30       005174
_initUSART4                    text29       005E98
_labs                          text7        005368
_low_threshold                 bssBANK0     0000E9
_main                          text0        002328
_memcpy                        text6        005946
_motorL                        bssBANK1     00017B
_motorR                        bssBANK1     000172
_move_count                    bssBANK1     000114
_pad                           text13       00527A
_power                         dataBANK0    0000F6
_prec                          bssBANK0     0000E7
_putch                         text16       005F02
_readColours                   text22       005434
_rel                           bssBANK1     000166
_reverseDetect                 text63       0055FA
_reverseOneBlock               text62       0055A0
_sendCharSerial4               text21       005EB6
_sendStringSerial4             text20       005D60
_setMotorPWM                   text66       00459A
_sprintf                       text1        00575A
_stop                          text64       0051FC
_strcpy                        text5        005B6A
_timed_forward                 text32       004DA8
_turnLeft                      text61       005038
_turnLeft45                    text60       0056AC
_turnRight                     text53       004EFC
_turnRight45                   text52       005654
_vals                          bssBANK1     000184
_vfpfcnvrt                     text3        00381C
_vfprintf                      text2        005704
_width                         bssBANK0     0000E5
abs@a                          cstackCOMRAM 000013
btemp                          temp         00005F
color_read_Blue@tmp            cstackCOMRAM 00000A
color_read_Green@tmp           cstackCOMRAM 00000A
color_read_Red@tmp             cstackCOMRAM 00000A
color_read_lum@tmp             cstackCOMRAM 00000A
color_writetoaddr@address      cstackCOMRAM 000004
color_writetoaddr@value        cstackCOMRAM 000003
colour_rel@B                   cstackBANK0  000074
colour_rel@G                   cstackBANK0  000070
colour_rel@L                   cstackBANK0  000060
colour_rel@R                   cstackBANK0  00006C
colour_rel@rel                 cstackCOMRAM 00004D
colour_rel@vals                cstackCOMRAM 00004B
delayed_ms@i                   cstackCOMRAM 000004
delayed_ms@time                cstackCOMRAM 000001
dtoa@d                         cstackCOMRAM 00001E
dtoa@fp                        cstackCOMRAM 00001C
dtoa@i                         cstackCOMRAM 00003C
dtoa@n                         cstackCOMRAM 000034
dtoa@p                         cstackCOMRAM 000030
dtoa@s                         cstackCOMRAM 00003E
dtoa@w                         cstackCOMRAM 000032
efgtoa@c                       cstackBANK0  000066
efgtoa@d                       cstackBANK0  000074
efgtoa@e                       cstackBANK0  000078
efgtoa@f                       cstackBANK0  000062
efgtoa@fp                      cstackBANK0  000060
efgtoa@g                       cstackBANK0  00008D
efgtoa@h                       cstackBANK0  000082
efgtoa@i                       cstackBANK0  000080
efgtoa@l                       cstackBANK0  000086
efgtoa@m                       cstackBANK0  000076
efgtoa@mode                    cstackBANK0  000072
efgtoa@n                       cstackBANK0  00008B
efgtoa@ne                      cstackBANK0  000069
efgtoa@nmode                   cstackBANK0  000073
efgtoa@ou                      cstackBANK0  00007C
efgtoa@p                       cstackBANK0  00006B
efgtoa@pp                      cstackBANK0  000071
efgtoa@sign                    cstackBANK0  00008A
efgtoa@t                       cstackBANK0  00006D
efgtoa@u                       cstackBANK0  000091
efgtoa@w                       cstackBANK0  00007A
end_of_initialization          cinit        005B1A
floorf@F526                    bssBANK0     0000DD
floorf@e                       cstackCOMRAM 000059
floorf@m                       cstackCOMRAM 000055
floorf@u                       cstackCOMRAM 00005B
floorf@x                       cstackCOMRAM 00004B
fputc@c                        cstackCOMRAM 000001
fputc@fp                       cstackCOMRAM 000003
fputs@c                        cstackCOMRAM 00000E
fputs@fp                       cstackCOMRAM 00000C
fputs@i                        cstackCOMRAM 00000F
fputs@s                        cstackCOMRAM 00000A
fullSpeedAhead@mL              cstackCOMRAM 000014
fullSpeedAhead@mR              cstackCOMRAM 000016
fullSpeedBack@mL               cstackCOMRAM 000014
fullSpeedBack@mR               cstackCOMRAM 000016
getTMR0val@moving              cstackCOMRAM 000001
go_Home@Time_forward           cstackCOMRAM 000026
go_Home@WayBack                cstackCOMRAM 000024
go_Home@i                      cstackCOMRAM 00002B
initDCmotorsPWM@PWMperiod      cstackCOMRAM 000001
int$flags                      temp         00005F
intlevel0                      text         000000
intlevel1                      text         000000
intlevel2                      text         000000
intlevel3                      text         000000
isa$std                        (abs)        000001
isa$xinst                      (abs)        000000
labs@a                         cstackCOMRAM 000001
main@buf                       cstackBANK1  00018C
main@colour                    cstackBANK1  0001F8
main@colour_1191               cstackBANK1  0001F2
main@consecuitive              cstackBANK1  0001F6
main@prev_colour               cstackBANK1  0001FA
main@run_flag                  cstackBANK1  0001F4
main@temp                      cstackBANK1  0001F0
memcpy@d                       cstackCOMRAM 000007
memcpy@d1                      cstackCOMRAM 000001
memcpy@n                       cstackCOMRAM 000005
memcpy@s                       cstackCOMRAM 000009
memcpy@s1                      cstackCOMRAM 000003
memcpy@tmp                     cstackCOMRAM 00000B
pad@buf                        cstackCOMRAM 000013
pad@fp                         cstackCOMRAM 000011
pad@i                          cstackCOMRAM 000018
pad@p                          cstackCOMRAM 000015
pad@w                          cstackCOMRAM 00001A
readColours@vals               cstackCOMRAM 00000C
reverseDetect@mL               cstackCOMRAM 00001A
reverseDetect@mR               cstackCOMRAM 00001C
reverseOneBlock@mL             cstackCOMRAM 00001A
reverseOneBlock@mR             cstackCOMRAM 00001C
sendCharSerial4@charToSend     cstackCOMRAM 000001
sendStringSerial4@string       cstackCOMRAM 000002
setMotorPWM@m                  cstackCOMRAM 00000E
setMotorPWM@negDuty            cstackCOMRAM 000013
setMotorPWM@posDuty            cstackCOMRAM 000012
sprintf@ap                     cstackBANK0  0000C2
sprintf@f                      cstackBANK0  0000C4
sprintf@fmt                    cstackBANK0  0000B2
sprintf@s                      cstackBANK0  0000B0
stackhi                        (abs)        000000
stacklo                        (abs)        000000
start                          init         00000E
start_initialization           cinit        005AD6
stop@mL                        cstackCOMRAM 000014
stop@mR                        cstackCOMRAM 000016
strcpy@d                       cstackCOMRAM 000007
strcpy@dest                    cstackCOMRAM 000001
strcpy@s                       cstackCOMRAM 000005
strcpy@src                     cstackCOMRAM 000003
timed_forward@mL               cstackCOMRAM 000014
timed_forward@mR               cstackCOMRAM 000016
timed_forward@time             cstackCOMRAM 000018
ttemp5                         temp         000060
ttemp6                         temp         000063
ttemp7                         temp         000067
turnLeft45@mL                  cstackCOMRAM 00001A
turnLeft45@mR                  cstackCOMRAM 00001C
turnLeft@mL                    cstackCOMRAM 000014
turnLeft@mR                    cstackCOMRAM 000016
turnRight45@mL                 cstackCOMRAM 00001A
turnRight45@mR                 cstackCOMRAM 00001C
turnRight@mL                   cstackCOMRAM 000014
turnRight@mR                   cstackCOMRAM 000016
vfpfcnvrt@ap                   cstackBANK0  000099
vfpfcnvrt@c                    cstackBANK0  0000A5
vfpfcnvrt@convarg              cstackBANK0  00009D
vfpfcnvrt@cp                   cstackBANK0  0000A6
vfpfcnvrt@fmt                  cstackBANK0  000097
vfpfcnvrt@fp                   cstackBANK0  000095
vfprintf@ap                    cstackBANK0  0000AC
vfprintf@cfmt                  cstackBANK0  0000AE
vfprintf@fmt                   cstackBANK0  0000AA
vfprintf@fp                    cstackBANK0  0000A8
wtemp8                         temp         000060


MODULE INFORMATION

Module		Function		Class		Link	Load	Size
C:\Program Files\Microchip\xc8\v2.40\pic\sources\c99\common\sprcmul.c
		___flmul       		CODE           	2D2A	0000	1066

C:\Program Files\Microchip\xc8\v2.40\pic\sources\c99\common\sprcmul.c estimated size: 1066

C:\Program Files\Microchip\xc8\v2.40\pic\sources\c99\common\nf_fputc.c
		_fputc         		CODE           	4B72	0000	202

C:\Program Files\Microchip\xc8\v2.40\pic\sources\c99\common\nf_fputc.c estimated size: 202

serial.c
		_sendStringSerial4		CODE           	5D60	0000	48
		_sendCharSerial4		CODE           	5EB6	0000	24
		_initUSART4    		CODE           	5E98	0000	30

serial.c estimated size: 102

timers.c
		_getTMR0val    		CODE           	5E0C	0000	38
		_Timer0_init   		CODE           	5E78	0000	32
		_delayed_ms    		CODE           	5D28	0000	56

timers.c estimated size: 126

C:\Program Files\Microchip\xc8\v2.40\pic\sources\c99\common\sprcdiv.c
		___fldiv       		CODE           	3154	0000	922

C:\Program Files\Microchip\xc8\v2.40\pic\sources\c99\common\sprcdiv.c estimated size: 922

C:\Program Files\Microchip\xc8\v2.40\pic\sources\c99\common\nf_sprintf.c
		_sprintf       		CODE           	575A	0000	82

C:\Program Files\Microchip\xc8\v2.40\pic\sources\c99\common\nf_sprintf.c estimated size: 82

C:\Program Files\Microchip\xc8\v2.40\pic\sources\c99\common\lwdiv.c
		___lwdiv       		CODE           	52F4	0000	116

C:\Program Files\Microchip\xc8\v2.40\pic\sources\c99\common\lwdiv.c estimated size: 116

C:\Program Files\Microchip\xc8\v2.40\pic\sources\c99\common\memcpy.c
		_memcpy        		CODE           	5946	0000	80

C:\Program Files\Microchip\xc8\v2.40\pic\sources\c99\common\memcpy.c estimated size: 80

color.c
		_color_writetoaddr		CODE           	5E58	0000	32
		_readColours   		CODE           	5434	0000	94
		_color_click_init		CODE           	5850	0000	82
		_Colour_decider		CODE           	0E52	0000	2780
		_colour_rel    		CODE           	34EE	0000	814
		_color_read_Green		CODE           	5A36	0000	80
		_color_read_Red		CODE           	59E6	0000	80
		_color_read_lum		CODE           	5996	0000	80
		_color_read_Blue		CODE           	5A86	0000	80

color.c estimated size: 4122

C:\Program Files\Microchip\xc8\v2.40\pic\sources\c99\common\fltol.c
		___fltol       		CODE           	486A	0000	262

C:\Program Files\Microchip\xc8\v2.40\pic\sources\c99\common\fltol.c estimated size: 262

C:\Program Files\Microchip\xc8\v2.40\pic\sources\c99\common\Umul16.c
		___wmul        		CODE           	5E32	0000	38

C:\Program Files\Microchip\xc8\v2.40\pic\sources\c99\common\Umul16.c estimated size: 38

C:\Program Files\Microchip\xc8\v2.40\pic\sources\c99\common\fleq.c
		___fleq        		CODE           	4E52	0000	170

C:\Program Files\Microchip\xc8\v2.40\pic\sources\c99\common\fleq.c estimated size: 170

dc_motor.c
		_Backhalfblock 		CODE           	5546	0000	90
		_reverseDetect 		CODE           	55FA	0000	90
		_fullSpeedBack 		CODE           	50D6	0000	158
		_GreenMove     		CODE           	5CB2	0000	62
		_timed_forward 		CODE           	4DA8	0000	170
		_YellowMove    		CODE           	58A2	0000	82
		_fullSpeedAhead		CODE           	4F9A	0000	158
		_Forwardhalfblock		CODE           	54EC	0000	90
		_turnLeft      		CODE           	5038	0000	158
		_turnLeft45    		CODE           	56AC	0000	88
		_stop          		CODE           	51FC	0000	126
		_RedMove       		CODE           	5C74	0000	62
		_initDCmotorsPWM		CODE           	5174	0000	136
		_turnRight     		CODE           	4EFC	0000	158
		_turnRight45   		CODE           	5654	0000	88
		_BlueMove      		CODE           	53CE	0000	102
		_reverseOneBlock		CODE           	55A0	0000	90
		_OrangeMove    		CODE           	57AC	0000	82
		_setMotorPWM   		CODE           	459A	0000	364
		_ReversePink   		CODE           	4CF2	0000	182
		_RetryMove     		CODE           	5DBA	0000	42
		_ForwardOneBlock		CODE           	5492	0000	90
		_LightBlueMove 		CODE           	57FE	0000	82
		_ReverseYellow 		CODE           	4C3C	0000	182
		_PinkMove      		CODE           	58F4	0000	82

dc_motor.c estimated size: 3014

interrupts.c
		_Interrupts_init		CODE           	5F04	0000	2
		_HighISR       		CODE           	0008	0000	6

interrupts.c estimated size: 8

C:\Program Files\Microchip\xc8\v2.40\pic\sources\c99\common\abs.c
		_abs           		CODE           	5C34	0000	64

C:\Program Files\Microchip\xc8\v2.40\pic\sources\c99\common\abs.c estimated size: 64

Memory.c
		_go_Home       		CODE           	3B22	0000	684

Memory.c estimated size: 684

i2c.c
		_I2C_2_Master_Start		CODE           	5EEE	0000	10
		_I2C_2_Master_Read		CODE           	5BF2	0000	66
		_I2C_2_Master_Idle		CODE           	5DE4	0000	40
		_I2C_2_Master_Init		CODE           	5D90	0000	42
		_I2C_2_Master_Stop		CODE           	5EE4	0000	10
		_I2C_2_Master_RepStart		CODE           	5EDA	0000	10
		_I2C_2_Master_Write		CODE           	5ECE	0000	12

i2c.c estimated size: 190

C:\Program Files\Microchip\xc8\v2.40\pic\sources\c99\common\__fpclassifyf.c
		___fpclassifyf 		CODE           	4A74	0000	254

C:\Program Files\Microchip\xc8\v2.40\pic\sources\c99\common\__fpclassifyf.c estimated size: 254

C:\Program Files\Microchip\xc8\v2.40\pic\sources\c99\common\sprcadd.c
		___flsub       		CODE           	5B24	0000	70
		___fladd       		CODE           	286A	0000	1216

C:\Program Files\Microchip\xc8\v2.40\pic\sources\c99\common\sprcadd.c estimated size: 1286

C:\Program Files\Microchip\xc8\v2.40\pic\sources\c99\common\floorf.c
		_floorf        		CODE           	404C	0000	530

C:\Program Files\Microchip\xc8\v2.40\pic\sources\c99\common\floorf.c estimated size: 530

C:\Program Files\Microchip\xc8\v2.40\pic\sources\c99\common\flneg.c
		___flneg       		CODE           	5CF0	0000	56

C:\Program Files\Microchip\xc8\v2.40\pic\sources\c99\common\flneg.c estimated size: 56

C:\Program Files\Microchip\xc8\v2.40\pic\sources\c99\common\labs.c
		_labs          		CODE           	5368	0000	102

C:\Program Files\Microchip\xc8\v2.40\pic\sources\c99\common\labs.c estimated size: 102

C:\Program Files\Microchip\xc8\v2.40\pic\sources\c99\common\xxtofl.c
		___xxtofl      		CODE           	425E	0000	436

C:\Program Files\Microchip\xc8\v2.40\pic\sources\c99\common\xxtofl.c estimated size: 436

C:\Program Files\Microchip\xc8\v2.40\pic\sources\c99\common\nf_fputs.c
		_fputs         		CODE           	5BAE	0000	68

C:\Program Files\Microchip\xc8\v2.40\pic\sources\c99\common\nf_fputs.c estimated size: 68

C:\Program Files\Microchip\xc8\v2.40\pic\sources\c99\common\aomod.c
		___aomod       		CODE           	4706	0000	356

C:\Program Files\Microchip\xc8\v2.40\pic\sources\c99\common\aomod.c estimated size: 356

shared
		__initialization		CODE           	5AD6	0000	68

shared estimated size: 68

C:\Program Files\Microchip\xc8\v2.40\pic\sources\c99\common\strcpy.c
		_strcpy        		CODE           	5B6A	0000	68

C:\Program Files\Microchip\xc8\v2.40\pic\sources\c99\common\strcpy.c estimated size: 68

C:\Program Files\Microchip\xc8\v2.40\pic\sources\c99\common\flge.c
		___flge        		CODE           	4970	0000	260

C:\Program Files\Microchip\xc8\v2.40\pic\sources\c99\common\flge.c estimated size: 260

C:\Program Files\Microchip\xc8\v2.40\pic\sources\c99\common\putch.c
		_putch         		CODE           	5F02	0000	2

C:\Program Files\Microchip\xc8\v2.40\pic\sources\c99\common\putch.c estimated size: 2

C:\Program Files\Microchip\xc8\v2.40\pic\sources\c99\common\doprnt.c
		_vfpfcnvrt     		CODE           	381C	0000	774
		_efgtoa        		CODE           	192E	0000	2554
		_pad           		CODE           	527A	0000	122
		_dtoa          		CODE           	3DCE	0000	638
		_vfprintf      		CODE           	5704	0000	86

C:\Program Files\Microchip\xc8\v2.40\pic\sources\c99\common\doprnt.c estimated size: 4174

main.c
		_main          		CODE           	2328	0000	1346

main.c estimated size: 1346

C:\Program Files\Microchip\xc8\v2.40\pic\sources\c99\common\aodiv.c
		___aodiv       		CODE           	4412	0000	392

C:\Program Files\Microchip\xc8\v2.40\pic\sources\c99\common\aodiv.c estimated size: 392

