Microchip MPLAB XC8 Compiler V2.40

Linker command line:

-W-3 \
  --edf=C:\Program Files\Microchip\xc8\v2.40\pic\dat\20220703182018_en.msgs \
  -cn \
  -h+dist/default/production\final-project-josh-and-edward.X.production.sym \
  --cmf=dist/default/production\final-project-josh-and-edward.X.production.cmf \
  -z -Q18F67K40 -oC:\Users\EDWARD~1\AppData\Local\Temp\xcAs14tk.4 \
  --defsym=__MPLAB_BUILD=1 --fixupoverflow=error \
  -Mdist/default/production/final-project-josh-and-edward.X.production.map \
  --md=C:\Users\EDWARD~1\AppData\Local\Temp\xcAs14tk.dat -E1 \
  -ver=XC8 Compiler --acfsm=1493 -ACODE=00h-01FFFFh -ACONST=00h-01FFFFh \
  -ASMALLCONST=0E00h-0EFFhx498 -AMEDIUMCONST=0E00h-0FFFFh,010E00h-01FFFFh \
  -ACOMRAM=01h-05Fh -AABS1=00h-0DE9h -ABIGRAM=01h-0DE9h \
  -ARAM=060h-0FFh,0100h-01FFhx12,0D00h-0DE9h -ABANK0=060h-0FFh \
  -ABANK1=0100h-01FFh -ABANK2=0200h-02FFh -ABANK3=0300h-03FFh \
  -ABANK4=0400h-04FFh -ABANK5=0500h-05FFh -ABANK6=0600h-06FFh \
  -ABANK7=0700h-07FFh -ABANK8=0800h-08FFh -ABANK9=0900h-09FFh \
  -ABANK10=0A00h-0AFFh -ABANK11=0B00h-0BFFh -ABANK12=0C00h-0CFFh \
  -ABANK13=0D00h-0DE9h \
  -ASFR=0DEFh-0DFFh,0E00h-0EFFh,0F00h-0F5Fh,0F60h-0FFFh \
  -ABIGSFR=0DEFh-0FFFh -ACONFIG=0300000h-030000Bh -AIDLOC=0200000h-020000Fh \
  -AEEDATA=0310000h-03103FFh -peeprom_data=EEDATA \
  -preset_vec=00h,intcode=08h,intcodelo,powerup,init -pramtop=0E00h \
  -psmallconst=SMALLCONST -pmediumconst=MEDIUMCONST -pconst=CONST \
  -AFARRAM=00h-00h \
  -prdata=COMRAM,nvrram=COMRAM,nvbit=COMRAM,rbss=COMRAM,rbit=COMRAM \
  -pfarbss=FARRAM,fardata=FARRAM,nvFARRAM=FARRAM \
  -pintsave_regs=BIGRAM,bigbss=BIGRAM,bigdata=BIGRAM -pbss=RAM \
  -pidata=CODE,irdata=CODE,ibigdata=CODE,ifardata=CODE -prparam=COMRAM \
  C:\Users\EDWARD~1\AppData\Local\Temp\xcAs14tk.o \
  dist/default/production\final-project-josh-and-edward.X.production.o 

Object code version is 3.11

Machine type is 18F67K40



                Name                               Link     Load   Length Selector   Space Scale
C:\Users\EDWARD~1\AppData\Local\Temp\xcAs14tk.o
                idloc                            200000   200000       10        0       5
                config                           300000   300000        C        0       4
                init                                  E        E        4        4       0
                reset_vec                             0        0        4        0       0
dist/default/production\final-project-josh-and-edward.X.production.o
                intcode                               8        8        6        4       0
                idloc                            200000   200000       10        0       5
                config                           300000   300000        C        0       4
                temp                                 5F       5F        1        1       1
                smallconst                          E00      E00       50      700       0
                text58                             3C14     3C14       74      728       0
                text57                             4490     4490       26      728       0
                text56                             31AE     31AE      16C      728       0
                text55                             3A06     3A06       96      728       0
                text54                             3B9E     3B9E       76      728       0
                text53                             3E02     3E02       5A      728       0
                text52                             3970     3970       96      728       0
                text51                             3EB4     3EB4       58      728       0
                text50                             3C88     3C88       66      728       0
                text49                             2260     2260      39A      728       0
                text48                             379A     379A       AA      728       0
                text47                             35CC     35CC      104      728       0
                text46                             1E36     1E36      42A      728       0
                text45                             1976     1976      4C0      728       0
                text44                             4286     4286       46      728       0
                text43                             2E72     2E72      1B4      728       0
                text42                             38DA     38DA       96      728       0
                text41                             3E5C     3E5C       58      728       0
                text40                              E50      E50      B26      728       0
                text39                             43D0     43D0       3E      728       0
                text38                             453A     453A        2      728       0
                text37                             40A6     40A6       52      728       0
                text36                             4054     4054       52      728       0
                text35                             3DA8     3DA8       5A      728       0
                text34                             4002     4002       52      728       0
                text33                             4392     4392       3E      728       0
                text32                             3FB0     3FB0       52      728       0
                text31                             443E     443E       2A      728       0
                text30                             4468     4468       28      728       0
                text29                             452C     452C        A      728       0
                text28                             4522     4522        A      728       0
                text27                             450C     450C        C      728       0
                text26                             44B6     44B6       20      728       0
                text25                             3F5E     3F5E       52      728       0
                text24                             25FA     25FA      32E      728       0
                text23                             3844     3844       96      728       0
                text22                             3A9C     3A9C       88      728       0
                text21                             44D6     44D6       1E      728       0
                text20                             4310     4310       42      728       0
                text19                             4518     4518        A      728       0
                text18                             41E8     41E8       50      728       0
                text17                             4198     4198       50      728       0
                text16                             4148     4148       50      728       0
                text15                             40F8     40F8       50      728       0
                text14                             3CEE     3CEE       5E      728       0
                text13                             44F4     44F4       18      728       0
                text12                             440E     440E       30      728       0
                text11                             3026     3026      188      728       0
                text10                             331A     331A      164      728       0
                text9                              4352     4352       40      728       0
                text8                              4538     4538        2      728       0
                text7                              36D0     36D0       CA      728       0
                text6                              42CC     42CC       44      728       0
                text5                              3B24     3B24       7A      728       0
                text4                              2BF4     2BF4      27E      728       0
                text3                              347E     347E      14E      728       0
                text2                              4238     4238       4E      728       0
                text1                              3F0C     3F0C       52      728       0
                text0                              2928     2928      2CC      728       0
                cstackCOMRAM                          1        1       5A        1       1
                cstackBANK0                          60       60       86       60       1
                dataBANK1                           190      190        2      100       1
                bssBANK1                            100      100       90      100       1
                dataBANK0                            FF       FF        1       60       1
                bssBANK0                             E6       E6       19       60       1
                bssCOMRAM                            5B       5B        4        1       1
                cinit                              3D4C     3D4C       5C      728       0
                idataBANK1                         4536     4536        2      728       0
                idataBANK0                         453C     453C        1      728       0

TOTAL           Name                               Link     Load   Length     Space
        CLASS   CODE           
                intcode                               8        8        6         0
                init                                  E        E        4         0
                reset_vec                             0        0        4         0
                text58                             3C14     3C14       74         0
                text57                             4490     4490       26         0
                text56                             31AE     31AE      16C         0
                text55                             3A06     3A06       96         0
                text54                             3B9E     3B9E       76         0
                text53                             3E02     3E02       5A         0
                text52                             3970     3970       96         0
                text51                             3EB4     3EB4       58         0
                text50                             3C88     3C88       66         0
                text49                             2260     2260      39A         0
                text48                             379A     379A       AA         0
                text47                             35CC     35CC      104         0
                text46                             1E36     1E36      42A         0
                text45                             1976     1976      4C0         0
                text44                             4286     4286       46         0
                text43                             2E72     2E72      1B4         0
                text42                             38DA     38DA       96         0
                text41                             3E5C     3E5C       58         0
                text40                              E50      E50      B26         0
                text39                             43D0     43D0       3E         0
                text38                             453A     453A        2         0
                text37                             40A6     40A6       52         0
                text36                             4054     4054       52         0
                text35                             3DA8     3DA8       5A         0
                text34                             4002     4002       52         0
                text33                             4392     4392       3E         0
                text32                             3FB0     3FB0       52         0
                text31                             443E     443E       2A         0
                text30                             4468     4468       28         0
                text29                             452C     452C        A         0
                text28                             4522     4522        A         0
                text27                             450C     450C        C         0
                text26                             44B6     44B6       20         0
                text25                             3F5E     3F5E       52         0
                text24                             25FA     25FA      32E         0
                text23                             3844     3844       96         0
                text22                             3A9C     3A9C       88         0
                text21                             44D6     44D6       1E         0
                text20                             4310     4310       42         0
                text19                             4518     4518        A         0
                text18                             41E8     41E8       50         0
                text17                             4198     4198       50         0
                text16                             4148     4148       50         0
                text15                             40F8     40F8       50         0
                text14                             3CEE     3CEE       5E         0
                text13                             44F4     44F4       18         0
                text12                             440E     440E       30         0
                text11                             3026     3026      188         0
                text10                             331A     331A      164         0
                text9                              4352     4352       40         0
                text8                              4538     4538        2         0
                text7                              36D0     36D0       CA         0
                text6                              42CC     42CC       44         0
                text5                              3B24     3B24       7A         0
                text4                              2BF4     2BF4      27E         0
                text3                              347E     347E      14E         0
                text2                              4238     4238       4E         0
                text1                              3F0C     3F0C       52         0
                text0                              2928     2928      2CC         0
                cinit                              3D4C     3D4C       5C         0
                idataBANK1                         4536     4536        2         0
                idataBANK0                         453C     453C        1         0

        CLASS   CONST          

        CLASS   SMALLCONST     
                smallconst                          E00      E00       50         0

        CLASS   MEDIUMCONST    

        CLASS   COMRAM         
                temp                                 5F       5F        1         1
                cstackCOMRAM                          1        1       5A         1
                bssCOMRAM                            5B       5B        4         1

        CLASS   ABS1           

        CLASS   BIGRAM         

        CLASS   RAM            

        CLASS   BANK0          
                cstackBANK0                          60       60       86         1
                dataBANK0                            FF       FF        1         1
                bssBANK0                             E6       E6       19         1

        CLASS   BANK1          
                dataBANK1                           190      190        2         1
                bssBANK1                            100      100       90         1

        CLASS   BANK2          

        CLASS   BANK3          

        CLASS   BANK4          

        CLASS   BANK5          

        CLASS   BANK6          

        CLASS   BANK7          

        CLASS   BANK8          

        CLASS   BANK9          

        CLASS   BANK10         

        CLASS   BANK11         

        CLASS   BANK12         

        CLASS   BANK13         

        CLASS   SFR            

        CLASS   BIGSFR         

        CLASS   CONFIG         
                config                           300000   300000        C         4

        CLASS   IDLOC          
                idloc                            200000   200000       10         5

        CLASS   EEDATA         

        CLASS   FARRAM         

        CLASS   HEAP           

        CLASS   STACK          



SEGMENTS        Name                           Load    Length   Top    Selector   Space  Class

                reset_vec                      000000  000004  000004         0       0  CODE    
                cstackCOMRAM                   000001  00005F  000060         1       1  COMRAM  
                intcode                        000008  00000A  000012         4       0  CODE    
                cstackBANK0                    000060  0000A0  000100        60       1  BANK0   
                bssBANK1                       000100  000092  000192       100       1  BANK1   
                smallconst                     000E00  000050  000E50       700       0  SMALLCON
                text40                         000E50  0036ED  00453D       728       0  CODE    


UNUSED ADDRESS RANGES

        Name                Unused          Largest block    Delta
        BANK1            000192-0001FF               6E
        BANK10           000A00-000AFF              100
        BANK11           000B00-000BFF              100
        BANK12           000C00-000CFF              100
        BANK13           000D00-000DE9               EA
        BANK2            000200-0002FF              100
        BANK3            000300-0003FF              100
        BANK4            000400-0004FF              100
        BANK5            000500-0005FF              100
        BANK6            000600-0006FF              100
        BANK7            000700-0007FF              100
        BANK8            000800-0008FF              100
        BANK9            000900-0009FF              100
        BIGRAM           000192-000DE9              C58
        BIGSFR           000DEF-000FFF              211
        CODE             000004-000007                4
                         000012-000DFF              DEE
                         00453D-01FFFF            1BAC3
        CONST            000004-000007                4
                         000012-000DFF              DEE
                         00453D-01FFFF            1BAC3
        EEDATA           310000-3103FF              400
        MEDIUMCONST      00453D-00FFFF             BAC3
                         010E00-01FFFF             F200
        RAM              000192-000DE9              100
        SFR              000DEF-000FFF              100
        SMALLCONST       00453D-01FFFF              100

                                  Symbol Table

?_Colour_decider               cstackCOMRAM 00004B
?___aodiv                      cstackCOMRAM 000001
?___aomod                      cstackCOMRAM 000001
?___fladd                      cstackCOMRAM 000001
?___fldiv                      cstackCOMRAM 000019
?___flmul                      cstackCOMRAM 000032
?___flsub                      cstackCOMRAM 000011
?___lwdiv                      cstackCOMRAM 000007
?___wmul                       cstackCOMRAM 000001
?___xxtofl                     cstackCOMRAM 000001
?_abs                          cstackCOMRAM 000013
?_color_read_Blue              cstackCOMRAM 000005
?_color_read_Green             cstackCOMRAM 000005
?_color_read_Red               cstackCOMRAM 000005
?_color_read_lum               cstackCOMRAM 000005
?_sprintf                      cstackBANK0  000060
?_vfprintf                     cstackCOMRAM 000051
BlueMove@mL                    cstackCOMRAM 00001F
BlueMove@mR                    cstackCOMRAM 000021
Colour_decider@Cmax            cstackBANK0  000072
Colour_decider@Cmax_i          cstackBANK0  000064
Colour_decider@Cmin            cstackBANK0  000076
Colour_decider@Hue             cstackBANK0  00007C
Colour_decider@RGB_col         cstackBANK0  000066
Colour_decider@i               cstackBANK0  00007A
Colour_decider@rel             cstackCOMRAM 00004D
Colour_decider@vals            cstackCOMRAM 00004B
GreenMove@mL                   cstackCOMRAM 00001F
GreenMove@mR                   cstackCOMRAM 000021
I2C_2_Master_Read@ack          cstackCOMRAM 000003
I2C_2_Master_Read@tmp          cstackCOMRAM 000004
I2C_2_Master_Write@data_byte   cstackCOMRAM 000002
LightBlueMove@mL               cstackCOMRAM 00001F
LightBlueMove@mR               cstackCOMRAM 000021
OrangeMove@mL                  cstackCOMRAM 00001F
OrangeMove@mR                  cstackCOMRAM 000021
PinkMove@mL                    cstackCOMRAM 00001F
PinkMove@mR                    cstackCOMRAM 000021
RedMove@mL                     cstackCOMRAM 00001F
RedMove@mR                     cstackCOMRAM 000021
YellowMove@mL                  cstackCOMRAM 00001F
YellowMove@mR                  cstackCOMRAM 000021
_ANSELDbits                    (abs)        000EA7
_BAUD4CONbits                  (abs)        000EE9
_BlueMove                      text50       003C88
_CCP1CONbits                   (abs)        000FAB
_CCP2CONbits                   (abs)        000FA7
_CCP3CONbits                   (abs)        000F26
_CCP4CONbits                   (abs)        000F22
_CCPR1H                        (abs)        000FAA
_CCPR2H                        (abs)        000FA6
_CCPR3H                        (abs)        000F25
_CCPR4H                        (abs)        000F21
_CCPTMRS0bits                  (abs)        000FAD
_Colour_decider                text40       000E50
_Colour_decider$2542           cstackBANK0  000060
_DataFlag                      dataBANK0    0000FF
_EUSART4RXbuf                  bssBANK1     00013C
_EUSART4TXbuf                  bssBANK1     000100
_GreenMove                     text39       0043D0
_HighISR                       intcode      000008
_I2C_2_Master_Idle             text30       004468
_I2C_2_Master_Init             text31       00443E
_I2C_2_Master_Read             text20       004310
_I2C_2_Master_RepStart         text19       004518
_I2C_2_Master_Start            text29       00452C
_I2C_2_Master_Stop             text28       004522
_I2C_2_Master_Write            text27       00450C
_Interrupts_init               text38       00453A
_LATAbits                      (abs)        000F79
_LATDbits                      (abs)        000F7C
_LATFbits                      (abs)        000F7E
_LATGbits                      (abs)        000F7F
_LightBlueMove                 text37       0040A6
_OrangeMove                    text36       004054
_PIE4bits                      (abs)        000E2D
_PIR4bits                      (abs)        000E37
_PinkMove                      text34       004002
_RC0PPS                        (abs)        000E62
_RC4REG                        (abs)        000EE3
_RC4STAbits                    (abs)        000EE7
_RC7PPS                        (abs)        000E69
_RD5PPS                        (abs)        000E6F
_RD6PPS                        (abs)        000E70
_RE2PPS                        (abs)        000E74
_RE4PPS                        (abs)        000E76
_RG6PPS                        (abs)        000E88
_RX4PPS                        (abs)        000E15
_RedMove                       text33       004392
_RxBufReadCnt                  bssCOMRAM    00005D
_RxBufWriteCnt                 bssCOMRAM    00005E
_SP4BRGH                       (abs)        000EE6
_SP4BRGL                       (abs)        000EE5
_SSP2ADD                       (abs)        000ED6
_SSP2BUF                       (abs)        000ED5
_SSP2CLKPPS                    (abs)        000E1C
_SSP2CON1bits                  (abs)        000ED9
_SSP2CON2                      (abs)        000EDA
_SSP2CON2bits                  (abs)        000EDA
_SSP2DATPPS                    (abs)        000E1D
_SSP2STAT                      (abs)        000ED8
_T2CLKCONbits                  (abs)        000FBF
_T2CONbits                     (abs)        000FBD
_T2HLTbits                     (abs)        000FBE
_T2PR                          (abs)        000FBC
_TRISAbits                     (abs)        000F81
_TRISCbits                     (abs)        000F83
_TRISDbits                     (abs)        000F84
_TRISEbits                     (abs)        000F85
_TRISFbits                     (abs)        000F86
_TRISGbits                     (abs)        000F87
_TX4REG                        (abs)        000EE4
_TX4STAbits                    (abs)        000EE8
_TxBufReadCnt                  bssCOMRAM    00005B
_TxBufWriteCnt                 bssCOMRAM    00005C
_YellowMove                    text32       003FB0
__HRAM                         (abs)        000000
__Habs1                        abs1         000000
__Hbank0                       bank0        000000
__Hbank1                       bank1        000000
__Hbank10                      bank10       000000
__Hbank11                      bank11       000000
__Hbank12                      bank12       000000
__Hbank13                      bank13       000000
__Hbank2                       bank2        000000
__Hbank3                       bank3        000000
__Hbank4                       bank4        000000
__Hbank5                       bank5        000000
__Hbank6                       bank6        000000
__Hbank7                       bank7        000000
__Hbank8                       bank8        000000
__Hbank9                       bank9        000000
__Hbigbss                      bigbss       000000
__Hbigdata                     bigdata      000000
__Hbigram                      bigram       000000
__Hbigsfr                      bigsfr       000000
__Hbss                         bss          000000
__HbssBANK0                    bssBANK0     000000
__HbssBANK1                    bssBANK1     000000
__HbssCOMRAM                   bssCOMRAM    000000
__Hcinit                       cinit        000000
__Hclrtext                     clrtext      000000
__Hcomram                      comram       000000
__Hconfig                      config       30000C
__Hconst                       const        000000
__HcstackBANK0                 cstackBANK0  000000
__HcstackCOMRAM                cstackCOMRAM 000000
__Hdata                        data         000000
__HdataBANK0                   dataBANK0    000000
__HdataBANK1                   dataBANK1    000000
__Heeprom_data                 eeprom_data  000000
__Hfarbss                      farbss       000000
__Hfardata                     fardata      000000
__Hheap                        heap         000000
__Hibigdata                    ibigdata     000000
__Hidata                       idata        000000
__HidataBANK0                  idataBANK0   000000
__HidataBANK1                  idataBANK1   000000
__Hidloc                       idloc        200010
__Hifardata                    ifardata     000000
__Hinit                        init         000012
__Hintcode                     intcode      00000E
__Hintcode_body                intcode_body 000000
__Hintcodelo                   intcodelo    00000E
__Hintentry                    intentry     000000
__Hintret                      intret       000000
__Hintsave_regs                intsave_regs 000000
__Hirdata                      irdata       000000
__Hmediumconst                 mediumconst  000000
__HnvFARRAM                    nvFARRAM     000000
__Hnvbit                       nvbit        000000
__Hnvrram                      nvrram       000000
__Hparam                       rparam       000000
__Hpowerup                     powerup      00000E
__Hram                         ram          000000
__Hramtop                      ramtop       000E00
__Hrbit                        rbit         000000
__Hrbss                        rbss         000000
__Hrdata                       rdata        000000
__Hreset_vec                   reset_vec    000004
__Hrparam                      rparam       000000
__Hsfr                         sfr          000000
__Hsmallconst                  smallconst   000E50
__Hspace_0                     (abs)        00453D
__Hspace_1                     (abs)        000192
__Hspace_2                     (abs)        000000
__Hspace_4                     (abs)        60000C
__Hstack                       stack        000000
__Hstruct                      struct       000000
__Htemp                        temp         000060
__Htext                        text         000000
__Htext0                       text0        000000
__Htext1                       text1        000000
__Htext10                      text10       000000
__Htext11                      text11       000000
__Htext12                      text12       000000
__Htext13                      text13       000000
__Htext14                      text14       000000
__Htext15                      text15       000000
__Htext16                      text16       000000
__Htext17                      text17       000000
__Htext18                      text18       000000
__Htext19                      text19       000000
__Htext2                       text2        000000
__Htext20                      text20       000000
__Htext21                      text21       000000
__Htext22                      text22       000000
__Htext23                      text23       000000
__Htext24                      text24       000000
__Htext25                      text25       000000
__Htext26                      text26       000000
__Htext27                      text27       000000
__Htext28                      text28       000000
__Htext29                      text29       000000
__Htext3                       text3        000000
__Htext30                      text30       000000
__Htext31                      text31       000000
__Htext32                      text32       000000
__Htext33                      text33       000000
__Htext34                      text34       000000
__Htext35                      text35       000000
__Htext36                      text36       000000
__Htext37                      text37       000000
__Htext38                      text38       000000
__Htext39                      text39       000000
__Htext4                       text4        000000
__Htext40                      text40       000000
__Htext41                      text41       000000
__Htext42                      text42       000000
__Htext43                      text43       000000
__Htext44                      text44       000000
__Htext45                      text45       000000
__Htext46                      text46       000000
__Htext47                      text47       000000
__Htext48                      text48       000000
__Htext49                      text49       000000
__Htext5                       text5        000000
__Htext50                      text50       000000
__Htext51                      text51       000000
__Htext52                      text52       000000
__Htext53                      text53       000000
__Htext54                      text54       000000
__Htext55                      text55       000000
__Htext56                      text56       000000
__Htext57                      text57       000000
__Htext58                      text58       000000
__Htext6                       text6        000000
__Htext7                       text7        000000
__Htext8                       text8        000000
__Htext9                       text9        000000
__LRAM                         (abs)        000001
__Labs1                        abs1         000000
__Lbank0                       bank0        000000
__Lbank1                       bank1        000000
__Lbank10                      bank10       000000
__Lbank11                      bank11       000000
__Lbank12                      bank12       000000
__Lbank13                      bank13       000000
__Lbank2                       bank2        000000
__Lbank3                       bank3        000000
__Lbank4                       bank4        000000
__Lbank5                       bank5        000000
__Lbank6                       bank6        000000
__Lbank7                       bank7        000000
__Lbank8                       bank8        000000
__Lbank9                       bank9        000000
__Lbigbss                      bigbss       000000
__Lbigdata                     bigdata      000000
__Lbigram                      bigram       000000
__Lbigsfr                      bigsfr       000000
__Lbss                         bss          000000
__LbssBANK0                    bssBANK0     000000
__LbssBANK1                    bssBANK1     000000
__LbssCOMRAM                   bssCOMRAM    000000
__Lcinit                       cinit        000000
__Lclrtext                     clrtext      000000
__Lcomram                      comram       000000
__Lconfig                      config       000000
__Lconst                       const        000000
__LcstackBANK0                 cstackBANK0  000000
__LcstackCOMRAM                cstackCOMRAM 000000
__Ldata                        data         000000
__LdataBANK0                   dataBANK0    000000
__LdataBANK1                   dataBANK1    000000
__Leeprom_data                 eeprom_data  000000
__Lfarbss                      farbss       000000
__Lfardata                     fardata      000000
__Lheap                        heap         000000
__Libigdata                    ibigdata     000000
__Lidata                       idata        000000
__LidataBANK0                  idataBANK0   000000
__LidataBANK1                  idataBANK1   000000
__Lidloc                       idloc        000000
__Lifardata                    ifardata     000000
__Linit                        init         00000E
__Lintcode                     intcode      000008
__Lintcode_body                intcode_body 000000
__Lintcodelo                   intcodelo    00000E
__Lintentry                    intentry     000000
__Lintret                      intret       000000
__Lintsave_regs                intsave_regs 000000
__Lirdata                      irdata       000000
__Lmediumconst                 mediumconst  000000
__LnvFARRAM                    nvFARRAM     000000
__Lnvbit                       nvbit        000000
__Lnvrram                      nvrram       000000
__Lparam                       rparam       000000
__Lpowerup                     powerup      00000E
__Lram                         ram          000000
__Lramtop                      ramtop       000E00
__Lrbit                        rbit         000000
__Lrbss                        rbss         000000
__Lrdata                       rdata        000000
__Lreset_vec                   reset_vec    000000
__Lrparam                      rparam       000000
__Lsfr                         sfr          000000
__Lsmallconst                  smallconst   000E00
__Lspace_0                     (abs)        000000
__Lspace_1                     (abs)        000000
__Lspace_2                     (abs)        000000
__Lspace_4                     (abs)        000000
__Lstack                       stack        000000
__Lstruct                      struct       000000
__Ltemp                        temp         00005F
__Ltext                        text         000000
__Ltext0                       text0        000000
__Ltext1                       text1        000000
__Ltext10                      text10       000000
__Ltext11                      text11       000000
__Ltext12                      text12       000000
__Ltext13                      text13       000000
__Ltext14                      text14       000000
__Ltext15                      text15       000000
__Ltext16                      text16       000000
__Ltext17                      text17       000000
__Ltext18                      text18       000000
__Ltext19                      text19       000000
__Ltext2                       text2        000000
__Ltext20                      text20       000000
__Ltext21                      text21       000000
__Ltext22                      text22       000000
__Ltext23                      text23       000000
__Ltext24                      text24       000000
__Ltext25                      text25       000000
__Ltext26                      text26       000000
__Ltext27                      text27       000000
__Ltext28                      text28       000000
__Ltext29                      text29       000000
__Ltext3                       text3        000000
__Ltext30                      text30       000000
__Ltext31                      text31       000000
__Ltext32                      text32       000000
__Ltext33                      text33       000000
__Ltext34                      text34       000000
__Ltext35                      text35       000000
__Ltext36                      text36       000000
__Ltext37                      text37       000000
__Ltext38                      text38       000000
__Ltext39                      text39       000000
__Ltext4                       text4        000000
__Ltext40                      text40       000000
__Ltext41                      text41       000000
__Ltext42                      text42       000000
__Ltext43                      text43       000000
__Ltext44                      text44       000000
__Ltext45                      text45       000000
__Ltext46                      text46       000000
__Ltext47                      text47       000000
__Ltext48                      text48       000000
__Ltext49                      text49       000000
__Ltext5                       text5        000000
__Ltext50                      text50       000000
__Ltext51                      text51       000000
__Ltext52                      text52       000000
__Ltext53                      text53       000000
__Ltext54                      text54       000000
__Ltext55                      text55       000000
__Ltext56                      text56       000000
__Ltext57                      text57       000000
__Ltext58                      text58       000000
__Ltext6                       text6        000000
__Ltext7                       text7        000000
__Ltext8                       text8        000000
__Ltext9                       text9        000000
__S0                           (abs)        00453D
__S1                           (abs)        000192
__S4                           (abs)        000000
__S5                           (abs)        000000
___aodiv                       text11       003026
___aodiv@counter               cstackCOMRAM 000011
___aodiv@dividend              cstackCOMRAM 000001
___aodiv@divisor               cstackCOMRAM 000009
___aodiv@quotient              cstackCOMRAM 000013
___aodiv@sign                  cstackCOMRAM 000012
___aomod                       text10       00331A
___aomod@counter               cstackCOMRAM 000011
___aomod@dividend              cstackCOMRAM 000001
___aomod@divisor               cstackCOMRAM 000009
___aomod@sign                  cstackCOMRAM 000012
___fladd                       text45       001976
___fladd@a                     cstackCOMRAM 000005
___fladd@aexp                  cstackCOMRAM 00000E
___fladd@b                     cstackCOMRAM 000001
___fladd@bexp                  cstackCOMRAM 00000F
___fladd@grs                   cstackCOMRAM 000010
___fladd@signs                 cstackCOMRAM 00000D
___fldiv                       text49       002260
___fldiv@a                     cstackCOMRAM 00001D
___fldiv@aexp                  cstackCOMRAM 000031
___fldiv@b                     cstackCOMRAM 000019
___fldiv@bexp                  cstackCOMRAM 000030
___fldiv@grs                   cstackCOMRAM 00002C
___fldiv@new_exp               cstackCOMRAM 00002A
___fldiv@rem                   cstackCOMRAM 000025
___fldiv@sign                  cstackCOMRAM 000029
___fleq                        text48       00379A
___fleq@ff1                    cstackCOMRAM 000019
___fleq@ff2                    cstackCOMRAM 00001D
___flge                        text47       0035CC
___flge@ff1                    cstackCOMRAM 000001
___flge@ff2                    cstackCOMRAM 000005
___flmul                       text46       001E36
___flmul@a                     cstackCOMRAM 000036
___flmul@aexp                  cstackCOMRAM 000043
___flmul@b                     cstackCOMRAM 000032
___flmul@bexp                  cstackCOMRAM 000044
___flmul@grs                   cstackCOMRAM 00003F
___flmul@prod                  cstackCOMRAM 000045
___flmul@sign                  cstackCOMRAM 00003E
___flmul@temp                  cstackCOMRAM 000049
___flsub                       text44       004286
___flsub@a                     cstackCOMRAM 000015
___flsub@b                     cstackCOMRAM 000011
___heap_hi                     (abs)        000000
___heap_lo                     (abs)        000000
___inthi_sp                    stack        000000
___intlo_sp                    stack        000000
___lwdiv                       text58       003C14
___lwdiv@counter               cstackCOMRAM 00000D
___lwdiv@dividend              cstackCOMRAM 000007
___lwdiv@divisor               cstackCOMRAM 000009
___lwdiv@quotient              cstackCOMRAM 00000B
___param_bank                  (abs)        000000
___rparam_used                 (abs)        000001
___sp                          stack        000000
___wmul                        text57       004490
___wmul@multiplicand           cstackCOMRAM 000003
___wmul@multiplier             cstackCOMRAM 000001
___wmul@product                cstackCOMRAM 000005
___xxtofl                      text43       002E72
___xxtofl@arg                  cstackCOMRAM 00000B
___xxtofl@exp                  cstackCOMRAM 00000A
___xxtofl@sign                 cstackCOMRAM 000009
___xxtofl@val                  cstackCOMRAM 000001
__accesstop                    (abs)        000060
__activetblptr                 (abs)        000001
__end_of_BlueMove              text50       003CEE
__end_of_Colour_decider        text40       001976
__end_of_GreenMove             text39       00440E
__end_of_HighISR               intcode      00000E
__end_of_I2C_2_Master_Idle     text30       004490
__end_of_I2C_2_Master_Init     text31       004468
__end_of_I2C_2_Master_Read     text20       004352
__end_of_I2C_2_Master_RepStart text19       004522
__end_of_I2C_2_Master_Start    text29       004536
__end_of_I2C_2_Master_Stop     text28       00452C
__end_of_I2C_2_Master_Write    text27       004518
__end_of_Interrupts_init       text38       00453C
__end_of_LightBlueMove         text37       0040F8
__end_of_OrangeMove            text36       0040A6
__end_of_PinkMove              text34       004054
__end_of_RedMove               text33       0043D0
__end_of_YellowMove            text32       004002
__end_of___aodiv               text11       0031AE
__end_of___aomod               text10       00347E
__end_of___fladd               text45       001E36
__end_of___fldiv               text49       0025FA
__end_of___fleq                text48       003844
__end_of___flge                text47       0036D0
__end_of___flmul               text46       002260
__end_of___flsub               text44       0042CC
__end_of___lwdiv               text58       003C88
__end_of___wmul                text57       0044B6
__end_of___xxtofl              text43       003026
__end_of__initialization       cinit        003D96
__end_of_abs                   text9        004392
__end_of_color_click_init      text25       003FB0
__end_of_color_read_Blue       text18       004238
__end_of_color_read_Green      text17       0041E8
__end_of_color_read_Red        text16       004198
__end_of_color_read_lum        text15       004148
__end_of_color_writetoaddr     text26       0044D6
__end_of_colour_rel            text24       002928
__end_of_dtoa                  text4        002E72
__end_of_fputc                 text7        00379A
__end_of_fputs                 text6        004310
__end_of_fullSpeedAhead        text23       0038DA
__end_of_fullSpeedBack         text55       003A9C
__end_of_initDCmotorsPWM       text22       003B24
__end_of_initUSART4            text21       0044F4
__end_of_main                  text0        002BF4
__end_of_pad                   text5        003B9E
__end_of_putch                 text8        00453A
__end_of_readColours           text14       003D4C
__end_of_reverseDetect         text53       003E5C
__end_of_reverseOneBlock       text35       003E02
__end_of_sendCharSerial4       text13       00450C
__end_of_sendStringSerial4     text12       00443E
__end_of_setMotorPWM           text56       00331A
__end_of_sprintf               text1        003F5E
__end_of_stop                  text54       003C14
__end_of_turnLeft              text42       003970
__end_of_turnLeft45            text41       003EB4
__end_of_turnRight             text52       003A06
__end_of_turnRight45           text51       003F0C
__end_of_vfpfcnvrt             text3        0035CC
__end_of_vfprintf              text2        004286
__initialization               cinit        003D4C
__mediumconst                  mediumconst  000000
__pbssBANK0                    bssBANK0     0000E6
__pbssBANK1                    bssBANK1     000100
__pbssCOMRAM                   bssCOMRAM    00005B
__pcinit                       cinit        003D4C
__pcstackBANK0                 cstackBANK0  000060
__pcstackCOMRAM                cstackCOMRAM 000001
__pdataBANK0                   dataBANK0    0000FF
__pdataBANK1                   dataBANK1    000190
__pidataBANK0                  idataBANK0   00453C
__pidataBANK1                  idataBANK1   004536
__pintcode                     intcode      000008
__psmallconst                  smallconst   000E00
__ptext0                       text0        002928
__ptext1                       text1        003F0C
__ptext10                      text10       00331A
__ptext11                      text11       003026
__ptext12                      text12       00440E
__ptext13                      text13       0044F4
__ptext14                      text14       003CEE
__ptext15                      text15       0040F8
__ptext16                      text16       004148
__ptext17                      text17       004198
__ptext18                      text18       0041E8
__ptext19                      text19       004518
__ptext2                       text2        004238
__ptext20                      text20       004310
__ptext21                      text21       0044D6
__ptext22                      text22       003A9C
__ptext23                      text23       003844
__ptext24                      text24       0025FA
__ptext25                      text25       003F5E
__ptext26                      text26       0044B6
__ptext27                      text27       00450C
__ptext28                      text28       004522
__ptext29                      text29       00452C
__ptext3                       text3        00347E
__ptext30                      text30       004468
__ptext31                      text31       00443E
__ptext32                      text32       003FB0
__ptext33                      text33       004392
__ptext34                      text34       004002
__ptext35                      text35       003DA8
__ptext36                      text36       004054
__ptext37                      text37       0040A6
__ptext38                      text38       00453A
__ptext39                      text39       0043D0
__ptext4                       text4        002BF4
__ptext40                      text40       000E50
__ptext41                      text41       003E5C
__ptext42                      text42       0038DA
__ptext43                      text43       002E72
__ptext44                      text44       004286
__ptext45                      text45       001976
__ptext46                      text46       001E36
__ptext47                      text47       0035CC
__ptext48                      text48       00379A
__ptext49                      text49       002260
__ptext5                       text5        003B24
__ptext50                      text50       003C88
__ptext51                      text51       003EB4
__ptext52                      text52       003970
__ptext53                      text53       003E02
__ptext54                      text54       003B9E
__ptext55                      text55       003A06
__ptext56                      text56       0031AE
__ptext57                      text57       004490
__ptext58                      text58       003C14
__ptext6                       text6        0042CC
__ptext7                       text7        0036D0
__ptext8                       text8        004538
__ptext9                       text9        004352
__ramtop                       ramtop       000E00
__smallconst                   smallconst   000E00
_abs                           text9        004352
_color_click_init              text25       003F5E
_color_read_Blue               text18       0041E8
_color_read_Green              text17       004198
_color_read_Red                text16       004148
_color_read_lum                text15       0040F8
_color_writetoaddr             text26       0044B6
_colour_rel                    text24       0025FA
_colour_rel$2540               cstackCOMRAM 00003A
_colour_rel$2541               cstackCOMRAM 00003E
_dbuf                          bssBANK1     00015C
_dtoa                          text4        002BF4
_dtoa$2235                     cstackCOMRAM 00002E
_flags                         bssBANK0     0000EC
_fputc                         text7        0036D0
_fputs                         text6        0042CC
_fullSpeedAhead                text23       003844
_fullSpeedBack                 text55       003A06
_high_threshold                dataBANK1    000190
_initDCmotorsPWM               text22       003A9C
_initUSART4                    text21       0044D6
_low_threshold                 bssBANK0     0000EA
_main                          text0        002928
_motorL                        bssBANK0     0000F6
_motorR                        bssBANK0     0000ED
_pad                           text5        003B24
_prec                          bssBANK0     0000E8
_putch                         text8        004538
_readColours                   text14       003CEE
_rel                           bssBANK1     00017C
_reverseDetect                 text53       003E02
_reverseOneBlock               text35       003DA8
_sendCharSerial4               text13       0044F4
_sendStringSerial4             text12       00440E
_setMotorPWM                   text56       0031AE
_sprintf                       text1        003F0C
_stop                          text54       003B9E
_turnLeft                      text42       0038DA
_turnLeft45                    text41       003E5C
_turnRight                     text52       003970
_turnRight45                   text51       003EB4
_vals                          bssBANK1     000188
_vfpfcnvrt                     text3        00347E
_vfprintf                      text2        004238
_width                         bssBANK0     0000E6
abs@a                          cstackCOMRAM 000013
btemp                          temp         00005F
color_read_Blue@tmp            cstackCOMRAM 00000A
color_read_Green@tmp           cstackCOMRAM 00000A
color_read_Red@tmp             cstackCOMRAM 00000A
color_read_lum@tmp             cstackCOMRAM 00000A
color_writetoaddr@address      cstackCOMRAM 000004
color_writetoaddr@value        cstackCOMRAM 000003
colour_rel@B                   cstackCOMRAM 00004A
colour_rel@G                   cstackCOMRAM 000046
colour_rel@L                   cstackCOMRAM 000036
colour_rel@R                   cstackCOMRAM 000042
colour_rel@rel                 cstackCOMRAM 000034
colour_rel@vals                cstackCOMRAM 000032
dtoa@d                         cstackCOMRAM 00001E
dtoa@fp                        cstackCOMRAM 00001C
dtoa@i                         cstackCOMRAM 00003C
dtoa@n                         cstackCOMRAM 000034
dtoa@p                         cstackCOMRAM 000030
dtoa@s                         cstackCOMRAM 00003E
dtoa@w                         cstackCOMRAM 000032
end_of_initialization          cinit        003D96
fputc@c                        cstackCOMRAM 000001
fputc@fp                       cstackCOMRAM 000003
fputs@c                        cstackCOMRAM 00000E
fputs@fp                       cstackCOMRAM 00000C
fputs@i                        cstackCOMRAM 00000F
fputs@s                        cstackCOMRAM 00000A
fullSpeedAhead@mL              cstackCOMRAM 000014
fullSpeedAhead@mR              cstackCOMRAM 000016
fullSpeedBack@mL               cstackCOMRAM 000014
fullSpeedBack@mR               cstackCOMRAM 000016
initDCmotorsPWM@PWMperiod      cstackCOMRAM 000001
int$flags                      temp         00005F
intlevel0                      text         000000
intlevel1                      text         000000
intlevel2                      text         000000
intlevel3                      text         000000
isa$std                        (abs)        000001
isa$xinst                      (abs)        000000
main@buf                       cstackBANK0  000080
main@colour                    cstackBANK0  0000E4
pad@buf                        cstackCOMRAM 000013
pad@fp                         cstackCOMRAM 000011
pad@i                          cstackCOMRAM 000018
pad@p                          cstackCOMRAM 000015
pad@w                          cstackCOMRAM 00001A
readColours@vals               cstackCOMRAM 00000C
reverseDetect@mL               cstackCOMRAM 000019
reverseDetect@mR               cstackCOMRAM 00001B
reverseOneBlock@mL             cstackCOMRAM 000019
reverseOneBlock@mR             cstackCOMRAM 00001B
sendCharSerial4@charToSend     cstackCOMRAM 000001
sendStringSerial4@string       cstackCOMRAM 000002
setMotorPWM@m                  cstackCOMRAM 00000E
setMotorPWM@negDuty            cstackCOMRAM 000013
setMotorPWM@posDuty            cstackCOMRAM 000012
sprintf@ap                     cstackBANK0  00006E
sprintf@f                      cstackBANK0  000070
sprintf@fmt                    cstackBANK0  000062
sprintf@s                      cstackBANK0  000060
stackhi                        (abs)        000000
stacklo                        (abs)        000000
start                          init         00000E
start_initialization           cinit        003D4C
stop@mL                        cstackCOMRAM 000014
stop@mR                        cstackCOMRAM 000016
ttemp5                         temp         000060
ttemp6                         temp         000063
ttemp7                         temp         000067
turnLeft45@mL                  cstackCOMRAM 000019
turnLeft45@mR                  cstackCOMRAM 00001B
turnLeft@mL                    cstackCOMRAM 000014
turnLeft@mR                    cstackCOMRAM 000016
turnRight45@mL                 cstackCOMRAM 000019
turnRight45@mR                 cstackCOMRAM 00001B
turnRight@mL                   cstackCOMRAM 000014
turnRight@mR                   cstackCOMRAM 000016
vfpfcnvrt@ap                   cstackCOMRAM 000043
vfpfcnvrt@convarg              cstackCOMRAM 000047
vfpfcnvrt@cp                   cstackCOMRAM 00004F
vfpfcnvrt@fmt                  cstackCOMRAM 000041
vfpfcnvrt@fp                   cstackCOMRAM 00003F
vfprintf@ap                    cstackCOMRAM 000055
vfprintf@cfmt                  cstackCOMRAM 000057
vfprintf@fmt                   cstackCOMRAM 000053
vfprintf@fp                    cstackCOMRAM 000051
wtemp8                         temp         000060


MODULE INFORMATION

Module		Function		Class		Link	Load	Size
C:\Program Files\Microchip\xc8\v2.40\pic\sources\c99\common\sprcmul.c
		___flmul       		CODE           	1E36	0000	1066

C:\Program Files\Microchip\xc8\v2.40\pic\sources\c99\common\sprcmul.c estimated size: 1066

C:\Program Files\Microchip\xc8\v2.40\pic\sources\c99\common\nf_fputc.c
		_fputc         		CODE           	36D0	0000	202

C:\Program Files\Microchip\xc8\v2.40\pic\sources\c99\common\nf_fputc.c estimated size: 202

serial.c
		_sendStringSerial4		CODE           	440E	0000	48
		_sendCharSerial4		CODE           	44F4	0000	24
		_initUSART4    		CODE           	44D6	0000	30

serial.c estimated size: 102

C:\Program Files\Microchip\xc8\v2.40\pic\sources\c99\common\sprcdiv.c
		___fldiv       		CODE           	2260	0000	922

C:\Program Files\Microchip\xc8\v2.40\pic\sources\c99\common\sprcdiv.c estimated size: 922

C:\Program Files\Microchip\xc8\v2.40\pic\sources\c99\common\nf_sprintf.c
		_sprintf       		CODE           	3F0C	0000	82

C:\Program Files\Microchip\xc8\v2.40\pic\sources\c99\common\nf_sprintf.c estimated size: 82

C:\Program Files\Microchip\xc8\v2.40\pic\sources\c99\common\lwdiv.c
		___lwdiv       		CODE           	3C14	0000	116

C:\Program Files\Microchip\xc8\v2.40\pic\sources\c99\common\lwdiv.c estimated size: 116

color.c
		_color_writetoaddr		CODE           	44B6	0000	32
		_readColours   		CODE           	3CEE	0000	94
		_color_click_init		CODE           	3F5E	0000	82
		_Colour_decider		CODE           	0E50	0000	2854
		_colour_rel    		CODE           	25FA	0000	814
		_color_read_Green		CODE           	4198	0000	80
		_color_read_Red		CODE           	4148	0000	80
		_color_read_lum		CODE           	40F8	0000	80
		_color_read_Blue		CODE           	41E8	0000	80

color.c estimated size: 4196

C:\Program Files\Microchip\xc8\v2.40\pic\sources\c99\common\Umul16.c
		___wmul        		CODE           	4490	0000	38

C:\Program Files\Microchip\xc8\v2.40\pic\sources\c99\common\Umul16.c estimated size: 38

C:\Program Files\Microchip\xc8\v2.40\pic\sources\c99\common\fleq.c
		___fleq        		CODE           	379A	0000	170

C:\Program Files\Microchip\xc8\v2.40\pic\sources\c99\common\fleq.c estimated size: 170

dc_motor.c
		_reverseDetect 		CODE           	3E02	0000	90
		_fullSpeedBack 		CODE           	3A06	0000	150
		_GreenMove     		CODE           	43D0	0000	62
		_YellowMove    		CODE           	3FB0	0000	82
		_fullSpeedAhead		CODE           	3844	0000	150
		_turnLeft      		CODE           	38DA	0000	150
		_turnLeft45    		CODE           	3E5C	0000	88
		_stop          		CODE           	3B9E	0000	118
		_RedMove       		CODE           	4392	0000	62
		_initDCmotorsPWM		CODE           	3A9C	0000	136
		_turnRight     		CODE           	3970	0000	150
		_turnRight45   		CODE           	3EB4	0000	88
		_BlueMove      		CODE           	3C88	0000	102
		_reverseOneBlock		CODE           	3DA8	0000	90
		_OrangeMove    		CODE           	4054	0000	82
		_setMotorPWM   		CODE           	31AE	0000	364
		_LightBlueMove 		CODE           	40A6	0000	82
		_PinkMove      		CODE           	4002	0000	82

dc_motor.c estimated size: 2128

interrupts.c
		_Interrupts_init		CODE           	453A	0000	2
		_HighISR       		CODE           	0008	0000	6

interrupts.c estimated size: 8

C:\Program Files\Microchip\xc8\v2.40\pic\sources\c99\common\abs.c
		_abs           		CODE           	4352	0000	64

C:\Program Files\Microchip\xc8\v2.40\pic\sources\c99\common\abs.c estimated size: 64

i2c.c
		_I2C_2_Master_Start		CODE           	452C	0000	10
		_I2C_2_Master_Read		CODE           	4310	0000	66
		_I2C_2_Master_Idle		CODE           	4468	0000	40
		_I2C_2_Master_Init		CODE           	443E	0000	42
		_I2C_2_Master_Stop		CODE           	4522	0000	10
		_I2C_2_Master_RepStart		CODE           	4518	0000	10
		_I2C_2_Master_Write		CODE           	450C	0000	12

i2c.c estimated size: 190

C:\Program Files\Microchip\xc8\v2.40\pic\sources\c99\common\sprcadd.c
		___flsub       		CODE           	4286	0000	70
		___fladd       		CODE           	1976	0000	1216

C:\Program Files\Microchip\xc8\v2.40\pic\sources\c99\common\sprcadd.c estimated size: 1286

C:\Program Files\Microchip\xc8\v2.40\pic\sources\c99\common\xxtofl.c
		___xxtofl      		CODE           	2E72	0000	436

C:\Program Files\Microchip\xc8\v2.40\pic\sources\c99\common\xxtofl.c estimated size: 436

C:\Program Files\Microchip\xc8\v2.40\pic\sources\c99\common\nf_fputs.c
		_fputs         		CODE           	42CC	0000	68

C:\Program Files\Microchip\xc8\v2.40\pic\sources\c99\common\nf_fputs.c estimated size: 68

C:\Program Files\Microchip\xc8\v2.40\pic\sources\c99\common\aomod.c
		___aomod       		CODE           	331A	0000	356

C:\Program Files\Microchip\xc8\v2.40\pic\sources\c99\common\aomod.c estimated size: 356

shared
		__initialization		CODE           	3D4C	0000	74

shared estimated size: 74

C:\Program Files\Microchip\xc8\v2.40\pic\sources\c99\common\flge.c
		___flge        		CODE           	35CC	0000	260

C:\Program Files\Microchip\xc8\v2.40\pic\sources\c99\common\flge.c estimated size: 260

C:\Program Files\Microchip\xc8\v2.40\pic\sources\c99\common\putch.c
		_putch         		CODE           	4538	0000	2

C:\Program Files\Microchip\xc8\v2.40\pic\sources\c99\common\putch.c estimated size: 2

C:\Program Files\Microchip\xc8\v2.40\pic\sources\c99\common\doprnt.c
		_vfpfcnvrt     		CODE           	347E	0000	334
		_pad           		CODE           	3B24	0000	122
		_dtoa          		CODE           	2BF4	0000	638
		_vfprintf      		CODE           	4238	0000	78

C:\Program Files\Microchip\xc8\v2.40\pic\sources\c99\common\doprnt.c estimated size: 1172

main.c
		_main          		CODE           	2928	0000	716

main.c estimated size: 716

C:\Program Files\Microchip\xc8\v2.40\pic\sources\c99\common\aodiv.c
		___aodiv       		CODE           	3026	0000	392

C:\Program Files\Microchip\xc8\v2.40\pic\sources\c99\common\aodiv.c estimated size: 392

