Microchip MPLAB XC8 Compiler V2.40

Linker command line:

-W-3 \
  --edf=C:\Program Files\Microchip\xc8\v2.40\pic\dat\20220703182018_en.msgs \
  -cn \
  -h+dist/default/production\final-project-josh-and-edward.X.production.sym \
  --cmf=dist/default/production\final-project-josh-and-edward.X.production.cmf \
  -z -Q18F67K40 -oC:\Users\jford\AppData\Local\Temp\xcAsj8c.4 \
  --defsym=__MPLAB_BUILD=1 --fixupoverflow=error \
  -Mdist/default/production/final-project-josh-and-edward.X.production.map \
  --md=C:\Users\jford\AppData\Local\Temp\xcAsj8c.dat -E1 -ver=XC8 Compiler \
  --acfsm=1493 -ACODE=00h-01FFFFh -ACONST=00h-01FFFFh \
  -ASMALLCONST=0E00h-0EFFhx498 -AMEDIUMCONST=0E00h-0FFFFh,010E00h-01FFFFh \
  -ACOMRAM=01h-05Fh -AABS1=00h-0DE9h -ABIGRAM=01h-0DE9h \
  -ARAM=060h-0FFh,0100h-01FFhx12,0D00h-0DE9h -ABANK0=060h-0FFh \
  -ABANK1=0100h-01FFh -ABANK2=0200h-02FFh -ABANK3=0300h-03FFh \
  -ABANK4=0400h-04FFh -ABANK5=0500h-05FFh -ABANK6=0600h-06FFh \
  -ABANK7=0700h-07FFh -ABANK8=0800h-08FFh -ABANK9=0900h-09FFh \
  -ABANK10=0A00h-0AFFh -ABANK11=0B00h-0BFFh -ABANK12=0C00h-0CFFh \
  -ABANK13=0D00h-0DE9h \
  -ASFR=0DEFh-0DFFh,0E00h-0EFFh,0F00h-0F5Fh,0F60h-0FFFh \
  -ABIGSFR=0DEFh-0FFFh -ACONFIG=0300000h-030000Bh -AIDLOC=0200000h-020000Fh \
  -AEEDATA=0310000h-03103FFh -peeprom_data=EEDATA \
  -preset_vec=00h,intcode=08h,intcodelo,powerup,init -pramtop=0E00h \
  -psmallconst=SMALLCONST -pmediumconst=MEDIUMCONST -pconst=CONST \
  -AFARRAM=00h-00h \
  -prdata=COMRAM,nvrram=COMRAM,nvbit=COMRAM,rbss=COMRAM,rbit=COMRAM \
  -pfarbss=FARRAM,fardata=FARRAM,nvFARRAM=FARRAM \
  -pintsave_regs=BIGRAM,bigbss=BIGRAM,bigdata=BIGRAM -pbss=RAM \
  -pidata=CODE,irdata=CODE,ibigdata=CODE,ifardata=CODE -prparam=COMRAM \
  C:\Users\jford\AppData\Local\Temp\xcAsj8c.o \
  dist/default/production\final-project-josh-and-edward.X.production.o 

Object code version is 3.11

Machine type is 18F67K40



                Name                               Link     Load   Length Selector   Space Scale
C:\Users\jford\AppData\Local\Temp\xcAsj8c.o
                idloc                            200000   200000       10        0       5
                config                           300000   300000        C        0       4
                init                                  E        E        4        4       0
                reset_vec                             0        0        4        0       0
dist/default/production\final-project-josh-and-edward.X.production.o
                intcode                               8        8        6        4       0
                idloc                            200000   200000       10        0       5
                config                           300000   300000        C        0       4
                temp                                 5F       5F        1        1       1
                smallconst                          E00      E00       5A      700       0
                text68                             4D1A     4D1A       74      72D       0
                text67                             571E     571E       26      72D       0
                text66                             417C     417C      16C      72D       0
                text65                             4A8A     4A8A       96      72D       0
                text64                             4CA4     4CA4       76      72D       0
                text63                             5020     5020       5A      72D       0
                text62                             49F4     49F4       96      72D       0
                text61                             4FC6     4FC6       5A      72D       0
                text60                             4DF4     4DF4       66      72D       0
                text59                             2FE2     2FE2      39A      72D       0
                text58                             481E     481E       AA      72D       0
                text57                             4552     4552      104      72D       0
                text56                             27F0     27F0      42A      72D       0
                text55                             2330     2330      4C0      72D       0
                text54                             5498     5498       46      72D       0
                text53                             3E40     3E40      1B4      72D       0
                text52                              E5A      E5A      ADC      72D       0
                text51                             495E     495E       96      72D       0
                text50                             4F6C     4F6C       5A      72D       0
                text49                             48C8     48C8       96      72D       0
                text48                             4F12     4F12       5A      72D       0
                text47                             5626     5626       3E      72D       0
                text46                             57CA     57CA        2     2BE4       0
                text45                             526A     526A       52      72D       0
                text44                             5218     5218       52      72D       0
                text43                             4EB8     4EB8       5A      72D       0
                text42                             51C6     51C6       52      72D       0
                text41                             55E8     55E8       3E      72D       0
                text40                             4BA8     4BA8       82      72D       0
                text39                             5174     5174       52      72D       0
                text38                             56CC     56CC       2A      72D       0
                text37                             56F6     56F6       28      72D       0
                text36                             57BA     57BA        A      72D       0
                text35                             57B0     57B0        A      72D       0
                text34                             579A     579A        C      72D       0
                text33                             5744     5744       20      72D       0
                text32                             5122     5122       52      72D       0
                text31                             337C     337C      32E      72D       0
                text30                             4B20     4B20       88      72D       0
                text29                             5764     5764       1E      72D       0
                text28                             5566     5566       42      72D       0
                text27                             57A6     57A6        A      72D       0
                text26                             53FC     53FC       50      72D       0
                text25                             53AC     53AC       50      72D       0
                text24                             535C     535C       50      72D       0
                text23                             530C     530C       50      72D       0
                text22                             4E5A     4E5A       5E      72D       0
                text21                             5782     5782       18      72D       0
                text20                             569C     569C       30      72D       0
                text19                             3FF4     3FF4      188      72D       0
                text18                             42E8     42E8      164      72D       0
                text17                             55A8     55A8       40      72D       0
                text16                             57C8     57C8        2     2BE4       0
                text15                             4754     4754       CA      72D       0
                text14                             5522     5522       44      72D       0
                text13                             4C2A     4C2A       7A      72D       0
                text12                             39B0     39B0      27E      72D       0
                text11                             5664     5664       38      72D       0
                text10                             444C     444C      106      72D       0
                text9                              4656     4656       FE      72D       0
                text8                              3C2E     3C2E      212      72D       0
                text7                              4D8E     4D8E       66      72D       0
                text6                              52BC     52BC       50      72D       0
                text5                              54DE     54DE       44      72D       0
                text4                              1936     1936      9FA      72D       0
                text3                              36AA     36AA      306      72D       0
                text2                              507A     507A       56      72D       0
                text1                              50D0     50D0       52      72D       0
                text0                              2C1A     2C1A      3C8      72D       0
                cstackCOMRAM                          1        1       5E        1       1
                cstackBANK0                          60       60       73       60       1
                cstackBANK1                         182      182       6A      100       1
                bssBANK2                            200      200       3C      200       1
                bssBANK1                            100      100       82      100       1
                dataBANK0                            FA       FA        3       60       1
                bssBANK0                             D3       D3       27       60       1
                cinit                              544C     544C       4C      72D       0
                idataBANK0                         57C4     57C4        3      72D       0

TOTAL           Name                               Link     Load   Length     Space
        CLASS   CODE           
                intcode                               8        8        6         0
                init                                  E        E        4         0
                reset_vec                             0        0        4         0
                text68                             4D1A     4D1A       74         0
                text67                             571E     571E       26         0
                text66                             417C     417C      16C         0
                text65                             4A8A     4A8A       96         0
                text64                             4CA4     4CA4       76         0
                text63                             5020     5020       5A         0
                text62                             49F4     49F4       96         0
                text61                             4FC6     4FC6       5A         0
                text60                             4DF4     4DF4       66         0
                text59                             2FE2     2FE2      39A         0
                text58                             481E     481E       AA         0
                text57                             4552     4552      104         0
                text56                             27F0     27F0      42A         0
                text55                             2330     2330      4C0         0
                text54                             5498     5498       46         0
                text53                             3E40     3E40      1B4         0
                text52                              E5A      E5A      ADC         0
                text51                             495E     495E       96         0
                text50                             4F6C     4F6C       5A         0
                text49                             48C8     48C8       96         0
                text48                             4F12     4F12       5A         0
                text47                             5626     5626       3E         0
                text46                             57CA     57CA        2         0
                text45                             526A     526A       52         0
                text44                             5218     5218       52         0
                text43                             4EB8     4EB8       5A         0
                text42                             51C6     51C6       52         0
                text41                             55E8     55E8       3E         0
                text40                             4BA8     4BA8       82         0
                text39                             5174     5174       52         0
                text38                             56CC     56CC       2A         0
                text37                             56F6     56F6       28         0
                text36                             57BA     57BA        A         0
                text35                             57B0     57B0        A         0
                text34                             579A     579A        C         0
                text33                             5744     5744       20         0
                text32                             5122     5122       52         0
                text31                             337C     337C      32E         0
                text30                             4B20     4B20       88         0
                text29                             5764     5764       1E         0
                text28                             5566     5566       42         0
                text27                             57A6     57A6        A         0
                text26                             53FC     53FC       50         0
                text25                             53AC     53AC       50         0
                text24                             535C     535C       50         0
                text23                             530C     530C       50         0
                text22                             4E5A     4E5A       5E         0
                text21                             5782     5782       18         0
                text20                             569C     569C       30         0
                text19                             3FF4     3FF4      188         0
                text18                             42E8     42E8      164         0
                text17                             55A8     55A8       40         0
                text16                             57C8     57C8        2         0
                text15                             4754     4754       CA         0
                text14                             5522     5522       44         0
                text13                             4C2A     4C2A       7A         0
                text12                             39B0     39B0      27E         0
                text11                             5664     5664       38         0
                text10                             444C     444C      106         0
                text9                              4656     4656       FE         0
                text8                              3C2E     3C2E      212         0
                text7                              4D8E     4D8E       66         0
                text6                              52BC     52BC       50         0
                text5                              54DE     54DE       44         0
                text4                              1936     1936      9FA         0
                text3                              36AA     36AA      306         0
                text2                              507A     507A       56         0
                text1                              50D0     50D0       52         0
                text0                              2C1A     2C1A      3C8         0
                cinit                              544C     544C       4C         0
                idataBANK0                         57C4     57C4        3         0

        CLASS   CONST          

        CLASS   SMALLCONST     
                smallconst                          E00      E00       5A         0

        CLASS   MEDIUMCONST    

        CLASS   COMRAM         
                temp                                 5F       5F        1         1
                cstackCOMRAM                          1        1       5E         1

        CLASS   ABS1           

        CLASS   BIGRAM         

        CLASS   RAM            

        CLASS   BANK0          
                cstackBANK0                          60       60       73         1
                dataBANK0                            FA       FA        3         1
                bssBANK0                             D3       D3       27         1

        CLASS   BANK1          
                cstackBANK1                         182      182       6A         1
                bssBANK1                            100      100       82         1

        CLASS   BANK2          
                bssBANK2                            200      200       3C         1

        CLASS   BANK3          

        CLASS   BANK4          

        CLASS   BANK5          

        CLASS   BANK6          

        CLASS   BANK7          

        CLASS   BANK8          

        CLASS   BANK9          

        CLASS   BANK10         

        CLASS   BANK11         

        CLASS   BANK12         

        CLASS   BANK13         

        CLASS   SFR            

        CLASS   BIGSFR         

        CLASS   CONFIG         
                config                           300000   300000        C         4

        CLASS   IDLOC          
                idloc                            200000   200000       10         5

        CLASS   EEDATA         

        CLASS   FARRAM         

        CLASS   HEAP           

        CLASS   STACK          



SEGMENTS        Name                           Load    Length   Top    Selector   Space  Class

                reset_vec                      000000  000004  000004         0       0  CODE    
                cstackCOMRAM                   000001  00005F  000060         1       1  COMRAM  
                intcode                        000008  00000A  000012         4       0  CODE    
                cstackBANK0                    000060  00009D  0000FD        60       1  BANK0   
                bssBANK1                       000100  0000EC  0001EC       100       1  BANK1   
                bssBANK2                       000200  00003C  00023C       200       1  BANK2   
                smallconst                     000E00  00005A  000E5A       700       0  SMALLCON
                text52                         000E5A  00496D  0057C7       72D       0  CODE    
                text16                         0057C8  000004  0057CC      2BE4       0  CODE    


UNUSED ADDRESS RANGES

        Name                Unused          Largest block    Delta
        BANK0            0000FD-0000FF                3
        BANK1            0001EC-0001FF               14
        BANK10           000A00-000AFF              100
        BANK11           000B00-000BFF              100
        BANK12           000C00-000CFF              100
        BANK13           000D00-000DE9               EA
        BANK2            00023C-0002FF               C4
        BANK3            000300-0003FF              100
        BANK4            000400-0004FF              100
        BANK5            000500-0005FF              100
        BANK6            000600-0006FF              100
        BANK7            000700-0007FF              100
        BANK8            000800-0008FF              100
        BANK9            000900-0009FF              100
        BIGRAM           0000FD-0000FF                3
                         0001EC-0001FF               14
                         00023C-000DE9              BAE
        BIGSFR           000DEF-000FFF              211
        CODE             000004-000007                4
                         000012-000DFF              DEE
                         0057C7-0057C7                1
                         0057CC-01FFFF            1A834
        CONST            000004-000007                4
                         000012-000DFF              DEE
                         0057C7-0057C7                1
                         0057CC-01FFFF            1A834
        EEDATA           310000-3103FF              400
        MEDIUMCONST      0057C7-0057C7                1
                         0057CC-00FFFF             A834
                         010E00-01FFFF             F200
        RAM              0000FD-0000FF                3
                         0001EC-0001FF               14
                         00023C-000DE9              100
        SFR              000DEF-000FFF              100
        SMALLCONST       0057C7-0057C7                1
                         0057CC-01FFFF              100

                                  Symbol Table

?_Colour_decider               cstackCOMRAM 00004B
?___aodiv                      cstackCOMRAM 000001
?___aomod                      cstackCOMRAM 000001
?___fladd                      cstackCOMRAM 000001
?___fldiv                      cstackCOMRAM 000032
?___flmul                      cstackCOMRAM 000011
?___flneg                      cstackCOMRAM 000001
?___flsub                      cstackCOMRAM 00002A
?___fltol                      cstackCOMRAM 000001
?___fpclassifyf                cstackCOMRAM 000001
?___lwdiv                      cstackCOMRAM 000007
?___wmul                       cstackCOMRAM 000001
?___xxtofl                     cstackCOMRAM 000001
?_abs                          cstackCOMRAM 000013
?_color_read_Blue              cstackCOMRAM 000005
?_color_read_Green             cstackCOMRAM 000005
?_color_read_Red               cstackCOMRAM 000005
?_color_read_lum               cstackCOMRAM 000005
?_floorf                       cstackCOMRAM 00004B
?_labs                         cstackCOMRAM 000001
?_sprintf                      cstackBANK0  0000B0
?_vfprintf                     cstackBANK0  0000A8
BlueMove@mL                    cstackCOMRAM 00001F
BlueMove@mR                    cstackCOMRAM 000021
Colour_decider@Cmax            cstackBANK0  000072
Colour_decider@Cmax_i          cstackBANK0  000064
Colour_decider@Cmin            cstackBANK0  000076
Colour_decider@Hue             cstackBANK0  00007C
Colour_decider@RGB_col         cstackBANK0  000066
Colour_decider@i               cstackBANK0  00007A
Colour_decider@rel             cstackCOMRAM 00004D
Colour_decider@vals            cstackCOMRAM 00004B
Forwardhalfblock@mL            cstackCOMRAM 000019
Forwardhalfblock@mR            cstackCOMRAM 00001B
GreenMove@mL                   cstackCOMRAM 00001F
GreenMove@mR                   cstackCOMRAM 000021
I2C_2_Master_Read@ack          cstackCOMRAM 000003
I2C_2_Master_Read@tmp          cstackCOMRAM 000004
I2C_2_Master_Write@data_byte   cstackCOMRAM 000002
LightBlueMove@mL               cstackCOMRAM 00001F
LightBlueMove@mR               cstackCOMRAM 000021
OrangeMove@mL                  cstackCOMRAM 00001F
OrangeMove@mR                  cstackCOMRAM 000021
PinkMove@mL                    cstackCOMRAM 00001F
PinkMove@mR                    cstackCOMRAM 000021
RedMove@mL                     cstackCOMRAM 00001F
RedMove@mR                     cstackCOMRAM 000021
RetryMove@mL                   cstackCOMRAM 000019
RetryMove@mR                   cstackCOMRAM 00001B
YellowMove@mL                  cstackCOMRAM 00001F
YellowMove@mR                  cstackCOMRAM 000021
_ANSELDbits                    (abs)        000EA7
_ANSELFbits                    (abs)        000EB4
_BAUD4CONbits                  (abs)        000EE9
_BlueMove                      text60       004DF4
_CCP1CONbits                   (abs)        000FAB
_CCP2CONbits                   (abs)        000FA7
_CCP3CONbits                   (abs)        000F26
_CCP4CONbits                   (abs)        000F22
_CCPR1H                        (abs)        000FAA
_CCPR2H                        (abs)        000FA6
_CCPR3H                        (abs)        000F25
_CCPR4H                        (abs)        000F21
_CCPTMRS0bits                  (abs)        000FAD
_Colour_decider                text52       000E5A
_Colour_decider$2734           cstackBANK0  000060
_DataFlag                      dataBANK0    0000FC
_EUSART4RXbuf                  bssBANK0     0000D3
_EUSART4TXbuf                  bssBANK2     000200
_Forwardhalfblock              text50       004F6C
_GreenMove                     text47       005626
_HighISR                       intcode      000008
_I2C_2_Master_Idle             text37       0056F6
_I2C_2_Master_Init             text38       0056CC
_I2C_2_Master_Read             text28       005566
_I2C_2_Master_RepStart         text27       0057A6
_I2C_2_Master_Start            text36       0057BA
_I2C_2_Master_Stop             text35       0057B0
_I2C_2_Master_Write            text34       00579A
_Interrupts_init               text46       0057CA
_LATAbits                      (abs)        000F79
_LATDbits                      (abs)        000F7C
_LATFbits                      (abs)        000F7E
_LATGbits                      (abs)        000F7F
_LightBlueMove                 text45       00526A
_OrangeMove                    text44       005218
_PIE4bits                      (abs)        000E2D
_PIR4bits                      (abs)        000E37
_PORTFbits                     (abs)        000F8E
_PinkMove                      text42       0051C6
_RC0PPS                        (abs)        000E62
_RC4REG                        (abs)        000EE3
_RC4STAbits                    (abs)        000EE7
_RC7PPS                        (abs)        000E69
_RD5PPS                        (abs)        000E6F
_RD6PPS                        (abs)        000E70
_RE2PPS                        (abs)        000E74
_RE4PPS                        (abs)        000E76
_RG6PPS                        (abs)        000E88
_RX4PPS                        (abs)        000E15
_RedMove                       text41       0055E8
_RetryMove                     text40       004BA8
_RxBufReadCnt                  bssBANK0     0000F8
_RxBufWriteCnt                 bssBANK0     0000F9
_SP4BRGH                       (abs)        000EE6
_SP4BRGL                       (abs)        000EE5
_SSP2ADD                       (abs)        000ED6
_SSP2BUF                       (abs)        000ED5
_SSP2CLKPPS                    (abs)        000E1C
_SSP2CON1bits                  (abs)        000ED9
_SSP2CON2                      (abs)        000EDA
_SSP2CON2bits                  (abs)        000EDA
_SSP2DATPPS                    (abs)        000E1D
_SSP2STAT                      (abs)        000ED8
_T2CLKCONbits                  (abs)        000FBF
_T2CONbits                     (abs)        000FBD
_T2HLTbits                     (abs)        000FBE
_T2PR                          (abs)        000FBC
_TRISAbits                     (abs)        000F81
_TRISCbits                     (abs)        000F83
_TRISDbits                     (abs)        000F84
_TRISEbits                     (abs)        000F85
_TRISFbits                     (abs)        000F86
_TRISGbits                     (abs)        000F87
_TX4REG                        (abs)        000EE4
_TX4STAbits                    (abs)        000EE8
_TxBufReadCnt                  bssBANK0     0000F6
_TxBufWriteCnt                 bssBANK0     0000F7
_YellowMove                    text39       005174
__HRAM                         (abs)        000000
__Habs1                        abs1         000000
__Hbank0                       bank0        000000
__Hbank1                       bank1        000000
__Hbank10                      bank10       000000
__Hbank11                      bank11       000000
__Hbank12                      bank12       000000
__Hbank13                      bank13       000000
__Hbank2                       bank2        000000
__Hbank3                       bank3        000000
__Hbank4                       bank4        000000
__Hbank5                       bank5        000000
__Hbank6                       bank6        000000
__Hbank7                       bank7        000000
__Hbank8                       bank8        000000
__Hbank9                       bank9        000000
__Hbigbss                      bigbss       000000
__Hbigdata                     bigdata      000000
__Hbigram                      bigram       000000
__Hbigsfr                      bigsfr       000000
__Hbss                         bss          000000
__HbssBANK0                    bssBANK0     000000
__HbssBANK1                    bssBANK1     000000
__HbssBANK2                    bssBANK2     000000
__Hcinit                       cinit        000000
__Hclrtext                     clrtext      000000
__Hcomram                      comram       000000
__Hconfig                      config       30000C
__Hconst                       const        000000
__HcstackBANK0                 cstackBANK0  000000
__HcstackBANK1                 cstackBANK1  000000
__HcstackCOMRAM                cstackCOMRAM 000000
__Hdata                        data         000000
__HdataBANK0                   dataBANK0    000000
__Heeprom_data                 eeprom_data  000000
__Hfarbss                      farbss       000000
__Hfardata                     fardata      000000
__Hheap                        heap         000000
__Hibigdata                    ibigdata     000000
__Hidata                       idata        000000
__HidataBANK0                  idataBANK0   000000
__Hidloc                       idloc        200010
__Hifardata                    ifardata     000000
__Hinit                        init         000012
__Hintcode                     intcode      00000E
__Hintcode_body                intcode_body 000000
__Hintcodelo                   intcodelo    00000E
__Hintentry                    intentry     000000
__Hintret                      intret       000000
__Hintsave_regs                intsave_regs 000000
__Hirdata                      irdata       000000
__Hmediumconst                 mediumconst  000000
__HnvFARRAM                    nvFARRAM     000000
__Hnvbit                       nvbit        000000
__Hnvrram                      nvrram       000000
__Hparam                       rparam       000000
__Hpowerup                     powerup      00000E
__Hram                         ram          000000
__Hramtop                      ramtop       000E00
__Hrbit                        rbit         000000
__Hrbss                        rbss         000000
__Hrdata                       rdata        000000
__Hreset_vec                   reset_vec    000004
__Hrparam                      rparam       000000
__Hsfr                         sfr          000000
__Hsmallconst                  smallconst   000E5A
__Hspace_0                     (abs)        0057CC
__Hspace_1                     (abs)        00023C
__Hspace_2                     (abs)        000000
__Hspace_4                     (abs)        60000C
__Hstack                       stack        000000
__Hstruct                      struct       000000
__Htemp                        temp         000060
__Htext                        text         000000
__Htext0                       text0        000000
__Htext1                       text1        000000
__Htext10                      text10       000000
__Htext11                      text11       000000
__Htext12                      text12       000000
__Htext13                      text13       000000
__Htext14                      text14       000000
__Htext15                      text15       000000
__Htext16                      text16       000000
__Htext17                      text17       000000
__Htext18                      text18       000000
__Htext19                      text19       000000
__Htext2                       text2        000000
__Htext20                      text20       000000
__Htext21                      text21       000000
__Htext22                      text22       000000
__Htext23                      text23       000000
__Htext24                      text24       000000
__Htext25                      text25       000000
__Htext26                      text26       000000
__Htext27                      text27       000000
__Htext28                      text28       000000
__Htext29                      text29       000000
__Htext3                       text3        000000
__Htext30                      text30       000000
__Htext31                      text31       000000
__Htext32                      text32       000000
__Htext33                      text33       000000
__Htext34                      text34       000000
__Htext35                      text35       000000
__Htext36                      text36       000000
__Htext37                      text37       000000
__Htext38                      text38       000000
__Htext39                      text39       000000
__Htext4                       text4        000000
__Htext40                      text40       000000
__Htext41                      text41       000000
__Htext42                      text42       000000
__Htext43                      text43       000000
__Htext44                      text44       000000
__Htext45                      text45       000000
__Htext46                      text46       000000
__Htext47                      text47       000000
__Htext48                      text48       000000
__Htext49                      text49       000000
__Htext5                       text5        000000
__Htext50                      text50       000000
__Htext51                      text51       000000
__Htext52                      text52       000000
__Htext53                      text53       000000
__Htext54                      text54       000000
__Htext55                      text55       000000
__Htext56                      text56       000000
__Htext57                      text57       000000
__Htext58                      text58       000000
__Htext59                      text59       000000
__Htext6                       text6        000000
__Htext60                      text60       000000
__Htext61                      text61       000000
__Htext62                      text62       000000
__Htext63                      text63       000000
__Htext64                      text64       000000
__Htext65                      text65       000000
__Htext66                      text66       000000
__Htext67                      text67       000000
__Htext68                      text68       000000
__Htext7                       text7        000000
__Htext8                       text8        000000
__Htext9                       text9        000000
__LRAM                         (abs)        000001
__Labs1                        abs1         000000
__Lbank0                       bank0        000000
__Lbank1                       bank1        000000
__Lbank10                      bank10       000000
__Lbank11                      bank11       000000
__Lbank12                      bank12       000000
__Lbank13                      bank13       000000
__Lbank2                       bank2        000000
__Lbank3                       bank3        000000
__Lbank4                       bank4        000000
__Lbank5                       bank5        000000
__Lbank6                       bank6        000000
__Lbank7                       bank7        000000
__Lbank8                       bank8        000000
__Lbank9                       bank9        000000
__Lbigbss                      bigbss       000000
__Lbigdata                     bigdata      000000
__Lbigram                      bigram       000000
__Lbigsfr                      bigsfr       000000
__Lbss                         bss          000000
__LbssBANK0                    bssBANK0     000000
__LbssBANK1                    bssBANK1     000000
__LbssBANK2                    bssBANK2     000000
__Lcinit                       cinit        000000
__Lclrtext                     clrtext      000000
__Lcomram                      comram       000000
__Lconfig                      config       000000
__Lconst                       const        000000
__LcstackBANK0                 cstackBANK0  000000
__LcstackBANK1                 cstackBANK1  000000
__LcstackCOMRAM                cstackCOMRAM 000000
__Ldata                        data         000000
__LdataBANK0                   dataBANK0    000000
__Leeprom_data                 eeprom_data  000000
__Lfarbss                      farbss       000000
__Lfardata                     fardata      000000
__Lheap                        heap         000000
__Libigdata                    ibigdata     000000
__Lidata                       idata        000000
__LidataBANK0                  idataBANK0   000000
__Lidloc                       idloc        000000
__Lifardata                    ifardata     000000
__Linit                        init         00000E
__Lintcode                     intcode      000008
__Lintcode_body                intcode_body 000000
__Lintcodelo                   intcodelo    00000E
__Lintentry                    intentry     000000
__Lintret                      intret       000000
__Lintsave_regs                intsave_regs 000000
__Lirdata                      irdata       000000
__Lmediumconst                 mediumconst  000000
__LnvFARRAM                    nvFARRAM     000000
__Lnvbit                       nvbit        000000
__Lnvrram                      nvrram       000000
__Lparam                       rparam       000000
__Lpowerup                     powerup      00000E
__Lram                         ram          000000
__Lramtop                      ramtop       000E00
__Lrbit                        rbit         000000
__Lrbss                        rbss         000000
__Lrdata                       rdata        000000
__Lreset_vec                   reset_vec    000000
__Lrparam                      rparam       000000
__Lsfr                         sfr          000000
__Lsmallconst                  smallconst   000E00
__Lspace_0                     (abs)        000000
__Lspace_1                     (abs)        000000
__Lspace_2                     (abs)        000000
__Lspace_4                     (abs)        000000
__Lstack                       stack        000000
__Lstruct                      struct       000000
__Ltemp                        temp         00005F
__Ltext                        text         000000
__Ltext0                       text0        000000
__Ltext1                       text1        000000
__Ltext10                      text10       000000
__Ltext11                      text11       000000
__Ltext12                      text12       000000
__Ltext13                      text13       000000
__Ltext14                      text14       000000
__Ltext15                      text15       000000
__Ltext16                      text16       000000
__Ltext17                      text17       000000
__Ltext18                      text18       000000
__Ltext19                      text19       000000
__Ltext2                       text2        000000
__Ltext20                      text20       000000
__Ltext21                      text21       000000
__Ltext22                      text22       000000
__Ltext23                      text23       000000
__Ltext24                      text24       000000
__Ltext25                      text25       000000
__Ltext26                      text26       000000
__Ltext27                      text27       000000
__Ltext28                      text28       000000
__Ltext29                      text29       000000
__Ltext3                       text3        000000
__Ltext30                      text30       000000
__Ltext31                      text31       000000
__Ltext32                      text32       000000
__Ltext33                      text33       000000
__Ltext34                      text34       000000
__Ltext35                      text35       000000
__Ltext36                      text36       000000
__Ltext37                      text37       000000
__Ltext38                      text38       000000
__Ltext39                      text39       000000
__Ltext4                       text4        000000
__Ltext40                      text40       000000
__Ltext41                      text41       000000
__Ltext42                      text42       000000
__Ltext43                      text43       000000
__Ltext44                      text44       000000
__Ltext45                      text45       000000
__Ltext46                      text46       000000
__Ltext47                      text47       000000
__Ltext48                      text48       000000
__Ltext49                      text49       000000
__Ltext5                       text5        000000
__Ltext50                      text50       000000
__Ltext51                      text51       000000
__Ltext52                      text52       000000
__Ltext53                      text53       000000
__Ltext54                      text54       000000
__Ltext55                      text55       000000
__Ltext56                      text56       000000
__Ltext57                      text57       000000
__Ltext58                      text58       000000
__Ltext59                      text59       000000
__Ltext6                       text6        000000
__Ltext60                      text60       000000
__Ltext61                      text61       000000
__Ltext62                      text62       000000
__Ltext63                      text63       000000
__Ltext64                      text64       000000
__Ltext65                      text65       000000
__Ltext66                      text66       000000
__Ltext67                      text67       000000
__Ltext68                      text68       000000
__Ltext7                       text7        000000
__Ltext8                       text8        000000
__Ltext9                       text9        000000
__S0                           (abs)        0057CC
__S1                           (abs)        00023C
__S4                           (abs)        000000
__S5                           (abs)        000000
___aodiv                       text19       003FF4
___aodiv@counter               cstackCOMRAM 000011
___aodiv@dividend              cstackCOMRAM 000001
___aodiv@divisor               cstackCOMRAM 000009
___aodiv@quotient              cstackCOMRAM 000013
___aodiv@sign                  cstackCOMRAM 000012
___aomod                       text18       0042E8
___aomod@counter               cstackCOMRAM 000011
___aomod@dividend              cstackCOMRAM 000001
___aomod@divisor               cstackCOMRAM 000009
___aomod@sign                  cstackCOMRAM 000012
___fladd                       text55       002330
___fladd@a                     cstackCOMRAM 000005
___fladd@aexp                  cstackCOMRAM 00000E
___fladd@b                     cstackCOMRAM 000001
___fladd@bexp                  cstackCOMRAM 00000F
___fladd@grs                   cstackCOMRAM 000010
___fladd@signs                 cstackCOMRAM 00000D
___fldiv                       text59       002FE2
___fldiv@a                     cstackCOMRAM 000036
___fldiv@aexp                  cstackCOMRAM 00004A
___fldiv@b                     cstackCOMRAM 000032
___fldiv@bexp                  cstackCOMRAM 000049
___fldiv@grs                   cstackCOMRAM 000045
___fldiv@new_exp               cstackCOMRAM 000043
___fldiv@rem                   cstackCOMRAM 00003E
___fldiv@sign                  cstackCOMRAM 000042
___fleq                        text58       00481E
___fleq@ff1                    cstackCOMRAM 000032
___fleq@ff2                    cstackCOMRAM 000036
___flge                        text57       004552
___flge@ff1                    cstackCOMRAM 00002A
___flge@ff2                    cstackCOMRAM 00002E
___flmul                       text56       0027F0
___flmul@a                     cstackCOMRAM 000015
___flmul@aexp                  cstackCOMRAM 000022
___flmul@b                     cstackCOMRAM 000011
___flmul@bexp                  cstackCOMRAM 000023
___flmul@grs                   cstackCOMRAM 00001E
___flmul@prod                  cstackCOMRAM 000024
___flmul@sign                  cstackCOMRAM 00001D
___flmul@temp                  cstackCOMRAM 000028
___flneg                       text11       005664
___flneg@f1                    cstackCOMRAM 000001
___flsub                       text54       005498
___flsub@a                     cstackCOMRAM 00002E
___flsub@b                     cstackCOMRAM 00002A
___fltol                       text10       00444C
___fltol@exp1                  cstackCOMRAM 00000A
___fltol@f1                    cstackCOMRAM 000001
___fltol@sign1                 cstackCOMRAM 000009
___fpclassifyf                 text9        004656
___fpclassifyf@F465            bssBANK0     0000EB
___fpclassifyf@e               cstackCOMRAM 000009
___fpclassifyf@u               cstackCOMRAM 00000B
___fpclassifyf@x               cstackCOMRAM 000001
___heap_hi                     (abs)        000000
___heap_lo                     (abs)        000000
___inthi_sp                    stack        000000
___intlo_sp                    stack        000000
___lwdiv                       text68       004D1A
___lwdiv@counter               cstackCOMRAM 00000D
___lwdiv@dividend              cstackCOMRAM 000007
___lwdiv@divisor               cstackCOMRAM 000009
___lwdiv@quotient              cstackCOMRAM 00000B
___param_bank                  (abs)        000000
___rparam_used                 (abs)        000001
___sp                          stack        000000
___wmul                        text67       00571E
___wmul@multiplicand           cstackCOMRAM 000003
___wmul@multiplier             cstackCOMRAM 000001
___wmul@product                cstackCOMRAM 000005
___xxtofl                      text53       003E40
___xxtofl@arg                  cstackCOMRAM 00000B
___xxtofl@exp                  cstackCOMRAM 00000A
___xxtofl@sign                 cstackCOMRAM 000009
___xxtofl@val                  cstackCOMRAM 000001
__accesstop                    (abs)        000060
__activetblptr                 (abs)        000003
__end_of_BlueMove              text60       004E5A
__end_of_Colour_decider        text52       001936
__end_of_Forwardhalfblock      text50       004FC6
__end_of_GreenMove             text47       005664
__end_of_HighISR               intcode      00000E
__end_of_I2C_2_Master_Idle     text37       00571E
__end_of_I2C_2_Master_Init     text38       0056F6
__end_of_I2C_2_Master_Read     text28       0055A8
__end_of_I2C_2_Master_RepStart text27       0057B0
__end_of_I2C_2_Master_Start    text36       0057C4
__end_of_I2C_2_Master_Stop     text35       0057BA
__end_of_I2C_2_Master_Write    text34       0057A6
__end_of_Interrupts_init       text46       0057CC
__end_of_LightBlueMove         text45       0052BC
__end_of_OrangeMove            text44       00526A
__end_of_PinkMove              text42       005218
__end_of_RedMove               text41       005626
__end_of_RetryMove             text40       004C2A
__end_of_YellowMove            text39       0051C6
__end_of___aodiv               text19       00417C
__end_of___aomod               text18       00444C
__end_of___fladd               text55       0027F0
__end_of___fldiv               text59       00337C
__end_of___fleq                text58       0048C8
__end_of___flge                text57       004656
__end_of___flmul               text56       002C1A
__end_of___flneg               text11       00569C
__end_of___flsub               text54       0054DE
__end_of___fltol               text10       004552
__end_of___fpclassifyf         text9        004754
__end_of___lwdiv               text68       004D8E
__end_of___wmul                text67       005744
__end_of___xxtofl              text53       003FF4
__end_of__initialization       cinit        00548E
__end_of_abs                   text17       0055E8
__end_of_color_click_init      text32       005174
__end_of_color_read_Blue       text26       00544C
__end_of_color_read_Green      text25       0053FC
__end_of_color_read_Red        text24       0053AC
__end_of_color_read_lum        text23       00535C
__end_of_color_writetoaddr     text33       005764
__end_of_colour_rel            text31       0036AA
__end_of_dtoa                  text12       003C2E
__end_of_efgtoa                text4        002330
__end_of_floorf                text8        003E40
__end_of_fputc                 text15       00481E
__end_of_fputs                 text14       005566
__end_of_fullSpeedAhead        text51       0049F4
__end_of_fullSpeedBack         text65       004B20
__end_of_initDCmotorsPWM       text30       004BA8
__end_of_initUSART4            text29       005782
__end_of_labs                  text7        004DF4
__end_of_main                  text0        002FE2
__end_of_memcpy                text6        00530C
__end_of_pad                   text13       004CA4
__end_of_putch                 text16       0057CA
__end_of_readColours           text22       004EB8
__end_of_reverseDetect         text63       00507A
__end_of_reverseOneBlock       text43       004F12
__end_of_sendCharSerial4       text21       00579A
__end_of_sendStringSerial4     text20       0056CC
__end_of_setMotorPWM           text66       0042E8
__end_of_sprintf               text1        005122
__end_of_stop                  text64       004D1A
__end_of_strcpy                text5        005522
__end_of_turnLeft              text49       00495E
__end_of_turnLeft45            text48       004F6C
__end_of_turnRight             text62       004A8A
__end_of_turnRight45           text61       005020
__end_of_vfpfcnvrt             text3        0039B0
__end_of_vfprintf              text2        0050D0
__initialization               cinit        00544C
__mediumconst                  mediumconst  000000
__pbssBANK0                    bssBANK0     0000D3
__pbssBANK1                    bssBANK1     000100
__pbssBANK2                    bssBANK2     000200
__pcinit                       cinit        00544C
__pcstackBANK0                 cstackBANK0  000060
__pcstackBANK1                 cstackBANK1  000182
__pcstackCOMRAM                cstackCOMRAM 000001
__pdataBANK0                   dataBANK0    0000FA
__pidataBANK0                  idataBANK0   0057C4
__pintcode                     intcode      000008
__psmallconst                  smallconst   000E00
__ptext0                       text0        002C1A
__ptext1                       text1        0050D0
__ptext10                      text10       00444C
__ptext11                      text11       005664
__ptext12                      text12       0039B0
__ptext13                      text13       004C2A
__ptext14                      text14       005522
__ptext15                      text15       004754
__ptext16                      text16       0057C8
__ptext17                      text17       0055A8
__ptext18                      text18       0042E8
__ptext19                      text19       003FF4
__ptext2                       text2        00507A
__ptext20                      text20       00569C
__ptext21                      text21       005782
__ptext22                      text22       004E5A
__ptext23                      text23       00530C
__ptext24                      text24       00535C
__ptext25                      text25       0053AC
__ptext26                      text26       0053FC
__ptext27                      text27       0057A6
__ptext28                      text28       005566
__ptext29                      text29       005764
__ptext3                       text3        0036AA
__ptext30                      text30       004B20
__ptext31                      text31       00337C
__ptext32                      text32       005122
__ptext33                      text33       005744
__ptext34                      text34       00579A
__ptext35                      text35       0057B0
__ptext36                      text36       0057BA
__ptext37                      text37       0056F6
__ptext38                      text38       0056CC
__ptext39                      text39       005174
__ptext4                       text4        001936
__ptext40                      text40       004BA8
__ptext41                      text41       0055E8
__ptext42                      text42       0051C6
__ptext43                      text43       004EB8
__ptext44                      text44       005218
__ptext45                      text45       00526A
__ptext46                      text46       0057CA
__ptext47                      text47       005626
__ptext48                      text48       004F12
__ptext49                      text49       0048C8
__ptext5                       text5        0054DE
__ptext50                      text50       004F6C
__ptext51                      text51       00495E
__ptext52                      text52       000E5A
__ptext53                      text53       003E40
__ptext54                      text54       005498
__ptext55                      text55       002330
__ptext56                      text56       0027F0
__ptext57                      text57       004552
__ptext58                      text58       00481E
__ptext59                      text59       002FE2
__ptext6                       text6        0052BC
__ptext60                      text60       004DF4
__ptext61                      text61       004FC6
__ptext62                      text62       0049F4
__ptext63                      text63       005020
__ptext64                      text64       004CA4
__ptext65                      text65       004A8A
__ptext66                      text66       00417C
__ptext67                      text67       00571E
__ptext68                      text68       004D1A
__ptext7                       text7        004D8E
__ptext8                       text8        003C2E
__ptext9                       text9        004656
__ramtop                       ramtop       000E00
__smallconst                   smallconst   000E00
_abs                           text17       0055A8
_color_click_init              text32       005122
_color_read_Blue               text26       0053FC
_color_read_Green              text25       0053AC
_color_read_Red                text24       00535C
_color_read_lum                text23       00530C
_color_writetoaddr             text33       005744
_colour_rel                    text31       00337C
_colour_rel$2732               cstackBANK0  000064
_colour_rel$2733               cstackBANK0  000068
_dbuf                          bssBANK1     00010C
_dtoa                          text12       0039B0
_dtoa$2336                     cstackCOMRAM 00002E
_efgtoa                        text4        001936
_efgtoa$2367                   cstackBANK0  00006F
_flags                         bssBANK0     0000F5
_floorf                        text8        003C2E
_fputc                         text15       004754
_fputs                         text14       005522
_fullSpeedAhead                text51       00495E
_fullSpeedBack                 text65       004A8A
_high_threshold                dataBANK0    0000FA
_initDCmotorsPWM               text30       004B20
_initUSART4                    text29       005764
_labs                          text7        004D8E
_low_threshold                 bssBANK0     0000F3
_main                          text0        002C1A
_memcpy                        text6        0052BC
_motorL                        bssBANK1     000171
_motorR                        bssBANK1     000168
_pad                           text13       004C2A
_prec                          bssBANK0     0000F1
_putch                         text16       0057C8
_readColours                   text22       004E5A
_rel                           bssBANK1     00015C
_reverseDetect                 text63       005020
_reverseOneBlock               text43       004EB8
_sendCharSerial4               text21       005782
_sendStringSerial4             text20       00569C
_setMotorPWM                   text66       00417C
_sprintf                       text1        0050D0
_stop                          text64       004CA4
_strcpy                        text5        0054DE
_turnLeft                      text49       0048C8
_turnLeft45                    text48       004F12
_turnRight                     text62       0049F4
_turnRight45                   text61       004FC6
_vals                          bssBANK1     00017A
_vfpfcnvrt                     text3        0036AA
_vfprintf                      text2        00507A
_width                         bssBANK0     0000EF
abs@a                          cstackCOMRAM 000013
btemp                          temp         00005F
color_read_Blue@tmp            cstackCOMRAM 00000A
color_read_Green@tmp           cstackCOMRAM 00000A
color_read_Red@tmp             cstackCOMRAM 00000A
color_read_lum@tmp             cstackCOMRAM 00000A
color_writetoaddr@address      cstackCOMRAM 000004
color_writetoaddr@value        cstackCOMRAM 000003
colour_rel@B                   cstackBANK0  000074
colour_rel@G                   cstackBANK0  000070
colour_rel@L                   cstackBANK0  000060
colour_rel@R                   cstackBANK0  00006C
colour_rel@rel                 cstackCOMRAM 00004D
colour_rel@vals                cstackCOMRAM 00004B
dtoa@d                         cstackCOMRAM 00001E
dtoa@fp                        cstackCOMRAM 00001C
dtoa@i                         cstackCOMRAM 00003C
dtoa@n                         cstackCOMRAM 000034
dtoa@p                         cstackCOMRAM 000030
dtoa@s                         cstackCOMRAM 00003E
dtoa@w                         cstackCOMRAM 000032
efgtoa@c                       cstackBANK0  000066
efgtoa@d                       cstackBANK0  000074
efgtoa@e                       cstackBANK0  000078
efgtoa@f                       cstackBANK0  000062
efgtoa@fp                      cstackBANK0  000060
efgtoa@g                       cstackBANK0  00008D
efgtoa@h                       cstackBANK0  000082
efgtoa@i                       cstackBANK0  000080
efgtoa@l                       cstackBANK0  000086
efgtoa@m                       cstackBANK0  000076
efgtoa@mode                    cstackBANK0  000072
efgtoa@n                       cstackBANK0  00008B
efgtoa@ne                      cstackBANK0  000069
efgtoa@nmode                   cstackBANK0  000073
efgtoa@ou                      cstackBANK0  00007C
efgtoa@p                       cstackBANK0  00006B
efgtoa@pp                      cstackBANK0  000071
efgtoa@sign                    cstackBANK0  00008A
efgtoa@t                       cstackBANK0  00006D
efgtoa@u                       cstackBANK0  000091
efgtoa@w                       cstackBANK0  00007A
end_of_initialization          cinit        00548E
floorf@F526                    bssBANK0     0000E7
floorf@e                       cstackCOMRAM 000059
floorf@m                       cstackCOMRAM 000055
floorf@u                       cstackCOMRAM 00005B
floorf@x                       cstackCOMRAM 00004B
fputc@c                        cstackCOMRAM 000001
fputc@fp                       cstackCOMRAM 000003
fputs@c                        cstackCOMRAM 00000E
fputs@fp                       cstackCOMRAM 00000C
fputs@i                        cstackCOMRAM 00000F
fputs@s                        cstackCOMRAM 00000A
fullSpeedAhead@mL              cstackCOMRAM 000014
fullSpeedAhead@mR              cstackCOMRAM 000016
fullSpeedBack@mL               cstackCOMRAM 000014
fullSpeedBack@mR               cstackCOMRAM 000016
initDCmotorsPWM@PWMperiod      cstackCOMRAM 000001
int$flags                      temp         00005F
intlevel0                      text         000000
intlevel1                      text         000000
intlevel2                      text         000000
intlevel3                      text         000000
isa$std                        (abs)        000001
isa$xinst                      (abs)        000000
labs@a                         cstackCOMRAM 000001
main@buf                       cstackBANK1  000182
main@colour                    cstackBANK1  0001E8
main@consecuitive              cstackBANK1  0001E6
main@prev_colour               cstackBANK1  0001EA
memcpy@d                       cstackCOMRAM 000007
memcpy@d1                      cstackCOMRAM 000001
memcpy@n                       cstackCOMRAM 000005
memcpy@s                       cstackCOMRAM 000009
memcpy@s1                      cstackCOMRAM 000003
memcpy@tmp                     cstackCOMRAM 00000B
pad@buf                        cstackCOMRAM 000013
pad@fp                         cstackCOMRAM 000011
pad@i                          cstackCOMRAM 000018
pad@p                          cstackCOMRAM 000015
pad@w                          cstackCOMRAM 00001A
readColours@vals               cstackCOMRAM 00000C
reverseDetect@mL               cstackCOMRAM 000019
reverseDetect@mR               cstackCOMRAM 00001B
reverseOneBlock@mL             cstackCOMRAM 000019
reverseOneBlock@mR             cstackCOMRAM 00001B
sendCharSerial4@charToSend     cstackCOMRAM 000001
sendStringSerial4@string       cstackCOMRAM 000002
setMotorPWM@m                  cstackCOMRAM 00000E
setMotorPWM@negDuty            cstackCOMRAM 000013
setMotorPWM@posDuty            cstackCOMRAM 000012
sprintf@ap                     cstackBANK0  0000C4
sprintf@f                      cstackBANK0  0000C6
sprintf@fmt                    cstackBANK0  0000B2
sprintf@s                      cstackBANK0  0000B0
stackhi                        (abs)        000000
stacklo                        (abs)        000000
start                          init         00000E
start_initialization           cinit        00544C
stop@mL                        cstackCOMRAM 000014
stop@mR                        cstackCOMRAM 000016
strcpy@d                       cstackCOMRAM 000007
strcpy@dest                    cstackCOMRAM 000001
strcpy@s                       cstackCOMRAM 000005
strcpy@src                     cstackCOMRAM 000003
ttemp5                         temp         000060
ttemp6                         temp         000063
ttemp7                         temp         000067
turnLeft45@mL                  cstackCOMRAM 000019
turnLeft45@mR                  cstackCOMRAM 00001B
turnLeft@mL                    cstackCOMRAM 000014
turnLeft@mR                    cstackCOMRAM 000016
turnRight45@mL                 cstackCOMRAM 000019
turnRight45@mR                 cstackCOMRAM 00001B
turnRight@mL                   cstackCOMRAM 000014
turnRight@mR                   cstackCOMRAM 000016
vfpfcnvrt@ap                   cstackBANK0  000099
vfpfcnvrt@c                    cstackBANK0  0000A5
vfpfcnvrt@convarg              cstackBANK0  00009D
vfpfcnvrt@cp                   cstackBANK0  0000A6
vfpfcnvrt@fmt                  cstackBANK0  000097
vfpfcnvrt@fp                   cstackBANK0  000095
vfprintf@ap                    cstackBANK0  0000AC
vfprintf@cfmt                  cstackBANK0  0000AE
vfprintf@fmt                   cstackBANK0  0000AA
vfprintf@fp                    cstackBANK0  0000A8
wtemp8                         temp         000060


MODULE INFORMATION

Module		Function		Class		Link	Load	Size
C:\Program Files\Microchip\xc8\v2.40\pic\sources\c99\common\sprcmul.c
		___flmul       		CODE           	27F0	0000	1066

C:\Program Files\Microchip\xc8\v2.40\pic\sources\c99\common\sprcmul.c estimated size: 1066

C:\Program Files\Microchip\xc8\v2.40\pic\sources\c99\common\nf_fputc.c
		_fputc         		CODE           	4754	0000	202

C:\Program Files\Microchip\xc8\v2.40\pic\sources\c99\common\nf_fputc.c estimated size: 202

serial.c
		_sendStringSerial4		CODE           	569C	0000	48
		_sendCharSerial4		CODE           	5782	0000	24
		_initUSART4    		CODE           	5764	0000	30

serial.c estimated size: 102

C:\Program Files\Microchip\xc8\v2.40\pic\sources\c99\common\sprcdiv.c
		___fldiv       		CODE           	2FE2	0000	922

C:\Program Files\Microchip\xc8\v2.40\pic\sources\c99\common\sprcdiv.c estimated size: 922

C:\Program Files\Microchip\xc8\v2.40\pic\sources\c99\common\nf_sprintf.c
		_sprintf       		CODE           	50D0	0000	82

C:\Program Files\Microchip\xc8\v2.40\pic\sources\c99\common\nf_sprintf.c estimated size: 82

C:\Program Files\Microchip\xc8\v2.40\pic\sources\c99\common\lwdiv.c
		___lwdiv       		CODE           	4D1A	0000	116

C:\Program Files\Microchip\xc8\v2.40\pic\sources\c99\common\lwdiv.c estimated size: 116

C:\Program Files\Microchip\xc8\v2.40\pic\sources\c99\common\memcpy.c
		_memcpy        		CODE           	52BC	0000	80

C:\Program Files\Microchip\xc8\v2.40\pic\sources\c99\common\memcpy.c estimated size: 80

color.c
		_color_writetoaddr		CODE           	5744	0000	32
		_readColours   		CODE           	4E5A	0000	94
		_color_click_init		CODE           	5122	0000	82
		_Colour_decider		CODE           	0E5A	0000	2780
		_colour_rel    		CODE           	337C	0000	814
		_color_read_Green		CODE           	53AC	0000	80
		_color_read_Red		CODE           	535C	0000	80
		_color_read_lum		CODE           	530C	0000	80
		_color_read_Blue		CODE           	53FC	0000	80

color.c estimated size: 4122

C:\Program Files\Microchip\xc8\v2.40\pic\sources\c99\common\fltol.c
		___fltol       		CODE           	444C	0000	262

C:\Program Files\Microchip\xc8\v2.40\pic\sources\c99\common\fltol.c estimated size: 262

C:\Program Files\Microchip\xc8\v2.40\pic\sources\c99\common\Umul16.c
		___wmul        		CODE           	571E	0000	38

C:\Program Files\Microchip\xc8\v2.40\pic\sources\c99\common\Umul16.c estimated size: 38

C:\Program Files\Microchip\xc8\v2.40\pic\sources\c99\common\fleq.c
		___fleq        		CODE           	481E	0000	170

C:\Program Files\Microchip\xc8\v2.40\pic\sources\c99\common\fleq.c estimated size: 170

dc_motor.c
		_reverseDetect 		CODE           	5020	0000	90
		_fullSpeedBack 		CODE           	4A8A	0000	150
		_GreenMove     		CODE           	5626	0000	62
		_YellowMove    		CODE           	5174	0000	82
		_fullSpeedAhead		CODE           	495E	0000	150
		_Forwardhalfblock		CODE           	4F6C	0000	90
		_turnLeft      		CODE           	48C8	0000	150
		_turnLeft45    		CODE           	4F12	0000	90
		_stop          		CODE           	4CA4	0000	118
		_RedMove       		CODE           	55E8	0000	62
		_initDCmotorsPWM		CODE           	4B20	0000	136
		_turnRight     		CODE           	49F4	0000	150
		_turnRight45   		CODE           	4FC6	0000	90
		_BlueMove      		CODE           	4DF4	0000	102
		_reverseOneBlock		CODE           	4EB8	0000	90
		_OrangeMove    		CODE           	5218	0000	82
		_setMotorPWM   		CODE           	417C	0000	364
		_RetryMove     		CODE           	4BA8	0000	130
		_LightBlueMove 		CODE           	526A	0000	82
		_PinkMove      		CODE           	51C6	0000	82

dc_motor.c estimated size: 2352

interrupts.c
		_Interrupts_init		CODE           	57CA	0000	2
		_HighISR       		CODE           	0008	0000	6

interrupts.c estimated size: 8

C:\Program Files\Microchip\xc8\v2.40\pic\sources\c99\common\abs.c
		_abs           		CODE           	55A8	0000	64

C:\Program Files\Microchip\xc8\v2.40\pic\sources\c99\common\abs.c estimated size: 64

i2c.c
		_I2C_2_Master_Start		CODE           	57BA	0000	10
		_I2C_2_Master_Read		CODE           	5566	0000	66
		_I2C_2_Master_Idle		CODE           	56F6	0000	40
		_I2C_2_Master_Init		CODE           	56CC	0000	42
		_I2C_2_Master_Stop		CODE           	57B0	0000	10
		_I2C_2_Master_RepStart		CODE           	57A6	0000	10
		_I2C_2_Master_Write		CODE           	579A	0000	12

i2c.c estimated size: 190

C:\Program Files\Microchip\xc8\v2.40\pic\sources\c99\common\__fpclassifyf.c
		___fpclassifyf 		CODE           	4656	0000	254

C:\Program Files\Microchip\xc8\v2.40\pic\sources\c99\common\__fpclassifyf.c estimated size: 254

C:\Program Files\Microchip\xc8\v2.40\pic\sources\c99\common\sprcadd.c
		___flsub       		CODE           	5498	0000	70
		___fladd       		CODE           	2330	0000	1216

C:\Program Files\Microchip\xc8\v2.40\pic\sources\c99\common\sprcadd.c estimated size: 1286

C:\Program Files\Microchip\xc8\v2.40\pic\sources\c99\common\floorf.c
		_floorf        		CODE           	3C2E	0000	530

C:\Program Files\Microchip\xc8\v2.40\pic\sources\c99\common\floorf.c estimated size: 530

C:\Program Files\Microchip\xc8\v2.40\pic\sources\c99\common\flneg.c
		___flneg       		CODE           	5664	0000	56

C:\Program Files\Microchip\xc8\v2.40\pic\sources\c99\common\flneg.c estimated size: 56

C:\Program Files\Microchip\xc8\v2.40\pic\sources\c99\common\labs.c
		_labs          		CODE           	4D8E	0000	102

C:\Program Files\Microchip\xc8\v2.40\pic\sources\c99\common\labs.c estimated size: 102

C:\Program Files\Microchip\xc8\v2.40\pic\sources\c99\common\xxtofl.c
		___xxtofl      		CODE           	3E40	0000	436

C:\Program Files\Microchip\xc8\v2.40\pic\sources\c99\common\xxtofl.c estimated size: 436

C:\Program Files\Microchip\xc8\v2.40\pic\sources\c99\common\nf_fputs.c
		_fputs         		CODE           	5522	0000	68

C:\Program Files\Microchip\xc8\v2.40\pic\sources\c99\common\nf_fputs.c estimated size: 68

C:\Program Files\Microchip\xc8\v2.40\pic\sources\c99\common\aomod.c
		___aomod       		CODE           	42E8	0000	356

C:\Program Files\Microchip\xc8\v2.40\pic\sources\c99\common\aomod.c estimated size: 356

shared
		__initialization		CODE           	544C	0000	66

shared estimated size: 66

C:\Program Files\Microchip\xc8\v2.40\pic\sources\c99\common\strcpy.c
		_strcpy        		CODE           	54DE	0000	68

C:\Program Files\Microchip\xc8\v2.40\pic\sources\c99\common\strcpy.c estimated size: 68

C:\Program Files\Microchip\xc8\v2.40\pic\sources\c99\common\flge.c
		___flge        		CODE           	4552	0000	260

C:\Program Files\Microchip\xc8\v2.40\pic\sources\c99\common\flge.c estimated size: 260

C:\Program Files\Microchip\xc8\v2.40\pic\sources\c99\common\putch.c
		_putch         		CODE           	57C8	0000	2

C:\Program Files\Microchip\xc8\v2.40\pic\sources\c99\common\putch.c estimated size: 2

C:\Program Files\Microchip\xc8\v2.40\pic\sources\c99\common\doprnt.c
		_vfpfcnvrt     		CODE           	36AA	0000	774
		_efgtoa        		CODE           	1936	0000	2554
		_pad           		CODE           	4C2A	0000	122
		_dtoa          		CODE           	39B0	0000	638
		_vfprintf      		CODE           	507A	0000	86

C:\Program Files\Microchip\xc8\v2.40\pic\sources\c99\common\doprnt.c estimated size: 4174

main.c
		_main          		CODE           	2C1A	0000	968

main.c estimated size: 968

C:\Program Files\Microchip\xc8\v2.40\pic\sources\c99\common\aodiv.c
		___aodiv       		CODE           	3FF4	0000	392

C:\Program Files\Microchip\xc8\v2.40\pic\sources\c99\common\aodiv.c estimated size: 392

