Microchip MPLAB XC8 Compiler V2.40

Linker command line:

-W-3 \
  --edf=C:\Program Files\Microchip\xc8\v2.40\pic\dat\20220703182018_en.msgs \
  -cn \
  -h+dist/default/production\final-project-josh-and-edward.X.production.sym \
  --cmf=dist/default/production\final-project-josh-and-edward.X.production.cmf \
  -z -Q18F67K40 -oC:\Users\EDWARD~1\AppData\Local\Temp\xcAs111g.4 \
  --defsym=__MPLAB_BUILD=1 --fixupoverflow=error \
  -Mdist/default/production/final-project-josh-and-edward.X.production.map \
  --md=C:\Users\EDWARD~1\AppData\Local\Temp\xcAs111g.dat -E1 \
  -ver=XC8 Compiler --acfsm=1493 -ACODE=00h-01FFFFh -ACONST=00h-01FFFFh \
  -ASMALLCONST=0E00h-0EFFhx498 -AMEDIUMCONST=0E00h-0FFFFh,010E00h-01FFFFh \
  -ACOMRAM=01h-05Fh -AABS1=00h-0DE9h -ABIGRAM=01h-0DE9h \
  -ARAM=060h-0FFh,0100h-01FFhx12,0D00h-0DE9h -ABANK0=060h-0FFh \
  -ABANK1=0100h-01FFh -ABANK2=0200h-02FFh -ABANK3=0300h-03FFh \
  -ABANK4=0400h-04FFh -ABANK5=0500h-05FFh -ABANK6=0600h-06FFh \
  -ABANK7=0700h-07FFh -ABANK8=0800h-08FFh -ABANK9=0900h-09FFh \
  -ABANK10=0A00h-0AFFh -ABANK11=0B00h-0BFFh -ABANK12=0C00h-0CFFh \
  -ABANK13=0D00h-0DE9h \
  -ASFR=0DEFh-0DFFh,0E00h-0EFFh,0F00h-0F5Fh,0F60h-0FFFh \
  -ABIGSFR=0DEFh-0FFFh -ACONFIG=0300000h-030000Bh -AIDLOC=0200000h-020000Fh \
  -AEEDATA=0310000h-03103FFh -peeprom_data=EEDATA \
  -preset_vec=00h,intcode=08h,intcodelo,powerup,init -pramtop=0E00h \
  -psmallconst=SMALLCONST -pmediumconst=MEDIUMCONST -pconst=CONST \
  -AFARRAM=00h-00h \
  -prdata=COMRAM,nvrram=COMRAM,nvbit=COMRAM,rbss=COMRAM,rbit=COMRAM \
  -pfarbss=FARRAM,fardata=FARRAM,nvFARRAM=FARRAM \
  -pintsave_regs=BIGRAM,bigbss=BIGRAM,bigdata=BIGRAM -pbss=RAM \
  -pidata=CODE,irdata=CODE,ibigdata=CODE,ifardata=CODE -prparam=COMRAM \
  C:\Users\EDWARD~1\AppData\Local\Temp\xcAs111g.o \
  dist/default/production\final-project-josh-and-edward.X.production.o 

Object code version is 3.11

Machine type is 18F67K40



                Name                               Link     Load   Length Selector   Space Scale
C:\Users\EDWARD~1\AppData\Local\Temp\xcAs111g.o
                idloc                            200000   200000       10        0       5
                config                           300000   300000        C        0       4
                init                                  E        E        4        4       0
                reset_vec                             0        0        4        0       0
dist/default/production\final-project-josh-and-edward.X.production.o
                intcode                               8        8        6        4       0
                idloc                            200000   200000       10        0       5
                config                           300000   300000        C        0       4
                temp                                 5F       5F        1        1       1
                smallconst                          E00      E00       26      700       0
                text70                             2758     2758      39A      713       0
                text69                             3E66     3E66       AA      713       0
                text68                             3BEE     3BEE      104      713       0
                text67                             232E     232E      42A      713       0
                text66                             1E6E     1E6E      4C0      713       0
                text65                             4ABC     4ABC       46      713       0
                text64                             3494     3494      1B4      713       0
                text63                              E26      E26      ADC      713       0
                text62                             4406     4406       74      713       0
                text61                             4DD6     4DD6       26      713       0
                text60                             37D0     37D0      16C      713       0
                text59                             40EA     40EA       9E      713       0
                text58                             4292     4292       7E      713       0
                text57                             464C     464C       5A      713       0
                text56                             4EA8     4EA8        2     2753       0
                text55                             404C     404C       9E      713       0
                text54                             45F2     45F2       5A      713       0
                text53                             4598     4598       5A      713       0
                text52                             4CF8     4CF8       36      713       0
                text51                             3FAE     3FAE       9E      713       0
                text50                             4A6E     4A6E       4E      713       0
                text49                             4840     4840       52      713       0
                text48                             4210     4210       82      713       0
                text47                             4E1C     4E1C       20      713       0
                text46                             3F10     3F10       9E      713       0
                text45                             4A20     4A20       4E      713       0
                text44                             47EE     47EE       52      713       0
                text43                             4D5E     4D5E       2A      713       0
                text42                             4D88     4D88       28      713       0
                text41                             4E92     4E92        A      713       0
                text40                             4E88     4E88        A      713       0
                text39                             4E72     4E72        C      713       0
                text38                             4DFC     4DFC       20      713       0
                text37                             479C     479C       52      713       0
                text36                             2AF2     2AF2      32E      713       0
                text35                             4DB0     4DB0       26      713       0
                text34                             447A     447A       66      713       0
                text33                             4C82     4C82       3E      713       0
                text32                             474A     474A       52      713       0
                text31                             46F8     46F8       52      713       0
                text30                             4C44     4C44       3E      713       0
                text29                             453E     453E       5A      713       0
                text28                             4C06     4C06       3E      713       0
                text27                             4BC8     4BC8       3E      713       0
                text26                             4CC0     4CC0       38      713       0
                text25                             3DBC     3DBC       AA      713       0
                text24                             309C     309C      220      713       0
                text23                             4188     4188       88      713       0
                text22                             4E3C     4E3C       1E      713       0
                text21                             4B46     4B46       42      713       0
                text20                             4E7E     4E7E        A      713       0
                text19                             4982     4982       50      713       0
                text18                             4932     4932       50      713       0
                text17                             48E2     48E2       50      713       0
                text16                             4892     4892       50      713       0
                text15                             44E0     44E0       5E      713       0
                text14                             4E5A     4E5A       18      713       0
                text13                             4D2E     4D2E       30      713       0
                text12                             3648     3648      188      713       0
                text11                             393C     393C      164      713       0
                text10                             4B88     4B88       40      713       0
                text9                              4EA6     4EA6        2     2753       0
                text8                              3CF2     3CF2       CA      713       0
                text7                              4B02     4B02       44      713       0
                text6                              438C     438C       7A      713       0
                text5                              2E20     2E20      27C      713       0
                text4                              3AA0     3AA0      14E      713       0
                text3                              49D2     49D2       4E      713       0
                text2                              46A6     46A6       52      713       0
                text1                              32BC     32BC      1D8      713       0
                text0                              1902     1902      56C      713       0
                cstackCOMRAM                          1        1       5A        1       1
                cstackBANK0                          60       60       90       60       1
                bssBANK2                            200      200       64      200       1
                dataBANK1                           1D1      1D1        6      100       1
                bssBANK1                            100      100       D1      100       1
                dataBANK0                            FC       FC        3       60       1
                bssBANK0                             F0       F0        C       60       1
                bssCOMRAM                            5B       5B        4        1       1
                cinit                              4310     4310       7C      713       0
                idataBANK1                         4E9C     4E9C        6      713       0
                idataBANK0                         4EA2     4EA2        3      713       0

TOTAL           Name                               Link     Load   Length     Space
        CLASS   CODE           
                intcode                               8        8        6         0
                init                                  E        E        4         0
                reset_vec                             0        0        4         0
                text70                             2758     2758      39A         0
                text69                             3E66     3E66       AA         0
                text68                             3BEE     3BEE      104         0
                text67                             232E     232E      42A         0
                text66                             1E6E     1E6E      4C0         0
                text65                             4ABC     4ABC       46         0
                text64                             3494     3494      1B4         0
                text63                              E26      E26      ADC         0
                text62                             4406     4406       74         0
                text61                             4DD6     4DD6       26         0
                text60                             37D0     37D0      16C         0
                text59                             40EA     40EA       9E         0
                text58                             4292     4292       7E         0
                text57                             464C     464C       5A         0
                text56                             4EA8     4EA8        2         0
                text55                             404C     404C       9E         0
                text54                             45F2     45F2       5A         0
                text53                             4598     4598       5A         0
                text52                             4CF8     4CF8       36         0
                text51                             3FAE     3FAE       9E         0
                text50                             4A6E     4A6E       4E         0
                text49                             4840     4840       52         0
                text48                             4210     4210       82         0
                text47                             4E1C     4E1C       20         0
                text46                             3F10     3F10       9E         0
                text45                             4A20     4A20       4E         0
                text44                             47EE     47EE       52         0
                text43                             4D5E     4D5E       2A         0
                text42                             4D88     4D88       28         0
                text41                             4E92     4E92        A         0
                text40                             4E88     4E88        A         0
                text39                             4E72     4E72        C         0
                text38                             4DFC     4DFC       20         0
                text37                             479C     479C       52         0
                text36                             2AF2     2AF2      32E         0
                text35                             4DB0     4DB0       26         0
                text34                             447A     447A       66         0
                text33                             4C82     4C82       3E         0
                text32                             474A     474A       52         0
                text31                             46F8     46F8       52         0
                text30                             4C44     4C44       3E         0
                text29                             453E     453E       5A         0
                text28                             4C06     4C06       3E         0
                text27                             4BC8     4BC8       3E         0
                text26                             4CC0     4CC0       38         0
                text25                             3DBC     3DBC       AA         0
                text24                             309C     309C      220         0
                text23                             4188     4188       88         0
                text22                             4E3C     4E3C       1E         0
                text21                             4B46     4B46       42         0
                text20                             4E7E     4E7E        A         0
                text19                             4982     4982       50         0
                text18                             4932     4932       50         0
                text17                             48E2     48E2       50         0
                text16                             4892     4892       50         0
                text15                             44E0     44E0       5E         0
                text14                             4E5A     4E5A       18         0
                text13                             4D2E     4D2E       30         0
                text12                             3648     3648      188         0
                text11                             393C     393C      164         0
                text10                             4B88     4B88       40         0
                text9                              4EA6     4EA6        2         0
                text8                              3CF2     3CF2       CA         0
                text7                              4B02     4B02       44         0
                text6                              438C     438C       7A         0
                text5                              2E20     2E20      27C         0
                text4                              3AA0     3AA0      14E         0
                text3                              49D2     49D2       4E         0
                text2                              46A6     46A6       52         0
                text1                              32BC     32BC      1D8         0
                text0                              1902     1902      56C         0
                cinit                              4310     4310       7C         0
                idataBANK1                         4E9C     4E9C        6         0
                idataBANK0                         4EA2     4EA2        3         0

        CLASS   CONST          

        CLASS   SMALLCONST     
                smallconst                          E00      E00       26         0

        CLASS   MEDIUMCONST    

        CLASS   COMRAM         
                temp                                 5F       5F        1         1
                cstackCOMRAM                          1        1       5A         1
                bssCOMRAM                            5B       5B        4         1

        CLASS   ABS1           

        CLASS   BIGRAM         

        CLASS   RAM            

        CLASS   BANK0          
                cstackBANK0                          60       60       90         1
                dataBANK0                            FC       FC        3         1
                bssBANK0                             F0       F0        C         1

        CLASS   BANK1          
                dataBANK1                           1D1      1D1        6         1
                bssBANK1                            100      100       D1         1

        CLASS   BANK2          
                bssBANK2                            200      200       64         1

        CLASS   BANK3          

        CLASS   BANK4          

        CLASS   BANK5          

        CLASS   BANK6          

        CLASS   BANK7          

        CLASS   BANK8          

        CLASS   BANK9          

        CLASS   BANK10         

        CLASS   BANK11         

        CLASS   BANK12         

        CLASS   BANK13         

        CLASS   SFR            

        CLASS   BIGSFR         

        CLASS   CONFIG         
                config                           300000   300000        C         4

        CLASS   IDLOC          
                idloc                            200000   200000       10         5

        CLASS   EEDATA         

        CLASS   FARRAM         

        CLASS   HEAP           

        CLASS   STACK          



SEGMENTS        Name                           Load    Length   Top    Selector   Space  Class

                reset_vec                      000000  000004  000004         0       0  CODE    
                cstackCOMRAM                   000001  00005F  000060         1       1  COMRAM  
                intcode                        000008  00000A  000012         4       0  CODE    
                cstackBANK0                    000060  00009F  0000FF        60       1  BANK0   
                bssBANK1                       000100  0000D7  0001D7       100       1  BANK1   
                bssBANK2                       000200  000064  000264       200       1  BANK2   
                smallconst                     000E00  000026  000E26       700       0  SMALLCON
                text63                         000E26  00407F  004EA5       713       0  CODE    
                text9                          004EA6  000004  004EAA      2753       0  CODE    


UNUSED ADDRESS RANGES

        Name                Unused          Largest block    Delta
        BANK0            0000FF-0000FF                1
        BANK1            0001D7-0001FF               29
        BANK10           000A00-000AFF              100
        BANK11           000B00-000BFF              100
        BANK12           000C00-000CFF              100
        BANK13           000D00-000DE9               EA
        BANK2            000264-0002FF               9C
        BANK3            000300-0003FF              100
        BANK4            000400-0004FF              100
        BANK5            000500-0005FF              100
        BANK6            000600-0006FF              100
        BANK7            000700-0007FF              100
        BANK8            000800-0008FF              100
        BANK9            000900-0009FF              100
        BIGRAM           0000FF-0000FF                1
                         0001D7-0001FF               29
                         000264-000DE9              B86
        BIGSFR           000DEF-000FFF              211
        CODE             000004-000007                4
                         000012-000DFF              DEE
                         004EA5-004EA5                1
                         004EAA-01FFFF            1B156
        CONST            000004-000007                4
                         000012-000DFF              DEE
                         004EA5-004EA5                1
                         004EAA-01FFFF            1B156
        EEDATA           310000-3103FF              400
        MEDIUMCONST      004EA5-004EA5                1
                         004EAA-00FFFF             B156
                         010E00-01FFFF             F200
        RAM              0000FF-0000FF                1
                         0001D7-0001FF               29
                         000264-000DE9              100
        SFR              000DEF-000FFF              100
        SMALLCONST       004EA5-004EA5                1
                         004EAA-01FFFF              100

                                  Symbol Table

?_Colour_decider               cstackCOMRAM 00004B
?___aodiv                      cstackCOMRAM 000001
?___aomod                      cstackCOMRAM 000001
?___fladd                      cstackCOMRAM 000001
?___fldiv                      cstackCOMRAM 000019
?___flmul                      cstackCOMRAM 000032
?___flsub                      cstackCOMRAM 000011
?___lwdiv                      cstackCOMRAM 000007
?___wmul                       cstackCOMRAM 000001
?___xxtofl                     cstackCOMRAM 000001
?_abs                          cstackCOMRAM 000013
?_color_read_Blue              cstackCOMRAM 000005
?_color_read_Green             cstackCOMRAM 000005
?_color_read_Red               cstackCOMRAM 000005
?_color_read_lum               cstackCOMRAM 000005
?_sprintf                      cstackBANK0  000060
?_vfprintf                     cstackCOMRAM 000051
BlueMove@mL                    cstackCOMRAM 000020
BlueMove@mR                    cstackCOMRAM 000022
Colour_decider@Cmax            cstackBANK0  000072
Colour_decider@Cmax_i          cstackBANK0  000064
Colour_decider@Cmin            cstackBANK0  000076
Colour_decider@Hue             cstackBANK0  00007C
Colour_decider@RGB_col         cstackBANK0  000066
Colour_decider@i               cstackBANK0  00007A
Colour_decider@rel             cstackCOMRAM 00004D
Colour_decider@vals            cstackCOMRAM 00004B
ForwardOneBlock@mL             cstackCOMRAM 00001A
ForwardOneBlock@mR             cstackCOMRAM 00001C
Forwardhalfblock@mL            cstackCOMRAM 00001A
Forwardhalfblock@mR            cstackCOMRAM 00001C
GreenMove@mL                   cstackCOMRAM 000020
GreenMove@mR                   cstackCOMRAM 000022
I2C_2_Master_Read@ack          cstackCOMRAM 000003
I2C_2_Master_Read@tmp          cstackCOMRAM 000004
I2C_2_Master_Write@data_byte   cstackCOMRAM 000002
LightBlueMove@mL               cstackCOMRAM 000020
LightBlueMove@mR               cstackCOMRAM 000022
OrangeMove@mL                  cstackCOMRAM 000020
OrangeMove@mR                  cstackCOMRAM 000022
PinkMove@mL                    cstackCOMRAM 000020
PinkMove@mR                    cstackCOMRAM 000022
RedMove@mL                     cstackCOMRAM 000020
RedMove@mR                     cstackCOMRAM 000022
RetryMove@mL                   cstackCOMRAM 00001A
RetryMove@mR                   cstackCOMRAM 00001C
ReversePink@mL                 cstackCOMRAM 000020
ReversePink@mR                 cstackCOMRAM 000022
ReverseYellow@mL               cstackCOMRAM 000020
ReverseYellow@mR               cstackCOMRAM 000022
TurnDelay@Turn45Delay          cstackCOMRAM 000001
YellowMove@mL                  cstackCOMRAM 000020
YellowMove@mR                  cstackCOMRAM 000022
_ANSELDbits                    (abs)        000EA7
_ANSELFbits                    (abs)        000EB4
_BAUD4CONbits                  (abs)        000EE9
_BlueMove                      text34       00447A
_CCP1CONbits                   (abs)        000FAB
_CCP2CONbits                   (abs)        000FA7
_CCP3CONbits                   (abs)        000F26
_CCP4CONbits                   (abs)        000F22
_CCPR1H                        (abs)        000FAA
_CCPR2H                        (abs)        000FA6
_CCPR3H                        (abs)        000F25
_CCPR4H                        (abs)        000F21
_CCPTMRS0bits                  (abs)        000FAD
_Colour_decider                text63       000E26
_Colour_decider$3049           cstackBANK0  000060
_DataFlag                      dataBANK0    0000FE
_EUSART4RXbuf                  bssBANK1     00013C
_EUSART4TXbuf                  bssBANK1     000100
_ForwardOneBlock               text29       00453E
_Forwardhalfblock              text57       00464C
_GreenMove                     text33       004C82
_HighISR                       intcode      000008
_I2C_2_Master_Idle             text42       004D88
_I2C_2_Master_Init             text43       004D5E
_I2C_2_Master_Read             text21       004B46
_I2C_2_Master_RepStart         text20       004E7E
_I2C_2_Master_Start            text41       004E92
_I2C_2_Master_Stop             text40       004E88
_I2C_2_Master_Write            text39       004E72
_Interrupts_init               text56       004EA8
_LATAbits                      (abs)        000F79
_LATDbits                      (abs)        000F7C
_LATFbits                      (abs)        000F7E
_LATGbits                      (abs)        000F7F
_LATHbits                      (abs)        000F80
_LightBlueMove                 text32       00474A
_OrangeMove                    text31       0046F8
_PIE4bits                      (abs)        000E2D
_PIR4bits                      (abs)        000E37
_PORTFbits                     (abs)        000F8E
_PinkMove                      text49       004840
_RC0PPS                        (abs)        000E62
_RC4REG                        (abs)        000EE3
_RC4STAbits                    (abs)        000EE7
_RC7PPS                        (abs)        000E69
_RD5PPS                        (abs)        000E6F
_RD6PPS                        (abs)        000E70
_RE2PPS                        (abs)        000E74
_RE4PPS                        (abs)        000E76
_RG6PPS                        (abs)        000E88
_RX4PPS                        (abs)        000E15
_RedMove                       text30       004C44
_RetryMove                     text48       004210
_ReversePink                   text28       004C06
_ReverseYellow                 text27       004BC8
_RunOneBlockTime               dataBANK1    0001D3
_RxBufReadCnt                  bssCOMRAM    00005D
_RxBufWriteCnt                 bssCOMRAM    00005E
_SP4BRGH                       (abs)        000EE6
_SP4BRGL                       (abs)        000EE5
_SSP2ADD                       (abs)        000ED6
_SSP2BUF                       (abs)        000ED5
_SSP2CLKPPS                    (abs)        000E1C
_SSP2CON1bits                  (abs)        000ED9
_SSP2CON2                      (abs)        000EDA
_SSP2CON2bits                  (abs)        000EDA
_SSP2DATPPS                    (abs)        000E1D
_SSP2STAT                      (abs)        000ED8
_T0CON0bits                    (abs)        000FD5
_T0CON1bits                    (abs)        000FD6
_T2CLKCONbits                  (abs)        000FBF
_T2CONbits                     (abs)        000FBD
_T2HLTbits                     (abs)        000FBE
_T2PR                          (abs)        000FBC
_TMR0H                         (abs)        000FD4
_TMR0L                         (abs)        000FD3
_TRISAbits                     (abs)        000F81
_TRISCbits                     (abs)        000F83
_TRISDbits                     (abs)        000F84
_TRISEbits                     (abs)        000F85
_TRISFbits                     (abs)        000F86
_TRISGbits                     (abs)        000F87
_TRISHbits                     (abs)        000F88
_TX4REG                        (abs)        000EE4
_TX4STAbits                    (abs)        000EE8
_Time_forward                  bssBANK2     000200
_Timer0_init                   text47       004E1C
_Turn45Delay                   dataBANK0    0000FC
_TurnDelay                     text52       004CF8
_TxBufReadCnt                  bssCOMRAM    00005B
_TxBufWriteCnt                 bssCOMRAM    00005C
_WayBack                       bssBANK1     000162
_YellowMove                    text44       0047EE
__HRAM                         (abs)        000000
__Habs1                        abs1         000000
__Hbank0                       bank0        000000
__Hbank1                       bank1        000000
__Hbank10                      bank10       000000
__Hbank11                      bank11       000000
__Hbank12                      bank12       000000
__Hbank13                      bank13       000000
__Hbank2                       bank2        000000
__Hbank3                       bank3        000000
__Hbank4                       bank4        000000
__Hbank5                       bank5        000000
__Hbank6                       bank6        000000
__Hbank7                       bank7        000000
__Hbank8                       bank8        000000
__Hbank9                       bank9        000000
__Hbigbss                      bigbss       000000
__Hbigdata                     bigdata      000000
__Hbigram                      bigram       000000
__Hbigsfr                      bigsfr       000000
__Hbss                         bss          000000
__HbssBANK0                    bssBANK0     000000
__HbssBANK1                    bssBANK1     000000
__HbssBANK2                    bssBANK2     000000
__HbssCOMRAM                   bssCOMRAM    000000
__Hcinit                       cinit        000000
__Hclrtext                     clrtext      000000
__Hcomram                      comram       000000
__Hconfig                      config       30000C
__Hconst                       const        000000
__HcstackBANK0                 cstackBANK0  000000
__HcstackCOMRAM                cstackCOMRAM 000000
__Hdata                        data         000000
__HdataBANK0                   dataBANK0    000000
__HdataBANK1                   dataBANK1    000000
__Heeprom_data                 eeprom_data  000000
__Hfarbss                      farbss       000000
__Hfardata                     fardata      000000
__Hheap                        heap         000000
__Hibigdata                    ibigdata     000000
__Hidata                       idata        000000
__HidataBANK0                  idataBANK0   000000
__HidataBANK1                  idataBANK1   000000
__Hidloc                       idloc        200010
__Hifardata                    ifardata     000000
__Hinit                        init         000012
__Hintcode                     intcode      00000E
__Hintcode_body                intcode_body 000000
__Hintcodelo                   intcodelo    00000E
__Hintentry                    intentry     000000
__Hintret                      intret       000000
__Hintsave_regs                intsave_regs 000000
__Hirdata                      irdata       000000
__Hmediumconst                 mediumconst  000000
__HnvFARRAM                    nvFARRAM     000000
__Hnvbit                       nvbit        000000
__Hnvrram                      nvrram       000000
__Hparam                       rparam       000000
__Hpowerup                     powerup      00000E
__Hram                         ram          000000
__Hramtop                      ramtop       000E00
__Hrbit                        rbit         000000
__Hrbss                        rbss         000000
__Hrdata                       rdata        000000
__Hreset_vec                   reset_vec    000004
__Hrparam                      rparam       000000
__Hsfr                         sfr          000000
__Hsmallconst                  smallconst   000E26
__Hspace_0                     (abs)        004EAA
__Hspace_1                     (abs)        000264
__Hspace_2                     (abs)        000000
__Hspace_4                     (abs)        60000C
__Hstack                       stack        000000
__Hstruct                      struct       000000
__Htemp                        temp         000060
__Htext                        text         000000
__Htext0                       text0        000000
__Htext1                       text1        000000
__Htext10                      text10       000000
__Htext11                      text11       000000
__Htext12                      text12       000000
__Htext13                      text13       000000
__Htext14                      text14       000000
__Htext15                      text15       000000
__Htext16                      text16       000000
__Htext17                      text17       000000
__Htext18                      text18       000000
__Htext19                      text19       000000
__Htext2                       text2        000000
__Htext20                      text20       000000
__Htext21                      text21       000000
__Htext22                      text22       000000
__Htext23                      text23       000000
__Htext24                      text24       000000
__Htext25                      text25       000000
__Htext26                      text26       000000
__Htext27                      text27       000000
__Htext28                      text28       000000
__Htext29                      text29       000000
__Htext3                       text3        000000
__Htext30                      text30       000000
__Htext31                      text31       000000
__Htext32                      text32       000000
__Htext33                      text33       000000
__Htext34                      text34       000000
__Htext35                      text35       000000
__Htext36                      text36       000000
__Htext37                      text37       000000
__Htext38                      text38       000000
__Htext39                      text39       000000
__Htext4                       text4        000000
__Htext40                      text40       000000
__Htext41                      text41       000000
__Htext42                      text42       000000
__Htext43                      text43       000000
__Htext44                      text44       000000
__Htext45                      text45       000000
__Htext46                      text46       000000
__Htext47                      text47       000000
__Htext48                      text48       000000
__Htext49                      text49       000000
__Htext5                       text5        000000
__Htext50                      text50       000000
__Htext51                      text51       000000
__Htext52                      text52       000000
__Htext53                      text53       000000
__Htext54                      text54       000000
__Htext55                      text55       000000
__Htext56                      text56       000000
__Htext57                      text57       000000
__Htext58                      text58       000000
__Htext59                      text59       000000
__Htext6                       text6        000000
__Htext60                      text60       000000
__Htext61                      text61       000000
__Htext62                      text62       000000
__Htext63                      text63       000000
__Htext64                      text64       000000
__Htext65                      text65       000000
__Htext66                      text66       000000
__Htext67                      text67       000000
__Htext68                      text68       000000
__Htext69                      text69       000000
__Htext7                       text7        000000
__Htext70                      text70       000000
__Htext8                       text8        000000
__Htext9                       text9        000000
__LRAM                         (abs)        000001
__Labs1                        abs1         000000
__Lbank0                       bank0        000000
__Lbank1                       bank1        000000
__Lbank10                      bank10       000000
__Lbank11                      bank11       000000
__Lbank12                      bank12       000000
__Lbank13                      bank13       000000
__Lbank2                       bank2        000000
__Lbank3                       bank3        000000
__Lbank4                       bank4        000000
__Lbank5                       bank5        000000
__Lbank6                       bank6        000000
__Lbank7                       bank7        000000
__Lbank8                       bank8        000000
__Lbank9                       bank9        000000
__Lbigbss                      bigbss       000000
__Lbigdata                     bigdata      000000
__Lbigram                      bigram       000000
__Lbigsfr                      bigsfr       000000
__Lbss                         bss          000000
__LbssBANK0                    bssBANK0     000000
__LbssBANK1                    bssBANK1     000000
__LbssBANK2                    bssBANK2     000000
__LbssCOMRAM                   bssCOMRAM    000000
__Lcinit                       cinit        000000
__Lclrtext                     clrtext      000000
__Lcomram                      comram       000000
__Lconfig                      config       000000
__Lconst                       const        000000
__LcstackBANK0                 cstackBANK0  000000
__LcstackCOMRAM                cstackCOMRAM 000000
__Ldata                        data         000000
__LdataBANK0                   dataBANK0    000000
__LdataBANK1                   dataBANK1    000000
__Leeprom_data                 eeprom_data  000000
__Lfarbss                      farbss       000000
__Lfardata                     fardata      000000
__Lheap                        heap         000000
__Libigdata                    ibigdata     000000
__Lidata                       idata        000000
__LidataBANK0                  idataBANK0   000000
__LidataBANK1                  idataBANK1   000000
__Lidloc                       idloc        000000
__Lifardata                    ifardata     000000
__Linit                        init         00000E
__Lintcode                     intcode      000008
__Lintcode_body                intcode_body 000000
__Lintcodelo                   intcodelo    00000E
__Lintentry                    intentry     000000
__Lintret                      intret       000000
__Lintsave_regs                intsave_regs 000000
__Lirdata                      irdata       000000
__Lmediumconst                 mediumconst  000000
__LnvFARRAM                    nvFARRAM     000000
__Lnvbit                       nvbit        000000
__Lnvrram                      nvrram       000000
__Lparam                       rparam       000000
__Lpowerup                     powerup      00000E
__Lram                         ram          000000
__Lramtop                      ramtop       000E00
__Lrbit                        rbit         000000
__Lrbss                        rbss         000000
__Lrdata                       rdata        000000
__Lreset_vec                   reset_vec    000000
__Lrparam                      rparam       000000
__Lsfr                         sfr          000000
__Lsmallconst                  smallconst   000E00
__Lspace_0                     (abs)        000000
__Lspace_1                     (abs)        000000
__Lspace_2                     (abs)        000000
__Lspace_4                     (abs)        000000
__Lstack                       stack        000000
__Lstruct                      struct       000000
__Ltemp                        temp         00005F
__Ltext                        text         000000
__Ltext0                       text0        000000
__Ltext1                       text1        000000
__Ltext10                      text10       000000
__Ltext11                      text11       000000
__Ltext12                      text12       000000
__Ltext13                      text13       000000
__Ltext14                      text14       000000
__Ltext15                      text15       000000
__Ltext16                      text16       000000
__Ltext17                      text17       000000
__Ltext18                      text18       000000
__Ltext19                      text19       000000
__Ltext2                       text2        000000
__Ltext20                      text20       000000
__Ltext21                      text21       000000
__Ltext22                      text22       000000
__Ltext23                      text23       000000
__Ltext24                      text24       000000
__Ltext25                      text25       000000
__Ltext26                      text26       000000
__Ltext27                      text27       000000
__Ltext28                      text28       000000
__Ltext29                      text29       000000
__Ltext3                       text3        000000
__Ltext30                      text30       000000
__Ltext31                      text31       000000
__Ltext32                      text32       000000
__Ltext33                      text33       000000
__Ltext34                      text34       000000
__Ltext35                      text35       000000
__Ltext36                      text36       000000
__Ltext37                      text37       000000
__Ltext38                      text38       000000
__Ltext39                      text39       000000
__Ltext4                       text4        000000
__Ltext40                      text40       000000
__Ltext41                      text41       000000
__Ltext42                      text42       000000
__Ltext43                      text43       000000
__Ltext44                      text44       000000
__Ltext45                      text45       000000
__Ltext46                      text46       000000
__Ltext47                      text47       000000
__Ltext48                      text48       000000
__Ltext49                      text49       000000
__Ltext5                       text5        000000
__Ltext50                      text50       000000
__Ltext51                      text51       000000
__Ltext52                      text52       000000
__Ltext53                      text53       000000
__Ltext54                      text54       000000
__Ltext55                      text55       000000
__Ltext56                      text56       000000
__Ltext57                      text57       000000
__Ltext58                      text58       000000
__Ltext59                      text59       000000
__Ltext6                       text6        000000
__Ltext60                      text60       000000
__Ltext61                      text61       000000
__Ltext62                      text62       000000
__Ltext63                      text63       000000
__Ltext64                      text64       000000
__Ltext65                      text65       000000
__Ltext66                      text66       000000
__Ltext67                      text67       000000
__Ltext68                      text68       000000
__Ltext69                      text69       000000
__Ltext7                       text7        000000
__Ltext70                      text70       000000
__Ltext8                       text8        000000
__Ltext9                       text9        000000
__S0                           (abs)        004EAA
__S1                           (abs)        000264
__S4                           (abs)        000000
__S5                           (abs)        000000
___aodiv                       text12       003648
___aodiv@counter               cstackCOMRAM 000011
___aodiv@dividend              cstackCOMRAM 000001
___aodiv@divisor               cstackCOMRAM 000009
___aodiv@quotient              cstackCOMRAM 000013
___aodiv@sign                  cstackCOMRAM 000012
___aomod                       text11       00393C
___aomod@counter               cstackCOMRAM 000011
___aomod@dividend              cstackCOMRAM 000001
___aomod@divisor               cstackCOMRAM 000009
___aomod@sign                  cstackCOMRAM 000012
___fladd                       text66       001E6E
___fladd@a                     cstackCOMRAM 000005
___fladd@aexp                  cstackCOMRAM 00000E
___fladd@b                     cstackCOMRAM 000001
___fladd@bexp                  cstackCOMRAM 00000F
___fladd@grs                   cstackCOMRAM 000010
___fladd@signs                 cstackCOMRAM 00000D
___fldiv                       text70       002758
___fldiv@a                     cstackCOMRAM 00001D
___fldiv@aexp                  cstackCOMRAM 000031
___fldiv@b                     cstackCOMRAM 000019
___fldiv@bexp                  cstackCOMRAM 000030
___fldiv@grs                   cstackCOMRAM 00002C
___fldiv@new_exp               cstackCOMRAM 00002A
___fldiv@rem                   cstackCOMRAM 000025
___fldiv@sign                  cstackCOMRAM 000029
___fleq                        text69       003E66
___fleq@ff1                    cstackCOMRAM 000019
___fleq@ff2                    cstackCOMRAM 00001D
___flge                        text68       003BEE
___flge@ff1                    cstackCOMRAM 000001
___flge@ff2                    cstackCOMRAM 000005
___flmul                       text67       00232E
___flmul@a                     cstackCOMRAM 000036
___flmul@aexp                  cstackCOMRAM 000043
___flmul@b                     cstackCOMRAM 000032
___flmul@bexp                  cstackCOMRAM 000044
___flmul@grs                   cstackCOMRAM 00003F
___flmul@prod                  cstackCOMRAM 000045
___flmul@sign                  cstackCOMRAM 00003E
___flmul@temp                  cstackCOMRAM 000049
___flsub                       text65       004ABC
___flsub@a                     cstackCOMRAM 000015
___flsub@b                     cstackCOMRAM 000011
___heap_hi                     (abs)        000000
___heap_lo                     (abs)        000000
___inthi_sp                    stack        000000
___intlo_sp                    stack        000000
___lwdiv                       text62       004406
___lwdiv@counter               cstackCOMRAM 00000D
___lwdiv@dividend              cstackCOMRAM 000007
___lwdiv@divisor               cstackCOMRAM 000009
___lwdiv@quotient              cstackCOMRAM 00000B
___param_bank                  (abs)        000000
___rparam_used                 (abs)        000001
___sp                          stack        000000
___wmul                        text61       004DD6
___wmul@multiplicand           cstackCOMRAM 000003
___wmul@multiplier             cstackCOMRAM 000001
___wmul@product                cstackCOMRAM 000005
___xxtofl                      text64       003494
___xxtofl@arg                  cstackCOMRAM 00000B
___xxtofl@exp                  cstackCOMRAM 00000A
___xxtofl@sign                 cstackCOMRAM 000009
___xxtofl@val                  cstackCOMRAM 000001
__accesstop                    (abs)        000060
__activetblptr                 (abs)        000001
__end_of_BlueMove              text34       0044E0
__end_of_Colour_decider        text63       001902
__end_of_ForwardOneBlock       text29       004598
__end_of_Forwardhalfblock      text57       0046A6
__end_of_GreenMove             text33       004CC0
__end_of_HighISR               intcode      00000E
__end_of_I2C_2_Master_Idle     text42       004DB0
__end_of_I2C_2_Master_Init     text43       004D88
__end_of_I2C_2_Master_Read     text21       004B88
__end_of_I2C_2_Master_RepStart text20       004E88
__end_of_I2C_2_Master_Start    text41       004E9C
__end_of_I2C_2_Master_Stop     text40       004E92
__end_of_I2C_2_Master_Write    text39       004E7E
__end_of_Interrupts_init       text56       004EAA
__end_of_LightBlueMove         text32       00479C
__end_of_OrangeMove            text31       00474A
__end_of_PinkMove              text49       004892
__end_of_RedMove               text30       004C82
__end_of_RetryMove             text48       004292
__end_of_ReversePink           text28       004C44
__end_of_ReverseYellow         text27       004C06
__end_of_Timer0_init           text47       004E3C
__end_of_TurnDelay             text52       004D2E
__end_of_YellowMove            text44       004840
__end_of___aodiv               text12       0037D0
__end_of___aomod               text11       003AA0
__end_of___fladd               text66       00232E
__end_of___fldiv               text70       002AF2
__end_of___fleq                text69       003F10
__end_of___flge                text68       003CF2
__end_of___flmul               text67       002758
__end_of___flsub               text65       004B02
__end_of___lwdiv               text62       00447A
__end_of___wmul                text61       004DFC
__end_of___xxtofl              text64       003648
__end_of__initialization       cinit        00437A
__end_of_abs                   text10       004BC8
__end_of_color_click_init      text37       0047EE
__end_of_color_read_Blue       text19       0049D2
__end_of_color_read_Green      text18       004982
__end_of_color_read_Red        text17       004932
__end_of_color_read_lum        text16       0048E2
__end_of_color_writetoaddr     text38       004E1C
__end_of_colour_rel            text36       002E20
__end_of_delayed_ms            text26       004CF8
__end_of_dtoa                  text5        00309C
__end_of_fputc                 text8        003DBC
__end_of_fputs                 text7        004B46
__end_of_fullSpeedAhead        text59       004188
__end_of_fullSpeedBack         text55       0040EA
__end_of_getTMR0val            text35       004DD6
__end_of_go_Home               text24       0032BC
__end_of_initDCmotorsPWM       text23       004210
__end_of_initUSART4            text22       004E5A
__end_of_main                  text0        001E6E
__end_of_pad                   text6        004406
__end_of_putch                 text9        004EA8
__end_of_readColours           text15       00453E
__end_of_reverseDetect         text54       00464C
__end_of_reverseOneBlock       text53       0045F2
__end_of_sendCharSerial4       text14       004E72
__end_of_sendStringSerial4     text13       004D5E
__end_of_setMotorPWM           text60       00393C
__end_of_sprintf               text2        0046F8
__end_of_stop                  text58       004310
__end_of_timed_forward         text25       003E66
__end_of_turnCalibration       text1        003494
__end_of_turnLeft              text51       00404C
__end_of_turnLeft45            text50       004ABC
__end_of_turnRight             text46       003FAE
__end_of_turnRight45           text45       004A6E
__end_of_vfpfcnvrt             text4        003BEE
__end_of_vfprintf              text3        004A20
__initialization               cinit        004310
__mediumconst                  mediumconst  000000
__pbssBANK0                    bssBANK0     0000F0
__pbssBANK1                    bssBANK1     000100
__pbssBANK2                    bssBANK2     000200
__pbssCOMRAM                   bssCOMRAM    00005B
__pcinit                       cinit        004310
__pcstackBANK0                 cstackBANK0  000060
__pcstackCOMRAM                cstackCOMRAM 000001
__pdataBANK0                   dataBANK0    0000FC
__pdataBANK1                   dataBANK1    0001D1
__pidataBANK0                  idataBANK0   004EA2
__pidataBANK1                  idataBANK1   004E9C
__pintcode                     intcode      000008
__psmallconst                  smallconst   000E00
__ptext0                       text0        001902
__ptext1                       text1        0032BC
__ptext10                      text10       004B88
__ptext11                      text11       00393C
__ptext12                      text12       003648
__ptext13                      text13       004D2E
__ptext14                      text14       004E5A
__ptext15                      text15       0044E0
__ptext16                      text16       004892
__ptext17                      text17       0048E2
__ptext18                      text18       004932
__ptext19                      text19       004982
__ptext2                       text2        0046A6
__ptext20                      text20       004E7E
__ptext21                      text21       004B46
__ptext22                      text22       004E3C
__ptext23                      text23       004188
__ptext24                      text24       00309C
__ptext25                      text25       003DBC
__ptext26                      text26       004CC0
__ptext27                      text27       004BC8
__ptext28                      text28       004C06
__ptext29                      text29       00453E
__ptext3                       text3        0049D2
__ptext30                      text30       004C44
__ptext31                      text31       0046F8
__ptext32                      text32       00474A
__ptext33                      text33       004C82
__ptext34                      text34       00447A
__ptext35                      text35       004DB0
__ptext36                      text36       002AF2
__ptext37                      text37       00479C
__ptext38                      text38       004DFC
__ptext39                      text39       004E72
__ptext4                       text4        003AA0
__ptext40                      text40       004E88
__ptext41                      text41       004E92
__ptext42                      text42       004D88
__ptext43                      text43       004D5E
__ptext44                      text44       0047EE
__ptext45                      text45       004A20
__ptext46                      text46       003F10
__ptext47                      text47       004E1C
__ptext48                      text48       004210
__ptext49                      text49       004840
__ptext5                       text5        002E20
__ptext50                      text50       004A6E
__ptext51                      text51       003FAE
__ptext52                      text52       004CF8
__ptext53                      text53       004598
__ptext54                      text54       0045F2
__ptext55                      text55       00404C
__ptext56                      text56       004EA8
__ptext57                      text57       00464C
__ptext58                      text58       004292
__ptext59                      text59       0040EA
__ptext6                       text6        00438C
__ptext60                      text60       0037D0
__ptext61                      text61       004DD6
__ptext62                      text62       004406
__ptext63                      text63       000E26
__ptext64                      text64       003494
__ptext65                      text65       004ABC
__ptext66                      text66       001E6E
__ptext67                      text67       00232E
__ptext68                      text68       003BEE
__ptext69                      text69       003E66
__ptext7                       text7        004B02
__ptext70                      text70       002758
__ptext8                       text8        003CF2
__ptext9                       text9        004EA6
__ramtop                       ramtop       000E00
__smallconst                   smallconst   000E00
_abs                           text10       004B88
_color_click_init              text37       00479C
_color_read_Blue               text19       004982
_color_read_Green              text18       004932
_color_read_Red                text17       0048E2
_color_read_lum                text16       004892
_color_writetoaddr             text38       004DFC
_colour_rel                    text36       002AF2
_colour_rel$3047               cstackCOMRAM 00003A
_colour_rel$3048               cstackCOMRAM 00003E
_dbuf                          bssBANK1     000194
_delayed_ms                    text26       004CC0
_dtoa                          text5        002E20
_dtoa$2723                     cstackCOMRAM 00002E
_flags                         bssBANK0     0000F2
_fputc                         text8        003CF2
_fputs                         text7        004B02
_fullSpeedAhead                text59       0040EA
_fullSpeedBack                 text55       00404C
_getTMR0val                    text35       004DB0
_go_Home                       text24       00309C
_high_threshold                dataBANK1    0001D1
_initDCmotorsPWM               text23       004188
_initUSART4                    text22       004E3C
_low_threshold                 bssBANK1     000160
_main                          text0        001902
_motorL                        bssBANK0     0000F3
_motorR                        bssBANK1     0001C0
_move_count                    bssBANK0     0000F0
_pad                           text6        00438C
_power                         dataBANK1    0001D5
_prec                          bssBANK1     00015E
_putch                         text9        004EA6
_readColours                   text15       0044E0
_rel                           bssBANK1     0001B4
_reverseDetect                 text54       0045F2
_reverseOneBlock               text53       004598
_sendCharSerial4               text14       004E5A
_sendStringSerial4             text13       004D2E
_setMotorPWM                   text60       0037D0
_sprintf                       text2        0046A6
_stop                          text58       004292
_timed_forward                 text25       003DBC
_turnCalibration               text1        0032BC
_turnLeft                      text51       003FAE
_turnLeft45                    text50       004A6E
_turnRight                     text46       003F10
_turnRight45                   text45       004A20
_vals                          bssBANK1     0001C9
_vfpfcnvrt                     text4        003AA0
_vfprintf                      text3        0049D2
_width                         bssBANK1     00015C
abs@a                          cstackCOMRAM 000013
btemp                          temp         00005F
color_read_Blue@tmp            cstackCOMRAM 00000A
color_read_Green@tmp           cstackCOMRAM 00000A
color_read_Red@tmp             cstackCOMRAM 00000A
color_read_lum@tmp             cstackCOMRAM 00000A
color_writetoaddr@address      cstackCOMRAM 000004
color_writetoaddr@value        cstackCOMRAM 000003
colour_rel@B                   cstackCOMRAM 00004A
colour_rel@G                   cstackCOMRAM 000046
colour_rel@L                   cstackCOMRAM 000036
colour_rel@R                   cstackCOMRAM 000042
colour_rel@rel                 cstackCOMRAM 000034
colour_rel@vals                cstackCOMRAM 000032
delayed_ms@i                   cstackCOMRAM 000004
delayed_ms@time                cstackCOMRAM 000001
dtoa@d                         cstackCOMRAM 00001E
dtoa@fp                        cstackCOMRAM 00001C
dtoa@i                         cstackCOMRAM 00003C
dtoa@n                         cstackCOMRAM 000034
dtoa@p                         cstackCOMRAM 000030
dtoa@s                         cstackCOMRAM 00003E
dtoa@w                         cstackCOMRAM 000032
end_of_initialization          cinit        00437A
fputc@c                        cstackCOMRAM 000001
fputc@fp                       cstackCOMRAM 000003
fputs@c                        cstackCOMRAM 00000E
fputs@fp                       cstackCOMRAM 00000C
fputs@i                        cstackCOMRAM 00000F
fputs@s                        cstackCOMRAM 00000A
fullSpeedAhead@mL              cstackCOMRAM 000014
fullSpeedAhead@mR              cstackCOMRAM 000016
fullSpeedBack@mL               cstackCOMRAM 000014
fullSpeedBack@mR               cstackCOMRAM 000016
getTMR0val@moving              cstackCOMRAM 000001
go_Home@Time_forward           cstackCOMRAM 000026
go_Home@WayBack                cstackCOMRAM 000024
go_Home@i                      cstackCOMRAM 00002B
initDCmotorsPWM@PWMperiod      cstackCOMRAM 000001
int$flags                      temp         00005F
intlevel0                      text         000000
intlevel1                      text         000000
intlevel2                      text         000000
intlevel3                      text         000000
isa$std                        (abs)        000001
isa$xinst                      (abs)        000000
main@buf                       cstackBANK0  000080
main@colour                    cstackBANK0  0000EC
main@consecuitive              cstackBANK0  0000EA
main@prev_colour               cstackBANK0  0000EE
main@run_flag                  cstackBANK0  0000E8
main@temp                      cstackBANK0  0000E4
main@temp_1304                 cstackBANK0  0000E6
pad@buf                        cstackCOMRAM 000013
pad@fp                         cstackCOMRAM 000011
pad@i                          cstackCOMRAM 000018
pad@p                          cstackCOMRAM 000015
pad@w                          cstackCOMRAM 00001A
readColours@vals               cstackCOMRAM 00000C
reverseDetect@mL               cstackCOMRAM 00001A
reverseDetect@mR               cstackCOMRAM 00001C
reverseOneBlock@mL             cstackCOMRAM 00001A
reverseOneBlock@mR             cstackCOMRAM 00001C
sendCharSerial4@charToSend     cstackCOMRAM 000001
sendStringSerial4@string       cstackCOMRAM 000002
setMotorPWM@m                  cstackCOMRAM 00000E
setMotorPWM@negDuty            cstackCOMRAM 000013
setMotorPWM@posDuty            cstackCOMRAM 000012
sprintf@ap                     cstackBANK0  00006C
sprintf@f                      cstackBANK0  00006E
sprintf@fmt                    cstackBANK0  000062
sprintf@s                      cstackBANK0  000060
stackhi                        (abs)        000000
stacklo                        (abs)        000000
start                          init         00000E
start_initialization           cinit        004310
stop@mL                        cstackCOMRAM 000014
stop@mR                        cstackCOMRAM 000016
timed_forward@mL               cstackCOMRAM 000014
timed_forward@mR               cstackCOMRAM 000016
timed_forward@time             cstackCOMRAM 000018
ttemp5                         temp         000060
ttemp6                         temp         000063
ttemp7                         temp         000067
turnCalibration@mL             cstackCOMRAM 000020
turnCalibration@mR             cstackCOMRAM 000022
turnLeft45@mL                  cstackCOMRAM 00001A
turnLeft45@mR                  cstackCOMRAM 00001C
turnLeft@mL                    cstackCOMRAM 000014
turnLeft@mR                    cstackCOMRAM 000016
turnRight45@mL                 cstackCOMRAM 00001A
turnRight45@mR                 cstackCOMRAM 00001C
turnRight@mL                   cstackCOMRAM 000014
turnRight@mR                   cstackCOMRAM 000016
vfpfcnvrt@ap                   cstackCOMRAM 000043
vfpfcnvrt@convarg              cstackCOMRAM 000047
vfpfcnvrt@cp                   cstackCOMRAM 00004F
vfpfcnvrt@fmt                  cstackCOMRAM 000041
vfpfcnvrt@fp                   cstackCOMRAM 00003F
vfprintf@ap                    cstackCOMRAM 000055
vfprintf@cfmt                  cstackCOMRAM 000057
vfprintf@fmt                   cstackCOMRAM 000053
vfprintf@fp                    cstackCOMRAM 000051
wtemp8                         temp         000060


MODULE INFORMATION

Module		Function		Class		Link	Load	Size
C:\Program Files\Microchip\xc8\v2.40\pic\sources\c99\common\sprcmul.c
		___flmul       		CODE           	232E	0000	1066

C:\Program Files\Microchip\xc8\v2.40\pic\sources\c99\common\sprcmul.c estimated size: 1066

C:\Program Files\Microchip\xc8\v2.40\pic\sources\c99\common\nf_fputc.c
		_fputc         		CODE           	3CF2	0000	202

C:\Program Files\Microchip\xc8\v2.40\pic\sources\c99\common\nf_fputc.c estimated size: 202

serial.c
		_sendStringSerial4		CODE           	4D2E	0000	48
		_sendCharSerial4		CODE           	4E5A	0000	24
		_initUSART4    		CODE           	4E3C	0000	30

serial.c estimated size: 102

timers.c
		_getTMR0val    		CODE           	4DB0	0000	38
		_Timer0_init   		CODE           	4E1C	0000	32
		_delayed_ms    		CODE           	4CC0	0000	56

timers.c estimated size: 126

C:\Program Files\Microchip\xc8\v2.40\pic\sources\c99\common\sprcdiv.c
		___fldiv       		CODE           	2758	0000	922

C:\Program Files\Microchip\xc8\v2.40\pic\sources\c99\common\sprcdiv.c estimated size: 922

C:\Program Files\Microchip\xc8\v2.40\pic\sources\c99\common\nf_sprintf.c
		_sprintf       		CODE           	46A6	0000	82

C:\Program Files\Microchip\xc8\v2.40\pic\sources\c99\common\nf_sprintf.c estimated size: 82

C:\Program Files\Microchip\xc8\v2.40\pic\sources\c99\common\lwdiv.c
		___lwdiv       		CODE           	4406	0000	116

C:\Program Files\Microchip\xc8\v2.40\pic\sources\c99\common\lwdiv.c estimated size: 116

color.c
		_color_writetoaddr		CODE           	4DFC	0000	32
		_readColours   		CODE           	44E0	0000	94
		_color_click_init		CODE           	479C	0000	82
		_Colour_decider		CODE           	0E26	0000	2780
		_colour_rel    		CODE           	2AF2	0000	814
		_color_read_Green		CODE           	4932	0000	80
		_color_read_Red		CODE           	48E2	0000	80
		_color_read_lum		CODE           	4892	0000	80
		_color_read_Blue		CODE           	4982	0000	80

color.c estimated size: 4122

C:\Program Files\Microchip\xc8\v2.40\pic\sources\c99\common\Umul16.c
		___wmul        		CODE           	4DD6	0000	38

C:\Program Files\Microchip\xc8\v2.40\pic\sources\c99\common\Umul16.c estimated size: 38

C:\Program Files\Microchip\xc8\v2.40\pic\sources\c99\common\fleq.c
		___fleq        		CODE           	3E66	0000	170

C:\Program Files\Microchip\xc8\v2.40\pic\sources\c99\common\fleq.c estimated size: 170

dc_motor.c
		_reverseDetect 		CODE           	45F2	0000	90
		_fullSpeedBack 		CODE           	404C	0000	158
		_GreenMove     		CODE           	4C82	0000	62
		_timed_forward 		CODE           	3DBC	0000	170
		_YellowMove    		CODE           	47EE	0000	82
		_fullSpeedAhead		CODE           	40EA	0000	158
		_Forwardhalfblock		CODE           	464C	0000	90
		_turnLeft      		CODE           	3FAE	0000	158
		_turnLeft45    		CODE           	4A6E	0000	78
		_stop          		CODE           	4292	0000	126
		_RedMove       		CODE           	4C44	0000	62
		_initDCmotorsPWM		CODE           	4188	0000	136
		_turnRight     		CODE           	3F10	0000	158
		_turnRight45   		CODE           	4A20	0000	78
		_BlueMove      		CODE           	447A	0000	102
		_reverseOneBlock		CODE           	4598	0000	90
		_OrangeMove    		CODE           	46F8	0000	82
		_setMotorPWM   		CODE           	37D0	0000	364
		_ReversePink   		CODE           	4C06	0000	62
		_RetryMove     		CODE           	4210	0000	130
		_TurnDelay     		CODE           	4CF8	0000	54
		_ForwardOneBlock		CODE           	453E	0000	90
		_LightBlueMove 		CODE           	474A	0000	82
		_ReverseYellow 		CODE           	4BC8	0000	62
		_PinkMove      		CODE           	4840	0000	82
		_turnCalibration		CODE           	32BC	0000	472

dc_motor.c estimated size: 3278

interrupts.c
		_Interrupts_init		CODE           	4EA8	0000	2
		_HighISR       		CODE           	0008	0000	6

interrupts.c estimated size: 8

C:\Program Files\Microchip\xc8\v2.40\pic\sources\c99\common\abs.c
		_abs           		CODE           	4B88	0000	64

C:\Program Files\Microchip\xc8\v2.40\pic\sources\c99\common\abs.c estimated size: 64

Memory.c
		_go_Home       		CODE           	309C	0000	544

Memory.c estimated size: 544

i2c.c
		_I2C_2_Master_Start		CODE           	4E92	0000	10
		_I2C_2_Master_Read		CODE           	4B46	0000	66
		_I2C_2_Master_Idle		CODE           	4D88	0000	40
		_I2C_2_Master_Init		CODE           	4D5E	0000	42
		_I2C_2_Master_Stop		CODE           	4E88	0000	10
		_I2C_2_Master_RepStart		CODE           	4E7E	0000	10
		_I2C_2_Master_Write		CODE           	4E72	0000	12

i2c.c estimated size: 190

C:\Program Files\Microchip\xc8\v2.40\pic\sources\c99\common\sprcadd.c
		___flsub       		CODE           	4ABC	0000	70
		___fladd       		CODE           	1E6E	0000	1216

C:\Program Files\Microchip\xc8\v2.40\pic\sources\c99\common\sprcadd.c estimated size: 1286

C:\Program Files\Microchip\xc8\v2.40\pic\sources\c99\common\xxtofl.c
		___xxtofl      		CODE           	3494	0000	436

C:\Program Files\Microchip\xc8\v2.40\pic\sources\c99\common\xxtofl.c estimated size: 436

C:\Program Files\Microchip\xc8\v2.40\pic\sources\c99\common\nf_fputs.c
		_fputs         		CODE           	4B02	0000	68

C:\Program Files\Microchip\xc8\v2.40\pic\sources\c99\common\nf_fputs.c estimated size: 68

C:\Program Files\Microchip\xc8\v2.40\pic\sources\c99\common\aomod.c
		___aomod       		CODE           	393C	0000	356

C:\Program Files\Microchip\xc8\v2.40\pic\sources\c99\common\aomod.c estimated size: 356

shared
		__initialization		CODE           	4310	0000	106

shared estimated size: 106

C:\Program Files\Microchip\xc8\v2.40\pic\sources\c99\common\flge.c
		___flge        		CODE           	3BEE	0000	260

C:\Program Files\Microchip\xc8\v2.40\pic\sources\c99\common\flge.c estimated size: 260

C:\Program Files\Microchip\xc8\v2.40\pic\sources\c99\common\putch.c
		_putch         		CODE           	4EA6	0000	2

C:\Program Files\Microchip\xc8\v2.40\pic\sources\c99\common\putch.c estimated size: 2

C:\Program Files\Microchip\xc8\v2.40\pic\sources\c99\common\doprnt.c
		_vfpfcnvrt     		CODE           	3AA0	0000	334
		_pad           		CODE           	438C	0000	122
		_dtoa          		CODE           	2E20	0000	636
		_vfprintf      		CODE           	49D2	0000	78

C:\Program Files\Microchip\xc8\v2.40\pic\sources\c99\common\doprnt.c estimated size: 1170

main.c
		_main          		CODE           	1902	0000	1388

main.c estimated size: 1388

C:\Program Files\Microchip\xc8\v2.40\pic\sources\c99\common\aodiv.c
		___aodiv       		CODE           	3648	0000	392

C:\Program Files\Microchip\xc8\v2.40\pic\sources\c99\common\aodiv.c estimated size: 392

