Microchip MPLAB XC8 Compiler V2.40

Linker command line:

-W-3 \
  --edf=C:\Program Files\Microchip\xc8\v2.40\pic\dat\20220703182018_en.msgs \
  -cn \
  -h+dist/default/production\final-project-josh-and-edward.X.production.sym \
  --cmf=dist/default/production\final-project-josh-and-edward.X.production.cmf \
  -z -Q18F67K40 -oC:\Users\jford\AppData\Local\Temp\xcAskec.4 \
  --defsym=__MPLAB_BUILD=1 --fixupoverflow=error \
  -Mdist/default/production/final-project-josh-and-edward.X.production.map \
  --md=C:\Users\jford\AppData\Local\Temp\xcAskec.dat -E1 -ver=XC8 Compiler \
  --acfsm=1493 -ACODE=00h-01FFFFh -ACONST=00h-01FFFFh \
  -ASMALLCONST=0E00h-0EFFhx498 -AMEDIUMCONST=0E00h-0FFFFh,010E00h-01FFFFh \
  -ACOMRAM=01h-05Fh -AABS1=00h-0DE9h -ABIGRAM=01h-0DE9h \
  -ARAM=060h-0FFh,0100h-01FFhx12,0D00h-0DE9h -ABANK0=060h-0FFh \
  -ABANK1=0100h-01FFh -ABANK2=0200h-02FFh -ABANK3=0300h-03FFh \
  -ABANK4=0400h-04FFh -ABANK5=0500h-05FFh -ABANK6=0600h-06FFh \
  -ABANK7=0700h-07FFh -ABANK8=0800h-08FFh -ABANK9=0900h-09FFh \
  -ABANK10=0A00h-0AFFh -ABANK11=0B00h-0BFFh -ABANK12=0C00h-0CFFh \
  -ABANK13=0D00h-0DE9h \
  -ASFR=0DEFh-0DFFh,0E00h-0EFFh,0F00h-0F5Fh,0F60h-0FFFh \
  -ABIGSFR=0DEFh-0FFFh -ACONFIG=0300000h-030000Bh -AIDLOC=0200000h-020000Fh \
  -AEEDATA=0310000h-03103FFh -peeprom_data=EEDATA \
  -preset_vec=00h,intcode=08h,intcodelo,powerup,init -pramtop=0E00h \
  -psmallconst=SMALLCONST -pmediumconst=MEDIUMCONST -pconst=CONST \
  -AFARRAM=00h-00h \
  -prdata=COMRAM,nvrram=COMRAM,nvbit=COMRAM,rbss=COMRAM,rbit=COMRAM \
  -pfarbss=FARRAM,fardata=FARRAM,nvFARRAM=FARRAM \
  -pintsave_regs=BIGRAM,bigbss=BIGRAM,bigdata=BIGRAM -pbss=RAM \
  -pidata=CODE,irdata=CODE,ibigdata=CODE,ifardata=CODE -prparam=COMRAM \
  C:\Users\jford\AppData\Local\Temp\xcAskec.o \
  dist/default/production\final-project-josh-and-edward.X.production.o 

Object code version is 3.11

Machine type is 18F67K40



                Name                               Link     Load   Length Selector   Space Scale
C:\Users\jford\AppData\Local\Temp\xcAskec.o
                idloc                            200000   200000       10        0       5
                config                           300000   300000        C        0       4
                init                                 74       74        4        4       0
                reset_vec                             0        0        4        0       0
dist/default/production\final-project-josh-and-edward.X.production.o
                intcode                               8        8       6C        4       0
                idloc                            200000   200000       10        0       5
                config                           300000   300000        C        0       4
                temp                                 5B       5B        1        1       1
                smallconst                          E00      E00       38      700       0
                text103                            632A     632A       74      71C       0
                text102                            71BE     71BE       26      71C       0
                text101                            4CA8     4CA8      16C      71C       0
                text100                            5CD6     5CD6       C6      71C       0
                text99                             61C0     61C0       7E      71C       0
                text98                             67C6     67C6       5A      71C       0
                text97                             708E     708E       36      71C       0
                text96                             5C10     5C10       C6      71C       0
                text95                             6D38     6D38       4E      71C       0
                text94                             6542     6542       66      71C       0
                text93                             5B4A     5B4A       C6      71C       0
                text92                             6CEA     6CEA       4E      71C       0
                text91                             6FA2     6FA2       3E      71C       0
                text90                             6ABC     6ABC       52      71C       0
                text89                             6A6A     6A6A       52      71C       0
                text88                             6F64     6F64       3E      71C       0
                text87                             7056     7056       38      71C       0
                text86                             5A84     5A84       C6      71C       0
                text85                             6C9C     6C9C       4E      71C       0
                text84                             5E52     5E52       B6      71C       0
                text83                             5D9C     5D9C       B6      71C       0
                text82                             5360     5360       D2      71C       0
                text81                             3E7E     3E7E      2E0      71C       0
                text79                             3190     3190      39C      71C       0
                text78                             5F08     5F08       AC      71C       0
                text77                             5082     5082      106      71C       0
                text76                             2D64     2D64      42C      71C       0
                text75                             28A2     28A2      4C2      71C       0
                text74                             6DCE     6DCE       48      71C       0
                text73                             47F0     47F0      1B8      71C       0
                text72                              E38      E38      B1C      71C       0
                text71                             59BE     59BE       C6      71C       0
                text70                             6F26     6F26       3E      71C       0
                text69                             62B4     62B4       76      71C       0
                text68                             714A     714A       28      71C       0
                text67                             4B32     4B32      176      71C       0
                text66                             5762     5762       CC      71C       0
                text65                             60C2     60C2       80      71C       0
                text64                             64DC     64DC       66      71C       0
                text63                             724A     724A        E      71C       0
                text62                             5696     5696       CC      71C       0
                text61                             65A8     65A8       5C      71C       0
                text60                             6BFE     6BFE       50      71C       0
                text59                             6FE0     6FE0       3C      71C       0
                text58                             55CA     55CA       CC      71C       0
                text57                             6BAE     6BAE       50      71C       0
                text56                             676C     676C       5A      71C       0
                text55                             603C     603C       86      71C       0
                text54                             71E4     71E4       20      71C       0
                text53                             54FE     54FE       CC      71C       0
                text52                             6B5E     6B5E       50      71C       0
                text51                             6712     6712       5A      71C       0
                text50                             7120     7120       2A      71C       0
                text49                             70F6     70F6       2A      71C       0
                text48                             726C     726C        A      71C       0
                text47                             7262     7262        A      71C       0
                text46                             723C     723C        E      71C       0
                text45                             7198     7198       26      71C       0
                text44                             66B8     66B8       5A      71C       0
                text43                             352C     352C      33C      71C       0
                text42                             7172     7172       26      71C       0
                text41                             639E     639E       70      71C       0
                text40                             6EA0     6EA0       44      71C       0
                text39                             665E     665E       5A      71C       0
                text38                             6604     6604       5A      71C       0
                text37                             6E5C     6E5C       44      71C       0
                text36                             6B0E     6B0E       50      71C       0
                text35                             58F6     58F6       C8      71C       0
                text34                             582E     582E       C8      71C       0
                text33                             5288     5288       D8      71C       0
                text32                             3B88     3B88      2F6      71C       0
                text31                             5FB4     5FB4       88      71C       0
                text30                             7204     7204       1E      71C       0
                text29                             6C4E     6C4E       4E      71C       0
                text28                             7258     7258        A      71C       0
                text27                             6972     6972       54      71C       0
                text26                             691E     691E       54      71C       0
                text25                             68CA     68CA       54      71C       0
                text24                             6876     6876       54      71C       0
                text23                             6476     6476       66      71C       0
                text22                             7222     7222       1A      71C       0
                text21                             70C4     70C4       32      71C       0
                text20                             49A8     49A8      18A      71C       0
                text19                             4E14     4E14      166      71C       0
                text18                             6EE4     6EE4       42      71C       0
                text17                             7280     7280        2     3940       0
                text16                             5432     5432       CC      71C       0
                text15                             6D86     6D86       48      71C       0
                text14                             6142     6142       7E      71C       0
                text13                             415E     415E      288      71C       0
                text12                             701C     701C       3A      71C       0
                text11                             4F7A     4F7A      108      71C       0
                text10                             5188     5188      100      71C       0
                text9                              43E6     43E6      216      71C       0
                text8                              640E     640E       68      71C       0
                text7                              6A18     6A18       52      71C       0
                text6                              6E16     6E16       46      71C       0
                text5                              1954     1954      A08      71C       0
                text4                              3868     3868      320      71C       0
                text3                              6820     6820       56      71C       0
                text2                              69C6     69C6       52      71C       0
                text1                              45FC     45FC      1F4      71C       0
                text0                              235C     235C      546      71C       0
                cstackCOMRAM                          1        1       31        1       1
                cstackBANK0                          60       60       9F       60       1
                cstackBANK1                         100      100       9E      100       1
                bssBANK3                            300      300       64      300       1
                bssBANK2                            200      200       BE      200       1
                dataBANK1                           1D4      1D4        2      100       1
                bssBANK1                            19E      19E       36      100       1
                bssBANK0                             FF       FF        1       60       1
                dataCOMRAM                           54       54        7        1       1
                bssCOMRAM                            32       32       22        1       1
                cinit                              623E     623E       76      71C       0
                idataBANK1                         727D     727D        2      71C       0
                idataCOMRAM                        7276     7276        7      71C       0

TOTAL           Name                               Link     Load   Length     Space
        CLASS   CODE           
                intcode                               8        8       6C         0
                init                                 74       74        4         0
                reset_vec                             0        0        4         0
                text103                            632A     632A       74         0
                text102                            71BE     71BE       26         0
                text101                            4CA8     4CA8      16C         0
                text100                            5CD6     5CD6       C6         0
                text99                             61C0     61C0       7E         0
                text98                             67C6     67C6       5A         0
                text97                             708E     708E       36         0
                text96                             5C10     5C10       C6         0
                text95                             6D38     6D38       4E         0
                text94                             6542     6542       66         0
                text93                             5B4A     5B4A       C6         0
                text92                             6CEA     6CEA       4E         0
                text91                             6FA2     6FA2       3E         0
                text90                             6ABC     6ABC       52         0
                text89                             6A6A     6A6A       52         0
                text88                             6F64     6F64       3E         0
                text87                             7056     7056       38         0
                text86                             5A84     5A84       C6         0
                text85                             6C9C     6C9C       4E         0
                text84                             5E52     5E52       B6         0
                text83                             5D9C     5D9C       B6         0
                text82                             5360     5360       D2         0
                text81                             3E7E     3E7E      2E0         0
                text79                             3190     3190      39C         0
                text78                             5F08     5F08       AC         0
                text77                             5082     5082      106         0
                text76                             2D64     2D64      42C         0
                text75                             28A2     28A2      4C2         0
                text74                             6DCE     6DCE       48         0
                text73                             47F0     47F0      1B8         0
                text72                              E38      E38      B1C         0
                text71                             59BE     59BE       C6         0
                text70                             6F26     6F26       3E         0
                text69                             62B4     62B4       76         0
                text68                             714A     714A       28         0
                text67                             4B32     4B32      176         0
                text66                             5762     5762       CC         0
                text65                             60C2     60C2       80         0
                text64                             64DC     64DC       66         0
                text63                             724A     724A        E         0
                text62                             5696     5696       CC         0
                text61                             65A8     65A8       5C         0
                text60                             6BFE     6BFE       50         0
                text59                             6FE0     6FE0       3C         0
                text58                             55CA     55CA       CC         0
                text57                             6BAE     6BAE       50         0
                text56                             676C     676C       5A         0
                text55                             603C     603C       86         0
                text54                             71E4     71E4       20         0
                text53                             54FE     54FE       CC         0
                text52                             6B5E     6B5E       50         0
                text51                             6712     6712       5A         0
                text50                             7120     7120       2A         0
                text49                             70F6     70F6       2A         0
                text48                             726C     726C        A         0
                text47                             7262     7262        A         0
                text46                             723C     723C        E         0
                text45                             7198     7198       26         0
                text44                             66B8     66B8       5A         0
                text43                             352C     352C      33C         0
                text42                             7172     7172       26         0
                text41                             639E     639E       70         0
                text40                             6EA0     6EA0       44         0
                text39                             665E     665E       5A         0
                text38                             6604     6604       5A         0
                text37                             6E5C     6E5C       44         0
                text36                             6B0E     6B0E       50         0
                text35                             58F6     58F6       C8         0
                text34                             582E     582E       C8         0
                text33                             5288     5288       D8         0
                text32                             3B88     3B88      2F6         0
                text31                             5FB4     5FB4       88         0
                text30                             7204     7204       1E         0
                text29                             6C4E     6C4E       4E         0
                text28                             7258     7258        A         0
                text27                             6972     6972       54         0
                text26                             691E     691E       54         0
                text25                             68CA     68CA       54         0
                text24                             6876     6876       54         0
                text23                             6476     6476       66         0
                text22                             7222     7222       1A         0
                text21                             70C4     70C4       32         0
                text20                             49A8     49A8      18A         0
                text19                             4E14     4E14      166         0
                text18                             6EE4     6EE4       42         0
                text17                             7280     7280        2         0
                text16                             5432     5432       CC         0
                text15                             6D86     6D86       48         0
                text14                             6142     6142       7E         0
                text13                             415E     415E      288         0
                text12                             701C     701C       3A         0
                text11                             4F7A     4F7A      108         0
                text10                             5188     5188      100         0
                text9                              43E6     43E6      216         0
                text8                              640E     640E       68         0
                text7                              6A18     6A18       52         0
                text6                              6E16     6E16       46         0
                text5                              1954     1954      A08         0
                text4                              3868     3868      320         0
                text3                              6820     6820       56         0
                text2                              69C6     69C6       52         0
                text1                              45FC     45FC      1F4         0
                text0                              235C     235C      546         0
                cinit                              623E     623E       76         0
                idataBANK1                         727D     727D        2         0
                idataCOMRAM                        7276     7276        7         0

        CLASS   CONST          

        CLASS   SMALLCONST     
                smallconst                          E00      E00       38         0

        CLASS   MEDIUMCONST    

        CLASS   COMRAM         
                temp                                 5B       5B        1         1
                cstackCOMRAM                          1        1       31         1
                dataCOMRAM                           54       54        7         1
                bssCOMRAM                            32       32       22         1

        CLASS   ABS1           

        CLASS   BIGRAM         

        CLASS   RAM            

        CLASS   BANK0          
                cstackBANK0                          60       60       9F         1
                bssBANK0                             FF       FF        1         1

        CLASS   BANK1          
                cstackBANK1                         100      100       9E         1
                dataBANK1                           1D4      1D4        2         1
                bssBANK1                            19E      19E       36         1

        CLASS   BANK2          
                bssBANK2                            200      200       BE         1

        CLASS   BANK3          
                bssBANK3                            300      300       64         1

        CLASS   BANK4          

        CLASS   BANK5          

        CLASS   BANK6          

        CLASS   BANK7          

        CLASS   BANK8          

        CLASS   BANK9          

        CLASS   BANK10         

        CLASS   BANK11         

        CLASS   BANK12         

        CLASS   BANK13         

        CLASS   SFR            

        CLASS   BIGSFR         

        CLASS   CONFIG         
                config                           300000   300000        C         4

        CLASS   IDLOC          
                idloc                            200000   200000       10         5

        CLASS   EEDATA         

        CLASS   FARRAM         

        CLASS   HEAP           

        CLASS   STACK          



SEGMENTS        Name                           Load    Length   Top    Selector   Space  Class

                reset_vec                      000000  000004  000004         0       0  CODE    
                cstackCOMRAM                   000001  00005B  00005C         1       1  COMRAM  
                intcode                        000008  000070  000078         4       0  CODE    
                cstackBANK0                    000060  0000A0  000100        60       1  BANK0   
                cstackBANK1                    000100  0000D6  0001D6       100       1  BANK1   
                bssBANK2                       000200  0000BE  0002BE       200       1  BANK2   
                bssBANK3                       000300  000064  000364       300       1  BANK3   
                smallconst                     000E00  000038  000E38       700       0  SMALLCON
                text72                         000E38  006447  00727F       71C       0  CODE    
                text17                         007280  000002  007282      3940       0  CODE    


UNUSED ADDRESS RANGES

        Name                Unused          Largest block    Delta
        BANK1            0001D6-0001FF               2A
        BANK10           000A00-000AFF              100
        BANK11           000B00-000BFF              100
        BANK12           000C00-000CFF              100
        BANK13           000D00-000DE9               EA
        BANK2            0002BE-0002FF               42
        BANK3            000364-0003FF               9C
        BANK4            000400-0004FF              100
        BANK5            000500-0005FF              100
        BANK6            000600-0006FF              100
        BANK7            000700-0007FF              100
        BANK8            000800-0008FF              100
        BANK9            000900-0009FF              100
        BIGRAM           00005C-00005F                4
                         0001D6-0001FF               2A
                         0002BE-0002FF               42
                         000364-000DE9              A86
        BIGSFR           000DEF-000FFF              211
        CODE             000004-000007                4
                         000078-000DFF              D88
                         00727F-00727F                1
                         007282-01FFFF            18D7E
        COMRAM           00005C-00005F                4
        CONST            000004-000007                4
                         000078-000DFF              D88
                         00727F-00727F                1
                         007282-01FFFF            18D7E
        EEDATA           310000-3103FF              400
        MEDIUMCONST      00727F-00727F                1
                         007282-00FFFF             8D7E
                         010E00-01FFFF             F200
        RAM              0001D6-0001FF               2A
                         0002BE-0002FF               42
                         000364-000DE9              100
        SFR              000DEF-000FFF              100
        SMALLCONST       00727F-00727F                1
                         007282-01FFFF              100

                                  Symbol Table

?_Colour_decider               cstackBANK0  0000AA
?___aodiv                      cstackBANK0  000060
?___aomod                      cstackBANK0  000060
?___awdiv                      cstackBANK0  000060
?___fladd                      cstackBANK0  000060
?___fldiv                      cstackBANK0  000091
?___flmul                      cstackBANK0  000070
?___flneg                      cstackBANK0  000060
?___flsub                      cstackBANK0  000089
?___fltol                      cstackBANK0  000060
?___fpclassifyf                cstackBANK0  000060
?___lwdiv                      cstackBANK0  000066
?___wmul                       cstackBANK0  000060
?___xxtofl                     cstackBANK0  000060
?_abs                          cstackBANK0  000072
?_color_read_Blue              cstackBANK0  000064
?_color_read_Green             cstackBANK0  000064
?_color_read_Red               cstackBANK0  000064
?_color_read_lum               cstackBANK0  000064
?_floorf                       cstackBANK0  0000AA
?_labs                         cstackBANK0  000060
?_sprintf                      cstackBANK1  000111
?_vfprintf                     cstackBANK1  00010B
?i2___lwdiv                    cstackCOMRAM 000007
?i2___wmul                     cstackCOMRAM 000001
BlueMove@mL                    cstackBANK0  000080
BlueMove@mR                    cstackBANK0  000082
Colour_decider@Cmax            cstackBANK0  0000C2
Colour_decider@Cmax_i          cstackBANK0  0000B4
Colour_decider@Cmin            cstackBANK0  0000C6
Colour_decider@Hue             cstackBANK0  0000CC
Colour_decider@RGB_col         cstackBANK0  0000B6
Colour_decider@i               cstackBANK0  0000CA
Colour_decider@rel             cstackBANK0  0000AC
Colour_decider@vals            cstackBANK0  0000AA
ForwardOneBlock@mL             cstackBANK0  00007A
ForwardOneBlock@mR             cstackBANK0  00007C
Forwardhalfblock@mL            cstackBANK0  00007A
Forwardhalfblock@mR            cstackBANK0  00007C
GreenMove@mL                   cstackBANK0  000080
GreenMove@mR                   cstackBANK0  000082
I2C_2_Master_Read@ack          cstackBANK0  000062
I2C_2_Master_Read@tmp          cstackBANK0  000063
I2C_2_Master_Write@data_byte   cstackBANK0  000061
LightBlueMove@mL               cstackBANK0  000080
LightBlueMove@mR               cstackBANK0  000082
OrangeMove@mL                  cstackBANK0  000080
OrangeMove@mR                  cstackBANK0  000082
PinkMove@mL                    cstackBANK0  000080
PinkMove@mR                    cstackBANK0  000082
RedMove@mL                     cstackBANK0  000080
RedMove@mR                     cstackBANK0  000082
RetryMove@mL                   cstackBANK0  00007A
RetryMove@mR                   cstackBANK0  00007C
ReversePink@mL                 cstackBANK0  000080
ReversePink@mR                 cstackBANK0  000082
ReverseYellow@mL               cstackBANK0  000080
ReverseYellow@mR               cstackBANK0  000082
TurnDelay@Turn45Delay          cstackBANK0  000060
YellowMove@mL                  cstackBANK0  000080
YellowMove@mR                  cstackBANK0  000082
_ANSELDbits                    (abs)        000EA7
_ANSELFbits                    (abs)        000EB4
_BAUD4CONbits                  (abs)        000EE9
_BlueMove                      text41       00639E
_CCP1CONbits                   (abs)        000FAB
_CCP2CONbits                   (abs)        000FA7
_CCP3CONbits                   (abs)        000F26
_CCP4CONbits                   (abs)        000F22
_CCPR1H                        (abs)        000FAA
_CCPR2H                        (abs)        000FA6
_CCPR3H                        (abs)        000F25
_CCPR4H                        (abs)        000F21
_CCPTMRS0bits                  (abs)        000FAD
_Colour_decider                text72       000E38
_Colour_decider$3309           cstackBANK0  0000B0
_DataFlag                      dataCOMRAM   00005A
_EUSART4RXbuf                  bssCOMRAM    000032
_EUSART4TXbuf                  bssBANK2     000200
_ForwardOneBlock               text36       006B0E
_Forwardhalfblock              text64       0064DC
_GreenMove                     text40       006EA0
_HighISR                       intcode      000008
_I2C_2_Master_Idle             text49       0070F6
_I2C_2_Master_Init             text50       007120
_I2C_2_Master_Read             text29       006C4E
_I2C_2_Master_RepStart         text28       007258
_I2C_2_Master_Start            text48       00726C
_I2C_2_Master_Stop             text47       007262
_I2C_2_Master_Write            text46       00723C
_INTCONbits                    (abs)        000FF2
_Interrupts_init               text63       00724A
_LATAbits                      (abs)        000F79
_LATDbits                      (abs)        000F7C
_LATFbits                      (abs)        000F7E
_LATGbits                      (abs)        000F7F
_LATHbits                      (abs)        000F80
_LightBlueMove                 text39       00665E
_OrangeMove                    text38       006604
_PIE0bits                      (abs)        000E29
_PIE2bits                      (abs)        000E2B
_PIE4bits                      (abs)        000E2D
_PIR0bits                      (abs)        000E33
_PIR4bits                      (abs)        000E37
_PORTFbits                     (abs)        000F8E
_PinkMove                      text56       00676C
_RC0PPS                        (abs)        000E62
_RC4REG                        (abs)        000EE3
_RC4STAbits                    (abs)        000EE7
_RC7PPS                        (abs)        000E69
_RD5PPS                        (abs)        000E6F
_RD6PPS                        (abs)        000E70
_RE2PPS                        (abs)        000E74
_RE4PPS                        (abs)        000E76
_RG6PPS                        (abs)        000E88
_RX4PPS                        (abs)        000E15
_RedMove                       text37       006E5C
_RetryMove                     text55       00603C
_ReversePink                   text35       0058F6
_ReverseYellow                 text34       00582E
_RunOneBlockTime               dataCOMRAM   000054
_RxBufReadCnt                  bssCOMRAM    000052
_RxBufWriteCnt                 bssCOMRAM    000053
_SP4BRGH                       (abs)        000EE6
_SP4BRGL                       (abs)        000EE5
_SSP2ADD                       (abs)        000ED6
_SSP2BUF                       (abs)        000ED5
_SSP2CLKPPS                    (abs)        000E1C
_SSP2CON1bits                  (abs)        000ED9
_SSP2CON2                      (abs)        000EDA
_SSP2CON2bits                  (abs)        000EDA
_SSP2DATPPS                    (abs)        000E1D
_SSP2STAT                      (abs)        000ED8
_T0CON0bits                    (abs)        000FD5
_T0CON1bits                    (abs)        000FD6
_T2CLKCONbits                  (abs)        000FBF
_T2CONbits                     (abs)        000FBD
_T2HLTbits                     (abs)        000FBE
_T2PR                          (abs)        000FBC
_TMR0H                         (abs)        000FD4
_TMR0L                         (abs)        000FD3
_TRISAbits                     (abs)        000F81
_TRISCbits                     (abs)        000F83
_TRISDbits                     (abs)        000F84
_TRISEbits                     (abs)        000F85
_TRISFbits                     (abs)        000F86
_TRISGbits                     (abs)        000F87
_TRISHbits                     (abs)        000F88
_TX4REG                        (abs)        000EE4
_TX4STAbits                    (abs)        000EE8
_Time_forward                  bssBANK3     000300
_Timer0_init                   text54       0071E4
_Turn45Delay                   dataCOMRAM   000056
_TurnDelay                     text59       006FE0
_TxBufReadCnt                  bssCOMRAM    000050
_TxBufWriteCnt                 bssCOMRAM    000051
_WayBack                       bssBANK2     00028C
_YellowMove                    text51       006712
__HRAM                         (abs)        000000
__Habs1                        abs1         000000
__Hbank0                       bank0        000000
__Hbank1                       bank1        000000
__Hbank10                      bank10       000000
__Hbank11                      bank11       000000
__Hbank12                      bank12       000000
__Hbank13                      bank13       000000
__Hbank2                       bank2        000000
__Hbank3                       bank3        000000
__Hbank4                       bank4        000000
__Hbank5                       bank5        000000
__Hbank6                       bank6        000000
__Hbank7                       bank7        000000
__Hbank8                       bank8        000000
__Hbank9                       bank9        000000
__Hbigbss                      bigbss       000000
__Hbigdata                     bigdata      000000
__Hbigram                      bigram       000000
__Hbigsfr                      bigsfr       000000
__Hbss                         bss          000000
__HbssBANK0                    bssBANK0     000000
__HbssBANK1                    bssBANK1     000000
__HbssBANK2                    bssBANK2     000000
__HbssBANK3                    bssBANK3     000000
__HbssCOMRAM                   bssCOMRAM    000000
__Hcinit                       cinit        000000
__Hclrtext                     clrtext      000000
__Hcomram                      comram       000000
__Hconfig                      config       30000C
__Hconst                       const        000000
__HcstackBANK0                 cstackBANK0  000000
__HcstackBANK1                 cstackBANK1  000000
__HcstackCOMRAM                cstackCOMRAM 000000
__Hdata                        data         000000
__HdataBANK1                   dataBANK1    000000
__HdataCOMRAM                  dataCOMRAM   000000
__Heeprom_data                 eeprom_data  000000
__Hfarbss                      farbss       000000
__Hfardata                     fardata      000000
__Hheap                        heap         000000
__Hibigdata                    ibigdata     000000
__Hidata                       idata        000000
__HidataBANK1                  idataBANK1   000000
__HidataCOMRAM                 idataCOMRAM  000000
__Hidloc                       idloc        200010
__Hifardata                    ifardata     000000
__Hinit                        init         000078
__Hintcode                     intcode      000074
__Hintcode_body                intcode_body 000000
__Hintcodelo                   intcodelo    000074
__Hintentry                    intentry     000000
__Hintret                      intret       000000
__Hintsave_regs                intsave_regs 000000
__Hirdata                      irdata       000000
__Hmediumconst                 mediumconst  000000
__HnvFARRAM                    nvFARRAM     000000
__Hnvbit                       nvbit        000000
__Hnvrram                      nvrram       000000
__Hparam                       rparam       000000
__Hpowerup                     powerup      000074
__Hram                         ram          000000
__Hramtop                      ramtop       000E00
__Hrbit                        rbit         000000
__Hrbss                        rbss         000000
__Hrdata                       rdata        000000
__Hreset_vec                   reset_vec    000004
__Hrparam                      rparam       000000
__Hsfr                         sfr          000000
__Hsmallconst                  smallconst   000E38
__Hspace_0                     (abs)        007282
__Hspace_1                     (abs)        000364
__Hspace_2                     (abs)        000000
__Hspace_4                     (abs)        60000C
__Hstack                       stack        000000
__Hstruct                      struct       000000
__Htemp                        temp         00005C
__Htext                        text         000000
__Htext0                       text0        000000
__Htext1                       text1        000000
__Htext10                      text10       000000
__Htext100                     text100      000000
__Htext101                     text101      000000
__Htext102                     text102      000000
__Htext103                     text103      000000
__Htext11                      text11       000000
__Htext12                      text12       000000
__Htext13                      text13       000000
__Htext14                      text14       000000
__Htext15                      text15       000000
__Htext16                      text16       000000
__Htext17                      text17       000000
__Htext18                      text18       000000
__Htext19                      text19       000000
__Htext2                       text2        000000
__Htext20                      text20       000000
__Htext21                      text21       000000
__Htext22                      text22       000000
__Htext23                      text23       000000
__Htext24                      text24       000000
__Htext25                      text25       000000
__Htext26                      text26       000000
__Htext27                      text27       000000
__Htext28                      text28       000000
__Htext29                      text29       000000
__Htext3                       text3        000000
__Htext30                      text30       000000
__Htext31                      text31       000000
__Htext32                      text32       000000
__Htext33                      text33       000000
__Htext34                      text34       000000
__Htext35                      text35       000000
__Htext36                      text36       000000
__Htext37                      text37       000000
__Htext38                      text38       000000
__Htext39                      text39       000000
__Htext4                       text4        000000
__Htext40                      text40       000000
__Htext41                      text41       000000
__Htext42                      text42       000000
__Htext43                      text43       000000
__Htext44                      text44       000000
__Htext45                      text45       000000
__Htext46                      text46       000000
__Htext47                      text47       000000
__Htext48                      text48       000000
__Htext49                      text49       000000
__Htext5                       text5        000000
__Htext50                      text50       000000
__Htext51                      text51       000000
__Htext52                      text52       000000
__Htext53                      text53       000000
__Htext54                      text54       000000
__Htext55                      text55       000000
__Htext56                      text56       000000
__Htext57                      text57       000000
__Htext58                      text58       000000
__Htext59                      text59       000000
__Htext6                       text6        000000
__Htext60                      text60       000000
__Htext61                      text61       000000
__Htext62                      text62       000000
__Htext63                      text63       000000
__Htext64                      text64       000000
__Htext65                      text65       000000
__Htext66                      text66       000000
__Htext67                      text67       000000
__Htext68                      text68       000000
__Htext69                      text69       000000
__Htext7                       text7        000000
__Htext70                      text70       000000
__Htext71                      text71       000000
__Htext72                      text72       000000
__Htext73                      text73       000000
__Htext74                      text74       000000
__Htext75                      text75       000000
__Htext76                      text76       000000
__Htext77                      text77       000000
__Htext78                      text78       000000
__Htext79                      text79       000000
__Htext8                       text8        000000
__Htext81                      text81       000000
__Htext82                      text82       000000
__Htext83                      text83       000000
__Htext84                      text84       000000
__Htext85                      text85       000000
__Htext86                      text86       000000
__Htext87                      text87       000000
__Htext88                      text88       000000
__Htext89                      text89       000000
__Htext9                       text9        000000
__Htext90                      text90       000000
__Htext91                      text91       000000
__Htext92                      text92       000000
__Htext93                      text93       000000
__Htext94                      text94       000000
__Htext95                      text95       000000
__Htext96                      text96       000000
__Htext97                      text97       000000
__Htext98                      text98       000000
__Htext99                      text99       000000
__LRAM                         (abs)        000001
__Labs1                        abs1         000000
__Lbank0                       bank0        000000
__Lbank1                       bank1        000000
__Lbank10                      bank10       000000
__Lbank11                      bank11       000000
__Lbank12                      bank12       000000
__Lbank13                      bank13       000000
__Lbank2                       bank2        000000
__Lbank3                       bank3        000000
__Lbank4                       bank4        000000
__Lbank5                       bank5        000000
__Lbank6                       bank6        000000
__Lbank7                       bank7        000000
__Lbank8                       bank8        000000
__Lbank9                       bank9        000000
__Lbigbss                      bigbss       000000
__Lbigdata                     bigdata      000000
__Lbigram                      bigram       000000
__Lbigsfr                      bigsfr       000000
__Lbss                         bss          000000
__LbssBANK0                    bssBANK0     000000
__LbssBANK1                    bssBANK1     000000
__LbssBANK2                    bssBANK2     000000
__LbssBANK3                    bssBANK3     000000
__LbssCOMRAM                   bssCOMRAM    000000
__Lcinit                       cinit        000000
__Lclrtext                     clrtext      000000
__Lcomram                      comram       000000
__Lconfig                      config       000000
__Lconst                       const        000000
__LcstackBANK0                 cstackBANK0  000000
__LcstackBANK1                 cstackBANK1  000000
__LcstackCOMRAM                cstackCOMRAM 000000
__Ldata                        data         000000
__LdataBANK1                   dataBANK1    000000
__LdataCOMRAM                  dataCOMRAM   000000
__Leeprom_data                 eeprom_data  000000
__Lfarbss                      farbss       000000
__Lfardata                     fardata      000000
__Lheap                        heap         000000
__Libigdata                    ibigdata     000000
__Lidata                       idata        000000
__LidataBANK1                  idataBANK1   000000
__LidataCOMRAM                 idataCOMRAM  000000
__Lidloc                       idloc        000000
__Lifardata                    ifardata     000000
__Linit                        init         000074
__Lintcode                     intcode      000008
__Lintcode_body                intcode_body 000000
__Lintcodelo                   intcodelo    000074
__Lintentry                    intentry     000000
__Lintret                      intret       000000
__Lintsave_regs                intsave_regs 000000
__Lirdata                      irdata       000000
__Lmediumconst                 mediumconst  000000
__LnvFARRAM                    nvFARRAM     000000
__Lnvbit                       nvbit        000000
__Lnvrram                      nvrram       000000
__Lparam                       rparam       000000
__Lpowerup                     powerup      000074
__Lram                         ram          000000
__Lramtop                      ramtop       000E00
__Lrbit                        rbit         000000
__Lrbss                        rbss         000000
__Lrdata                       rdata        000000
__Lreset_vec                   reset_vec    000000
__Lrparam                      rparam       000000
__Lsfr                         sfr          000000
__Lsmallconst                  smallconst   000E00
__Lspace_0                     (abs)        000000
__Lspace_1                     (abs)        000000
__Lspace_2                     (abs)        000000
__Lspace_4                     (abs)        000000
__Lstack                       stack        000000
__Lstruct                      struct       000000
__Ltemp                        temp         00005B
__Ltext                        text         000000
__Ltext0                       text0        000000
__Ltext1                       text1        000000
__Ltext10                      text10       000000
__Ltext100                     text100      000000
__Ltext101                     text101      000000
__Ltext102                     text102      000000
__Ltext103                     text103      000000
__Ltext11                      text11       000000
__Ltext12                      text12       000000
__Ltext13                      text13       000000
__Ltext14                      text14       000000
__Ltext15                      text15       000000
__Ltext16                      text16       000000
__Ltext17                      text17       000000
__Ltext18                      text18       000000
__Ltext19                      text19       000000
__Ltext2                       text2        000000
__Ltext20                      text20       000000
__Ltext21                      text21       000000
__Ltext22                      text22       000000
__Ltext23                      text23       000000
__Ltext24                      text24       000000
__Ltext25                      text25       000000
__Ltext26                      text26       000000
__Ltext27                      text27       000000
__Ltext28                      text28       000000
__Ltext29                      text29       000000
__Ltext3                       text3        000000
__Ltext30                      text30       000000
__Ltext31                      text31       000000
__Ltext32                      text32       000000
__Ltext33                      text33       000000
__Ltext34                      text34       000000
__Ltext35                      text35       000000
__Ltext36                      text36       000000
__Ltext37                      text37       000000
__Ltext38                      text38       000000
__Ltext39                      text39       000000
__Ltext4                       text4        000000
__Ltext40                      text40       000000
__Ltext41                      text41       000000
__Ltext42                      text42       000000
__Ltext43                      text43       000000
__Ltext44                      text44       000000
__Ltext45                      text45       000000
__Ltext46                      text46       000000
__Ltext47                      text47       000000
__Ltext48                      text48       000000
__Ltext49                      text49       000000
__Ltext5                       text5        000000
__Ltext50                      text50       000000
__Ltext51                      text51       000000
__Ltext52                      text52       000000
__Ltext53                      text53       000000
__Ltext54                      text54       000000
__Ltext55                      text55       000000
__Ltext56                      text56       000000
__Ltext57                      text57       000000
__Ltext58                      text58       000000
__Ltext59                      text59       000000
__Ltext6                       text6        000000
__Ltext60                      text60       000000
__Ltext61                      text61       000000
__Ltext62                      text62       000000
__Ltext63                      text63       000000
__Ltext64                      text64       000000
__Ltext65                      text65       000000
__Ltext66                      text66       000000
__Ltext67                      text67       000000
__Ltext68                      text68       000000
__Ltext69                      text69       000000
__Ltext7                       text7        000000
__Ltext70                      text70       000000
__Ltext71                      text71       000000
__Ltext72                      text72       000000
__Ltext73                      text73       000000
__Ltext74                      text74       000000
__Ltext75                      text75       000000
__Ltext76                      text76       000000
__Ltext77                      text77       000000
__Ltext78                      text78       000000
__Ltext79                      text79       000000
__Ltext8                       text8        000000
__Ltext81                      text81       000000
__Ltext82                      text82       000000
__Ltext83                      text83       000000
__Ltext84                      text84       000000
__Ltext85                      text85       000000
__Ltext86                      text86       000000
__Ltext87                      text87       000000
__Ltext88                      text88       000000
__Ltext89                      text89       000000
__Ltext9                       text9        000000
__Ltext90                      text90       000000
__Ltext91                      text91       000000
__Ltext92                      text92       000000
__Ltext93                      text93       000000
__Ltext94                      text94       000000
__Ltext95                      text95       000000
__Ltext96                      text96       000000
__Ltext97                      text97       000000
__Ltext98                      text98       000000
__Ltext99                      text99       000000
__S0                           (abs)        007282
__S1                           (abs)        000364
__S4                           (abs)        000000
__S5                           (abs)        000000
___aodiv                       text20       0049A8
___aodiv@counter               cstackBANK0  000070
___aodiv@dividend              cstackBANK0  000060
___aodiv@divisor               cstackBANK0  000068
___aodiv@quotient              cstackBANK0  000072
___aodiv@sign                  cstackBANK0  000071
___aomod                       text19       004E14
___aomod@counter               cstackBANK0  000070
___aomod@dividend              cstackBANK0  000060
___aomod@divisor               cstackBANK0  000068
___aomod@sign                  cstackBANK0  000071
___awdiv                       text71       0059BE
___awdiv@counter               cstackBANK0  000064
___awdiv@dividend              cstackBANK0  000060
___awdiv@divisor               cstackBANK0  000062
___awdiv@quotient              cstackBANK0  000066
___awdiv@sign                  cstackBANK0  000065
___fladd                       text75       0028A2
___fladd@a                     cstackBANK0  000064
___fladd@aexp                  cstackBANK0  00006D
___fladd@b                     cstackBANK0  000060
___fladd@bexp                  cstackBANK0  00006E
___fladd@grs                   cstackBANK0  00006F
___fladd@signs                 cstackBANK0  00006C
___fldiv                       text79       003190
___fldiv@a                     cstackBANK0  000095
___fldiv@aexp                  cstackBANK0  0000A9
___fldiv@b                     cstackBANK0  000091
___fldiv@bexp                  cstackBANK0  0000A8
___fldiv@grs                   cstackBANK0  0000A4
___fldiv@new_exp               cstackBANK0  0000A2
___fldiv@rem                   cstackBANK0  00009D
___fldiv@sign                  cstackBANK0  0000A1
___fleq                        text78       005F08
___fleq@ff1                    cstackBANK0  000091
___fleq@ff2                    cstackBANK0  000095
___flge                        text77       005082
___flge@ff1                    cstackBANK0  000089
___flge@ff2                    cstackBANK0  00008D
___flmul                       text76       002D64
___flmul@a                     cstackBANK0  000074
___flmul@aexp                  cstackBANK0  000081
___flmul@b                     cstackBANK0  000070
___flmul@bexp                  cstackBANK0  000082
___flmul@grs                   cstackBANK0  00007D
___flmul@prod                  cstackBANK0  000083
___flmul@sign                  cstackBANK0  00007C
___flmul@temp                  cstackBANK0  000087
___flneg                       text12       00701C
___flneg@f1                    cstackBANK0  000060
___flsub                       text74       006DCE
___flsub@a                     cstackBANK0  00008D
___flsub@b                     cstackBANK0  000089
___fltol                       text11       004F7A
___fltol@exp1                  cstackBANK0  000069
___fltol@f1                    cstackBANK0  000060
___fltol@sign1                 cstackBANK0  000068
___fpclassifyf                 text10       005188
___fpclassifyf@F465            bssCOMRAM    00004A
___fpclassifyf@e               cstackBANK0  000068
___fpclassifyf@u               cstackBANK0  00006A
___fpclassifyf@x               cstackBANK0  000060
___heap_hi                     (abs)        000000
___heap_lo                     (abs)        000000
___inthi_sp                    stack        000000
___intlo_sp                    stack        000000
___lwdiv                       text69       0062B4
___lwdiv@counter               cstackBANK0  00006C
___lwdiv@dividend              cstackBANK0  000066
___lwdiv@divisor               cstackBANK0  000068
___lwdiv@quotient              cstackBANK0  00006A
___param_bank                  (abs)        000000
___rparam_used                 (abs)        000001
___sp                          stack        000000
___wmul                        text68       00714A
___wmul@multiplicand           cstackBANK0  000062
___wmul@multiplier             cstackBANK0  000060
___wmul@product                cstackBANK0  000064
___xxtofl                      text73       0047F0
___xxtofl@arg                  cstackBANK0  00006A
___xxtofl@exp                  cstackBANK0  000069
___xxtofl@sign                 cstackBANK0  000068
___xxtofl@val                  cstackBANK0  000060
__accesstop                    (abs)        000060
__activetblptr                 (abs)        000003
__end_of_BlueMove              text41       00640E
__end_of_Colour_decider        text72       001954
__end_of_ForwardOneBlock       text36       006B5E
__end_of_Forwardhalfblock      text64       006542
__end_of_GreenMove             text40       006EE4
__end_of_HighISR               intcode      000074
__end_of_I2C_2_Master_Idle     text49       007120
__end_of_I2C_2_Master_Init     text50       00714A
__end_of_I2C_2_Master_Read     text29       006C9C
__end_of_I2C_2_Master_RepStart text28       007262
__end_of_I2C_2_Master_Start    text48       007276
__end_of_I2C_2_Master_Stop     text47       00726C
__end_of_I2C_2_Master_Write    text46       00724A
__end_of_Interrupts_init       text63       007258
__end_of_LightBlueMove         text39       0066B8
__end_of_OrangeMove            text38       00665E
__end_of_PinkMove              text56       0067C6
__end_of_RedMove               text37       006EA0
__end_of_RetryMove             text55       0060C2
__end_of_ReversePink           text35       0059BE
__end_of_ReverseYellow         text34       0058F6
__end_of_Timer0_init           text54       007204
__end_of_TurnDelay             text59       00701C
__end_of_YellowMove            text51       00676C
__end_of___aodiv               text20       004B32
__end_of___aomod               text19       004F7A
__end_of___awdiv               text71       005A84
__end_of___fladd               text75       002D64
__end_of___fldiv               text79       00352C
__end_of___fleq                text78       005FB4
__end_of___flge                text77       005188
__end_of___flmul               text76       003190
__end_of___flneg               text12       007056
__end_of___flsub               text74       006E16
__end_of___fltol               text11       005082
__end_of___fpclassifyf         text10       005288
__end_of___lwdiv               text69       00632A
__end_of___wmul                text68       007172
__end_of___xxtofl              text73       0049A8
__end_of__initialization       cinit        0062AA
__end_of_abs                   text18       006F26
__end_of_color_click_init      text44       006712
__end_of_color_read_Blue       text27       0069C6
__end_of_color_read_Green      text26       006972
__end_of_color_read_Red        text25       00691E
__end_of_color_read_lum        text24       0068CA
__end_of_color_writetoaddr     text45       0071BE
__end_of_colour_rel            text43       003868
__end_of_delayed_ms            text70       006F64
__end_of_dtoa                  text13       0043E6
__end_of_efgtoa                text5        00235C
__end_of_floorf                text9        0045FC
__end_of_fputc                 text16       0054FE
__end_of_fputs                 text15       006DCE
__end_of_fullSpeedAhead        text66       00582E
__end_of_fullSpeedBack         text62       005762
__end_of_getTMR0val            text42       007198
__end_of_go_Home               text32       003E7E
__end_of_initDCmotorsPWM       text31       00603C
__end_of_initUSART4            text30       007222
__end_of_labs                  text8        006476
__end_of_main                  text0        0028A2
__end_of_memcpy                text7        006A6A
__end_of_pad                   text14       0061C0
__end_of_putch                 text17       007282
__end_of_readColours           text23       0064DC
__end_of_reverseDetect         text61       006604
__end_of_reverseOneBlock       text60       006C4E
__end_of_sendCharSerial4       text22       00723C
__end_of_sendStringSerial4     text21       0070F6
__end_of_setMotorPWM           text67       004CA8
__end_of_sprintf               text2        006A18
__end_of_stop                  text65       006142
__end_of_strcpy                text6        006E5C
__end_of_timed_forward         text33       005360
__end_of_turnCalibration       text1        0047F0
__end_of_turnLeft              text58       005696
__end_of_turnLeft45            text57       006BFE
__end_of_turnRight             text53       0055CA
__end_of_turnRight45           text52       006BAE
__end_of_vfpfcnvrt             text4        003B88
__end_of_vfprintf              text3        006876
__end_ofi2_BlueMove            text94       0065A8
__end_ofi2_ForwardOneBlock     text85       006CEA
__end_ofi2_GreenMove           text91       006FE0
__end_ofi2_LightBlueMove       text90       006B0E
__end_ofi2_OrangeMove          text89       006ABC
__end_ofi2_RedMove             text88       006FA2
__end_ofi2_ReversePink         text84       005F08
__end_ofi2_ReverseYellow       text83       005E52
__end_ofi2_TurnDelay           text97       0070C4
__end_ofi2___lwdiv             text103      00639E
__end_ofi2___wmul              text102      0071E4
__end_ofi2_delayed_ms          text87       00708E
__end_ofi2_fullSpeedAhead      text86       005B4A
__end_ofi2_fullSpeedBack       text100      005D9C
__end_ofi2_go_Home             text81       00415E
__end_ofi2_reverseDetect       text98       006820
__end_ofi2_setMotorPWM         text101      004E14
__end_ofi2_stop                text99       00623E
__end_ofi2_timed_forward       text82       005432
__end_ofi2_turnLeft            text93       005C10
__end_ofi2_turnLeft45          text92       006D38
__end_ofi2_turnRight           text96       005CD6
__end_ofi2_turnRight45         text95       006D86
__initialization               cinit        00623E
__mediumconst                  mediumconst  000000
__pbssBANK0                    bssBANK0     0000FF
__pbssBANK1                    bssBANK1     00019E
__pbssBANK2                    bssBANK2     000200
__pbssBANK3                    bssBANK3     000300
__pbssCOMRAM                   bssCOMRAM    000032
__pcinit                       cinit        00623E
__pcstackBANK0                 cstackBANK0  000060
__pcstackBANK1                 cstackBANK1  000100
__pcstackCOMRAM                cstackCOMRAM 000001
__pdataBANK1                   dataBANK1    0001D4
__pdataCOMRAM                  dataCOMRAM   000054
__pidataBANK1                  idataBANK1   00727D
__pidataCOMRAM                 idataCOMRAM  007276
__pintcode                     intcode      000008
__psmallconst                  smallconst   000E00
__ptext0                       text0        00235C
__ptext1                       text1        0045FC
__ptext10                      text10       005188
__ptext100                     text100      005CD6
__ptext101                     text101      004CA8
__ptext102                     text102      0071BE
__ptext103                     text103      00632A
__ptext11                      text11       004F7A
__ptext12                      text12       00701C
__ptext13                      text13       00415E
__ptext14                      text14       006142
__ptext15                      text15       006D86
__ptext16                      text16       005432
__ptext17                      text17       007280
__ptext18                      text18       006EE4
__ptext19                      text19       004E14
__ptext2                       text2        0069C6
__ptext20                      text20       0049A8
__ptext21                      text21       0070C4
__ptext22                      text22       007222
__ptext23                      text23       006476
__ptext24                      text24       006876
__ptext25                      text25       0068CA
__ptext26                      text26       00691E
__ptext27                      text27       006972
__ptext28                      text28       007258
__ptext29                      text29       006C4E
__ptext3                       text3        006820
__ptext30                      text30       007204
__ptext31                      text31       005FB4
__ptext32                      text32       003B88
__ptext33                      text33       005288
__ptext34                      text34       00582E
__ptext35                      text35       0058F6
__ptext36                      text36       006B0E
__ptext37                      text37       006E5C
__ptext38                      text38       006604
__ptext39                      text39       00665E
__ptext4                       text4        003868
__ptext40                      text40       006EA0
__ptext41                      text41       00639E
__ptext42                      text42       007172
__ptext43                      text43       00352C
__ptext44                      text44       0066B8
__ptext45                      text45       007198
__ptext46                      text46       00723C
__ptext47                      text47       007262
__ptext48                      text48       00726C
__ptext49                      text49       0070F6
__ptext5                       text5        001954
__ptext50                      text50       007120
__ptext51                      text51       006712
__ptext52                      text52       006B5E
__ptext53                      text53       0054FE
__ptext54                      text54       0071E4
__ptext55                      text55       00603C
__ptext56                      text56       00676C
__ptext57                      text57       006BAE
__ptext58                      text58       0055CA
__ptext59                      text59       006FE0
__ptext6                       text6        006E16
__ptext60                      text60       006BFE
__ptext61                      text61       0065A8
__ptext62                      text62       005696
__ptext63                      text63       00724A
__ptext64                      text64       0064DC
__ptext65                      text65       0060C2
__ptext66                      text66       005762
__ptext67                      text67       004B32
__ptext68                      text68       00714A
__ptext69                      text69       0062B4
__ptext7                       text7        006A18
__ptext70                      text70       006F26
__ptext71                      text71       0059BE
__ptext72                      text72       000E38
__ptext73                      text73       0047F0
__ptext74                      text74       006DCE
__ptext75                      text75       0028A2
__ptext76                      text76       002D64
__ptext77                      text77       005082
__ptext78                      text78       005F08
__ptext79                      text79       003190
__ptext8                       text8        00640E
__ptext81                      text81       003E7E
__ptext82                      text82       005360
__ptext83                      text83       005D9C
__ptext84                      text84       005E52
__ptext85                      text85       006C9C
__ptext86                      text86       005A84
__ptext87                      text87       007056
__ptext88                      text88       006F64
__ptext89                      text89       006A6A
__ptext9                       text9        0043E6
__ptext90                      text90       006ABC
__ptext91                      text91       006FA2
__ptext92                      text92       006CEA
__ptext93                      text93       005B4A
__ptext94                      text94       006542
__ptext95                      text95       006D38
__ptext96                      text96       005C10
__ptext97                      text97       00708E
__ptext98                      text98       0067C6
__ptext99                      text99       0061C0
__ramtop                       ramtop       000E00
__smallconst                   smallconst   000E00
_abs                           text18       006EE4
_color_click_init              text44       0066B8
_color_read_Blue               text27       006972
_color_read_Green              text26       00691E
_color_read_Red                text25       0068CA
_color_read_lum                text24       006876
_color_writetoaddr             text45       007198
_colour_rel                    text43       00352C
_colour_rel$3307               cstackBANK0  0000B2
_colour_rel$3308               cstackBANK0  0000B6
_dbuf                          bssBANK2     00023C
_delayed_ms                    text70       006F26
_dtoa                          text13       00415E
_dtoa$2903                     cstackBANK0  00008D
_efgtoa                        text5        001954
_efgtoa$2934                   cstackBANK0  0000CD
_flags                         bssBANK0     0000FF
_floorf                        text9        0043E6
_fputc                         text16       005432
_fputs                         text15       006D86
_fullSpeedAhead                text66       005762
_fullSpeedBack                 text62       005696
_getTMR0val                    text42       007172
_go_Home                       text32       003B88
_initDCmotorsPWM               text31       005FB4
_initUSART4                    text30       007204
_labs                          text8        00640E
_main                          text0        00235C
_memcpy                        text7        006A18
_motorL                        bssBANK1     0001C3
_motorR                        bssBANK1     0001BA
_move_count                    bssCOMRAM    00004E
_pad                           text14       006142
_power                         dataCOMRAM   000058
_prec                          bssBANK1     0001AC
_putch                         text17       007280
_readColours                   text23       006476
_rel                           bssBANK1     0001AE
_reverseDetect                 text61       0065A8
_reverseOneBlock               text60       006BFE
_run_flag                      dataBANK1    0001D4
_sendCharSerial4               text22       007222
_sendStringSerial4             text21       0070C4
_setMotorPWM                   text67       004B32
_sprintf                       text2        0069C6
_stop                          text65       0060C2
_strcpy                        text6        006E16
_timed_forward                 text33       005288
_turnCalibration               text1        0045FC
_turnLeft                      text58       0055CA
_turnLeft45                    text57       006BAE
_turnRight                     text53       0054FE
_turnRight45                   text52       006B5E
_vals                          bssBANK1     0001CC
_vfpfcnvrt                     text4        003868
_vfprintf                      text3        006820
_width                         bssBANK1     0001AA
abs@a                          cstackBANK0  000072
btemp                          temp         00005B
color_read_Blue@tmp            cstackBANK0  000069
color_read_Green@tmp           cstackBANK0  000069
color_read_Red@tmp             cstackBANK0  000069
color_read_lum@tmp             cstackBANK0  000069
color_writetoaddr@address      cstackBANK0  000063
color_writetoaddr@value        cstackBANK0  000062
colour_rel@B                   cstackBANK0  0000C2
colour_rel@G                   cstackBANK0  0000BE
colour_rel@L                   cstackBANK0  0000AE
colour_rel@R                   cstackBANK0  0000BA
colour_rel@rel                 cstackBANK0  0000AC
colour_rel@vals                cstackBANK0  0000AA
delayed_ms@i                   cstackBANK0  00006B
delayed_ms@time                cstackBANK0  000068
dtoa@d                         cstackBANK0  00007D
dtoa@fp                        cstackBANK0  00007B
dtoa@i                         cstackBANK0  00009B
dtoa@n                         cstackBANK0  000093
dtoa@p                         cstackBANK0  00008F
dtoa@s                         cstackBANK0  00009D
dtoa@w                         cstackBANK0  000091
efgtoa@c                       cstackBANK0  0000C4
efgtoa@d                       cstackBANK0  0000D2
efgtoa@e                       cstackBANK0  0000D6
efgtoa@f                       cstackBANK0  0000C0
efgtoa@fp                      cstackBANK0  0000BE
efgtoa@g                       cstackBANK0  0000EB
efgtoa@h                       cstackBANK0  0000E0
efgtoa@i                       cstackBANK0  0000DE
efgtoa@l                       cstackBANK0  0000E4
efgtoa@m                       cstackBANK0  0000D4
efgtoa@mode                    cstackBANK0  0000D0
efgtoa@n                       cstackBANK0  0000E9
efgtoa@ne                      cstackBANK0  0000C7
efgtoa@nmode                   cstackBANK0  0000D1
efgtoa@ou                      cstackBANK0  0000DA
efgtoa@p                       cstackBANK0  0000C9
efgtoa@pp                      cstackBANK0  0000CF
efgtoa@sign                    cstackBANK0  0000E8
efgtoa@t                       cstackBANK0  0000CB
efgtoa@u                       cstackBANK0  0000EF
efgtoa@w                       cstackBANK0  0000D8
end_of_initialization          cinit        0062AA
floorf@F526                    bssCOMRAM    000046
floorf@e                       cstackBANK0  0000B8
floorf@m                       cstackBANK0  0000B4
floorf@u                       cstackBANK0  0000BA
floorf@x                       cstackBANK0  0000AA
fputc@c                        cstackBANK0  000060
fputc@fp                       cstackBANK0  000062
fputs@c                        cstackBANK0  00006D
fputs@fp                       cstackBANK0  00006B
fputs@i                        cstackBANK0  00006E
fputs@s                        cstackBANK0  000069
fullSpeedAhead@mL              cstackBANK0  000073
fullSpeedAhead@mR              cstackBANK0  000075
fullSpeedBack@mL               cstackBANK0  000073
fullSpeedBack@mR               cstackBANK0  000075
getTMR0val@moving              cstackBANK0  000060
go_Home@Time_forward           cstackBANK0  000086
go_Home@WayBack                cstackBANK0  000084
go_Home@i                      cstackBANK0  00008B
i2BlueMove@mL                  cstackCOMRAM 000021
i2BlueMove@mR                  cstackCOMRAM 000023
i2ForwardOneBlock@mL           cstackCOMRAM 00001B
i2ForwardOneBlock@mR           cstackCOMRAM 00001D
i2GreenMove@mL                 cstackCOMRAM 000021
i2GreenMove@mR                 cstackCOMRAM 000023
i2LightBlueMove@mL             cstackCOMRAM 000021
i2LightBlueMove@mR             cstackCOMRAM 000023
i2OrangeMove@mL                cstackCOMRAM 000021
i2OrangeMove@mR                cstackCOMRAM 000023
i2RedMove@mL                   cstackCOMRAM 000021
i2RedMove@mR                   cstackCOMRAM 000023
i2ReversePink@mL               cstackCOMRAM 000021
i2ReversePink@mR               cstackCOMRAM 000023
i2ReverseYellow@mL             cstackCOMRAM 000021
i2ReverseYellow@mR             cstackCOMRAM 000023
i2TurnDelay@Turn45Delay        cstackCOMRAM 000001
i2_BlueMove                    text94       006542
i2_ForwardOneBlock             text85       006C9C
i2_GreenMove                   text91       006FA2
i2_LightBlueMove               text90       006ABC
i2_OrangeMove                  text89       006A6A
i2_RedMove                     text88       006F64
i2_ReversePink                 text84       005E52
i2_ReverseYellow               text83       005D9C
i2_TurnDelay                   text97       00708E
i2___lwdiv                     text103      00632A
i2___lwdiv@counter             cstackCOMRAM 00000D
i2___lwdiv@dividend            cstackCOMRAM 000007
i2___lwdiv@divisor             cstackCOMRAM 000009
i2___lwdiv@quotient            cstackCOMRAM 00000B
i2___wmul                      text102      0071BE
i2___wmul@multiplicand         cstackCOMRAM 000003
i2___wmul@multiplier           cstackCOMRAM 000001
i2___wmul@product              cstackCOMRAM 000005
i2_delayed_ms                  text87       007056
i2_fullSpeedAhead              text86       005A84
i2_fullSpeedBack               text100      005CD6
i2_go_Home                     text81       003E7E
i2_reverseDetect               text98       0067C6
i2_setMotorPWM                 text101      004CA8
i2_stop                        text99       0061C0
i2_timed_forward               text82       005360
i2_turnLeft                    text93       005B4A
i2_turnLeft45                  text92       006CEA
i2_turnRight                   text96       005C10
i2_turnRight45                 text95       006D38
i2delayed_ms@i                 cstackCOMRAM 000004
i2delayed_ms@time              cstackCOMRAM 000001
i2fullSpeedAhead@mL            cstackCOMRAM 000014
i2fullSpeedAhead@mR            cstackCOMRAM 000016
i2fullSpeedBack@mL             cstackCOMRAM 000014
i2fullSpeedBack@mR             cstackCOMRAM 000016
i2go_Home@Time_forward         cstackCOMRAM 000027
i2go_Home@WayBack              cstackCOMRAM 000025
i2go_Home@i                    cstackCOMRAM 00002C
i2reverseDetect@mL             cstackCOMRAM 00001B
i2reverseDetect@mR             cstackCOMRAM 00001D
i2setMotorPWM@m                cstackCOMRAM 00000E
i2setMotorPWM@negDuty          cstackCOMRAM 000013
i2setMotorPWM@posDuty          cstackCOMRAM 000012
i2stop@mL                      cstackCOMRAM 000014
i2stop@mR                      cstackCOMRAM 000016
i2timed_forward@mL             cstackCOMRAM 000014
i2timed_forward@mR             cstackCOMRAM 000016
i2timed_forward@time           cstackCOMRAM 000018
i2turnLeft45@mL                cstackCOMRAM 00001B
i2turnLeft45@mR                cstackCOMRAM 00001D
i2turnLeft@mL                  cstackCOMRAM 000014
i2turnLeft@mR                  cstackCOMRAM 000016
i2turnRight45@mL               cstackCOMRAM 00001B
i2turnRight45@mR               cstackCOMRAM 00001D
i2turnRight@mL                 cstackCOMRAM 000014
i2turnRight@mR                 cstackCOMRAM 000016
initDCmotorsPWM@PWMperiod      cstackBANK0  000060
int$flags                      temp         00005B
intlevel0                      text         000000
intlevel1                      text         000000
intlevel2                      text         000000
intlevel3                      text         000000
isa$std                        (abs)        000001
isa$xinst                      (abs)        000000
labs@a                         cstackBANK0  000060
main@buf                       cstackBANK1  000132
main@colour                    cstackBANK1  00019A
main@consecuitive              cstackBANK1  000198
main@lost_count                cstackBANK1  000196
main@prev_colour               cstackBANK1  00019C
memcpy@d                       cstackBANK0  000066
memcpy@d1                      cstackBANK0  000060
memcpy@n                       cstackBANK0  000064
memcpy@s                       cstackBANK0  000068
memcpy@s1                      cstackBANK0  000062
memcpy@tmp                     cstackBANK0  00006A
pad@buf                        cstackBANK0  000072
pad@fp                         cstackBANK0  000070
pad@i                          cstackBANK0  000077
pad@p                          cstackBANK0  000074
pad@w                          cstackBANK0  000079
readColours@vals               cstackBANK0  00006B
reverseDetect@mL               cstackBANK0  00007A
reverseDetect@mR               cstackBANK0  00007C
reverseOneBlock@mL             cstackBANK0  00007A
reverseOneBlock@mR             cstackBANK0  00007C
sendCharSerial4@charToSend     cstackBANK0  000060
sendStringSerial4@string       cstackBANK0  000061
setMotorPWM@m                  cstackBANK0  00006D
setMotorPWM@negDuty            cstackBANK0  000072
setMotorPWM@posDuty            cstackBANK0  000071
sprintf@ap                     cstackBANK1  000125
sprintf@f                      cstackBANK1  000127
sprintf@fmt                    cstackBANK1  000113
sprintf@s                      cstackBANK1  000111
stackhi                        (abs)        000000
stacklo                        (abs)        000000
start                          init         000074
start_initialization           cinit        00623E
stop@mL                        cstackBANK0  000073
stop@mR                        cstackBANK0  000075
strcpy@d                       cstackBANK0  000066
strcpy@dest                    cstackBANK0  000060
strcpy@s                       cstackBANK0  000064
strcpy@src                     cstackBANK0  000062
timed_forward@mL               cstackBANK0  000073
timed_forward@mR               cstackBANK0  000075
timed_forward@time             cstackBANK0  000077
ttemp5                         temp         00005C
ttemp6                         temp         00005F
ttemp7                         temp         000063
turnCalibration@mL             cstackBANK0  000080
turnCalibration@mR             cstackBANK0  000082
turnLeft45@mL                  cstackBANK0  00007A
turnLeft45@mR                  cstackBANK0  00007C
turnLeft@mL                    cstackBANK0  000073
turnLeft@mR                    cstackBANK0  000075
turnRight45@mL                 cstackBANK0  00007A
turnRight45@mR                 cstackBANK0  00007C
turnRight@mL                   cstackBANK0  000073
turnRight@mR                   cstackBANK0  000075
vfpfcnvrt@ap                   cstackBANK0  0000F7
vfpfcnvrt@c                    cstackBANK1  000108
vfpfcnvrt@convarg              cstackBANK1  000100
vfpfcnvrt@cp                   cstackBANK1  000109
vfpfcnvrt@fmt                  cstackBANK0  0000F5
vfpfcnvrt@fp                   cstackBANK0  0000F3
vfprintf@ap                    cstackBANK1  00010F
vfprintf@cfmt                  cstackBANK0  0000FB
vfprintf@fmt                   cstackBANK1  00010D
vfprintf@fp                    cstackBANK1  00010B
wtemp8                         temp         00005C


MODULE INFORMATION

Module		Function		Class		Link	Load	Size
C:\Program Files\Microchip\xc8\v2.40\pic\sources\c99\common\sprcmul.c
		___flmul       		CODE           	2D64	0000	1068

C:\Program Files\Microchip\xc8\v2.40\pic\sources\c99\common\sprcmul.c estimated size: 1068

C:\Program Files\Microchip\xc8\v2.40\pic\sources\c99\common\nf_fputc.c
		_fputc         		CODE           	5432	0000	204

C:\Program Files\Microchip\xc8\v2.40\pic\sources\c99\common\nf_fputc.c estimated size: 204

serial.c
		_sendStringSerial4		CODE           	70C4	0000	50
		_sendCharSerial4		CODE           	7222	0000	26
		_initUSART4    		CODE           	7204	0000	30

serial.c estimated size: 106

timers.c
		_getTMR0val    		CODE           	7172	0000	38
		_Timer0_init   		CODE           	71E4	0000	32
		_delayed_ms    		CODE           	6F26	0000	62

timers.c estimated size: 132

C:\Program Files\Microchip\xc8\v2.40\pic\sources\c99\common\sprcdiv.c
		___fldiv       		CODE           	3190	0000	924

C:\Program Files\Microchip\xc8\v2.40\pic\sources\c99\common\sprcdiv.c estimated size: 924

C:\Program Files\Microchip\xc8\v2.40\pic\sources\c99\common\nf_sprintf.c
		_sprintf       		CODE           	69C6	0000	82

C:\Program Files\Microchip\xc8\v2.40\pic\sources\c99\common\nf_sprintf.c estimated size: 82

C:\Program Files\Microchip\xc8\v2.40\pic\sources\c99\common\lwdiv.c
		___lwdiv       		CODE           	62B4	0000	118

C:\Program Files\Microchip\xc8\v2.40\pic\sources\c99\common\lwdiv.c estimated size: 118

C:\Program Files\Microchip\xc8\v2.40\pic\sources\c99\common\memcpy.c
		_memcpy        		CODE           	6A18	0000	82

C:\Program Files\Microchip\xc8\v2.40\pic\sources\c99\common\memcpy.c estimated size: 82

color.c
		_color_writetoaddr		CODE           	7198	0000	38
		_readColours   		CODE           	6476	0000	102
		_color_click_init		CODE           	66B8	0000	90
		_Colour_decider		CODE           	0E38	0000	2844
		_colour_rel    		CODE           	352C	0000	828
		_color_read_Green		CODE           	691E	0000	84
		_color_read_Red		CODE           	68CA	0000	84
		_color_read_lum		CODE           	6876	0000	84
		_color_read_Blue		CODE           	6972	0000	84

color.c estimated size: 4238

C:\Program Files\Microchip\xc8\v2.40\pic\sources\c99\common\awdiv.c
		___awdiv       		CODE           	59BE	0000	198

C:\Program Files\Microchip\xc8\v2.40\pic\sources\c99\common\awdiv.c estimated size: 198

C:\Program Files\Microchip\xc8\v2.40\pic\sources\c99\common\fltol.c
		___fltol       		CODE           	4F7A	0000	264

C:\Program Files\Microchip\xc8\v2.40\pic\sources\c99\common\fltol.c estimated size: 264

C:\Program Files\Microchip\xc8\v2.40\pic\sources\c99\common\Umul16.c
		___wmul        		CODE           	714A	0000	40

C:\Program Files\Microchip\xc8\v2.40\pic\sources\c99\common\Umul16.c estimated size: 40

C:\Program Files\Microchip\xc8\v2.40\pic\sources\c99\common\fleq.c
		___fleq        		CODE           	5F08	0000	172

C:\Program Files\Microchip\xc8\v2.40\pic\sources\c99\common\fleq.c estimated size: 172

dc_motor.c
		_reverseDetect 		CODE           	65A8	0000	92
		_fullSpeedBack 		CODE           	5696	0000	204
		_GreenMove     		CODE           	6EA0	0000	68
		_timed_forward 		CODE           	5288	0000	216
		_YellowMove    		CODE           	6712	0000	90
		_fullSpeedAhead		CODE           	5762	0000	204
		_Forwardhalfblock		CODE           	64DC	0000	102
		_turnLeft      		CODE           	55CA	0000	204
		_turnLeft45    		CODE           	6BAE	0000	80
		_stop          		CODE           	60C2	0000	128
		_RedMove       		CODE           	6E5C	0000	68
		_initDCmotorsPWM		CODE           	5FB4	0000	136
		_turnRight     		CODE           	54FE	0000	204
		_turnRight45   		CODE           	6B5E	0000	80
		_BlueMove      		CODE           	639E	0000	112
		_reverseOneBlock		CODE           	6BFE	0000	80
		_OrangeMove    		CODE           	6604	0000	90
		_setMotorPWM   		CODE           	4B32	0000	374
		_ReversePink   		CODE           	58F6	0000	200
		_RetryMove     		CODE           	603C	0000	134
		_TurnDelay     		CODE           	6FE0	0000	60
		_ForwardOneBlock		CODE           	6B0E	0000	80
		_LightBlueMove 		CODE           	665E	0000	90
		_ReverseYellow 		CODE           	582E	0000	200
		_PinkMove      		CODE           	676C	0000	90
		_turnCalibration		CODE           	45FC	0000	500

dc_motor.c estimated size: 3886

interrupts.c
		_Interrupts_init		CODE           	724A	0000	14
		_HighISR       		CODE           	0008	0000	108

interrupts.c estimated size: 122

C:\Program Files\Microchip\xc8\v2.40\pic\sources\c99\common\abs.c
		_abs           		CODE           	6EE4	0000	66

C:\Program Files\Microchip\xc8\v2.40\pic\sources\c99\common\abs.c estimated size: 66

Memory.c
		_go_Home       		CODE           	3B88	0000	758

Memory.c estimated size: 758

i2c.c
		_I2C_2_Master_Start		CODE           	726C	0000	10
		_I2C_2_Master_Read		CODE           	6C4E	0000	78
		_I2C_2_Master_Idle		CODE           	70F6	0000	42
		_I2C_2_Master_Init		CODE           	7120	0000	42
		_I2C_2_Master_Stop		CODE           	7262	0000	10
		_I2C_2_Master_RepStart		CODE           	7258	0000	10
		_I2C_2_Master_Write		CODE           	723C	0000	14

i2c.c estimated size: 206

C:\Program Files\Microchip\xc8\v2.40\pic\sources\c99\common\__fpclassifyf.c
		___fpclassifyf 		CODE           	5188	0000	256

C:\Program Files\Microchip\xc8\v2.40\pic\sources\c99\common\__fpclassifyf.c estimated size: 256

C:\Program Files\Microchip\xc8\v2.40\pic\sources\c99\common\sprcadd.c
		___flsub       		CODE           	6DCE	0000	72
		___fladd       		CODE           	28A2	0000	1218

C:\Program Files\Microchip\xc8\v2.40\pic\sources\c99\common\sprcadd.c estimated size: 1290

C:\Program Files\Microchip\xc8\v2.40\pic\sources\c99\common\floorf.c
		_floorf        		CODE           	43E6	0000	534

C:\Program Files\Microchip\xc8\v2.40\pic\sources\c99\common\floorf.c estimated size: 534

C:\Program Files\Microchip\xc8\v2.40\pic\sources\c99\common\flneg.c
		___flneg       		CODE           	701C	0000	58

C:\Program Files\Microchip\xc8\v2.40\pic\sources\c99\common\flneg.c estimated size: 58

C:\Program Files\Microchip\xc8\v2.40\pic\sources\c99\common\labs.c
		_labs          		CODE           	640E	0000	104

C:\Program Files\Microchip\xc8\v2.40\pic\sources\c99\common\labs.c estimated size: 104

C:\Program Files\Microchip\xc8\v2.40\pic\sources\c99\common\xxtofl.c
		___xxtofl      		CODE           	47F0	0000	440

C:\Program Files\Microchip\xc8\v2.40\pic\sources\c99\common\xxtofl.c estimated size: 440

C:\Program Files\Microchip\xc8\v2.40\pic\sources\c99\common\nf_fputs.c
		_fputs         		CODE           	6D86	0000	72

C:\Program Files\Microchip\xc8\v2.40\pic\sources\c99\common\nf_fputs.c estimated size: 72

C:\Program Files\Microchip\xc8\v2.40\pic\sources\c99\common\aomod.c
		___aomod       		CODE           	4E14	0000	358

C:\Program Files\Microchip\xc8\v2.40\pic\sources\c99\common\aomod.c estimated size: 358

shared
		i2_fullSpeedAhead		CODE           	5A84	0000	198
		i2_go_Home     		CODE           	3E7E	0000	736
		i2_stop        		CODE           	61C0	0000	126
		i2_setMotorPWM 		CODE           	4CA8	0000	364
		i2___lwdiv     		CODE           	632A	0000	116
		i2_reverseDetect		CODE           	67C6	0000	90
		i2_OrangeMove  		CODE           	6A6A	0000	82
		i2_GreenMove   		CODE           	6FA2	0000	62
		i2___wmul      		CODE           	71BE	0000	38
		__initialization		CODE           	623E	0000	108
		i2_turnLeft    		CODE           	5B4A	0000	198
		i2_fullSpeedBack		CODE           	5CD6	0000	198
		i2_ReversePink 		CODE           	5E52	0000	182
		i2_turnLeft45  		CODE           	6CEA	0000	78
		i2_timed_forward		CODE           	5360	0000	210
		i2_TurnDelay   		CODE           	708E	0000	54
		i2_turnRight   		CODE           	5C10	0000	198
		i2_BlueMove    		CODE           	6542	0000	102
		i2_turnRight45 		CODE           	6D38	0000	78
		i2_ForwardOneBlock		CODE           	6C9C	0000	78
		i2_LightBlueMove		CODE           	6ABC	0000	82
		i2_delayed_ms  		CODE           	7056	0000	56
		i2_RedMove     		CODE           	6F64	0000	62
		i2_ReverseYellow		CODE           	5D9C	0000	182

shared estimated size: 3678

C:\Program Files\Microchip\xc8\v2.40\pic\sources\c99\common\strcpy.c
		_strcpy        		CODE           	6E16	0000	70

C:\Program Files\Microchip\xc8\v2.40\pic\sources\c99\common\strcpy.c estimated size: 70

C:\Program Files\Microchip\xc8\v2.40\pic\sources\c99\common\flge.c
		___flge        		CODE           	5082	0000	262

C:\Program Files\Microchip\xc8\v2.40\pic\sources\c99\common\flge.c estimated size: 262

C:\Program Files\Microchip\xc8\v2.40\pic\sources\c99\common\putch.c
		_putch         		CODE           	7280	0000	2

C:\Program Files\Microchip\xc8\v2.40\pic\sources\c99\common\putch.c estimated size: 2

C:\Program Files\Microchip\xc8\v2.40\pic\sources\c99\common\doprnt.c
		_vfpfcnvrt     		CODE           	3868	0000	800
		_efgtoa        		CODE           	1954	0000	2568
		_pad           		CODE           	6142	0000	126
		_dtoa          		CODE           	415E	0000	648
		_vfprintf      		CODE           	6820	0000	86

C:\Program Files\Microchip\xc8\v2.40\pic\sources\c99\common\doprnt.c estimated size: 4228

main.c
		_main          		CODE           	235C	0000	1350

main.c estimated size: 1350

C:\Program Files\Microchip\xc8\v2.40\pic\sources\c99\common\aodiv.c
		___aodiv       		CODE           	49A8	0000	394

C:\Program Files\Microchip\xc8\v2.40\pic\sources\c99\common\aodiv.c estimated size: 394

